000 (11921179.000.000) 07/05 06:07:02 Job submitted from host: <188.185.8.79:9618?addrs=188.185.8.79-9618+[2001-1458-d00-63--100-23a]-9618&alias=bigbird26.cern.ch&noUDP&sock=schedd_5282_9754>
...
040 (11921179.000.000) 07/05 09:19:43 Started transferring input files
	Transferring to host: <188.185.238.12:9618?addrs=188.185.238.12-9618+[2001-1458-303-28--100-8]-9618&alias=b9pgpun001.cern.ch&noUDP&sock=slot1_1_3229370_0eb2_161412>
...
040 (11921179.000.000) 07/05 09:19:43 Finished transferring input files
...
001 (11921179.000.000) 07/05 09:19:44 Job executing on host: <188.185.238.12:9618?addrs=188.185.238.12-9618+[2001-1458-303-28--100-8]-9618&alias=b9pgpun001.cern.ch&noUDP&sock=startd_16419_a594>
	SlotName: slot1_1@b9pgpun001.cern.ch
	AvailableGPUs = { GPUs_GPU_ba8f5d65 }
	CondorScratchDir = "/pool/condor/dir_1710276"
	Cpus = 10
	Disk = 7011
	GPUs = 1
	GPUs_GPU_ba8f5d65 = [ Id = "GPU-ba8f5d65"; ClockMhz = 1785.0; Capability = 9.0; CoresPerCU = 128; DeviceName = "NVIDIA H100 NVL"; DeviceUuid = "ba8f5d65-a6fb-796f-67a2-9d19bc987566"; ECCEnabled = true; ComputeUnits = 132; DriverVersion = 13.0; DevicePciBusId = "0000:3A:00.0"; GlobalMemoryMb = 95320; MaxSupportedVersion = 13000 ]
	Memory = 30800
...
006 (11921179.000.000) 07/05 09:19:57 Image size of job updated: 358324
	350  -  MemoryUsage of job (MB)
	358324  -  ResidentSetSize of job (KB)
...
006 (11921179.000.000) 07/05 09:24:57 Image size of job updated: 16310352
	15929  -  MemoryUsage of job (MB)
	16310352  -  ResidentSetSize of job (KB)
...
006 (11921179.000.000) 07/05 09:29:58 Image size of job updated: 16334232
	15952  -  MemoryUsage of job (MB)
	16334232  -  ResidentSetSize of job (KB)
...
006 (11921179.000.000) 07/05 09:34:58 Image size of job updated: 16364648
	15982  -  MemoryUsage of job (MB)
	16364648  -  ResidentSetSize of job (KB)
...
006 (11921179.000.000) 07/05 09:39:59 Image size of job updated: 16391988
	16008  -  MemoryUsage of job (MB)
	16391988  -  ResidentSetSize of job (KB)
...
006 (11921179.000.000) 07/05 09:44:59 Image size of job updated: 16438012
	16053  -  MemoryUsage of job (MB)
	16438012  -  ResidentSetSize of job (KB)
...
006 (11921179.000.000) 07/05 09:50:00 Image size of job updated: 16455800
	16071  -  MemoryUsage of job (MB)
	16455800  -  ResidentSetSize of job (KB)
...
006 (11921179.000.000) 07/05 09:55:00 Image size of job updated: 16475120
	16089  -  MemoryUsage of job (MB)
	16475120  -  ResidentSetSize of job (KB)
...
006 (11921179.000.000) 07/05 10:00:01 Image size of job updated: 16493896
	16108  -  MemoryUsage of job (MB)
	16493896  -  ResidentSetSize of job (KB)
...
006 (11921179.000.000) 07/05 10:05:01 Image size of job updated: 16532084
	16145  -  MemoryUsage of job (MB)
	16532084  -  ResidentSetSize of job (KB)
...
006 (11921179.000.000) 07/05 10:10:02 Image size of job updated: 16544752
	16157  -  MemoryUsage of job (MB)
	16544752  -  ResidentSetSize of job (KB)
...
006 (11921179.000.000) 07/05 10:15:02 Image size of job updated: 16564304
	16177  -  MemoryUsage of job (MB)
	16564304  -  ResidentSetSize of job (KB)
...
006 (11921179.000.000) 07/05 10:20:03 Image size of job updated: 16585452
	16197  -  MemoryUsage of job (MB)
	16585452  -  ResidentSetSize of job (KB)
...
006 (11921179.000.000) 07/05 10:25:04 Image size of job updated: 16605780
	16217  -  MemoryUsage of job (MB)
	16605780  -  ResidentSetSize of job (KB)
...
006 (11921179.000.000) 07/05 10:30:04 Image size of job updated: 16624288
	16235  -  MemoryUsage of job (MB)
	16624288  -  ResidentSetSize of job (KB)
...
006 (11921179.000.000) 07/05 10:35:04 Image size of job updated: 16643068
	16253  -  MemoryUsage of job (MB)
	16643068  -  ResidentSetSize of job (KB)
...
006 (11921179.000.000) 07/05 10:40:04 Image size of job updated: 16661844
	16272  -  MemoryUsage of job (MB)
	16661844  -  ResidentSetSize of job (KB)
...
006 (11921179.000.000) 07/05 10:45:05 Image size of job updated: 16682284
	16292  -  MemoryUsage of job (MB)
	16682284  -  ResidentSetSize of job (KB)
...
006 (11921179.000.000) 07/05 10:50:05 Image size of job updated: 16745664
	16354  -  MemoryUsage of job (MB)
	16745664  -  ResidentSetSize of job (KB)
...
006 (11921179.000.000) 07/05 10:55:06 Image size of job updated: 16745936
	16354  -  MemoryUsage of job (MB)
	16745936  -  ResidentSetSize of job (KB)
...
006 (11921179.000.000) 07/05 11:00:06 Image size of job updated: 16763568
	16371  -  MemoryUsage of job (MB)
	16763568  -  ResidentSetSize of job (KB)
...
006 (11921179.000.000) 07/05 11:05:07 Image size of job updated: 16782800
	16390  -  MemoryUsage of job (MB)
	16782800  -  ResidentSetSize of job (KB)
...
006 (11921179.000.000) 07/05 11:10:07 Image size of job updated: 16802904
	16410  -  MemoryUsage of job (MB)
	16802904  -  ResidentSetSize of job (KB)
...
006 (11921179.000.000) 07/05 11:15:08 Image size of job updated: 18678072
	18241  -  MemoryUsage of job (MB)
	18678072  -  ResidentSetSize of job (KB)
...
006 (11921179.000.000) 07/05 11:20:08 Image size of job updated: 18761844
	18317  -  MemoryUsage of job (MB)
	18755624  -  ResidentSetSize of job (KB)
...
006 (11921179.000.000) 07/05 11:25:08 Image size of job updated: 19404352
	18381  -  MemoryUsage of job (MB)
	18821940  -  ResidentSetSize of job (KB)
...
040 (11921179.000.000) 07/05 11:28:07 Started transferring output files
...
040 (11921179.000.000) 07/05 11:28:08 Finished transferring output files
...
005 (11921179.000.000) 07/05 11:28:08 Job terminated.
	(1) Normal termination (return value 0)
		Usr 4 07:54:35, Sys 0 02:26:43  -  Run Remote Usage
		Usr 0 00:00:00, Sys 0 00:00:00  -  Run Local Usage
		Usr 4 07:54:35, Sys 0 02:26:43  -  Total Remote Usage
		Usr 0 00:00:00, Sys 0 00:00:00  -  Total Local Usage
	596741  -  Run Bytes Sent By Job
	340  -  Run Bytes Received By Job
	596741  -  Total Bytes Sent By Job
	340  -  Total Bytes Received By Job
	Partitionable Resources :    Usage  Request Allocated Assigned
	   Cpus                 :    28.47       10        10 
	   Disk (KB)            :   881           1      7011 
	   GPUs                 :     0           1         1 "GPU-ba8f5d65"
	   GpusMemory (MB)      :   514                       
	   Memory (MB)          : 18381       30720     30800 
	   TimeExecute (s)      :  7703                       
	   TimeSlotBusy (s)     :  7705                       
...
