000 (11921174.000.000) 07/05 06:06:56 Job submitted from host: <188.185.8.79:9618?addrs=188.185.8.79-9618+[2001-1458-d00-63--100-23a]-9618&alias=bigbird26.cern.ch&noUDP&sock=schedd_5282_9754>
...
040 (11921174.000.000) 07/05 07:18:38 Started transferring input files
	Transferring to host: <188.185.92.130:9618?addrs=188.185.92.130-9618+[2001-1458-d00-6c--100-3d4]-9618&alias=b9g57n6407.cern.ch&noUDP&sock=slot1_1_15811_079c_164909>
...
040 (11921174.000.000) 07/05 07:18:38 Finished transferring input files
...
001 (11921174.000.000) 07/05 07:18:39 Job executing on host: <188.185.92.130:9618?addrs=188.185.92.130-9618+[2001-1458-d00-6c--100-3d4]-9618&alias=b9g57n6407.cern.ch&noUDP&sock=startd_14825_4b9e>
	SlotName: slot1_1@b9g57n6407.cern.ch
	AvailableGPUs = { GPUs_GPU_47e13020 }
	CondorScratchDir = "/pool/condor/dir_3260667"
	Cpus = 10
	Disk = 2049
	GPUs = 1
	GPUs_GPU_47e13020 = [ Id = "GPU-47e13020"; ClockMhz = 1410.0; Capability = 8.0; CoresPerCU = 64; DeviceName = "NVIDIA A100-PCIE-40GB"; DeviceUuid = "47e13020-0bf2-ad62-b596-87133bf5bb68"; ECCEnabled = true; ComputeUnits = 108; DriverVersion = 13.0; DevicePciBusId = "0000:06:00.0"; GlobalMemoryMb = 40441; MaxSupportedVersion = 13000 ]
	Memory = 30800
...
006 (11921174.000.000) 07/05 07:18:52 Image size of job updated: 2156
	3  -  MemoryUsage of job (MB)
	2156  -  ResidentSetSize of job (KB)
...
006 (11921174.000.000) 07/05 07:23:52 Image size of job updated: 61428
	60  -  MemoryUsage of job (MB)
	61428  -  ResidentSetSize of job (KB)
...
006 (11921174.000.000) 07/05 07:28:53 Image size of job updated: 254524
	249  -  MemoryUsage of job (MB)
	254524  -  ResidentSetSize of job (KB)
...
006 (11921174.000.000) 07/05 07:33:54 Image size of job updated: 12088824
	11769  -  MemoryUsage of job (MB)
	12050736  -  ResidentSetSize of job (KB)
...
006 (11921174.000.000) 07/05 07:38:54 Image size of job updated: 12367860
	11798  -  MemoryUsage of job (MB)
	12080548  -  ResidentSetSize of job (KB)
...
006 (11921174.000.000) 07/05 07:43:54 Image size of job updated: 12523852
	11798  -  MemoryUsage of job (MB)
	12080548  -  ResidentSetSize of job (KB)
...
006 (11921174.000.000) 07/05 07:48:55 Image size of job updated: 12574120
	11911  -  MemoryUsage of job (MB)
	12196828  -  ResidentSetSize of job (KB)
...
006 (11921174.000.000) 07/05 07:53:55 Image size of job updated: 12574120
	12109  -  MemoryUsage of job (MB)
	12399312  -  ResidentSetSize of job (KB)
...
006 (11921174.000.000) 07/05 08:13:56 Image size of job updated: 12618864
	12109  -  MemoryUsage of job (MB)
	12399312  -  ResidentSetSize of job (KB)
...
006 (11921174.000.000) 07/05 08:18:57 Image size of job updated: 12618864
	12162  -  MemoryUsage of job (MB)
	12453760  -  ResidentSetSize of job (KB)
...
006 (11921174.000.000) 07/05 08:23:57 Image size of job updated: 12618864
	12164  -  MemoryUsage of job (MB)
	12455808  -  ResidentSetSize of job (KB)
...
006 (11921174.000.000) 07/05 08:33:58 Image size of job updated: 12618864
	12216  -  MemoryUsage of job (MB)
	12508392  -  ResidentSetSize of job (KB)
...
006 (11921174.000.000) 07/05 08:53:59 Image size of job updated: 12648724
	12216  -  MemoryUsage of job (MB)
	12508392  -  ResidentSetSize of job (KB)
...
006 (11921174.000.000) 07/05 09:14:00 Image size of job updated: 12700188
	12216  -  MemoryUsage of job (MB)
	12508392  -  ResidentSetSize of job (KB)
...
006 (11921174.000.000) 07/05 09:54:06 Image size of job updated: 12725888
	12428  -  MemoryUsage of job (MB)
	12725888  -  ResidentSetSize of job (KB)
...
006 (11921174.000.000) 07/05 09:59:06 Image size of job updated: 12727936
	12430  -  MemoryUsage of job (MB)
	12727936  -  ResidentSetSize of job (KB)
...
006 (11921174.000.000) 07/05 10:14:07 Image size of job updated: 12752116
	12430  -  MemoryUsage of job (MB)
	12727936  -  ResidentSetSize of job (KB)
...
006 (11921174.000.000) 07/05 10:19:08 Image size of job updated: 12862456
	12484  -  MemoryUsage of job (MB)
	12783276  -  ResidentSetSize of job (KB)
...
006 (11921174.000.000) 07/05 10:24:09 Image size of job updated: 12862456
	12497  -  MemoryUsage of job (MB)
	12796808  -  ResidentSetSize of job (KB)
...
006 (11921174.000.000) 07/05 11:14:15 Image size of job updated: 16666380
	16157  -  MemoryUsage of job (MB)
	16544512  -  ResidentSetSize of job (KB)
...
006 (11921174.000.000) 07/05 11:19:16 Image size of job updated: 16821744
	16157  -  MemoryUsage of job (MB)
	16544512  -  ResidentSetSize of job (KB)
...
006 (11921174.000.000) 07/05 11:24:17 Image size of job updated: 17162652
	16736  -  MemoryUsage of job (MB)
	17137192  -  ResidentSetSize of job (KB)
...
040 (11921174.000.000) 07/05 11:34:09 Started transferring output files
...
040 (11921174.000.000) 07/05 11:34:09 Finished transferring output files
...
005 (11921174.000.000) 07/05 11:34:09 Job terminated.
	(1) Normal termination (return value 0)
		Usr 1 09:44:45, Sys 0 04:43:17  -  Run Remote Usage
		Usr 0 00:00:00, Sys 0 00:00:00  -  Run Local Usage
		Usr 1 09:44:45, Sys 0 04:43:17  -  Total Remote Usage
		Usr 0 00:00:00, Sys 0 00:00:00  -  Total Local Usage
	614356  -  Run Bytes Sent By Job
	333  -  Run Bytes Received By Job
	614356  -  Total Bytes Sent By Job
	333  -  Total Bytes Received By Job
	Partitionable Resources :    Usage  Request Allocated Assigned
	   Cpus                 :     2.11       10        10 
	   Disk (KB)            :   896           1      2049 
	   GPUs                 :     0           1         1 "GPU-47e13020"
	   GpusMemory (MB)      :   566                       
	   Memory (MB)          : 16736       30720     30800 
	   TimeExecute (s)      : 15330                       
	   TimeSlotBusy (s)     : 15333                       
...
