000 (11938593.000.000) 07/07 06:37:57 Job submitted from host: <188.185.8.79:9618?addrs=188.185.8.79-9618+[2001-1458-d00-63--100-23a]-9618&alias=bigbird26.cern.ch&noUDP&sock=schedd_5282_9754>
...
040 (11938593.000.000) 07/07 19:19:03 Started transferring input files
	Transferring to host: <188.185.190.22:9618?addrs=188.185.190.22-9618+[2001-1458-d03-b--100-2f0]-9618&alias=b9pgpun205.cern.ch&noUDP&sock=slot1_1_16048_0486_48897>
...
040 (11938593.000.000) 07/07 19:19:03 Finished transferring input files
...
001 (11938593.000.000) 07/07 19:19:04 Job executing on host: <188.185.190.22:9618?addrs=188.185.190.22-9618+[2001-1458-d03-b--100-2f0]-9618&alias=b9pgpun205.cern.ch&noUDP&sock=startd_8956_a648>
	SlotName: slot1_1@b9pgpun205.cern.ch
	AvailableGPUs = { GPUs_MIG_099e777a_4bd7_588b_9e88_52893ce016e5 }
	CondorScratchDir = "/pool/condor/dir_1857219"
	Cpus = 10
	Disk = 2049
	GPUs = 1
	GPUs_MIG_099e777a_4bd7_588b_9e88_52893ce016e5 = [ Id = "MIG-099e777a-4bd7-588b-9e88-52893ce016e5"; DeviceName = "NVIDIA H100L-2-24C MIG 2g.24gb"; DeviceUuid = "MIG-099e777a-4bd7-588b-9e88-52893ce016e5"; ComputeUnits = 32; GlobalMemoryMb = 21547 ]
	Memory = 30800
...
006 (11938593.000.000) 07/07 19:19:12 Image size of job updated: 203392
	199  -  MemoryUsage of job (MB)
	203392  -  ResidentSetSize of job (KB)
...
006 (11938593.000.000) 07/07 19:24:12 Image size of job updated: 15508832
	15146  -  MemoryUsage of job (MB)
	15508832  -  ResidentSetSize of job (KB)
...
006 (11938593.000.000) 07/07 19:29:12 Image size of job updated: 15511348
	15148  -  MemoryUsage of job (MB)
	15511348  -  ResidentSetSize of job (KB)
...
006 (11938593.000.000) 07/07 19:34:13 Image size of job updated: 15524772
	15161  -  MemoryUsage of job (MB)
	15524772  -  ResidentSetSize of job (KB)
...
006 (11938593.000.000) 07/07 19:39:13 Image size of job updated: 15536896
	15173  -  MemoryUsage of job (MB)
	15536896  -  ResidentSetSize of job (KB)
...
006 (11938593.000.000) 07/07 19:44:13 Image size of job updated: 15551772
	15188  -  MemoryUsage of job (MB)
	15551772  -  ResidentSetSize of job (KB)
...
006 (11938593.000.000) 07/07 19:49:15 Image size of job updated: 15563656
	15199  -  MemoryUsage of job (MB)
	15563656  -  ResidentSetSize of job (KB)
...
006 (11938593.000.000) 07/07 19:54:15 Image size of job updated: 15575252
	15211  -  MemoryUsage of job (MB)
	15575252  -  ResidentSetSize of job (KB)
...
006 (11938593.000.000) 07/07 19:59:15 Image size of job updated: 15586732
	15222  -  MemoryUsage of job (MB)
	15586732  -  ResidentSetSize of job (KB)
...
006 (11938593.000.000) 07/07 20:04:16 Image size of job updated: 15604684
	15239  -  MemoryUsage of job (MB)
	15604684  -  ResidentSetSize of job (KB)
...
006 (11938593.000.000) 07/07 20:09:17 Image size of job updated: 15616596
	15251  -  MemoryUsage of job (MB)
	15616596  -  ResidentSetSize of job (KB)
...
006 (11938593.000.000) 07/07 20:14:17 Image size of job updated: 15625732
	15260  -  MemoryUsage of job (MB)
	15625732  -  ResidentSetSize of job (KB)
...
006 (11938593.000.000) 07/07 20:19:18 Image size of job updated: 15636596
	15271  -  MemoryUsage of job (MB)
	15636596  -  ResidentSetSize of job (KB)
...
006 (11938593.000.000) 07/07 20:24:19 Image size of job updated: 15647404
	15281  -  MemoryUsage of job (MB)
	15647404  -  ResidentSetSize of job (KB)
...
006 (11938593.000.000) 07/07 20:29:19 Image size of job updated: 15658100
	15292  -  MemoryUsage of job (MB)
	15658100  -  ResidentSetSize of job (KB)
...
006 (11938593.000.000) 07/07 20:34:20 Image size of job updated: 15668888
	15302  -  MemoryUsage of job (MB)
	15668888  -  ResidentSetSize of job (KB)
...
006 (11938593.000.000) 07/07 20:39:21 Image size of job updated: 15700836
	15333  -  MemoryUsage of job (MB)
	15700836  -  ResidentSetSize of job (KB)
...
006 (11938593.000.000) 07/07 20:44:21 Image size of job updated: 15703036
	15335  -  MemoryUsage of job (MB)
	15703036  -  ResidentSetSize of job (KB)
...
006 (11938593.000.000) 07/07 20:49:22 Image size of job updated: 15712820
	15345  -  MemoryUsage of job (MB)
	15712820  -  ResidentSetSize of job (KB)
...
006 (11938593.000.000) 07/07 20:54:23 Image size of job updated: 15721504
	15354  -  MemoryUsage of job (MB)
	15721504  -  ResidentSetSize of job (KB)
...
006 (11938593.000.000) 07/07 20:59:23 Image size of job updated: 15729804
	15362  -  MemoryUsage of job (MB)
	15729804  -  ResidentSetSize of job (KB)
...
006 (11938593.000.000) 07/07 21:04:24 Image size of job updated: 15738436
	15370  -  MemoryUsage of job (MB)
	15738436  -  ResidentSetSize of job (KB)
...
006 (11938593.000.000) 07/07 21:09:25 Image size of job updated: 15747124
	15379  -  MemoryUsage of job (MB)
	15747124  -  ResidentSetSize of job (KB)
...
006 (11938593.000.000) 07/07 21:14:25 Image size of job updated: 15756192
	15387  -  MemoryUsage of job (MB)
	15756192  -  ResidentSetSize of job (KB)
...
006 (11938593.000.000) 07/07 21:19:26 Image size of job updated: 15765072
	15396  -  MemoryUsage of job (MB)
	15765072  -  ResidentSetSize of job (KB)
...
006 (11938593.000.000) 07/07 21:24:27 Image size of job updated: 15774400
	15405  -  MemoryUsage of job (MB)
	15774400  -  ResidentSetSize of job (KB)
...
006 (11938593.000.000) 07/07 21:29:27 Image size of job updated: 15783984
	15415  -  MemoryUsage of job (MB)
	15783984  -  ResidentSetSize of job (KB)
...
006 (11938593.000.000) 07/07 21:34:29 Image size of job updated: 15793368
	15424  -  MemoryUsage of job (MB)
	15793368  -  ResidentSetSize of job (KB)
...
006 (11938593.000.000) 07/07 21:39:29 Image size of job updated: 15803040
	15433  -  MemoryUsage of job (MB)
	15803040  -  ResidentSetSize of job (KB)
...
006 (11938593.000.000) 07/07 21:44:29 Image size of job updated: 15812672
	15443  -  MemoryUsage of job (MB)
	15812672  -  ResidentSetSize of job (KB)
...
006 (11938593.000.000) 07/07 21:49:30 Image size of job updated: 15822264
	15452  -  MemoryUsage of job (MB)
	15822264  -  ResidentSetSize of job (KB)
...
006 (11938593.000.000) 07/07 21:54:31 Image size of job updated: 15831616
	15461  -  MemoryUsage of job (MB)
	15831616  -  ResidentSetSize of job (KB)
...
006 (11938593.000.000) 07/07 21:59:31 Image size of job updated: 15841304
	15471  -  MemoryUsage of job (MB)
	15841304  -  ResidentSetSize of job (KB)
...
006 (11938593.000.000) 07/07 22:04:32 Image size of job updated: 15851104
	15480  -  MemoryUsage of job (MB)
	15851104  -  ResidentSetSize of job (KB)
...
006 (11938593.000.000) 07/07 22:09:32 Image size of job updated: 15858176
	15487  -  MemoryUsage of job (MB)
	15858176  -  ResidentSetSize of job (KB)
...
006 (11938593.000.000) 07/07 22:14:32 Image size of job updated: 15912744
	15540  -  MemoryUsage of job (MB)
	15912744  -  ResidentSetSize of job (KB)
...
006 (11938593.000.000) 07/07 22:19:33 Image size of job updated: 15912772
	15540  -  MemoryUsage of job (MB)
	15912772  -  ResidentSetSize of job (KB)
...
006 (11938593.000.000) 07/07 22:24:33 Image size of job updated: 15912836
	15540  -  MemoryUsage of job (MB)
	15912836  -  ResidentSetSize of job (KB)
...
006 (11938593.000.000) 07/07 22:29:33 Image size of job updated: 15918856
	15546  -  MemoryUsage of job (MB)
	15918856  -  ResidentSetSize of job (KB)
...
006 (11938593.000.000) 07/07 22:34:34 Image size of job updated: 15927372
	15555  -  MemoryUsage of job (MB)
	15927372  -  ResidentSetSize of job (KB)
...
006 (11938593.000.000) 07/07 22:39:34 Image size of job updated: 15936552
	15564  -  MemoryUsage of job (MB)
	15936552  -  ResidentSetSize of job (KB)
...
006 (11938593.000.000) 07/07 22:44:34 Image size of job updated: 15946664
	15573  -  MemoryUsage of job (MB)
	15946664  -  ResidentSetSize of job (KB)
...
006 (11938593.000.000) 07/07 22:49:35 Image size of job updated: 15956472
	15583  -  MemoryUsage of job (MB)
	15956472  -  ResidentSetSize of job (KB)
...
006 (11938593.000.000) 07/07 22:54:35 Image size of job updated: 15967148
	15593  -  MemoryUsage of job (MB)
	15967148  -  ResidentSetSize of job (KB)
...
006 (11938593.000.000) 07/07 22:59:35 Image size of job updated: 15977208
	15603  -  MemoryUsage of job (MB)
	15977208  -  ResidentSetSize of job (KB)
...
006 (11938593.000.000) 07/07 23:04:36 Image size of job updated: 15986328
	15612  -  MemoryUsage of job (MB)
	15986328  -  ResidentSetSize of job (KB)
...
006 (11938593.000.000) 07/07 23:09:36 Image size of job updated: 15995744
	15621  -  MemoryUsage of job (MB)
	15995744  -  ResidentSetSize of job (KB)
...
006 (11938593.000.000) 07/07 23:14:36 Image size of job updated: 16005256
	15631  -  MemoryUsage of job (MB)
	16005256  -  ResidentSetSize of job (KB)
...
006 (11938593.000.000) 07/07 23:19:37 Image size of job updated: 16014748
	15640  -  MemoryUsage of job (MB)
	16014748  -  ResidentSetSize of job (KB)
...
006 (11938593.000.000) 07/07 23:24:37 Image size of job updated: 16024352
	15649  -  MemoryUsage of job (MB)
	16024352  -  ResidentSetSize of job (KB)
...
006 (11938593.000.000) 07/07 23:29:37 Image size of job updated: 16033972
	15659  -  MemoryUsage of job (MB)
	16033972  -  ResidentSetSize of job (KB)
...
006 (11938593.000.000) 07/07 23:34:38 Image size of job updated: 16044432
	15669  -  MemoryUsage of job (MB)
	16044432  -  ResidentSetSize of job (KB)
...
006 (11938593.000.000) 07/07 23:39:38 Image size of job updated: 16054676
	15679  -  MemoryUsage of job (MB)
	16054676  -  ResidentSetSize of job (KB)
...
006 (11938593.000.000) 07/07 23:44:38 Image size of job updated: 16065152
	15689  -  MemoryUsage of job (MB)
	16065152  -  ResidentSetSize of job (KB)
...
006 (11938593.000.000) 07/07 23:49:39 Image size of job updated: 18567672
	18133  -  MemoryUsage of job (MB)
	18567672  -  ResidentSetSize of job (KB)
...
006 (11938593.000.000) 07/07 23:54:39 Image size of job updated: 18691828
	18241  -  MemoryUsage of job (MB)
	18678176  -  ResidentSetSize of job (KB)
...
006 (11938593.000.000) 07/07 23:59:39 Image size of job updated: 18691828
	18251  -  MemoryUsage of job (MB)
	18688516  -  ResidentSetSize of job (KB)
...
006 (11938593.000.000) 07/08 00:04:40 Image size of job updated: 19077100
	18319  -  MemoryUsage of job (MB)
	18758272  -  ResidentSetSize of job (KB)
...
040 (11938593.000.000) 07/08 00:08:25 Started transferring output files
...
040 (11938593.000.000) 07/08 00:08:25 Finished transferring output files
...
005 (11938593.000.000) 07/08 00:08:25 Job terminated.
	(1) Normal termination (return value 0)
		Usr 2 05:12:37, Sys 0 00:55:59  -  Run Remote Usage
		Usr 0 00:00:00, Sys 0 00:00:00  -  Run Local Usage
		Usr 2 05:12:37, Sys 0 00:55:59  -  Total Remote Usage
		Usr 0 00:00:00, Sys 0 00:00:00  -  Total Local Usage
	675429  -  Run Bytes Sent By Job
	333  -  Run Bytes Received By Job
	675429  -  Total Bytes Sent By Job
	333  -  Total Bytes Received By Job
	Partitionable Resources :    Usage  Request Allocated Assigned
	   Cpus                 :     4.52       10        10 
	   Disk (KB)            :   955           1      2049 
	   GPUs                 :                 1         1 "MIG-099e777a-4bd7-588b-9e88-52893ce016e5"
	   Memory (MB)          : 18319       30720     30800 
	   TimeExecute (s)      : 17361                       
	   TimeSlotBusy (s)     : 17363                       
...
