000 (11938616.000.000) 07/07 06:38:04 Job submitted from host: <188.185.8.79:9618?addrs=188.185.8.79-9618+[2001-1458-d00-63--100-23a]-9618&alias=bigbird26.cern.ch&noUDP&sock=schedd_5282_9754>
...
040 (11938616.000.000) 07/08 06:56:35 Started transferring input files
	Transferring to host: <188.185.93.124:9618?addrs=188.185.93.124-9618+[2001-1458-d00-6c--100-39b]-9618&alias=b9g57n5419.cern.ch&noUDP&sock=slot1_1_3378_db42_166567>
...
040 (11938616.000.000) 07/08 06:56:35 Finished transferring input files
...
001 (11938616.000.000) 07/08 06:56:36 Job executing on host: <188.185.93.124:9618?addrs=188.185.93.124-9618+[2001-1458-d00-6c--100-39b]-9618&alias=b9g57n5419.cern.ch&noUDP&sock=startd_3029_3874>
	SlotName: slot1_1@b9g57n5419.cern.ch
	AvailableGPUs = { GPUs_GPU_8e36ebf7 }
	CondorScratchDir = "/pool/condor/dir_1252189"
	Cpus = 10
	Disk = 2048
	GPUs = 1
	GPUs_GPU_8e36ebf7 = [ Id = "GPU-8e36ebf7"; ClockMhz = 1410.0; Capability = 8.0; CoresPerCU = 64; DeviceName = "NVIDIA A100-PCIE-40GB"; DeviceUuid = "8e36ebf7-cfeb-baed-bbe4-21263bcdba53"; ECCEnabled = true; ComputeUnits = 108; DriverVersion = 13.0; DevicePciBusId = "0000:06:00.0"; GlobalMemoryMb = 40441; MaxSupportedVersion = 13000 ]
	Memory = 30800
...
006 (11938616.000.000) 07/08 06:56:50 Image size of job updated: 166816
	102  -  MemoryUsage of job (MB)
	104388  -  ResidentSetSize of job (KB)
...
006 (11938616.000.000) 07/08 07:01:51 Image size of job updated: 12733452
	12099  -  MemoryUsage of job (MB)
	12388932  -  ResidentSetSize of job (KB)
...
006 (11938616.000.000) 07/08 07:11:52 Image size of job updated: 12886664
	12185  -  MemoryUsage of job (MB)
	12476752  -  ResidentSetSize of job (KB)
...
006 (11938616.000.000) 07/08 07:21:53 Image size of job updated: 12902764
	12544  -  MemoryUsage of job (MB)
	12844588  -  ResidentSetSize of job (KB)
...
006 (11938616.000.000) 07/08 07:26:54 Image size of job updated: 12902764
	12567  -  MemoryUsage of job (MB)
	12867812  -  ResidentSetSize of job (KB)
...
006 (11938616.000.000) 07/08 07:36:55 Image size of job updated: 12907156
	12567  -  MemoryUsage of job (MB)
	12867812  -  ResidentSetSize of job (KB)
...
006 (11938616.000.000) 07/08 07:46:57 Image size of job updated: 12916400
	12567  -  MemoryUsage of job (MB)
	12867812  -  ResidentSetSize of job (KB)
...
006 (11938616.000.000) 07/08 07:51:57 Image size of job updated: 12922720
	12567  -  MemoryUsage of job (MB)
	12867812  -  ResidentSetSize of job (KB)
...
006 (11938616.000.000) 07/08 07:56:58 Image size of job updated: 13025240
	12567  -  MemoryUsage of job (MB)
	12867812  -  ResidentSetSize of job (KB)
...
006 (11938616.000.000) 07/08 08:01:59 Image size of job updated: 13036688
	12567  -  MemoryUsage of job (MB)
	12867812  -  ResidentSetSize of job (KB)
...
006 (11938616.000.000) 07/08 08:11:59 Image size of job updated: 13044784
	12612  -  MemoryUsage of job (MB)
	12914560  -  ResidentSetSize of job (KB)
...
006 (11938616.000.000) 07/08 08:17:00 Image size of job updated: 13065696
	12624  -  MemoryUsage of job (MB)
	12926052  -  ResidentSetSize of job (KB)
...
006 (11938616.000.000) 07/08 08:22:00 Image size of job updated: 13101352
	12624  -  MemoryUsage of job (MB)
	12926052  -  ResidentSetSize of job (KB)
...
006 (11938616.000.000) 07/08 08:32:01 Image size of job updated: 13128960
	12624  -  MemoryUsage of job (MB)
	12926052  -  ResidentSetSize of job (KB)
...
006 (11938616.000.000) 07/08 08:42:01 Image size of job updated: 13185808
	12624  -  MemoryUsage of job (MB)
	12926052  -  ResidentSetSize of job (KB)
...
006 (11938616.000.000) 07/08 09:02:03 Image size of job updated: 13185808
	12631  -  MemoryUsage of job (MB)
	12933712  -  ResidentSetSize of job (KB)
...
006 (11938616.000.000) 07/08 09:07:03 Image size of job updated: 13185808
	12780  -  MemoryUsage of job (MB)
	13086516  -  ResidentSetSize of job (KB)
...
006 (11938616.000.000) 07/08 09:12:03 Image size of job updated: 13185808
	12790  -  MemoryUsage of job (MB)
	13096000  -  ResidentSetSize of job (KB)
...
006 (11938616.000.000) 07/08 09:27:04 Image size of job updated: 13236560
	12790  -  MemoryUsage of job (MB)
	13096000  -  ResidentSetSize of job (KB)
...
006 (11938616.000.000) 07/08 09:52:08 Image size of job updated: 13283420
	12790  -  MemoryUsage of job (MB)
	13096000  -  ResidentSetSize of job (KB)
...
006 (11938616.000.000) 07/08 09:57:08 Image size of job updated: 13283592
	12790  -  MemoryUsage of job (MB)
	13096000  -  ResidentSetSize of job (KB)
...
006 (11938616.000.000) 07/08 10:12:10 Image size of job updated: 13352740
	12790  -  MemoryUsage of job (MB)
	13096000  -  ResidentSetSize of job (KB)
...
006 (11938616.000.000) 07/08 10:17:11 Image size of job updated: 13418372
	12805  -  MemoryUsage of job (MB)
	13112228  -  ResidentSetSize of job (KB)
...
006 (11938616.000.000) 07/08 10:22:12 Image size of job updated: 13418372
	12807  -  MemoryUsage of job (MB)
	13113796  -  ResidentSetSize of job (KB)
...
006 (11938616.000.000) 07/08 10:27:12 Image size of job updated: 16864832
	16246  -  MemoryUsage of job (MB)
	16635580  -  ResidentSetSize of job (KB)
...
006 (11938616.000.000) 07/08 10:32:12 Image size of job updated: 17307428
	16246  -  MemoryUsage of job (MB)
	16635580  -  ResidentSetSize of job (KB)
...
040 (11938616.000.000) 07/08 10:47:00 Started transferring output files
...
040 (11938616.000.000) 07/08 10:47:00 Finished transferring output files
...
005 (11938616.000.000) 07/08 10:47:00 Job terminated.
	(1) Normal termination (return value 0)
		Usr 1 07:55:25, Sys 0 04:14:47  -  Run Remote Usage
		Usr 0 00:00:00, Sys 0 00:00:00  -  Run Local Usage
		Usr 1 07:55:25, Sys 0 04:14:47  -  Total Remote Usage
		Usr 0 00:00:00, Sys 0 00:00:00  -  Total Local Usage
	600367  -  Run Bytes Sent By Job
	333  -  Run Bytes Received By Job
	600367  -  Total Bytes Sent By Job
	333  -  Total Bytes Received By Job
	Partitionable Resources :    Usage  Request Allocated Assigned
	   Cpus                 :     4.48       10        10 
	   Disk (KB)            :   882           1      2048 
	   GPUs                 :     0           1         1 "GPU-8e36ebf7"
	   GpusMemory (MB)      :   522                       
	   Memory (MB)          : 16246       30720     30800 
	   TimeExecute (s)      : 13824                       
	   TimeSlotBusy (s)     : 13826                       
...
