000 (11938560.000.000) 07/07 06:37:42 Job submitted from host: <188.185.8.79:9618?addrs=188.185.8.79-9618+[2001-1458-d00-63--100-23a]-9618&alias=bigbird26.cern.ch&noUDP&sock=schedd_5282_9754>
...
040 (11938560.000.000) 07/07 07:52:35 Started transferring input files
	Transferring to host: <188.185.190.13:9618?addrs=188.185.190.13-9618+[2001-1458-d03-b--100-162]-9618&alias=b9pgpun206.cern.ch&noUDP&sock=slot1_1_9006_4aa7_48227>
...
040 (11938560.000.000) 07/07 07:52:35 Finished transferring input files
...
001 (11938560.000.000) 07/07 07:52:36 Job executing on host: <188.185.190.13:9618?addrs=188.185.190.13-9618+[2001-1458-d03-b--100-162]-9618&alias=b9pgpun206.cern.ch&noUDP&sock=startd_8956_a648>
	SlotName: slot1_1@b9pgpun206.cern.ch
	AvailableGPUs = { GPUs_MIG_4d36b22f_05b0_5041_bc58_5cd9598fc15b }
	CondorScratchDir = "/pool/condor/dir_986785"
	Cpus = 10
	Disk = 2048
	GPUs = 1
	GPUs_MIG_4d36b22f_05b0_5041_bc58_5cd9598fc15b = [ Id = "MIG-4d36b22f-05b0-5041-bc58-5cd9598fc15b"; DeviceName = "NVIDIA H100L-2-24C MIG 2g.24gb"; DeviceUuid = "MIG-4d36b22f-05b0-5041-bc58-5cd9598fc15b"; ComputeUnits = 32; GlobalMemoryMb = 21547 ]
	Memory = 30800
...
006 (11938560.000.000) 07/07 07:52:45 Image size of job updated: 195008
	191  -  MemoryUsage of job (MB)
	195008  -  ResidentSetSize of job (KB)
...
006 (11938560.000.000) 07/07 07:57:46 Image size of job updated: 16081376
	15705  -  MemoryUsage of job (MB)
	16081376  -  ResidentSetSize of job (KB)
...
006 (11938560.000.000) 07/07 08:02:46 Image size of job updated: 16137996
	15760  -  MemoryUsage of job (MB)
	16137996  -  ResidentSetSize of job (KB)
...
006 (11938560.000.000) 07/07 08:07:46 Image size of job updated: 16146384
	15768  -  MemoryUsage of job (MB)
	16146384  -  ResidentSetSize of job (KB)
...
006 (11938560.000.000) 07/07 08:12:47 Image size of job updated: 16155820
	15778  -  MemoryUsage of job (MB)
	16155820  -  ResidentSetSize of job (KB)
...
006 (11938560.000.000) 07/07 08:17:47 Image size of job updated: 16165272
	15787  -  MemoryUsage of job (MB)
	16165272  -  ResidentSetSize of job (KB)
...
006 (11938560.000.000) 07/07 08:22:47 Image size of job updated: 16177884
	15799  -  MemoryUsage of job (MB)
	16177884  -  ResidentSetSize of job (KB)
...
006 (11938560.000.000) 07/07 08:27:48 Image size of job updated: 16187420
	15809  -  MemoryUsage of job (MB)
	16187420  -  ResidentSetSize of job (KB)
...
006 (11938560.000.000) 07/07 08:32:48 Image size of job updated: 16196648
	15818  -  MemoryUsage of job (MB)
	16196648  -  ResidentSetSize of job (KB)
...
006 (11938560.000.000) 07/07 08:37:48 Image size of job updated: 16206240
	15827  -  MemoryUsage of job (MB)
	16206240  -  ResidentSetSize of job (KB)
...
006 (11938560.000.000) 07/07 08:42:49 Image size of job updated: 16225408
	15846  -  MemoryUsage of job (MB)
	16225408  -  ResidentSetSize of job (KB)
...
006 (11938560.000.000) 07/07 08:47:49 Image size of job updated: 16231384
	15851  -  MemoryUsage of job (MB)
	16231384  -  ResidentSetSize of job (KB)
...
006 (11938560.000.000) 07/07 08:52:49 Image size of job updated: 16240980
	15861  -  MemoryUsage of job (MB)
	16240980  -  ResidentSetSize of job (KB)
...
006 (11938560.000.000) 07/07 08:57:50 Image size of job updated: 16250312
	15870  -  MemoryUsage of job (MB)
	16250312  -  ResidentSetSize of job (KB)
...
006 (11938560.000.000) 07/07 09:02:50 Image size of job updated: 16258284
	15878  -  MemoryUsage of job (MB)
	16258284  -  ResidentSetSize of job (KB)
...
006 (11938560.000.000) 07/07 09:07:50 Image size of job updated: 16266780
	15886  -  MemoryUsage of job (MB)
	16266780  -  ResidentSetSize of job (KB)
...
006 (11938560.000.000) 07/07 09:12:51 Image size of job updated: 16275708
	15895  -  MemoryUsage of job (MB)
	16275708  -  ResidentSetSize of job (KB)
...
006 (11938560.000.000) 07/07 09:17:51 Image size of job updated: 16290276
	15909  -  MemoryUsage of job (MB)
	16290276  -  ResidentSetSize of job (KB)
...
006 (11938560.000.000) 07/07 09:22:51 Image size of job updated: 16298992
	15917  -  MemoryUsage of job (MB)
	16298992  -  ResidentSetSize of job (KB)
...
006 (11938560.000.000) 07/07 09:27:52 Image size of job updated: 16307508
	15926  -  MemoryUsage of job (MB)
	16307508  -  ResidentSetSize of job (KB)
...
006 (11938560.000.000) 07/07 09:32:52 Image size of job updated: 16334212
	15952  -  MemoryUsage of job (MB)
	16334212  -  ResidentSetSize of job (KB)
...
006 (11938560.000.000) 07/07 09:37:52 Image size of job updated: 16338200
	15956  -  MemoryUsage of job (MB)
	16338200  -  ResidentSetSize of job (KB)
...
006 (11938560.000.000) 07/07 09:42:53 Image size of job updated: 16347640
	15965  -  MemoryUsage of job (MB)
	16347640  -  ResidentSetSize of job (KB)
...
006 (11938560.000.000) 07/07 09:47:53 Image size of job updated: 16355492
	15973  -  MemoryUsage of job (MB)
	16355492  -  ResidentSetSize of job (KB)
...
006 (11938560.000.000) 07/07 09:52:53 Image size of job updated: 16363908
	15981  -  MemoryUsage of job (MB)
	16363908  -  ResidentSetSize of job (KB)
...
006 (11938560.000.000) 07/07 09:57:54 Image size of job updated: 16372616
	15989  -  MemoryUsage of job (MB)
	16372616  -  ResidentSetSize of job (KB)
...
006 (11938560.000.000) 07/07 10:02:54 Image size of job updated: 16380368
	15997  -  MemoryUsage of job (MB)
	16380368  -  ResidentSetSize of job (KB)
...
006 (11938560.000.000) 07/07 10:07:55 Image size of job updated: 16389040
	16005  -  MemoryUsage of job (MB)
	16389040  -  ResidentSetSize of job (KB)
...
006 (11938560.000.000) 07/07 10:12:56 Image size of job updated: 16397824
	16014  -  MemoryUsage of job (MB)
	16397824  -  ResidentSetSize of job (KB)
...
006 (11938560.000.000) 07/07 10:17:56 Image size of job updated: 16407516
	16023  -  MemoryUsage of job (MB)
	16407516  -  ResidentSetSize of job (KB)
...
006 (11938560.000.000) 07/07 10:22:57 Image size of job updated: 16417564
	16033  -  MemoryUsage of job (MB)
	16417564  -  ResidentSetSize of job (KB)
...
006 (11938560.000.000) 07/07 10:27:58 Image size of job updated: 16427280
	16043  -  MemoryUsage of job (MB)
	16427280  -  ResidentSetSize of job (KB)
...
006 (11938560.000.000) 07/07 10:32:58 Image size of job updated: 16437516
	16053  -  MemoryUsage of job (MB)
	16437516  -  ResidentSetSize of job (KB)
...
006 (11938560.000.000) 07/07 10:37:59 Image size of job updated: 16447568
	16063  -  MemoryUsage of job (MB)
	16447568  -  ResidentSetSize of job (KB)
...
006 (11938560.000.000) 07/07 10:43:00 Image size of job updated: 16457456
	16072  -  MemoryUsage of job (MB)
	16457456  -  ResidentSetSize of job (KB)
...
006 (11938560.000.000) 07/07 10:48:00 Image size of job updated: 16466948
	16082  -  MemoryUsage of job (MB)
	16466948  -  ResidentSetSize of job (KB)
...
006 (11938560.000.000) 07/07 10:53:00 Image size of job updated: 16476156
	16090  -  MemoryUsage of job (MB)
	16476156  -  ResidentSetSize of job (KB)
...
006 (11938560.000.000) 07/07 10:58:01 Image size of job updated: 16485152
	16099  -  MemoryUsage of job (MB)
	16485152  -  ResidentSetSize of job (KB)
...
006 (11938560.000.000) 07/07 11:03:01 Image size of job updated: 16494108
	16108  -  MemoryUsage of job (MB)
	16494108  -  ResidentSetSize of job (KB)
...
006 (11938560.000.000) 07/07 11:08:02 Image size of job updated: 16546056
	16159  -  MemoryUsage of job (MB)
	16546056  -  ResidentSetSize of job (KB)
...
006 (11938560.000.000) 07/07 11:23:04 Image size of job updated: 16552684
	16165  -  MemoryUsage of job (MB)
	16552684  -  ResidentSetSize of job (KB)
...
006 (11938560.000.000) 07/07 11:28:05 Image size of job updated: 16561720
	16174  -  MemoryUsage of job (MB)
	16561720  -  ResidentSetSize of job (KB)
...
006 (11938560.000.000) 07/07 11:33:05 Image size of job updated: 16571628
	16184  -  MemoryUsage of job (MB)
	16571628  -  ResidentSetSize of job (KB)
...
006 (11938560.000.000) 07/07 11:38:06 Image size of job updated: 16581064
	16193  -  MemoryUsage of job (MB)
	16581064  -  ResidentSetSize of job (KB)
...
006 (11938560.000.000) 07/07 11:43:07 Image size of job updated: 16590796
	16202  -  MemoryUsage of job (MB)
	16590796  -  ResidentSetSize of job (KB)
...
006 (11938560.000.000) 07/07 11:48:07 Image size of job updated: 16601464
	16213  -  MemoryUsage of job (MB)
	16601464  -  ResidentSetSize of job (KB)
...
006 (11938560.000.000) 07/07 11:53:08 Image size of job updated: 16612124
	16223  -  MemoryUsage of job (MB)
	16612124  -  ResidentSetSize of job (KB)
...
006 (11938560.000.000) 07/07 11:58:09 Image size of job updated: 16622928
	16234  -  MemoryUsage of job (MB)
	16622928  -  ResidentSetSize of job (KB)
...
006 (11938560.000.000) 07/07 12:03:09 Image size of job updated: 16633624
	16244  -  MemoryUsage of job (MB)
	16633624  -  ResidentSetSize of job (KB)
...
006 (11938560.000.000) 07/07 12:08:09 Image size of job updated: 16644660
	16255  -  MemoryUsage of job (MB)
	16644660  -  ResidentSetSize of job (KB)
...
006 (11938560.000.000) 07/07 12:13:10 Image size of job updated: 16656268
	16266  -  MemoryUsage of job (MB)
	16656268  -  ResidentSetSize of job (KB)
...
006 (11938560.000.000) 07/07 12:18:10 Image size of job updated: 16667624
	16277  -  MemoryUsage of job (MB)
	16667624  -  ResidentSetSize of job (KB)
...
006 (11938560.000.000) 07/07 12:23:10 Image size of job updated: 16677664
	16287  -  MemoryUsage of job (MB)
	16677664  -  ResidentSetSize of job (KB)
...
006 (11938560.000.000) 07/07 12:28:11 Image size of job updated: 16687584
	16297  -  MemoryUsage of job (MB)
	16687584  -  ResidentSetSize of job (KB)
...
006 (11938560.000.000) 07/07 12:33:11 Image size of job updated: 16697684
	16307  -  MemoryUsage of job (MB)
	16697684  -  ResidentSetSize of job (KB)
...
006 (11938560.000.000) 07/07 12:38:12 Image size of job updated: 16707500
	16316  -  MemoryUsage of job (MB)
	16707500  -  ResidentSetSize of job (KB)
...
006 (11938560.000.000) 07/07 12:43:13 Image size of job updated: 16717468
	16326  -  MemoryUsage of job (MB)
	16717468  -  ResidentSetSize of job (KB)
...
006 (11938560.000.000) 07/07 12:48:13 Image size of job updated: 16727632
	16336  -  MemoryUsage of job (MB)
	16727632  -  ResidentSetSize of job (KB)
...
006 (11938560.000.000) 07/07 12:53:14 Image size of job updated: 18598776
	18151  -  MemoryUsage of job (MB)
	18586488  -  ResidentSetSize of job (KB)
...
006 (11938560.000.000) 07/07 12:58:15 Image size of job updated: 18642848
	18196  -  MemoryUsage of job (MB)
	18632696  -  ResidentSetSize of job (KB)
...
006 (11938560.000.000) 07/07 13:03:15 Image size of job updated: 18703680
	18266  -  MemoryUsage of job (MB)
	18703680  -  ResidentSetSize of job (KB)
...
006 (11938560.000.000) 07/07 13:08:16 Image size of job updated: 19375204
	18917  -  MemoryUsage of job (MB)
	19370084  -  ResidentSetSize of job (KB)
...
040 (11938560.000.000) 07/07 13:13:51 Started transferring output files
...
040 (11938560.000.000) 07/07 13:13:51 Finished transferring output files
...
005 (11938560.000.000) 07/07 13:13:51 Job terminated.
	(1) Normal termination (return value 0)
		Usr 2 10:56:53, Sys 0 00:57:45  -  Run Remote Usage
		Usr 0 00:00:00, Sys 0 00:00:00  -  Run Local Usage
		Usr 2 10:56:53, Sys 0 00:57:45  -  Total Remote Usage
		Usr 0 00:00:00, Sys 0 00:00:00  -  Total Local Usage
	680668  -  Run Bytes Sent By Job
	333  -  Run Bytes Received By Job
	680668  -  Total Bytes Sent By Job
	333  -  Total Bytes Received By Job
	Partitionable Resources :    Usage  Request Allocated Assigned
	   Cpus                 :     1.85       10        10 
	   Disk (KB)            :   960           1      2048 
	   GPUs                 :                 1         1 "MIG-4d36b22f-05b0-5041-bc58-5cd9598fc15b"
	   Memory (MB)          : 18917       30720     30800 
	   TimeExecute (s)      : 19275                       
	   TimeSlotBusy (s)     : 19276                       
...
