000 (11938588.000.000) 07/07 06:37:56 Job submitted from host: <188.185.8.79:9618?addrs=188.185.8.79-9618+[2001-1458-d00-63--100-23a]-9618&alias=bigbird26.cern.ch&noUDP&sock=schedd_5282_9754>
...
040 (11938588.000.000) 07/07 13:59:13 Started transferring input files
	Transferring to host: <188.185.190.30:9618?addrs=188.185.190.30-9618+[2001-1458-d03-b--100-169]-9618&alias=b9pgpun213.cern.ch&noUDP&sock=slot1_1_2778769_e3bf_8313>
...
040 (11938588.000.000) 07/07 13:59:13 Finished transferring input files
...
001 (11938588.000.000) 07/07 13:59:14 Job executing on host: <188.185.190.30:9618?addrs=188.185.190.30-9618+[2001-1458-d03-b--100-169]-9618&alias=b9pgpun213.cern.ch&noUDP&sock=startd_5321_5786>
	SlotName: slot1_1@b9pgpun213.cern.ch
	AvailableGPUs = { GPUs_MIG_386f468c_a304_5d74_9889_0eddac276783 }
	CondorScratchDir = "/pool/condor/dir_2055495"
	Cpus = 10
	Disk = 2048
	GPUs = 1
	GPUs_MIG_386f468c_a304_5d74_9889_0eddac276783 = [ Id = "MIG-386f468c-a304-5d74-9889-0eddac276783"; DeviceName = "NVIDIA H100L-2-24C MIG 2g.24gb"; DeviceUuid = "MIG-386f468c-a304-5d74-9889-0eddac276783"; ComputeUnits = 32; GlobalMemoryMb = 21547 ]
	Memory = 30800
...
006 (11938588.000.000) 07/07 13:59:22 Image size of job updated: 208140
	204  -  MemoryUsage of job (MB)
	208140  -  ResidentSetSize of job (KB)
...
006 (11938588.000.000) 07/07 14:04:22 Image size of job updated: 15777504
	15408  -  MemoryUsage of job (MB)
	15777504  -  ResidentSetSize of job (KB)
...
006 (11938588.000.000) 07/07 14:09:23 Image size of job updated: 15802976
	15433  -  MemoryUsage of job (MB)
	15802976  -  ResidentSetSize of job (KB)
...
006 (11938588.000.000) 07/07 14:14:23 Image size of job updated: 15830704
	15460  -  MemoryUsage of job (MB)
	15830704  -  ResidentSetSize of job (KB)
...
006 (11938588.000.000) 07/07 14:19:23 Image size of job updated: 15840768
	15470  -  MemoryUsage of job (MB)
	15840768  -  ResidentSetSize of job (KB)
...
006 (11938588.000.000) 07/07 14:24:24 Image size of job updated: 15848828
	15478  -  MemoryUsage of job (MB)
	15848828  -  ResidentSetSize of job (KB)
...
006 (11938588.000.000) 07/07 14:29:24 Image size of job updated: 15860640
	15489  -  MemoryUsage of job (MB)
	15860640  -  ResidentSetSize of job (KB)
...
006 (11938588.000.000) 07/07 14:34:25 Image size of job updated: 15868360
	15497  -  MemoryUsage of job (MB)
	15868360  -  ResidentSetSize of job (KB)
...
006 (11938588.000.000) 07/07 14:39:26 Image size of job updated: 15876692
	15505  -  MemoryUsage of job (MB)
	15876692  -  ResidentSetSize of job (KB)
...
006 (11938588.000.000) 07/07 14:44:26 Image size of job updated: 15884948
	15513  -  MemoryUsage of job (MB)
	15884948  -  ResidentSetSize of job (KB)
...
006 (11938588.000.000) 07/07 14:49:27 Image size of job updated: 15891672
	15520  -  MemoryUsage of job (MB)
	15891672  -  ResidentSetSize of job (KB)
...
006 (11938588.000.000) 07/07 14:54:28 Image size of job updated: 15898912
	15527  -  MemoryUsage of job (MB)
	15898912  -  ResidentSetSize of job (KB)
...
006 (11938588.000.000) 07/07 14:59:28 Image size of job updated: 15913308
	15541  -  MemoryUsage of job (MB)
	15913308  -  ResidentSetSize of job (KB)
...
006 (11938588.000.000) 07/07 15:04:29 Image size of job updated: 15919968
	15547  -  MemoryUsage of job (MB)
	15919968  -  ResidentSetSize of job (KB)
...
006 (11938588.000.000) 07/07 15:09:29 Image size of job updated: 15927656
	15555  -  MemoryUsage of job (MB)
	15927656  -  ResidentSetSize of job (KB)
...
006 (11938588.000.000) 07/07 15:14:29 Image size of job updated: 15935732
	15563  -  MemoryUsage of job (MB)
	15935732  -  ResidentSetSize of job (KB)
...
006 (11938588.000.000) 07/07 15:19:30 Image size of job updated: 15943204
	15570  -  MemoryUsage of job (MB)
	15943204  -  ResidentSetSize of job (KB)
...
006 (11938588.000.000) 07/07 15:24:30 Image size of job updated: 15951392
	15578  -  MemoryUsage of job (MB)
	15951392  -  ResidentSetSize of job (KB)
...
006 (11938588.000.000) 07/07 15:29:30 Image size of job updated: 15959768
	15586  -  MemoryUsage of job (MB)
	15959768  -  ResidentSetSize of job (KB)
...
006 (11938588.000.000) 07/07 15:34:31 Image size of job updated: 15967912
	15594  -  MemoryUsage of job (MB)
	15967912  -  ResidentSetSize of job (KB)
...
006 (11938588.000.000) 07/07 15:39:31 Image size of job updated: 15988176
	15614  -  MemoryUsage of job (MB)
	15988176  -  ResidentSetSize of job (KB)
...
006 (11938588.000.000) 07/07 15:44:32 Image size of job updated: 15996040
	15622  -  MemoryUsage of job (MB)
	15996040  -  ResidentSetSize of job (KB)
...
006 (11938588.000.000) 07/07 15:49:32 Image size of job updated: 16004004
	15629  -  MemoryUsage of job (MB)
	16004004  -  ResidentSetSize of job (KB)
...
006 (11938588.000.000) 07/07 15:54:32 Image size of job updated: 16031396
	15656  -  MemoryUsage of job (MB)
	16031396  -  ResidentSetSize of job (KB)
...
006 (11938588.000.000) 07/07 15:59:33 Image size of job updated: 16031404
	15656  -  MemoryUsage of job (MB)
	16031404  -  ResidentSetSize of job (KB)
...
006 (11938588.000.000) 07/07 16:04:33 Image size of job updated: 16037700
	15662  -  MemoryUsage of job (MB)
	16037700  -  ResidentSetSize of job (KB)
...
006 (11938588.000.000) 07/07 16:09:33 Image size of job updated: 16045636
	15670  -  MemoryUsage of job (MB)
	16045636  -  ResidentSetSize of job (KB)
...
006 (11938588.000.000) 07/07 16:14:34 Image size of job updated: 16052840
	15677  -  MemoryUsage of job (MB)
	16052840  -  ResidentSetSize of job (KB)
...
006 (11938588.000.000) 07/07 16:19:34 Image size of job updated: 16059904
	15684  -  MemoryUsage of job (MB)
	16059904  -  ResidentSetSize of job (KB)
...
006 (11938588.000.000) 07/07 16:24:34 Image size of job updated: 16067500
	15691  -  MemoryUsage of job (MB)
	16067500  -  ResidentSetSize of job (KB)
...
006 (11938588.000.000) 07/07 16:29:35 Image size of job updated: 16075980
	15700  -  MemoryUsage of job (MB)
	16075980  -  ResidentSetSize of job (KB)
...
006 (11938588.000.000) 07/07 16:34:35 Image size of job updated: 16082948
	15707  -  MemoryUsage of job (MB)
	16082948  -  ResidentSetSize of job (KB)
...
006 (11938588.000.000) 07/07 16:39:36 Image size of job updated: 16089708
	15713  -  MemoryUsage of job (MB)
	16089708  -  ResidentSetSize of job (KB)
...
006 (11938588.000.000) 07/07 16:44:37 Image size of job updated: 16096768
	15720  -  MemoryUsage of job (MB)
	16096768  -  ResidentSetSize of job (KB)
...
006 (11938588.000.000) 07/07 16:49:37 Image size of job updated: 16104156
	15727  -  MemoryUsage of job (MB)
	16104156  -  ResidentSetSize of job (KB)
...
006 (11938588.000.000) 07/07 16:54:38 Image size of job updated: 16111712
	15735  -  MemoryUsage of job (MB)
	16111712  -  ResidentSetSize of job (KB)
...
006 (11938588.000.000) 07/07 16:59:39 Image size of job updated: 16119632
	15742  -  MemoryUsage of job (MB)
	16119632  -  ResidentSetSize of job (KB)
...
006 (11938588.000.000) 07/07 17:04:39 Image size of job updated: 16127564
	15750  -  MemoryUsage of job (MB)
	16127564  -  ResidentSetSize of job (KB)
...
006 (11938588.000.000) 07/07 17:09:40 Image size of job updated: 16135640
	15758  -  MemoryUsage of job (MB)
	16135640  -  ResidentSetSize of job (KB)
...
006 (11938588.000.000) 07/07 17:14:40 Image size of job updated: 16143872
	15766  -  MemoryUsage of job (MB)
	16143872  -  ResidentSetSize of job (KB)
...
006 (11938588.000.000) 07/07 17:19:40 Image size of job updated: 16151548
	15773  -  MemoryUsage of job (MB)
	16151548  -  ResidentSetSize of job (KB)
...
006 (11938588.000.000) 07/07 17:24:41 Image size of job updated: 16159632
	15781  -  MemoryUsage of job (MB)
	16159632  -  ResidentSetSize of job (KB)
...
006 (11938588.000.000) 07/07 17:29:41 Image size of job updated: 16168060
	15790  -  MemoryUsage of job (MB)
	16168060  -  ResidentSetSize of job (KB)
...
006 (11938588.000.000) 07/07 17:34:41 Image size of job updated: 16175996
	15797  -  MemoryUsage of job (MB)
	16175996  -  ResidentSetSize of job (KB)
...
006 (11938588.000.000) 07/07 17:39:42 Image size of job updated: 16184720
	15806  -  MemoryUsage of job (MB)
	16184720  -  ResidentSetSize of job (KB)
...
006 (11938588.000.000) 07/07 17:44:42 Image size of job updated: 16191916
	15813  -  MemoryUsage of job (MB)
	16191916  -  ResidentSetSize of job (KB)
...
006 (11938588.000.000) 07/07 17:49:43 Image size of job updated: 16242620
	15862  -  MemoryUsage of job (MB)
	16242620  -  ResidentSetSize of job (KB)
...
006 (11938588.000.000) 07/07 18:04:45 Image size of job updated: 16249996
	15870  -  MemoryUsage of job (MB)
	16249996  -  ResidentSetSize of job (KB)
...
006 (11938588.000.000) 07/07 18:09:46 Image size of job updated: 16258192
	15878  -  MemoryUsage of job (MB)
	16258192  -  ResidentSetSize of job (KB)
...
006 (11938588.000.000) 07/07 18:14:46 Image size of job updated: 16266576
	15886  -  MemoryUsage of job (MB)
	16266576  -  ResidentSetSize of job (KB)
...
006 (11938588.000.000) 07/07 18:19:48 Image size of job updated: 16275344
	15894  -  MemoryUsage of job (MB)
	16275344  -  ResidentSetSize of job (KB)
...
006 (11938588.000.000) 07/07 18:24:48 Image size of job updated: 16285008
	15904  -  MemoryUsage of job (MB)
	16285008  -  ResidentSetSize of job (KB)
...
006 (11938588.000.000) 07/07 18:29:48 Image size of job updated: 16294364
	15913  -  MemoryUsage of job (MB)
	16294364  -  ResidentSetSize of job (KB)
...
006 (11938588.000.000) 07/07 18:34:49 Image size of job updated: 16304412
	15923  -  MemoryUsage of job (MB)
	16304412  -  ResidentSetSize of job (KB)
...
006 (11938588.000.000) 07/07 18:39:49 Image size of job updated: 18544340
	18110  -  MemoryUsage of job (MB)
	18544340  -  ResidentSetSize of job (KB)
...
006 (11938588.000.000) 07/07 18:44:49 Image size of job updated: 18619648
	18162  -  MemoryUsage of job (MB)
	18597168  -  ResidentSetSize of job (KB)
...
006 (11938588.000.000) 07/07 18:49:50 Image size of job updated: 19212496
	18178  -  MemoryUsage of job (MB)
	18613708  -  ResidentSetSize of job (KB)
...
040 (11938588.000.000) 07/07 18:55:58 Started transferring output files
...
040 (11938588.000.000) 07/07 18:55:58 Finished transferring output files
...
005 (11938588.000.000) 07/07 18:55:58 Job terminated.
	(1) Normal termination (return value 0)
		Usr 2 06:50:32, Sys 0 00:54:08  -  Run Remote Usage
		Usr 0 00:00:00, Sys 0 00:00:00  -  Run Local Usage
		Usr 2 06:50:32, Sys 0 00:54:08  -  Total Remote Usage
		Usr 0 00:00:00, Sys 0 00:00:00  -  Total Local Usage
	586405  -  Run Bytes Sent By Job
	333  -  Run Bytes Received By Job
	586405  -  Total Bytes Sent By Job
	333  -  Total Bytes Received By Job
	Partitionable Resources :    Usage  Request Allocated Assigned
	   Cpus                 :     1.09       10        10 
	   Disk (KB)            :   868           1      2048 
	   GPUs                 :                 1         1 "MIG-386f468c-a304-5d74-9889-0eddac276783"
	   Memory (MB)          : 18178       30720     30800 
	   TimeExecute (s)      : 17804                       
	   TimeSlotBusy (s)     : 17805                       
...
