000 (11931526.000.000) 07/06 04:56:17 Job submitted from host: <188.185.8.79:9618?addrs=188.185.8.79-9618+[2001-1458-d00-63--100-23a]-9618&alias=bigbird26.cern.ch&noUDP&sock=schedd_5282_9754>
...
040 (11931526.000.000) 07/06 06:09:53 Started transferring input files
	Transferring to host: <188.184.195.32:9618?addrs=188.184.195.32-9618+[2001-1458-301-72--100-33d]-9618&alias=b9g47n6060.cern.ch&noUDP&sock=slot1_1_5699_3601_16972>
...
040 (11931526.000.000) 07/06 06:09:53 Finished transferring input files
...
001 (11931526.000.000) 07/06 06:09:54 Job executing on host: <188.184.195.32:9618?addrs=188.184.195.32-9618+[2001-1458-301-72--100-33d]-9618&alias=b9g47n6060.cern.ch&noUDP&sock=startd_5651_b1c7>
	SlotName: slot1_1@b9g47n6060.cern.ch
	AvailableGPUs = { GPUs_GPU_10305a3e }
	CondorScratchDir = "/pool/condor/dir_2268460"
	Cpus = 10
	Disk = 2048
	GPUs = 1
	GPUs_GPU_10305a3e = [ Id = "GPU-10305a3e"; ClockMhz = 1590.0; Capability = 7.5; CoresPerCU = 64; DeviceName = "Tesla T4"; DeviceUuid = "10305a3e-bed9-e887-2406-4eb9ceb8fe6b"; ECCEnabled = true; ComputeUnits = 40; DriverVersion = 13.0; DevicePciBusId = "0000:07:00.0"; GlobalMemoryMb = 14913; MaxSupportedVersion = 13000 ]
	Memory = 30800
...
006 (11931526.000.000) 07/06 06:10:08 Image size of job updated: 17592
	18  -  MemoryUsage of job (MB)
	17592  -  ResidentSetSize of job (KB)
...
006 (11931526.000.000) 07/06 06:15:09 Image size of job updated: 16197772
	15819  -  MemoryUsage of job (MB)
	16197772  -  ResidentSetSize of job (KB)
...
006 (11931526.000.000) 07/06 06:20:09 Image size of job updated: 16219656
	15840  -  MemoryUsage of job (MB)
	16219656  -  ResidentSetSize of job (KB)
...
006 (11931526.000.000) 07/06 06:25:09 Image size of job updated: 16232892
	15853  -  MemoryUsage of job (MB)
	16232892  -  ResidentSetSize of job (KB)
...
006 (11931526.000.000) 07/06 06:30:10 Image size of job updated: 16239732
	15860  -  MemoryUsage of job (MB)
	16239732  -  ResidentSetSize of job (KB)
...
006 (11931526.000.000) 07/06 06:35:10 Image size of job updated: 16247320
	15867  -  MemoryUsage of job (MB)
	16247320  -  ResidentSetSize of job (KB)
...
006 (11931526.000.000) 07/06 06:40:10 Image size of job updated: 16254400
	15874  -  MemoryUsage of job (MB)
	16254400  -  ResidentSetSize of job (KB)
...
006 (11931526.000.000) 07/06 06:45:11 Image size of job updated: 16261344
	15881  -  MemoryUsage of job (MB)
	16261344  -  ResidentSetSize of job (KB)
...
006 (11931526.000.000) 07/06 06:50:11 Image size of job updated: 16271988
	15891  -  MemoryUsage of job (MB)
	16271988  -  ResidentSetSize of job (KB)
...
006 (11931526.000.000) 07/06 06:55:11 Image size of job updated: 16279440
	15898  -  MemoryUsage of job (MB)
	16279440  -  ResidentSetSize of job (KB)
...
006 (11931526.000.000) 07/06 07:00:12 Image size of job updated: 16286752
	15906  -  MemoryUsage of job (MB)
	16286752  -  ResidentSetSize of job (KB)
...
006 (11931526.000.000) 07/06 07:05:13 Image size of job updated: 16293676
	15912  -  MemoryUsage of job (MB)
	16293676  -  ResidentSetSize of job (KB)
...
006 (11931526.000.000) 07/06 07:10:13 Image size of job updated: 16301044
	15919  -  MemoryUsage of job (MB)
	16301044  -  ResidentSetSize of job (KB)
...
006 (11931526.000.000) 07/06 07:15:14 Image size of job updated: 16308332
	15927  -  MemoryUsage of job (MB)
	16308332  -  ResidentSetSize of job (KB)
...
006 (11931526.000.000) 07/06 07:20:15 Image size of job updated: 16322412
	15940  -  MemoryUsage of job (MB)
	16322412  -  ResidentSetSize of job (KB)
...
006 (11931526.000.000) 07/06 07:25:15 Image size of job updated: 16329028
	15947  -  MemoryUsage of job (MB)
	16329028  -  ResidentSetSize of job (KB)
...
006 (11931526.000.000) 07/06 07:30:16 Image size of job updated: 16335008
	15953  -  MemoryUsage of job (MB)
	16335008  -  ResidentSetSize of job (KB)
...
006 (11931526.000.000) 07/06 07:35:17 Image size of job updated: 16341252
	15959  -  MemoryUsage of job (MB)
	16341252  -  ResidentSetSize of job (KB)
...
006 (11931526.000.000) 07/06 07:40:17 Image size of job updated: 16348480
	15966  -  MemoryUsage of job (MB)
	16348480  -  ResidentSetSize of job (KB)
...
006 (11931526.000.000) 07/06 07:45:17 Image size of job updated: 16354808
	15972  -  MemoryUsage of job (MB)
	16354808  -  ResidentSetSize of job (KB)
...
006 (11931526.000.000) 07/06 07:50:18 Image size of job updated: 16361372
	15978  -  MemoryUsage of job (MB)
	16361372  -  ResidentSetSize of job (KB)
...
006 (11931526.000.000) 07/06 07:55:18 Image size of job updated: 16367764
	15985  -  MemoryUsage of job (MB)
	16367764  -  ResidentSetSize of job (KB)
...
006 (11931526.000.000) 07/06 08:00:18 Image size of job updated: 16374432
	15991  -  MemoryUsage of job (MB)
	16374432  -  ResidentSetSize of job (KB)
...
006 (11931526.000.000) 07/06 08:05:19 Image size of job updated: 16381384
	15998  -  MemoryUsage of job (MB)
	16381384  -  ResidentSetSize of job (KB)
...
006 (11931526.000.000) 07/06 08:10:19 Image size of job updated: 16388192
	16005  -  MemoryUsage of job (MB)
	16388192  -  ResidentSetSize of job (KB)
...
006 (11931526.000.000) 07/06 08:15:19 Image size of job updated: 16395596
	16012  -  MemoryUsage of job (MB)
	16395596  -  ResidentSetSize of job (KB)
...
006 (11931526.000.000) 07/06 08:20:20 Image size of job updated: 16402708
	16019  -  MemoryUsage of job (MB)
	16402708  -  ResidentSetSize of job (KB)
...
006 (11931526.000.000) 07/06 08:25:20 Image size of job updated: 16426972
	16042  -  MemoryUsage of job (MB)
	16426972  -  ResidentSetSize of job (KB)
...
006 (11931526.000.000) 07/06 08:30:20 Image size of job updated: 16429664
	16045  -  MemoryUsage of job (MB)
	16429664  -  ResidentSetSize of job (KB)
...
006 (11931526.000.000) 07/06 08:35:21 Image size of job updated: 16436824
	16052  -  MemoryUsage of job (MB)
	16436824  -  ResidentSetSize of job (KB)
...
006 (11931526.000.000) 07/06 08:40:22 Image size of job updated: 16443796
	16059  -  MemoryUsage of job (MB)
	16443796  -  ResidentSetSize of job (KB)
...
006 (11931526.000.000) 07/06 08:45:22 Image size of job updated: 16450324
	16065  -  MemoryUsage of job (MB)
	16450324  -  ResidentSetSize of job (KB)
...
006 (11931526.000.000) 07/06 08:50:23 Image size of job updated: 16456140
	16071  -  MemoryUsage of job (MB)
	16456140  -  ResidentSetSize of job (KB)
...
006 (11931526.000.000) 07/06 08:55:24 Image size of job updated: 16464684
	16079  -  MemoryUsage of job (MB)
	16464684  -  ResidentSetSize of job (KB)
...
006 (11931526.000.000) 07/06 09:00:24 Image size of job updated: 16471268
	16086  -  MemoryUsage of job (MB)
	16471268  -  ResidentSetSize of job (KB)
...
006 (11931526.000.000) 07/06 09:05:25 Image size of job updated: 16477688
	16092  -  MemoryUsage of job (MB)
	16477688  -  ResidentSetSize of job (KB)
...
006 (11931526.000.000) 07/06 09:10:26 Image size of job updated: 16484412
	16099  -  MemoryUsage of job (MB)
	16484412  -  ResidentSetSize of job (KB)
...
006 (11931526.000.000) 07/06 09:15:26 Image size of job updated: 16492896
	16107  -  MemoryUsage of job (MB)
	16492896  -  ResidentSetSize of job (KB)
...
006 (11931526.000.000) 07/06 09:20:26 Image size of job updated: 16499716
	16114  -  MemoryUsage of job (MB)
	16499716  -  ResidentSetSize of job (KB)
...
006 (11931526.000.000) 07/06 09:25:27 Image size of job updated: 16506380
	16120  -  MemoryUsage of job (MB)
	16506380  -  ResidentSetSize of job (KB)
...
006 (11931526.000.000) 07/06 09:30:27 Image size of job updated: 16513352
	16127  -  MemoryUsage of job (MB)
	16513352  -  ResidentSetSize of job (KB)
...
006 (11931526.000.000) 07/06 09:35:27 Image size of job updated: 16523480
	16137  -  MemoryUsage of job (MB)
	16523480  -  ResidentSetSize of job (KB)
...
006 (11931526.000.000) 07/06 09:40:28 Image size of job updated: 16537952
	16151  -  MemoryUsage of job (MB)
	16537952  -  ResidentSetSize of job (KB)
...
006 (11931526.000.000) 07/06 09:45:28 Image size of job updated: 16545172
	16158  -  MemoryUsage of job (MB)
	16545172  -  ResidentSetSize of job (KB)
...
006 (11931526.000.000) 07/06 09:50:28 Image size of job updated: 16550784
	16163  -  MemoryUsage of job (MB)
	16550784  -  ResidentSetSize of job (KB)
...
006 (11931526.000.000) 07/06 09:55:29 Image size of job updated: 16557520
	16170  -  MemoryUsage of job (MB)
	16557520  -  ResidentSetSize of job (KB)
...
006 (11931526.000.000) 07/06 10:00:29 Image size of job updated: 16564104
	16176  -  MemoryUsage of job (MB)
	16564104  -  ResidentSetSize of job (KB)
...
006 (11931526.000.000) 07/06 10:05:29 Image size of job updated: 16570876
	16183  -  MemoryUsage of job (MB)
	16570876  -  ResidentSetSize of job (KB)
...
006 (11931526.000.000) 07/06 10:10:30 Image size of job updated: 16577352
	16189  -  MemoryUsage of job (MB)
	16577352  -  ResidentSetSize of job (KB)
...
006 (11931526.000.000) 07/06 10:15:31 Image size of job updated: 16584120
	16196  -  MemoryUsage of job (MB)
	16584120  -  ResidentSetSize of job (KB)
...
006 (11931526.000.000) 07/06 10:20:31 Image size of job updated: 16591144
	16203  -  MemoryUsage of job (MB)
	16591144  -  ResidentSetSize of job (KB)
...
006 (11931526.000.000) 07/06 10:25:32 Image size of job updated: 16598256
	16210  -  MemoryUsage of job (MB)
	16598256  -  ResidentSetSize of job (KB)
...
006 (11931526.000.000) 07/06 10:30:33 Image size of job updated: 16650792
	16261  -  MemoryUsage of job (MB)
	16650792  -  ResidentSetSize of job (KB)
...
006 (11931526.000.000) 07/06 10:35:33 Image size of job updated: 16651376
	16262  -  MemoryUsage of job (MB)
	16651376  -  ResidentSetSize of job (KB)
...
006 (11931526.000.000) 07/06 10:40:34 Image size of job updated: 16651992
	16262  -  MemoryUsage of job (MB)
	16651992  -  ResidentSetSize of job (KB)
...
006 (11931526.000.000) 07/06 10:45:35 Image size of job updated: 16652612
	16263  -  MemoryUsage of job (MB)
	16652612  -  ResidentSetSize of job (KB)
...
006 (11931526.000.000) 07/06 10:50:35 Image size of job updated: 16659680
	16270  -  MemoryUsage of job (MB)
	16659680  -  ResidentSetSize of job (KB)
...
006 (11931526.000.000) 07/06 10:55:36 Image size of job updated: 16667084
	16277  -  MemoryUsage of job (MB)
	16667084  -  ResidentSetSize of job (KB)
...
006 (11931526.000.000) 07/06 11:00:37 Image size of job updated: 16674448
	16284  -  MemoryUsage of job (MB)
	16674448  -  ResidentSetSize of job (KB)
...
006 (11931526.000.000) 07/06 11:05:37 Image size of job updated: 16681964
	16291  -  MemoryUsage of job (MB)
	16681964  -  ResidentSetSize of job (KB)
...
006 (11931526.000.000) 07/06 11:10:37 Image size of job updated: 16687320
	16297  -  MemoryUsage of job (MB)
	16687320  -  ResidentSetSize of job (KB)
...
006 (11931526.000.000) 07/06 11:15:38 Image size of job updated: 16693772
	16303  -  MemoryUsage of job (MB)
	16693772  -  ResidentSetSize of job (KB)
...
006 (11931526.000.000) 07/06 11:20:38 Image size of job updated: 16700400
	16309  -  MemoryUsage of job (MB)
	16700400  -  ResidentSetSize of job (KB)
...
006 (11931526.000.000) 07/06 11:25:38 Image size of job updated: 16707108
	16316  -  MemoryUsage of job (MB)
	16707108  -  ResidentSetSize of job (KB)
...
006 (11931526.000.000) 07/06 11:30:39 Image size of job updated: 16713616
	16322  -  MemoryUsage of job (MB)
	16713616  -  ResidentSetSize of job (KB)
...
006 (11931526.000.000) 07/06 11:35:39 Image size of job updated: 16720592
	16329  -  MemoryUsage of job (MB)
	16720592  -  ResidentSetSize of job (KB)
...
006 (11931526.000.000) 07/06 11:40:39 Image size of job updated: 16727032
	16335  -  MemoryUsage of job (MB)
	16727032  -  ResidentSetSize of job (KB)
...
006 (11931526.000.000) 07/06 11:45:40 Image size of job updated: 16733604
	16342  -  MemoryUsage of job (MB)
	16733604  -  ResidentSetSize of job (KB)
...
006 (11931526.000.000) 07/06 11:50:40 Image size of job updated: 18417708
	17987  -  MemoryUsage of job (MB)
	18417708  -  ResidentSetSize of job (KB)
...
006 (11931526.000.000) 07/06 11:55:40 Image size of job updated: 18558348
	18124  -  MemoryUsage of job (MB)
	18558348  -  ResidentSetSize of job (KB)
...
006 (11931526.000.000) 07/06 12:00:41 Image size of job updated: 18656836
	18218  -  MemoryUsage of job (MB)
	18654868  -  ResidentSetSize of job (KB)
...
006 (11931526.000.000) 07/06 12:05:42 Image size of job updated: 18853960
	18413  -  MemoryUsage of job (MB)
	18853960  -  ResidentSetSize of job (KB)
...
006 (11931526.000.000) 07/06 12:10:42 Image size of job updated: 19139472
	18691  -  MemoryUsage of job (MB)
	19139472  -  ResidentSetSize of job (KB)
...
040 (11931526.000.000) 07/06 12:16:38 Started transferring output files
...
040 (11931526.000.000) 07/06 12:16:38 Finished transferring output files
...
005 (11931526.000.000) 07/06 12:16:38 Job terminated.
	(1) Normal termination (return value 0)
		Usr 4 22:48:39, Sys 0 01:32:17  -  Run Remote Usage
		Usr 0 00:00:00, Sys 0 00:00:00  -  Run Local Usage
		Usr 4 22:48:39, Sys 0 01:32:17  -  Total Remote Usage
		Usr 0 00:00:00, Sys 0 00:00:00  -  Total Local Usage
	616679  -  Run Bytes Sent By Job
	340  -  Run Bytes Received By Job
	616679  -  Total Bytes Sent By Job
	340  -  Total Bytes Received By Job
	Partitionable Resources :    Usage  Request Allocated Assigned
	   Cpus                 :     2.66       10        10 
	   Disk (KB)            :   898           1      2048 
	   GPUs                 :     0           1         1 "GPU-10305a3e"
	   GpusMemory (MB)      :   451                       
	   Memory (MB)          : 18691       30720     30800 
	   TimeExecute (s)      : 22004                       
	   TimeSlotBusy (s)     : 22006                       
...
