000 (11938636.000.000) 07/07 06:38:09 Job submitted from host: <188.185.8.79:9618?addrs=188.185.8.79-9618+[2001-1458-d00-63--100-23a]-9618&alias=bigbird26.cern.ch&noUDP&sock=schedd_5282_9754>
...
040 (11938636.000.000) 07/08 09:55:07 Started transferring input files
	Transferring to host: <188.185.190.89:9618?addrs=188.185.190.89-9618+[2001-1458-d03-b--100-2cb]-9618&alias=b9pgpun201.cern.ch&noUDP&sock=slot1_1_5445_3eb6_44859>
...
040 (11938636.000.000) 07/08 09:55:07 Finished transferring input files
...
001 (11938636.000.000) 07/08 09:55:08 Job executing on host: <188.185.190.89:9618?addrs=188.185.190.89-9618+[2001-1458-d03-b--100-2cb]-9618&alias=b9pgpun201.cern.ch&noUDP&sock=startd_5105_2f11>
	SlotName: slot1_1@b9pgpun201.cern.ch
	AvailableGPUs = { GPUs_MIG_e5b0858c_bd01_51b9_a098_261a867f38b2 }
	CondorScratchDir = "/pool/condor/dir_801024"
	Cpus = 10
	Disk = 2048
	GPUs = 1
	GPUs_MIG_e5b0858c_bd01_51b9_a098_261a867f38b2 = [ Id = "MIG-e5b0858c-bd01-51b9-a098-261a867f38b2"; DeviceName = "NVIDIA H100L-2-24C MIG 2g.24gb"; DeviceUuid = "MIG-e5b0858c-bd01-51b9-a098-261a867f38b2"; ComputeUnits = 32; GlobalMemoryMb = 21547 ]
	Memory = 30800
...
006 (11938636.000.000) 07/08 09:55:16 Image size of job updated: 195744
	192  -  MemoryUsage of job (MB)
	195744  -  ResidentSetSize of job (KB)
...
006 (11938636.000.000) 07/08 10:00:16 Image size of job updated: 15986856
	15613  -  MemoryUsage of job (MB)
	15986856  -  ResidentSetSize of job (KB)
...
006 (11938636.000.000) 07/08 10:05:17 Image size of job updated: 16000184
	15626  -  MemoryUsage of job (MB)
	16000184  -  ResidentSetSize of job (KB)
...
006 (11938636.000.000) 07/08 10:10:17 Image size of job updated: 16011380
	15637  -  MemoryUsage of job (MB)
	16011380  -  ResidentSetSize of job (KB)
...
006 (11938636.000.000) 07/08 10:15:17 Image size of job updated: 16022108
	15647  -  MemoryUsage of job (MB)
	16022108  -  ResidentSetSize of job (KB)
...
006 (11938636.000.000) 07/08 10:20:18 Image size of job updated: 16035968
	15661  -  MemoryUsage of job (MB)
	16035968  -  ResidentSetSize of job (KB)
...
006 (11938636.000.000) 07/08 10:25:18 Image size of job updated: 16046360
	15671  -  MemoryUsage of job (MB)
	16046360  -  ResidentSetSize of job (KB)
...
006 (11938636.000.000) 07/08 10:30:18 Image size of job updated: 16056984
	15681  -  MemoryUsage of job (MB)
	16056984  -  ResidentSetSize of job (KB)
...
006 (11938636.000.000) 07/08 10:35:19 Image size of job updated: 16067632
	15692  -  MemoryUsage of job (MB)
	16067632  -  ResidentSetSize of job (KB)
...
006 (11938636.000.000) 07/08 10:40:19 Image size of job updated: 16087836
	15711  -  MemoryUsage of job (MB)
	16087836  -  ResidentSetSize of job (KB)
...
006 (11938636.000.000) 07/08 10:45:19 Image size of job updated: 16093496
	15717  -  MemoryUsage of job (MB)
	16093496  -  ResidentSetSize of job (KB)
...
006 (11938636.000.000) 07/08 10:50:20 Image size of job updated: 16103408
	15726  -  MemoryUsage of job (MB)
	16103408  -  ResidentSetSize of job (KB)
...
006 (11938636.000.000) 07/08 10:55:20 Image size of job updated: 16112768
	15736  -  MemoryUsage of job (MB)
	16112768  -  ResidentSetSize of job (KB)
...
006 (11938636.000.000) 07/08 11:00:20 Image size of job updated: 16122388
	15745  -  MemoryUsage of job (MB)
	16122388  -  ResidentSetSize of job (KB)
...
006 (11938636.000.000) 07/08 11:05:21 Image size of job updated: 16131928
	15754  -  MemoryUsage of job (MB)
	16131928  -  ResidentSetSize of job (KB)
...
006 (11938636.000.000) 07/08 11:10:21 Image size of job updated: 16148444
	15770  -  MemoryUsage of job (MB)
	16148444  -  ResidentSetSize of job (KB)
...
006 (11938636.000.000) 07/08 11:15:21 Image size of job updated: 16158944
	15781  -  MemoryUsage of job (MB)
	16158944  -  ResidentSetSize of job (KB)
...
006 (11938636.000.000) 07/08 11:20:22 Image size of job updated: 16169280
	15791  -  MemoryUsage of job (MB)
	16169280  -  ResidentSetSize of job (KB)
...
006 (11938636.000.000) 07/08 11:25:22 Image size of job updated: 16197712
	15819  -  MemoryUsage of job (MB)
	16197712  -  ResidentSetSize of job (KB)
...
006 (11938636.000.000) 07/08 11:30:22 Image size of job updated: 16201204
	15822  -  MemoryUsage of job (MB)
	16201204  -  ResidentSetSize of job (KB)
...
006 (11938636.000.000) 07/08 11:35:23 Image size of job updated: 16211028
	15832  -  MemoryUsage of job (MB)
	16211028  -  ResidentSetSize of job (KB)
...
006 (11938636.000.000) 07/08 11:40:23 Image size of job updated: 16220872
	15841  -  MemoryUsage of job (MB)
	16220872  -  ResidentSetSize of job (KB)
...
006 (11938636.000.000) 07/08 11:45:23 Image size of job updated: 16230152
	15850  -  MemoryUsage of job (MB)
	16230152  -  ResidentSetSize of job (KB)
...
006 (11938636.000.000) 07/08 11:50:24 Image size of job updated: 16240340
	15860  -  MemoryUsage of job (MB)
	16240340  -  ResidentSetSize of job (KB)
...
006 (11938636.000.000) 07/08 11:55:24 Image size of job updated: 16250824
	15870  -  MemoryUsage of job (MB)
	16250824  -  ResidentSetSize of job (KB)
...
006 (11938636.000.000) 07/08 12:00:24 Image size of job updated: 16261572
	15881  -  MemoryUsage of job (MB)
	16261572  -  ResidentSetSize of job (KB)
...
006 (11938636.000.000) 07/08 12:05:25 Image size of job updated: 16272224
	15891  -  MemoryUsage of job (MB)
	16272224  -  ResidentSetSize of job (KB)
...
006 (11938636.000.000) 07/08 12:10:25 Image size of job updated: 16282348
	15901  -  MemoryUsage of job (MB)
	16282348  -  ResidentSetSize of job (KB)
...
006 (11938636.000.000) 07/08 12:15:25 Image size of job updated: 16293140
	15912  -  MemoryUsage of job (MB)
	16293140  -  ResidentSetSize of job (KB)
...
006 (11938636.000.000) 07/08 12:20:26 Image size of job updated: 16303892
	15922  -  MemoryUsage of job (MB)
	16303892  -  ResidentSetSize of job (KB)
...
006 (11938636.000.000) 07/08 12:25:26 Image size of job updated: 16313896
	15932  -  MemoryUsage of job (MB)
	16313896  -  ResidentSetSize of job (KB)
...
006 (11938636.000.000) 07/08 12:30:26 Image size of job updated: 16324476
	15942  -  MemoryUsage of job (MB)
	16324476  -  ResidentSetSize of job (KB)
...
006 (11938636.000.000) 07/08 12:35:27 Image size of job updated: 16333524
	15951  -  MemoryUsage of job (MB)
	16333524  -  ResidentSetSize of job (KB)
...
006 (11938636.000.000) 07/08 12:40:27 Image size of job updated: 16343512
	15961  -  MemoryUsage of job (MB)
	16343512  -  ResidentSetSize of job (KB)
...
006 (11938636.000.000) 07/08 12:45:27 Image size of job updated: 16353444
	15971  -  MemoryUsage of job (MB)
	16353444  -  ResidentSetSize of job (KB)
...
006 (11938636.000.000) 07/08 12:50:28 Image size of job updated: 16407436
	16023  -  MemoryUsage of job (MB)
	16407436  -  ResidentSetSize of job (KB)
...
006 (11938636.000.000) 07/08 13:00:28 Image size of job updated: 16409436
	16025  -  MemoryUsage of job (MB)
	16409436  -  ResidentSetSize of job (KB)
...
006 (11938636.000.000) 07/08 13:05:29 Image size of job updated: 16420372
	16036  -  MemoryUsage of job (MB)
	16420372  -  ResidentSetSize of job (KB)
...
006 (11938636.000.000) 07/08 13:10:29 Image size of job updated: 16432116
	16047  -  MemoryUsage of job (MB)
	16432116  -  ResidentSetSize of job (KB)
...
006 (11938636.000.000) 07/08 13:15:29 Image size of job updated: 16443708
	16059  -  MemoryUsage of job (MB)
	16443708  -  ResidentSetSize of job (KB)
...
006 (11938636.000.000) 07/08 13:20:30 Image size of job updated: 16454428
	16069  -  MemoryUsage of job (MB)
	16454428  -  ResidentSetSize of job (KB)
...
006 (11938636.000.000) 07/08 13:25:31 Image size of job updated: 16465232
	16080  -  MemoryUsage of job (MB)
	16465232  -  ResidentSetSize of job (KB)
...
006 (11938636.000.000) 07/08 13:30:31 Image size of job updated: 16476248
	16091  -  MemoryUsage of job (MB)
	16476248  -  ResidentSetSize of job (KB)
...
006 (11938636.000.000) 07/08 13:35:32 Image size of job updated: 16487216
	16101  -  MemoryUsage of job (MB)
	16487216  -  ResidentSetSize of job (KB)
...
006 (11938636.000.000) 07/08 13:40:33 Image size of job updated: 16498368
	16112  -  MemoryUsage of job (MB)
	16498368  -  ResidentSetSize of job (KB)
...
006 (11938636.000.000) 07/08 13:45:33 Image size of job updated: 16510836
	16124  -  MemoryUsage of job (MB)
	16510836  -  ResidentSetSize of job (KB)
...
006 (11938636.000.000) 07/08 13:50:34 Image size of job updated: 16522692
	16136  -  MemoryUsage of job (MB)
	16522692  -  ResidentSetSize of job (KB)
...
006 (11938636.000.000) 07/08 13:55:35 Image size of job updated: 16534800
	16148  -  MemoryUsage of job (MB)
	16534800  -  ResidentSetSize of job (KB)
...
006 (11938636.000.000) 07/08 14:00:35 Image size of job updated: 16547492
	16160  -  MemoryUsage of job (MB)
	16547492  -  ResidentSetSize of job (KB)
...
006 (11938636.000.000) 07/08 14:05:35 Image size of job updated: 16560128
	16172  -  MemoryUsage of job (MB)
	16560128  -  ResidentSetSize of job (KB)
...
006 (11938636.000.000) 07/08 14:10:36 Image size of job updated: 16572680
	16185  -  MemoryUsage of job (MB)
	16572680  -  ResidentSetSize of job (KB)
...
006 (11938636.000.000) 07/08 14:15:36 Image size of job updated: 18667156
	18230  -  MemoryUsage of job (MB)
	18667156  -  ResidentSetSize of job (KB)
...
006 (11938636.000.000) 07/08 14:20:36 Image size of job updated: 18753548
	18304  -  MemoryUsage of job (MB)
	18743020  -  ResidentSetSize of job (KB)
...
006 (11938636.000.000) 07/08 14:25:37 Image size of job updated: 19152948
	18405  -  MemoryUsage of job (MB)
	18845804  -  ResidentSetSize of job (KB)
...
040 (11938636.000.000) 07/08 14:28:21 Started transferring output files
...
040 (11938636.000.000) 07/08 14:28:21 Finished transferring output files
...
005 (11938636.000.000) 07/08 14:28:21 Job terminated.
	(1) Normal termination (return value 0)
		Usr 2 03:34:34, Sys 0 00:49:49  -  Run Remote Usage
		Usr 0 00:00:00, Sys 0 00:00:00  -  Run Local Usage
		Usr 2 03:34:34, Sys 0 00:49:49  -  Total Remote Usage
		Usr 0 00:00:00, Sys 0 00:00:00  -  Total Local Usage
	664551  -  Run Bytes Sent By Job
	333  -  Run Bytes Received By Job
	664551  -  Total Bytes Sent By Job
	333  -  Total Bytes Received By Job
	Partitionable Resources :    Usage  Request Allocated Assigned
	   Cpus                 :     1.36       10        10 
	   Disk (KB)            :   945           1      2048 
	   GPUs                 :                 1         1 "MIG-e5b0858c-bd01-51b9-a098-261a867f38b2"
	   Memory (MB)          : 18405       30720     30800 
	   TimeExecute (s)      : 16393                       
	   TimeSlotBusy (s)     : 16394                       
...
