000 (11921181.000.000) 07/05 06:07:05 Job submitted from host: <188.185.8.79:9618?addrs=188.185.8.79-9618+[2001-1458-d00-63--100-23a]-9618&alias=bigbird26.cern.ch&noUDP&sock=schedd_5282_9754>
...
040 (11921181.000.000) 07/05 10:20:51 Started transferring input files
	Transferring to host: <188.185.190.10:9618?addrs=188.185.190.10-9618+[2001-1458-d03-b--100-228]-9618&alias=b9pgpun203.cern.ch&noUDP&sock=slot1_1_9579_059f_5783>
...
040 (11921181.000.000) 07/05 10:20:51 Finished transferring input files
...
001 (11921181.000.000) 07/05 10:20:52 Job executing on host: <188.185.190.10:9618?addrs=188.185.190.10-9618+[2001-1458-d03-b--100-228]-9618&alias=b9pgpun203.cern.ch&noUDP&sock=startd_9529_ae0d>
	SlotName: slot1_1@b9pgpun203.cern.ch
	AvailableGPUs = { GPUs_MIG_c325cc2c_3ff3_5be5_b43b_a5b5a93ef9a1 }
	CondorScratchDir = "/pool/condor/dir_561629"
	Cpus = 10
	Disk = 2048
	GPUs = 1
	GPUs_MIG_c325cc2c_3ff3_5be5_b43b_a5b5a93ef9a1 = [ Id = "MIG-c325cc2c-3ff3-5be5-b43b-a5b5a93ef9a1"; DeviceName = "NVIDIA H100L-2-24C MIG 2g.24gb"; DeviceUuid = "MIG-c325cc2c-3ff3-5be5-b43b-a5b5a93ef9a1"; ComputeUnits = 32; GlobalMemoryMb = 21547 ]
	Memory = 30800
...
006 (11921181.000.000) 07/05 10:21:01 Image size of job updated: 43148
	43  -  MemoryUsage of job (MB)
	43148  -  ResidentSetSize of job (KB)
...
006 (11921181.000.000) 07/05 10:26:02 Image size of job updated: 15909876
	15537  -  MemoryUsage of job (MB)
	15909876  -  ResidentSetSize of job (KB)
...
006 (11921181.000.000) 07/05 10:31:02 Image size of job updated: 15911848
	15539  -  MemoryUsage of job (MB)
	15911848  -  ResidentSetSize of job (KB)
...
006 (11921181.000.000) 07/05 10:36:02 Image size of job updated: 15921340
	15549  -  MemoryUsage of job (MB)
	15921340  -  ResidentSetSize of job (KB)
...
006 (11921181.000.000) 07/05 10:41:03 Image size of job updated: 15933236
	15560  -  MemoryUsage of job (MB)
	15933236  -  ResidentSetSize of job (KB)
...
006 (11921181.000.000) 07/05 10:46:03 Image size of job updated: 15948640
	15575  -  MemoryUsage of job (MB)
	15948640  -  ResidentSetSize of job (KB)
...
006 (11921181.000.000) 07/05 10:51:03 Image size of job updated: 15960372
	15587  -  MemoryUsage of job (MB)
	15960372  -  ResidentSetSize of job (KB)
...
006 (11921181.000.000) 07/05 10:56:04 Image size of job updated: 15996776
	15622  -  MemoryUsage of job (MB)
	15996776  -  ResidentSetSize of job (KB)
...
006 (11921181.000.000) 07/05 11:01:04 Image size of job updated: 16007784
	15633  -  MemoryUsage of job (MB)
	16007784  -  ResidentSetSize of job (KB)
...
006 (11921181.000.000) 07/05 11:06:04 Image size of job updated: 16025280
	15650  -  MemoryUsage of job (MB)
	16025280  -  ResidentSetSize of job (KB)
...
006 (11921181.000.000) 07/05 11:11:05 Image size of job updated: 16036260
	15661  -  MemoryUsage of job (MB)
	16036260  -  ResidentSetSize of job (KB)
...
006 (11921181.000.000) 07/05 11:16:06 Image size of job updated: 16047700
	15672  -  MemoryUsage of job (MB)
	16047700  -  ResidentSetSize of job (KB)
...
006 (11921181.000.000) 07/05 11:21:06 Image size of job updated: 16059568
	15684  -  MemoryUsage of job (MB)
	16059568  -  ResidentSetSize of job (KB)
...
006 (11921181.000.000) 07/05 11:26:07 Image size of job updated: 16071912
	15696  -  MemoryUsage of job (MB)
	16071912  -  ResidentSetSize of job (KB)
...
006 (11921181.000.000) 07/05 11:31:08 Image size of job updated: 16084500
	15708  -  MemoryUsage of job (MB)
	16084500  -  ResidentSetSize of job (KB)
...
006 (11921181.000.000) 07/05 11:36:08 Image size of job updated: 16096936
	15720  -  MemoryUsage of job (MB)
	16096936  -  ResidentSetSize of job (KB)
...
006 (11921181.000.000) 07/05 11:41:09 Image size of job updated: 16128000
	15750  -  MemoryUsage of job (MB)
	16128000  -  ResidentSetSize of job (KB)
...
006 (11921181.000.000) 07/05 11:46:10 Image size of job updated: 16131088
	15754  -  MemoryUsage of job (MB)
	16131088  -  ResidentSetSize of job (KB)
...
006 (11921181.000.000) 07/05 11:51:10 Image size of job updated: 16142688
	15765  -  MemoryUsage of job (MB)
	16142688  -  ResidentSetSize of job (KB)
...
006 (11921181.000.000) 07/05 11:56:10 Image size of job updated: 16153896
	15776  -  MemoryUsage of job (MB)
	16153896  -  ResidentSetSize of job (KB)
...
006 (11921181.000.000) 07/05 12:01:11 Image size of job updated: 16165560
	15787  -  MemoryUsage of job (MB)
	16165560  -  ResidentSetSize of job (KB)
...
006 (11921181.000.000) 07/05 12:06:11 Image size of job updated: 16177780
	15799  -  MemoryUsage of job (MB)
	16177780  -  ResidentSetSize of job (KB)
...
006 (11921181.000.000) 07/05 12:11:11 Image size of job updated: 16190252
	15811  -  MemoryUsage of job (MB)
	16190252  -  ResidentSetSize of job (KB)
...
006 (11921181.000.000) 07/05 12:16:12 Image size of job updated: 16202488
	15823  -  MemoryUsage of job (MB)
	16202488  -  ResidentSetSize of job (KB)
...
006 (11921181.000.000) 07/05 12:21:12 Image size of job updated: 16215040
	15835  -  MemoryUsage of job (MB)
	16215040  -  ResidentSetSize of job (KB)
...
006 (11921181.000.000) 07/05 12:26:12 Image size of job updated: 16227276
	15847  -  MemoryUsage of job (MB)
	16227276  -  ResidentSetSize of job (KB)
...
006 (11921181.000.000) 07/05 12:31:13 Image size of job updated: 16239552
	15859  -  MemoryUsage of job (MB)
	16239552  -  ResidentSetSize of job (KB)
...
006 (11921181.000.000) 07/05 12:36:13 Image size of job updated: 16250456
	15870  -  MemoryUsage of job (MB)
	16250456  -  ResidentSetSize of job (KB)
...
006 (11921181.000.000) 07/05 12:41:13 Image size of job updated: 16262204
	15882  -  MemoryUsage of job (MB)
	16262204  -  ResidentSetSize of job (KB)
...
006 (11921181.000.000) 07/05 12:46:14 Image size of job updated: 16272996
	15892  -  MemoryUsage of job (MB)
	16272996  -  ResidentSetSize of job (KB)
...
006 (11921181.000.000) 07/05 12:51:15 Image size of job updated: 16284180
	15903  -  MemoryUsage of job (MB)
	16284180  -  ResidentSetSize of job (KB)
...
006 (11921181.000.000) 07/05 12:56:15 Image size of job updated: 16337504
	15955  -  MemoryUsage of job (MB)
	16337504  -  ResidentSetSize of job (KB)
...
006 (11921181.000.000) 07/05 13:06:17 Image size of job updated: 16344248
	15962  -  MemoryUsage of job (MB)
	16344248  -  ResidentSetSize of job (KB)
...
006 (11921181.000.000) 07/05 13:11:17 Image size of job updated: 16356604
	15974  -  MemoryUsage of job (MB)
	16356604  -  ResidentSetSize of job (KB)
...
006 (11921181.000.000) 07/05 13:16:18 Image size of job updated: 16367744
	15985  -  MemoryUsage of job (MB)
	16367744  -  ResidentSetSize of job (KB)
...
006 (11921181.000.000) 07/05 13:21:19 Image size of job updated: 16379184
	15996  -  MemoryUsage of job (MB)
	16379184  -  ResidentSetSize of job (KB)
...
006 (11921181.000.000) 07/05 13:26:19 Image size of job updated: 16390468
	16007  -  MemoryUsage of job (MB)
	16390468  -  ResidentSetSize of job (KB)
...
006 (11921181.000.000) 07/05 13:31:19 Image size of job updated: 16401560
	16018  -  MemoryUsage of job (MB)
	16401560  -  ResidentSetSize of job (KB)
...
006 (11921181.000.000) 07/05 13:36:20 Image size of job updated: 16413512
	16029  -  MemoryUsage of job (MB)
	16413512  -  ResidentSetSize of job (KB)
...
006 (11921181.000.000) 07/05 13:41:20 Image size of job updated: 16425612
	16041  -  MemoryUsage of job (MB)
	16425612  -  ResidentSetSize of job (KB)
...
006 (11921181.000.000) 07/05 13:46:20 Image size of job updated: 16438188
	16053  -  MemoryUsage of job (MB)
	16438188  -  ResidentSetSize of job (KB)
...
006 (11921181.000.000) 07/05 13:51:21 Image size of job updated: 16450336
	16065  -  MemoryUsage of job (MB)
	16450336  -  ResidentSetSize of job (KB)
...
006 (11921181.000.000) 07/05 13:56:21 Image size of job updated: 16462332
	16077  -  MemoryUsage of job (MB)
	16462332  -  ResidentSetSize of job (KB)
...
006 (11921181.000.000) 07/05 14:01:21 Image size of job updated: 16474800
	16089  -  MemoryUsage of job (MB)
	16474800  -  ResidentSetSize of job (KB)
...
006 (11921181.000.000) 07/05 14:06:22 Image size of job updated: 16487308
	16101  -  MemoryUsage of job (MB)
	16487308  -  ResidentSetSize of job (KB)
...
006 (11921181.000.000) 07/05 14:11:23 Image size of job updated: 16499548
	16113  -  MemoryUsage of job (MB)
	16499548  -  ResidentSetSize of job (KB)
...
006 (11921181.000.000) 07/05 14:16:23 Image size of job updated: 16550296
	16163  -  MemoryUsage of job (MB)
	16550296  -  ResidentSetSize of job (KB)
...
006 (11921181.000.000) 07/05 14:21:24 Image size of job updated: 18748848
	18310  -  MemoryUsage of job (MB)
	18748848  -  ResidentSetSize of job (KB)
...
006 (11921181.000.000) 07/05 14:26:25 Image size of job updated: 18768496
	18327  -  MemoryUsage of job (MB)
	18766020  -  ResidentSetSize of job (KB)
...
006 (11921181.000.000) 07/05 14:31:25 Image size of job updated: 19324820
	18553  -  MemoryUsage of job (MB)
	18998068  -  ResidentSetSize of job (KB)
...
040 (11921181.000.000) 07/05 14:33:06 Started transferring output files
...
040 (11921181.000.000) 07/05 14:33:06 Finished transferring output files
...
005 (11921181.000.000) 07/05 14:33:07 Job terminated.
	(1) Normal termination (return value 0)
		Usr 1 22:54:38, Sys 0 00:44:53  -  Run Remote Usage
		Usr 0 00:00:00, Sys 0 00:00:00  -  Run Local Usage
		Usr 1 22:54:38, Sys 0 00:44:53  -  Total Remote Usage
		Usr 0 00:00:00, Sys 0 00:00:00  -  Total Local Usage
	672392  -  Run Bytes Sent By Job
	333  -  Run Bytes Received By Job
	672392  -  Total Bytes Sent By Job
	333  -  Total Bytes Received By Job
	Partitionable Resources :    Usage  Request Allocated Assigned
	   Cpus                 :     1.99       10        10 
	   Disk (KB)            :   952           1      2048 
	   GPUs                 :                 1         1 "MIG-c325cc2c-3ff3-5be5-b43b-a5b5a93ef9a1"
	   Memory (MB)          : 18553       30720     30800 
	   TimeExecute (s)      : 15134                       
	   TimeSlotBusy (s)     : 15137                       
...
