000 (11917650.000.000) 07/03 12:48:12 Job submitted from host: <188.185.8.79:9618?addrs=188.185.8.79-9618+[2001-1458-d00-63--100-23a]-9618&alias=bigbird26.cern.ch&noUDP&sock=schedd_5282_9754>
...
040 (11917650.000.000) 07/03 15:40:34 Started transferring input files
	Transferring to host: <188.185.190.13:9618?addrs=188.185.190.13-9618+[2001-1458-d03-b--100-162]-9618&alias=b9pgpun206.cern.ch&noUDP&sock=slot1_1_9006_4aa7_45712>
...
040 (11917650.000.000) 07/03 15:40:34 Finished transferring input files
...
001 (11917650.000.000) 07/03 15:40:35 Job executing on host: <188.185.190.13:9618?addrs=188.185.190.13-9618+[2001-1458-d03-b--100-162]-9618&alias=b9pgpun206.cern.ch&noUDP&sock=startd_8956_a648>
	SlotName: slot1_1@b9pgpun206.cern.ch
	AvailableGPUs = { GPUs_MIG_4d36b22f_05b0_5041_bc58_5cd9598fc15b }
	CondorScratchDir = "/pool/condor/dir_217317"
	Cpus = 10
	Disk = 2048
	GPUs = 1
	GPUs_MIG_4d36b22f_05b0_5041_bc58_5cd9598fc15b = [ Id = "MIG-4d36b22f-05b0-5041-bc58-5cd9598fc15b"; DeviceName = "NVIDIA H100L-2-24C MIG 2g.24gb"; DeviceUuid = "MIG-4d36b22f-05b0-5041-bc58-5cd9598fc15b"; ComputeUnits = 32; GlobalMemoryMb = 21547 ]
	Memory = 30800
...
006 (11917650.000.000) 07/03 15:40:43 Image size of job updated: 21932
	22  -  MemoryUsage of job (MB)
	21932  -  ResidentSetSize of job (KB)
...
006 (11917650.000.000) 07/03 15:45:43 Image size of job updated: 15803672
	15434  -  MemoryUsage of job (MB)
	15803672  -  ResidentSetSize of job (KB)
...
006 (11917650.000.000) 07/03 15:50:43 Image size of job updated: 15805408
	15435  -  MemoryUsage of job (MB)
	15805408  -  ResidentSetSize of job (KB)
...
006 (11917650.000.000) 07/03 15:55:44 Image size of job updated: 15817304
	15447  -  MemoryUsage of job (MB)
	15817304  -  ResidentSetSize of job (KB)
...
006 (11917650.000.000) 07/03 16:00:44 Image size of job updated: 15829092
	15459  -  MemoryUsage of job (MB)
	15829092  -  ResidentSetSize of job (KB)
...
006 (11917650.000.000) 07/03 16:05:44 Image size of job updated: 15843944
	15473  -  MemoryUsage of job (MB)
	15843944  -  ResidentSetSize of job (KB)
...
006 (11917650.000.000) 07/03 16:10:45 Image size of job updated: 15855148
	15484  -  MemoryUsage of job (MB)
	15855148  -  ResidentSetSize of job (KB)
...
006 (11917650.000.000) 07/03 16:15:45 Image size of job updated: 15866252
	15495  -  MemoryUsage of job (MB)
	15866252  -  ResidentSetSize of job (KB)
...
006 (11917650.000.000) 07/03 16:20:45 Image size of job updated: 15878548
	15507  -  MemoryUsage of job (MB)
	15878548  -  ResidentSetSize of job (KB)
...
006 (11917650.000.000) 07/03 16:25:46 Image size of job updated: 15896656
	15525  -  MemoryUsage of job (MB)
	15896656  -  ResidentSetSize of job (KB)
...
006 (11917650.000.000) 07/03 16:30:46 Image size of job updated: 15907596
	15535  -  MemoryUsage of job (MB)
	15907596  -  ResidentSetSize of job (KB)
...
006 (11917650.000.000) 07/03 16:35:46 Image size of job updated: 15918784
	15546  -  MemoryUsage of job (MB)
	15918784  -  ResidentSetSize of job (KB)
...
006 (11917650.000.000) 07/03 16:40:47 Image size of job updated: 15929904
	15557  -  MemoryUsage of job (MB)
	15929904  -  ResidentSetSize of job (KB)
...
006 (11917650.000.000) 07/03 16:45:47 Image size of job updated: 15940972
	15568  -  MemoryUsage of job (MB)
	15940972  -  ResidentSetSize of job (KB)
...
006 (11917650.000.000) 07/03 16:50:47 Image size of job updated: 15952352
	15579  -  MemoryUsage of job (MB)
	15952352  -  ResidentSetSize of job (KB)
...
006 (11917650.000.000) 07/03 16:55:48 Image size of job updated: 15963896
	15590  -  MemoryUsage of job (MB)
	15963896  -  ResidentSetSize of job (KB)
...
006 (11917650.000.000) 07/03 17:00:48 Image size of job updated: 15975084
	15601  -  MemoryUsage of job (MB)
	15975084  -  ResidentSetSize of job (KB)
...
006 (11917650.000.000) 07/03 17:05:48 Image size of job updated: 16002116
	15628  -  MemoryUsage of job (MB)
	16002116  -  ResidentSetSize of job (KB)
...
006 (11917650.000.000) 07/03 17:10:49 Image size of job updated: 16010724
	15636  -  MemoryUsage of job (MB)
	16010724  -  ResidentSetSize of job (KB)
...
006 (11917650.000.000) 07/03 17:15:49 Image size of job updated: 16022284
	15647  -  MemoryUsage of job (MB)
	16022284  -  ResidentSetSize of job (KB)
...
006 (11917650.000.000) 07/03 17:20:49 Image size of job updated: 16033420
	15658  -  MemoryUsage of job (MB)
	16033420  -  ResidentSetSize of job (KB)
...
006 (11917650.000.000) 07/03 17:25:50 Image size of job updated: 16044928
	15669  -  MemoryUsage of job (MB)
	16044928  -  ResidentSetSize of job (KB)
...
006 (11917650.000.000) 07/03 17:30:50 Image size of job updated: 16056368
	15681  -  MemoryUsage of job (MB)
	16056368  -  ResidentSetSize of job (KB)
...
006 (11917650.000.000) 07/03 17:35:50 Image size of job updated: 16067812
	15692  -  MemoryUsage of job (MB)
	16067812  -  ResidentSetSize of job (KB)
...
006 (11917650.000.000) 07/03 17:40:51 Image size of job updated: 16079392
	15703  -  MemoryUsage of job (MB)
	16079392  -  ResidentSetSize of job (KB)
...
006 (11917650.000.000) 07/03 17:45:51 Image size of job updated: 16089848
	15713  -  MemoryUsage of job (MB)
	16089848  -  ResidentSetSize of job (KB)
...
006 (11917650.000.000) 07/03 17:50:51 Image size of job updated: 16097672
	15721  -  MemoryUsage of job (MB)
	16097672  -  ResidentSetSize of job (KB)
...
006 (11917650.000.000) 07/03 17:55:52 Image size of job updated: 16108284
	15731  -  MemoryUsage of job (MB)
	16108284  -  ResidentSetSize of job (KB)
...
006 (11917650.000.000) 07/03 18:00:52 Image size of job updated: 16118960
	15742  -  MemoryUsage of job (MB)
	16118960  -  ResidentSetSize of job (KB)
...
006 (11917650.000.000) 07/03 18:05:52 Image size of job updated: 16129684
	15752  -  MemoryUsage of job (MB)
	16129684  -  ResidentSetSize of job (KB)
...
006 (11917650.000.000) 07/03 18:10:53 Image size of job updated: 16140240
	15762  -  MemoryUsage of job (MB)
	16140240  -  ResidentSetSize of job (KB)
...
006 (11917650.000.000) 07/03 18:15:53 Image size of job updated: 16150824
	15773  -  MemoryUsage of job (MB)
	16150824  -  ResidentSetSize of job (KB)
...
006 (11917650.000.000) 07/03 18:20:53 Image size of job updated: 16210452
	15831  -  MemoryUsage of job (MB)
	16210452  -  ResidentSetSize of job (KB)
...
006 (11917650.000.000) 07/03 18:25:54 Image size of job updated: 16210460
	15831  -  MemoryUsage of job (MB)
	16210460  -  ResidentSetSize of job (KB)
...
006 (11917650.000.000) 07/03 18:35:55 Image size of job updated: 16216408
	15837  -  MemoryUsage of job (MB)
	16216408  -  ResidentSetSize of job (KB)
...
006 (11917650.000.000) 07/03 18:40:56 Image size of job updated: 16225552
	15846  -  MemoryUsage of job (MB)
	16225552  -  ResidentSetSize of job (KB)
...
006 (11917650.000.000) 07/03 18:45:57 Image size of job updated: 16235896
	15856  -  MemoryUsage of job (MB)
	16235896  -  ResidentSetSize of job (KB)
...
006 (11917650.000.000) 07/03 18:50:57 Image size of job updated: 16246220
	15866  -  MemoryUsage of job (MB)
	16246220  -  ResidentSetSize of job (KB)
...
006 (11917650.000.000) 07/03 18:55:58 Image size of job updated: 16256676
	15876  -  MemoryUsage of job (MB)
	16256676  -  ResidentSetSize of job (KB)
...
006 (11917650.000.000) 07/03 19:00:59 Image size of job updated: 16267000
	15886  -  MemoryUsage of job (MB)
	16267000  -  ResidentSetSize of job (KB)
...
006 (11917650.000.000) 07/03 19:05:59 Image size of job updated: 16277484
	15896  -  MemoryUsage of job (MB)
	16277484  -  ResidentSetSize of job (KB)
...
006 (11917650.000.000) 07/03 19:11:00 Image size of job updated: 16287776
	15907  -  MemoryUsage of job (MB)
	16287776  -  ResidentSetSize of job (KB)
...
006 (11917650.000.000) 07/03 19:16:01 Image size of job updated: 16298556
	15917  -  MemoryUsage of job (MB)
	16298556  -  ResidentSetSize of job (KB)
...
006 (11917650.000.000) 07/03 19:21:01 Image size of job updated: 16310208
	15928  -  MemoryUsage of job (MB)
	16310208  -  ResidentSetSize of job (KB)
...
006 (11917650.000.000) 07/03 19:26:02 Image size of job updated: 16320964
	15939  -  MemoryUsage of job (MB)
	16320964  -  ResidentSetSize of job (KB)
...
006 (11917650.000.000) 07/03 19:31:03 Image size of job updated: 16332000
	15950  -  MemoryUsage of job (MB)
	16332000  -  ResidentSetSize of job (KB)
...
006 (11917650.000.000) 07/03 19:36:03 Image size of job updated: 16343432
	15961  -  MemoryUsage of job (MB)
	16343432  -  ResidentSetSize of job (KB)
...
006 (11917650.000.000) 07/03 19:41:04 Image size of job updated: 16354944
	15972  -  MemoryUsage of job (MB)
	16354944  -  ResidentSetSize of job (KB)
...
006 (11917650.000.000) 07/03 19:46:04 Image size of job updated: 16364192
	15981  -  MemoryUsage of job (MB)
	16364192  -  ResidentSetSize of job (KB)
...
006 (11917650.000.000) 07/03 19:51:04 Image size of job updated: 16374700
	15991  -  MemoryUsage of job (MB)
	16374700  -  ResidentSetSize of job (KB)
...
006 (11917650.000.000) 07/03 19:56:06 Image size of job updated: 16385088
	16002  -  MemoryUsage of job (MB)
	16385088  -  ResidentSetSize of job (KB)
...
006 (11917650.000.000) 07/03 20:01:06 Image size of job updated: 16395804
	16012  -  MemoryUsage of job (MB)
	16395804  -  ResidentSetSize of job (KB)
...
006 (11917650.000.000) 07/03 20:06:06 Image size of job updated: 16405900
	16022  -  MemoryUsage of job (MB)
	16405900  -  ResidentSetSize of job (KB)
...
006 (11917650.000.000) 07/03 20:11:08 Image size of job updated: 16416464
	16032  -  MemoryUsage of job (MB)
	16416464  -  ResidentSetSize of job (KB)
...
006 (11917650.000.000) 07/03 20:16:08 Image size of job updated: 16427260
	16043  -  MemoryUsage of job (MB)
	16427260  -  ResidentSetSize of job (KB)
...
006 (11917650.000.000) 07/03 20:21:08 Image size of job updated: 16438804
	16054  -  MemoryUsage of job (MB)
	16438804  -  ResidentSetSize of job (KB)
...
006 (11917650.000.000) 07/03 20:26:09 Image size of job updated: 16449856
	16065  -  MemoryUsage of job (MB)
	16449856  -  ResidentSetSize of job (KB)
...
006 (11917650.000.000) 07/03 20:31:09 Image size of job updated: 16461196
	16076  -  MemoryUsage of job (MB)
	16461196  -  ResidentSetSize of job (KB)
...
006 (11917650.000.000) 07/03 20:36:09 Image size of job updated: 16472876
	16087  -  MemoryUsage of job (MB)
	16472876  -  ResidentSetSize of job (KB)
...
006 (11917650.000.000) 07/03 20:41:10 Image size of job updated: 16484280
	16098  -  MemoryUsage of job (MB)
	16484280  -  ResidentSetSize of job (KB)
...
006 (11917650.000.000) 07/03 20:46:10 Image size of job updated: 16495844
	16110  -  MemoryUsage of job (MB)
	16495844  -  ResidentSetSize of job (KB)
...
006 (11917650.000.000) 07/03 20:51:10 Image size of job updated: 16507184
	16121  -  MemoryUsage of job (MB)
	16507184  -  ResidentSetSize of job (KB)
...
006 (11917650.000.000) 07/03 20:56:11 Image size of job updated: 16518308
	16132  -  MemoryUsage of job (MB)
	16518308  -  ResidentSetSize of job (KB)
...
006 (11917650.000.000) 07/03 21:01:11 Image size of job updated: 16579872
	16192  -  MemoryUsage of job (MB)
	16579872  -  ResidentSetSize of job (KB)
...
006 (11917650.000.000) 07/03 21:06:11 Image size of job updated: 16590516
	16202  -  MemoryUsage of job (MB)
	16590516  -  ResidentSetSize of job (KB)
...
006 (11917650.000.000) 07/03 21:11:12 Image size of job updated: 16602008
	16213  -  MemoryUsage of job (MB)
	16602008  -  ResidentSetSize of job (KB)
...
006 (11917650.000.000) 07/03 21:16:12 Image size of job updated: 16613260
	16224  -  MemoryUsage of job (MB)
	16613260  -  ResidentSetSize of job (KB)
...
006 (11917650.000.000) 07/03 21:21:12 Image size of job updated: 16621572
	16233  -  MemoryUsage of job (MB)
	16621572  -  ResidentSetSize of job (KB)
...
006 (11917650.000.000) 07/03 21:26:13 Image size of job updated: 16632164
	16243  -  MemoryUsage of job (MB)
	16632164  -  ResidentSetSize of job (KB)
...
006 (11917650.000.000) 07/03 21:31:13 Image size of job updated: 16642484
	16253  -  MemoryUsage of job (MB)
	16642484  -  ResidentSetSize of job (KB)
...
006 (11917650.000.000) 07/03 21:36:13 Image size of job updated: 16652996
	16263  -  MemoryUsage of job (MB)
	16652996  -  ResidentSetSize of job (KB)
...
006 (11917650.000.000) 07/03 21:41:15 Image size of job updated: 16663532
	16273  -  MemoryUsage of job (MB)
	16663532  -  ResidentSetSize of job (KB)
...
006 (11917650.000.000) 07/03 21:46:15 Image size of job updated: 16673752
	16283  -  MemoryUsage of job (MB)
	16673752  -  ResidentSetSize of job (KB)
...
006 (11917650.000.000) 07/03 21:51:15 Image size of job updated: 16684132
	16294  -  MemoryUsage of job (MB)
	16684132  -  ResidentSetSize of job (KB)
...
006 (11917650.000.000) 07/03 21:56:16 Image size of job updated: 16694520
	16304  -  MemoryUsage of job (MB)
	16694520  -  ResidentSetSize of job (KB)
...
006 (11917650.000.000) 07/03 22:01:17 Image size of job updated: 16705004
	16314  -  MemoryUsage of job (MB)
	16705004  -  ResidentSetSize of job (KB)
...
006 (11917650.000.000) 07/03 22:06:17 Image size of job updated: 16715168
	16324  -  MemoryUsage of job (MB)
	16715168  -  ResidentSetSize of job (KB)
...
006 (11917650.000.000) 07/03 22:11:18 Image size of job updated: 16726288
	16335  -  MemoryUsage of job (MB)
	16726288  -  ResidentSetSize of job (KB)
...
006 (11917650.000.000) 07/03 22:16:19 Image size of job updated: 16736004
	16344  -  MemoryUsage of job (MB)
	16736004  -  ResidentSetSize of job (KB)
...
006 (11917650.000.000) 07/03 22:21:19 Image size of job updated: 16746592
	16355  -  MemoryUsage of job (MB)
	16746592  -  ResidentSetSize of job (KB)
...
006 (11917650.000.000) 07/03 22:26:20 Image size of job updated: 16757236
	16365  -  MemoryUsage of job (MB)
	16757236  -  ResidentSetSize of job (KB)
...
006 (11917650.000.000) 07/03 22:31:21 Image size of job updated: 16767708
	16375  -  MemoryUsage of job (MB)
	16767708  -  ResidentSetSize of job (KB)
...
006 (11917650.000.000) 07/03 22:36:21 Image size of job updated: 16778408
	16386  -  MemoryUsage of job (MB)
	16778408  -  ResidentSetSize of job (KB)
...
006 (11917650.000.000) 07/03 22:41:22 Image size of job updated: 16789572
	16397  -  MemoryUsage of job (MB)
	16789572  -  ResidentSetSize of job (KB)
...
006 (11917650.000.000) 07/03 22:46:23 Image size of job updated: 16801124
	16408  -  MemoryUsage of job (MB)
	16801124  -  ResidentSetSize of job (KB)
...
006 (11917650.000.000) 07/03 22:51:23 Image size of job updated: 16812208
	16419  -  MemoryUsage of job (MB)
	16812208  -  ResidentSetSize of job (KB)
...
006 (11917650.000.000) 07/03 22:56:24 Image size of job updated: 16824272
	16430  -  MemoryUsage of job (MB)
	16824272  -  ResidentSetSize of job (KB)
...
006 (11917650.000.000) 07/03 23:01:25 Image size of job updated: 16836140
	16442  -  MemoryUsage of job (MB)
	16836140  -  ResidentSetSize of job (KB)
...
006 (11917650.000.000) 07/03 23:06:25 Image size of job updated: 16847404
	16453  -  MemoryUsage of job (MB)
	16847404  -  ResidentSetSize of job (KB)
...
006 (11917650.000.000) 07/03 23:11:26 Image size of job updated: 16858728
	16464  -  MemoryUsage of job (MB)
	16858728  -  ResidentSetSize of job (KB)
...
006 (11917650.000.000) 07/03 23:16:27 Image size of job updated: 16869992
	16475  -  MemoryUsage of job (MB)
	16869992  -  ResidentSetSize of job (KB)
...
006 (11917650.000.000) 07/03 23:21:27 Image size of job updated: 16880904
	16486  -  MemoryUsage of job (MB)
	16880904  -  ResidentSetSize of job (KB)
...
006 (11917650.000.000) 07/03 23:26:28 Image size of job updated: 16890620
	16495  -  MemoryUsage of job (MB)
	16890620  -  ResidentSetSize of job (KB)
...
006 (11917650.000.000) 07/03 23:31:29 Image size of job updated: 16901328
	16506  -  MemoryUsage of job (MB)
	16901328  -  ResidentSetSize of job (KB)
...
006 (11917650.000.000) 07/03 23:36:29 Image size of job updated: 16911172
	16515  -  MemoryUsage of job (MB)
	16911172  -  ResidentSetSize of job (KB)
...
006 (11917650.000.000) 07/03 23:41:30 Image size of job updated: 16921660
	16526  -  MemoryUsage of job (MB)
	16921660  -  ResidentSetSize of job (KB)
...
006 (11917650.000.000) 07/03 23:46:31 Image size of job updated: 16932160
	16536  -  MemoryUsage of job (MB)
	16932160  -  ResidentSetSize of job (KB)
...
006 (11917650.000.000) 07/03 23:51:31 Image size of job updated: 16943304
	16547  -  MemoryUsage of job (MB)
	16943304  -  ResidentSetSize of job (KB)
...
006 (11917650.000.000) 07/03 23:56:32 Image size of job updated: 16953044
	16556  -  MemoryUsage of job (MB)
	16953044  -  ResidentSetSize of job (KB)
...
006 (11917650.000.000) 07/04 00:01:33 Image size of job updated: 16964480
	16567  -  MemoryUsage of job (MB)
	16964480  -  ResidentSetSize of job (KB)
...
006 (11917650.000.000) 07/04 00:06:33 Image size of job updated: 16975548
	16578  -  MemoryUsage of job (MB)
	16975548  -  ResidentSetSize of job (KB)
...
006 (11917650.000.000) 07/04 00:11:34 Image size of job updated: 16987440
	16590  -  MemoryUsage of job (MB)
	16987440  -  ResidentSetSize of job (KB)
...
006 (11917650.000.000) 07/04 00:16:35 Image size of job updated: 16997148
	16599  -  MemoryUsage of job (MB)
	16997148  -  ResidentSetSize of job (KB)
...
006 (11917650.000.000) 07/04 00:21:35 Image size of job updated: 17007332
	16609  -  MemoryUsage of job (MB)
	17007332  -  ResidentSetSize of job (KB)
...
006 (11917650.000.000) 07/04 00:26:36 Image size of job updated: 17017988
	16620  -  MemoryUsage of job (MB)
	17017988  -  ResidentSetSize of job (KB)
...
006 (11917650.000.000) 07/04 00:31:37 Image size of job updated: 17028688
	16630  -  MemoryUsage of job (MB)
	17028688  -  ResidentSetSize of job (KB)
...
006 (11917650.000.000) 07/04 00:36:37 Image size of job updated: 17039216
	16640  -  MemoryUsage of job (MB)
	17039216  -  ResidentSetSize of job (KB)
...
006 (11917650.000.000) 07/04 00:41:38 Image size of job updated: 17050380
	16651  -  MemoryUsage of job (MB)
	17050380  -  ResidentSetSize of job (KB)
...
006 (11917650.000.000) 07/04 00:46:39 Image size of job updated: 17061676
	16662  -  MemoryUsage of job (MB)
	17061676  -  ResidentSetSize of job (KB)
...
006 (11917650.000.000) 07/04 00:51:39 Image size of job updated: 17073092
	16673  -  MemoryUsage of job (MB)
	17073092  -  ResidentSetSize of job (KB)
...
006 (11917650.000.000) 07/04 00:56:40 Image size of job updated: 17084340
	16684  -  MemoryUsage of job (MB)
	17084340  -  ResidentSetSize of job (KB)
...
006 (11917650.000.000) 07/04 01:01:41 Image size of job updated: 17095480
	16695  -  MemoryUsage of job (MB)
	17095480  -  ResidentSetSize of job (KB)
...
006 (11917650.000.000) 07/04 01:06:41 Image size of job updated: 17106864
	16706  -  MemoryUsage of job (MB)
	17106864  -  ResidentSetSize of job (KB)
...
006 (11917650.000.000) 07/04 01:11:42 Image size of job updated: 17118140
	16717  -  MemoryUsage of job (MB)
	17118140  -  ResidentSetSize of job (KB)
...
006 (11917650.000.000) 07/04 01:16:42 Image size of job updated: 17129376
	16728  -  MemoryUsage of job (MB)
	17129376  -  ResidentSetSize of job (KB)
...
006 (11917650.000.000) 07/04 01:21:42 Image size of job updated: 17140496
	16739  -  MemoryUsage of job (MB)
	17140496  -  ResidentSetSize of job (KB)
...
006 (11917650.000.000) 07/04 01:26:43 Image size of job updated: 17151736
	16750  -  MemoryUsage of job (MB)
	17151736  -  ResidentSetSize of job (KB)
...
006 (11917650.000.000) 07/04 01:31:43 Image size of job updated: 17163236
	16761  -  MemoryUsage of job (MB)
	17163236  -  ResidentSetSize of job (KB)
...
006 (11917650.000.000) 07/04 01:36:43 Image size of job updated: 17174288
	16772  -  MemoryUsage of job (MB)
	17174288  -  ResidentSetSize of job (KB)
...
006 (11917650.000.000) 07/04 01:41:44 Image size of job updated: 17185868
	16784  -  MemoryUsage of job (MB)
	17185868  -  ResidentSetSize of job (KB)
...
006 (11917650.000.000) 07/04 01:46:44 Image size of job updated: 17197324
	16795  -  MemoryUsage of job (MB)
	17197324  -  ResidentSetSize of job (KB)
...
006 (11917650.000.000) 07/04 01:51:44 Image size of job updated: 17208384
	16806  -  MemoryUsage of job (MB)
	17208384  -  ResidentSetSize of job (KB)
...
006 (11917650.000.000) 07/04 01:56:45 Image size of job updated: 17220220
	16817  -  MemoryUsage of job (MB)
	17220220  -  ResidentSetSize of job (KB)
...
006 (11917650.000.000) 07/04 02:01:45 Image size of job updated: 17228004
	16825  -  MemoryUsage of job (MB)
	17228004  -  ResidentSetSize of job (KB)
...
006 (11917650.000.000) 07/04 02:06:45 Image size of job updated: 17238092
	16835  -  MemoryUsage of job (MB)
	17238092  -  ResidentSetSize of job (KB)
...
006 (11917650.000.000) 07/04 02:11:46 Image size of job updated: 17248336
	16845  -  MemoryUsage of job (MB)
	17248336  -  ResidentSetSize of job (KB)
...
006 (11917650.000.000) 07/04 02:16:47 Image size of job updated: 17359344
	16953  -  MemoryUsage of job (MB)
	17359344  -  ResidentSetSize of job (KB)
...
006 (11917650.000.000) 07/04 02:21:47 Image size of job updated: 17369448
	16963  -  MemoryUsage of job (MB)
	17369448  -  ResidentSetSize of job (KB)
...
006 (11917650.000.000) 07/04 02:26:48 Image size of job updated: 17379968
	16973  -  MemoryUsage of job (MB)
	17379968  -  ResidentSetSize of job (KB)
...
006 (11917650.000.000) 07/04 02:31:49 Image size of job updated: 17390328
	16983  -  MemoryUsage of job (MB)
	17390328  -  ResidentSetSize of job (KB)
...
006 (11917650.000.000) 07/04 02:36:49 Image size of job updated: 17400232
	16993  -  MemoryUsage of job (MB)
	17400232  -  ResidentSetSize of job (KB)
...
006 (11917650.000.000) 07/04 02:41:50 Image size of job updated: 17410752
	17003  -  MemoryUsage of job (MB)
	17410752  -  ResidentSetSize of job (KB)
...
006 (11917650.000.000) 07/04 02:46:51 Image size of job updated: 17421092
	17013  -  MemoryUsage of job (MB)
	17421092  -  ResidentSetSize of job (KB)
...
006 (11917650.000.000) 07/04 02:51:51 Image size of job updated: 17430052
	17022  -  MemoryUsage of job (MB)
	17430052  -  ResidentSetSize of job (KB)
...
006 (11917650.000.000) 07/04 02:56:52 Image size of job updated: 17440584
	17032  -  MemoryUsage of job (MB)
	17440584  -  ResidentSetSize of job (KB)
...
006 (11917650.000.000) 07/04 03:01:53 Image size of job updated: 17451060
	17043  -  MemoryUsage of job (MB)
	17451060  -  ResidentSetSize of job (KB)
...
006 (11917650.000.000) 07/04 03:06:53 Image size of job updated: 17461844
	17053  -  MemoryUsage of job (MB)
	17461844  -  ResidentSetSize of job (KB)
...
006 (11917650.000.000) 07/04 03:11:54 Image size of job updated: 17471948
	17063  -  MemoryUsage of job (MB)
	17471948  -  ResidentSetSize of job (KB)
...
006 (11917650.000.000) 07/04 03:16:55 Image size of job updated: 17482048
	17073  -  MemoryUsage of job (MB)
	17482048  -  ResidentSetSize of job (KB)
...
006 (11917650.000.000) 07/04 03:21:55 Image size of job updated: 17493024
	17084  -  MemoryUsage of job (MB)
	17493024  -  ResidentSetSize of job (KB)
...
006 (11917650.000.000) 07/04 03:26:56 Image size of job updated: 17504256
	17094  -  MemoryUsage of job (MB)
	17504256  -  ResidentSetSize of job (KB)
...
006 (11917650.000.000) 07/04 03:31:57 Image size of job updated: 17516140
	17106  -  MemoryUsage of job (MB)
	17516140  -  ResidentSetSize of job (KB)
...
006 (11917650.000.000) 07/04 03:36:57 Image size of job updated: 17527608
	17117  -  MemoryUsage of job (MB)
	17527608  -  ResidentSetSize of job (KB)
...
006 (11917650.000.000) 07/04 03:41:58 Image size of job updated: 17538968
	17128  -  MemoryUsage of job (MB)
	17538968  -  ResidentSetSize of job (KB)
...
006 (11917650.000.000) 07/04 03:46:59 Image size of job updated: 17550336
	17139  -  MemoryUsage of job (MB)
	17550336  -  ResidentSetSize of job (KB)
...
006 (11917650.000.000) 07/04 03:51:59 Image size of job updated: 17561424
	17150  -  MemoryUsage of job (MB)
	17561424  -  ResidentSetSize of job (KB)
...
006 (11917650.000.000) 07/04 03:57:00 Image size of job updated: 17572556
	17161  -  MemoryUsage of job (MB)
	17572556  -  ResidentSetSize of job (KB)
...
006 (11917650.000.000) 07/04 04:02:01 Image size of job updated: 17581520
	17170  -  MemoryUsage of job (MB)
	17581520  -  ResidentSetSize of job (KB)
...
006 (11917650.000.000) 07/04 04:07:01 Image size of job updated: 17591780
	17180  -  MemoryUsage of job (MB)
	17591780  -  ResidentSetSize of job (KB)
...
006 (11917650.000.000) 07/04 04:12:02 Image size of job updated: 17602532
	17190  -  MemoryUsage of job (MB)
	17602532  -  ResidentSetSize of job (KB)
...
006 (11917650.000.000) 07/04 04:17:03 Image size of job updated: 17612928
	17201  -  MemoryUsage of job (MB)
	17612928  -  ResidentSetSize of job (KB)
...
006 (11917650.000.000) 07/04 04:22:03 Image size of job updated: 17623300
	17211  -  MemoryUsage of job (MB)
	17623300  -  ResidentSetSize of job (KB)
...
006 (11917650.000.000) 07/04 04:27:04 Image size of job updated: 17634372
	17222  -  MemoryUsage of job (MB)
	17634372  -  ResidentSetSize of job (KB)
...
006 (11917650.000.000) 07/04 04:32:05 Image size of job updated: 17644464
	17231  -  MemoryUsage of job (MB)
	17644464  -  ResidentSetSize of job (KB)
...
006 (11917650.000.000) 07/04 04:37:05 Image size of job updated: 17655844
	17243  -  MemoryUsage of job (MB)
	17655844  -  ResidentSetSize of job (KB)
...
006 (11917650.000.000) 07/04 04:42:06 Image size of job updated: 17667156
	17254  -  MemoryUsage of job (MB)
	17667156  -  ResidentSetSize of job (KB)
...
006 (11917650.000.000) 07/04 04:47:07 Image size of job updated: 17678124
	17264  -  MemoryUsage of job (MB)
	17678124  -  ResidentSetSize of job (KB)
...
006 (11917650.000.000) 07/04 04:52:07 Image size of job updated: 17689316
	17275  -  MemoryUsage of job (MB)
	17689316  -  ResidentSetSize of job (KB)
...
006 (11917650.000.000) 07/04 04:57:08 Image size of job updated: 17700780
	17286  -  MemoryUsage of job (MB)
	17700780  -  ResidentSetSize of job (KB)
...
006 (11917650.000.000) 07/04 05:02:09 Image size of job updated: 17712604
	17298  -  MemoryUsage of job (MB)
	17712604  -  ResidentSetSize of job (KB)
...
006 (11917650.000.000) 07/04 05:07:09 Image size of job updated: 17724200
	17309  -  MemoryUsage of job (MB)
	17724200  -  ResidentSetSize of job (KB)
...
006 (11917650.000.000) 07/04 05:12:10 Image size of job updated: 17734680
	17320  -  MemoryUsage of job (MB)
	17734680  -  ResidentSetSize of job (KB)
...
006 (11917650.000.000) 07/04 05:17:11 Image size of job updated: 17743504
	17328  -  MemoryUsage of job (MB)
	17743504  -  ResidentSetSize of job (KB)
...
006 (11917650.000.000) 07/04 05:22:11 Image size of job updated: 17753956
	17338  -  MemoryUsage of job (MB)
	17753956  -  ResidentSetSize of job (KB)
...
006 (11917650.000.000) 07/04 05:27:12 Image size of job updated: 17764344
	17348  -  MemoryUsage of job (MB)
	17764344  -  ResidentSetSize of job (KB)
...
006 (11917650.000.000) 07/04 05:32:13 Image size of job updated: 17774860
	17359  -  MemoryUsage of job (MB)
	17774860  -  ResidentSetSize of job (KB)
...
006 (11917650.000.000) 07/04 05:37:13 Image size of job updated: 17785048
	17369  -  MemoryUsage of job (MB)
	17785048  -  ResidentSetSize of job (KB)
...
006 (11917650.000.000) 07/04 05:42:14 Image size of job updated: 17795680
	17379  -  MemoryUsage of job (MB)
	17795680  -  ResidentSetSize of job (KB)
...
006 (11917650.000.000) 07/04 05:47:15 Image size of job updated: 17805988
	17389  -  MemoryUsage of job (MB)
	17805988  -  ResidentSetSize of job (KB)
...
006 (11917650.000.000) 07/04 05:52:15 Image size of job updated: 17817304
	17400  -  MemoryUsage of job (MB)
	17817304  -  ResidentSetSize of job (KB)
...
006 (11917650.000.000) 07/04 05:57:16 Image size of job updated: 17828508
	17411  -  MemoryUsage of job (MB)
	17828508  -  ResidentSetSize of job (KB)
...
006 (11917650.000.000) 07/04 06:02:17 Image size of job updated: 17839652
	17422  -  MemoryUsage of job (MB)
	17839652  -  ResidentSetSize of job (KB)
...
006 (11917650.000.000) 07/04 06:07:17 Image size of job updated: 17849436
	17432  -  MemoryUsage of job (MB)
	17849436  -  ResidentSetSize of job (KB)
...
006 (11917650.000.000) 07/04 06:12:18 Image size of job updated: 17859892
	17442  -  MemoryUsage of job (MB)
	17859892  -  ResidentSetSize of job (KB)
...
006 (11917650.000.000) 07/04 06:17:19 Image size of job updated: 17870604
	17452  -  MemoryUsage of job (MB)
	17870604  -  ResidentSetSize of job (KB)
...
006 (11917650.000.000) 07/04 06:22:19 Image size of job updated: 17881072
	17462  -  MemoryUsage of job (MB)
	17881072  -  ResidentSetSize of job (KB)
...
006 (11917650.000.000) 07/04 06:27:20 Image size of job updated: 17891236
	17472  -  MemoryUsage of job (MB)
	17891236  -  ResidentSetSize of job (KB)
...
006 (11917650.000.000) 07/04 06:32:21 Image size of job updated: 17901876
	17483  -  MemoryUsage of job (MB)
	17901876  -  ResidentSetSize of job (KB)
...
006 (11917650.000.000) 07/04 06:37:21 Image size of job updated: 17912676
	17493  -  MemoryUsage of job (MB)
	17912676  -  ResidentSetSize of job (KB)
...
006 (11917650.000.000) 07/04 06:42:22 Image size of job updated: 17924040
	17504  -  MemoryUsage of job (MB)
	17924040  -  ResidentSetSize of job (KB)
...
006 (11917650.000.000) 07/04 06:47:23 Image size of job updated: 17935440
	17516  -  MemoryUsage of job (MB)
	17935440  -  ResidentSetSize of job (KB)
...
006 (11917650.000.000) 07/04 06:52:23 Image size of job updated: 17946636
	17527  -  MemoryUsage of job (MB)
	17946636  -  ResidentSetSize of job (KB)
...
006 (11917650.000.000) 07/04 06:57:24 Image size of job updated: 17958116
	17538  -  MemoryUsage of job (MB)
	17958116  -  ResidentSetSize of job (KB)
...
006 (11917650.000.000) 07/04 07:02:25 Image size of job updated: 17968000
	17547  -  MemoryUsage of job (MB)
	17968000  -  ResidentSetSize of job (KB)
...
006 (11917650.000.000) 07/04 07:07:25 Image size of job updated: 17978184
	17557  -  MemoryUsage of job (MB)
	17978184  -  ResidentSetSize of job (KB)
...
006 (11917650.000.000) 07/04 07:12:26 Image size of job updated: 17988500
	17567  -  MemoryUsage of job (MB)
	17988500  -  ResidentSetSize of job (KB)
...
006 (11917650.000.000) 07/04 07:17:27 Image size of job updated: 17998984
	17578  -  MemoryUsage of job (MB)
	17998984  -  ResidentSetSize of job (KB)
...
006 (11917650.000.000) 07/04 07:22:27 Image size of job updated: 18009720
	17588  -  MemoryUsage of job (MB)
	18009720  -  ResidentSetSize of job (KB)
...
006 (11917650.000.000) 07/04 07:27:28 Image size of job updated: 18019564
	17598  -  MemoryUsage of job (MB)
	18019564  -  ResidentSetSize of job (KB)
...
006 (11917650.000.000) 07/04 07:32:29 Image size of job updated: 18031060
	17609  -  MemoryUsage of job (MB)
	18031060  -  ResidentSetSize of job (KB)
...
006 (11917650.000.000) 07/04 07:37:29 Image size of job updated: 18042476
	17620  -  MemoryUsage of job (MB)
	18042476  -  ResidentSetSize of job (KB)
...
006 (11917650.000.000) 07/04 07:42:30 Image size of job updated: 18053660
	17631  -  MemoryUsage of job (MB)
	18053660  -  ResidentSetSize of job (KB)
...
006 (11917650.000.000) 07/04 07:47:31 Image size of job updated: 18064948
	17642  -  MemoryUsage of job (MB)
	18064948  -  ResidentSetSize of job (KB)
...
006 (11917650.000.000) 07/04 07:52:31 Image size of job updated: 18076676
	17654  -  MemoryUsage of job (MB)
	18076676  -  ResidentSetSize of job (KB)
...
006 (11917650.000.000) 07/04 07:57:32 Image size of job updated: 18087852
	17664  -  MemoryUsage of job (MB)
	18087852  -  ResidentSetSize of job (KB)
...
006 (11917650.000.000) 07/04 08:02:33 Image size of job updated: 18096892
	17673  -  MemoryUsage of job (MB)
	18096892  -  ResidentSetSize of job (KB)
...
006 (11917650.000.000) 07/04 08:07:33 Image size of job updated: 18107160
	17683  -  MemoryUsage of job (MB)
	18107160  -  ResidentSetSize of job (KB)
...
006 (11917650.000.000) 07/04 08:12:34 Image size of job updated: 18117504
	17693  -  MemoryUsage of job (MB)
	18117504  -  ResidentSetSize of job (KB)
...
006 (11917650.000.000) 07/04 08:17:35 Image size of job updated: 18127756
	17703  -  MemoryUsage of job (MB)
	18127756  -  ResidentSetSize of job (KB)
...
006 (11917650.000.000) 07/04 08:22:35 Image size of job updated: 18137828
	17713  -  MemoryUsage of job (MB)
	18137828  -  ResidentSetSize of job (KB)
...
006 (11917650.000.000) 07/04 08:27:36 Image size of job updated: 18147856
	17723  -  MemoryUsage of job (MB)
	18147856  -  ResidentSetSize of job (KB)
...
006 (11917650.000.000) 07/04 08:32:37 Image size of job updated: 18158824
	17734  -  MemoryUsage of job (MB)
	18158824  -  ResidentSetSize of job (KB)
...
006 (11917650.000.000) 07/04 08:37:37 Image size of job updated: 18169592
	17744  -  MemoryUsage of job (MB)
	18169592  -  ResidentSetSize of job (KB)
...
006 (11917650.000.000) 07/04 08:42:38 Image size of job updated: 18180920
	17755  -  MemoryUsage of job (MB)
	18180920  -  ResidentSetSize of job (KB)
...
006 (11917650.000.000) 07/04 08:47:39 Image size of job updated: 18191648
	17766  -  MemoryUsage of job (MB)
	18191648  -  ResidentSetSize of job (KB)
...
006 (11917650.000.000) 07/04 08:52:39 Image size of job updated: 18202624
	17776  -  MemoryUsage of job (MB)
	18202624  -  ResidentSetSize of job (KB)
...
006 (11917650.000.000) 07/04 08:57:40 Image size of job updated: 18213668
	17787  -  MemoryUsage of job (MB)
	18213668  -  ResidentSetSize of job (KB)
...
006 (11917650.000.000) 07/04 09:02:41 Image size of job updated: 18224384
	17798  -  MemoryUsage of job (MB)
	18224384  -  ResidentSetSize of job (KB)
...
006 (11917650.000.000) 07/04 09:07:41 Image size of job updated: 18235564
	17809  -  MemoryUsage of job (MB)
	18235564  -  ResidentSetSize of job (KB)
...
006 (11917650.000.000) 07/04 09:12:42 Image size of job updated: 18246500
	17819  -  MemoryUsage of job (MB)
	18246500  -  ResidentSetSize of job (KB)
...
006 (11917650.000.000) 07/04 09:17:42 Image size of job updated: 18255180
	17828  -  MemoryUsage of job (MB)
	18255180  -  ResidentSetSize of job (KB)
...
006 (11917650.000.000) 07/04 09:22:42 Image size of job updated: 18265448
	17838  -  MemoryUsage of job (MB)
	18265448  -  ResidentSetSize of job (KB)
...
006 (11917650.000.000) 07/04 09:27:43 Image size of job updated: 18276120
	17848  -  MemoryUsage of job (MB)
	18276120  -  ResidentSetSize of job (KB)
...
006 (11917650.000.000) 07/04 09:32:43 Image size of job updated: 18286364
	17858  -  MemoryUsage of job (MB)
	18286364  -  ResidentSetSize of job (KB)
...
006 (11917650.000.000) 07/04 09:37:43 Image size of job updated: 18296688
	17868  -  MemoryUsage of job (MB)
	18296688  -  ResidentSetSize of job (KB)
...
006 (11917650.000.000) 07/04 09:42:44 Image size of job updated: 18306696
	17878  -  MemoryUsage of job (MB)
	18306696  -  ResidentSetSize of job (KB)
...
006 (11917650.000.000) 07/04 09:47:44 Image size of job updated: 18317012
	17888  -  MemoryUsage of job (MB)
	18317012  -  ResidentSetSize of job (KB)
...
006 (11917650.000.000) 07/04 09:52:44 Image size of job updated: 18327940
	17899  -  MemoryUsage of job (MB)
	18327940  -  ResidentSetSize of job (KB)
...
006 (11917650.000.000) 07/04 09:57:45 Image size of job updated: 18338952
	17910  -  MemoryUsage of job (MB)
	18338952  -  ResidentSetSize of job (KB)
...
006 (11917650.000.000) 07/04 10:02:45 Image size of job updated: 18350100
	17921  -  MemoryUsage of job (MB)
	18350100  -  ResidentSetSize of job (KB)
...
006 (11917650.000.000) 07/04 10:07:45 Image size of job updated: 18361448
	17932  -  MemoryUsage of job (MB)
	18361448  -  ResidentSetSize of job (KB)
...
006 (11917650.000.000) 07/04 10:12:47 Image size of job updated: 18372616
	17943  -  MemoryUsage of job (MB)
	18372616  -  ResidentSetSize of job (KB)
...
006 (11917650.000.000) 07/04 10:17:47 Image size of job updated: 18383644
	17953  -  MemoryUsage of job (MB)
	18383644  -  ResidentSetSize of job (KB)
...
006 (11917650.000.000) 07/04 10:22:47 Image size of job updated: 18392456
	17962  -  MemoryUsage of job (MB)
	18392456  -  ResidentSetSize of job (KB)
...
006 (11917650.000.000) 07/04 10:27:48 Image size of job updated: 18402724
	17972  -  MemoryUsage of job (MB)
	18402724  -  ResidentSetSize of job (KB)
...
006 (11917650.000.000) 07/04 10:32:49 Image size of job updated: 18413272
	17982  -  MemoryUsage of job (MB)
	18413272  -  ResidentSetSize of job (KB)
...
006 (11917650.000.000) 07/04 10:37:49 Image size of job updated: 18423408
	17992  -  MemoryUsage of job (MB)
	18423408  -  ResidentSetSize of job (KB)
...
006 (11917650.000.000) 07/04 10:42:51 Image size of job updated: 18433932
	18002  -  MemoryUsage of job (MB)
	18433932  -  ResidentSetSize of job (KB)
...
006 (11917650.000.000) 07/04 10:47:51 Image size of job updated: 18443772
	18012  -  MemoryUsage of job (MB)
	18443772  -  ResidentSetSize of job (KB)
...
006 (11917650.000.000) 07/04 10:52:51 Image size of job updated: 18453920
	18022  -  MemoryUsage of job (MB)
	18453920  -  ResidentSetSize of job (KB)
...
006 (11917650.000.000) 07/04 10:57:52 Image size of job updated: 18464708
	18032  -  MemoryUsage of job (MB)
	18464708  -  ResidentSetSize of job (KB)
...
006 (11917650.000.000) 07/04 11:02:52 Image size of job updated: 18475856
	18043  -  MemoryUsage of job (MB)
	18475856  -  ResidentSetSize of job (KB)
...
006 (11917650.000.000) 07/04 11:07:52 Image size of job updated: 18487244
	18054  -  MemoryUsage of job (MB)
	18487244  -  ResidentSetSize of job (KB)
...
006 (11917650.000.000) 07/04 11:12:53 Image size of job updated: 18498440
	18065  -  MemoryUsage of job (MB)
	18498440  -  ResidentSetSize of job (KB)
...
006 (11917650.000.000) 07/04 11:17:53 Image size of job updated: 18509872
	18077  -  MemoryUsage of job (MB)
	18509872  -  ResidentSetSize of job (KB)
...
006 (11917650.000.000) 07/04 11:22:53 Image size of job updated: 18520584
	18087  -  MemoryUsage of job (MB)
	18520584  -  ResidentSetSize of job (KB)
...
006 (11917650.000.000) 07/04 11:27:54 Image size of job updated: 18529744
	18096  -  MemoryUsage of job (MB)
	18529744  -  ResidentSetSize of job (KB)
...
006 (11917650.000.000) 07/04 11:32:54 Image size of job updated: 18539976
	18106  -  MemoryUsage of job (MB)
	18539976  -  ResidentSetSize of job (KB)
...
006 (11917650.000.000) 07/04 11:37:54 Image size of job updated: 18550268
	18116  -  MemoryUsage of job (MB)
	18550268  -  ResidentSetSize of job (KB)
...
006 (11917650.000.000) 07/04 11:42:55 Image size of job updated: 18560432
	18126  -  MemoryUsage of job (MB)
	18560432  -  ResidentSetSize of job (KB)
...
006 (11917650.000.000) 07/04 11:47:55 Image size of job updated: 18570824
	18136  -  MemoryUsage of job (MB)
	18570824  -  ResidentSetSize of job (KB)
...
006 (11917650.000.000) 07/04 11:52:55 Image size of job updated: 18581196
	18146  -  MemoryUsage of job (MB)
	18581196  -  ResidentSetSize of job (KB)
...
006 (11917650.000.000) 07/04 11:57:56 Image size of job updated: 18591540
	18156  -  MemoryUsage of job (MB)
	18591540  -  ResidentSetSize of job (KB)
...
006 (11917650.000.000) 07/04 12:02:56 Image size of job updated: 18602248
	18167  -  MemoryUsage of job (MB)
	18602248  -  ResidentSetSize of job (KB)
...
006 (11917650.000.000) 07/04 12:07:56 Image size of job updated: 18613416
	18178  -  MemoryUsage of job (MB)
	18613416  -  ResidentSetSize of job (KB)
...
006 (11917650.000.000) 07/04 12:12:57 Image size of job updated: 18624960
	18189  -  MemoryUsage of job (MB)
	18624960  -  ResidentSetSize of job (KB)
...
006 (11917650.000.000) 07/04 12:17:57 Image size of job updated: 18635904
	18200  -  MemoryUsage of job (MB)
	18635904  -  ResidentSetSize of job (KB)
...
006 (11917650.000.000) 07/04 12:22:57 Image size of job updated: 18647508
	18211  -  MemoryUsage of job (MB)
	18647508  -  ResidentSetSize of job (KB)
...
006 (11917650.000.000) 07/04 12:27:58 Image size of job updated: 18656268
	18220  -  MemoryUsage of job (MB)
	18656268  -  ResidentSetSize of job (KB)
...
006 (11917650.000.000) 07/04 12:32:58 Image size of job updated: 18666732
	18230  -  MemoryUsage of job (MB)
	18666732  -  ResidentSetSize of job (KB)
...
006 (11917650.000.000) 07/04 12:37:58 Image size of job updated: 18677300
	18240  -  MemoryUsage of job (MB)
	18677300  -  ResidentSetSize of job (KB)
...
006 (11917650.000.000) 07/04 12:42:59 Image size of job updated: 18687480
	18250  -  MemoryUsage of job (MB)
	18687480  -  ResidentSetSize of job (KB)
...
006 (11917650.000.000) 07/04 12:47:59 Image size of job updated: 18697972
	18260  -  MemoryUsage of job (MB)
	18697972  -  ResidentSetSize of job (KB)
...
006 (11917650.000.000) 07/04 12:52:59 Image size of job updated: 18908460
	18466  -  MemoryUsage of job (MB)
	18908460  -  ResidentSetSize of job (KB)
...
006 (11917650.000.000) 07/04 12:58:00 Image size of job updated: 18919584
	18477  -  MemoryUsage of job (MB)
	18919584  -  ResidentSetSize of job (KB)
...
006 (11917650.000.000) 07/04 13:03:00 Image size of job updated: 18930892
	18488  -  MemoryUsage of job (MB)
	18930892  -  ResidentSetSize of job (KB)
...
006 (11917650.000.000) 07/04 13:08:00 Image size of job updated: 18942084
	18499  -  MemoryUsage of job (MB)
	18942084  -  ResidentSetSize of job (KB)
...
006 (11917650.000.000) 07/04 13:13:01 Image size of job updated: 18953220
	18510  -  MemoryUsage of job (MB)
	18953220  -  ResidentSetSize of job (KB)
...
006 (11917650.000.000) 07/04 13:18:01 Image size of job updated: 18964112
	18520  -  MemoryUsage of job (MB)
	18964112  -  ResidentSetSize of job (KB)
...
006 (11917650.000.000) 07/04 13:23:01 Image size of job updated: 18975648
	18531  -  MemoryUsage of job (MB)
	18975648  -  ResidentSetSize of job (KB)
...
006 (11917650.000.000) 07/04 13:28:02 Image size of job updated: 18986472
	18542  -  MemoryUsage of job (MB)
	18986472  -  ResidentSetSize of job (KB)
...
006 (11917650.000.000) 07/04 13:33:02 Image size of job updated: 18997880
	18553  -  MemoryUsage of job (MB)
	18997880  -  ResidentSetSize of job (KB)
...
006 (11917650.000.000) 07/04 13:38:02 Image size of job updated: 19009384
	18564  -  MemoryUsage of job (MB)
	19009384  -  ResidentSetSize of job (KB)
...
006 (11917650.000.000) 07/04 13:43:03 Image size of job updated: 19020996
	18576  -  MemoryUsage of job (MB)
	19020996  -  ResidentSetSize of job (KB)
...
006 (11917650.000.000) 07/04 13:48:03 Image size of job updated: 19032180
	18587  -  MemoryUsage of job (MB)
	19032180  -  ResidentSetSize of job (KB)
...
006 (11917650.000.000) 07/04 13:53:03 Image size of job updated: 19040668
	18595  -  MemoryUsage of job (MB)
	19040668  -  ResidentSetSize of job (KB)
...
006 (11917650.000.000) 07/04 13:58:04 Image size of job updated: 19051084
	18605  -  MemoryUsage of job (MB)
	19051084  -  ResidentSetSize of job (KB)
...
006 (11917650.000.000) 07/04 14:03:04 Image size of job updated: 19060976
	18615  -  MemoryUsage of job (MB)
	19060976  -  ResidentSetSize of job (KB)
...
006 (11917650.000.000) 07/04 14:08:04 Image size of job updated: 19071088
	18625  -  MemoryUsage of job (MB)
	19071088  -  ResidentSetSize of job (KB)
...
006 (11917650.000.000) 07/04 14:13:05 Image size of job updated: 19081468
	18635  -  MemoryUsage of job (MB)
	19081468  -  ResidentSetSize of job (KB)
...
006 (11917650.000.000) 07/04 14:18:05 Image size of job updated: 19091420
	18644  -  MemoryUsage of job (MB)
	19091420  -  ResidentSetSize of job (KB)
...
006 (11917650.000.000) 07/04 14:23:05 Image size of job updated: 19101676
	18654  -  MemoryUsage of job (MB)
	19101676  -  ResidentSetSize of job (KB)
...
006 (11917650.000.000) 07/04 14:28:06 Image size of job updated: 19111916
	18664  -  MemoryUsage of job (MB)
	19111916  -  ResidentSetSize of job (KB)
...
006 (11917650.000.000) 07/04 14:33:06 Image size of job updated: 19122264
	18675  -  MemoryUsage of job (MB)
	19122264  -  ResidentSetSize of job (KB)
...
006 (11917650.000.000) 07/04 14:38:06 Image size of job updated: 19132432
	18685  -  MemoryUsage of job (MB)
	19132432  -  ResidentSetSize of job (KB)
...
006 (11917650.000.000) 07/04 14:43:07 Image size of job updated: 19143184
	18695  -  MemoryUsage of job (MB)
	19143184  -  ResidentSetSize of job (KB)
...
006 (11917650.000.000) 07/04 14:48:07 Image size of job updated: 19152920
	18705  -  MemoryUsage of job (MB)
	19152920  -  ResidentSetSize of job (KB)
...
006 (11917650.000.000) 07/04 14:53:07 Image size of job updated: 19163100
	18714  -  MemoryUsage of job (MB)
	19163100  -  ResidentSetSize of job (KB)
...
006 (11917650.000.000) 07/04 14:58:08 Image size of job updated: 19173476
	18725  -  MemoryUsage of job (MB)
	19173476  -  ResidentSetSize of job (KB)
...
006 (11917650.000.000) 07/04 15:03:08 Image size of job updated: 19184016
	18735  -  MemoryUsage of job (MB)
	19184016  -  ResidentSetSize of job (KB)
...
006 (11917650.000.000) 07/04 15:08:08 Image size of job updated: 19194440
	18745  -  MemoryUsage of job (MB)
	19194440  -  ResidentSetSize of job (KB)
...
006 (11917650.000.000) 07/04 15:13:09 Image size of job updated: 19204624
	18755  -  MemoryUsage of job (MB)
	19204624  -  ResidentSetSize of job (KB)
...
006 (11917650.000.000) 07/04 15:18:09 Image size of job updated: 19216144
	18766  -  MemoryUsage of job (MB)
	19216144  -  ResidentSetSize of job (KB)
...
006 (11917650.000.000) 07/04 15:23:09 Image size of job updated: 19228112
	18778  -  MemoryUsage of job (MB)
	19228112  -  ResidentSetSize of job (KB)
...
006 (11917650.000.000) 07/04 15:28:10 Image size of job updated: 19239232
	18789  -  MemoryUsage of job (MB)
	19239232  -  ResidentSetSize of job (KB)
...
006 (11917650.000.000) 07/04 15:33:10 Image size of job updated: 19250768
	18800  -  MemoryUsage of job (MB)
	19250768  -  ResidentSetSize of job (KB)
...
006 (11917650.000.000) 07/04 15:38:10 Image size of job updated: 19262944
	18812  -  MemoryUsage of job (MB)
	19262944  -  ResidentSetSize of job (KB)
...
006 (11917650.000.000) 07/04 15:43:11 Image size of job updated: 19275028
	18824  -  MemoryUsage of job (MB)
	19275028  -  ResidentSetSize of job (KB)
...
006 (11917650.000.000) 07/04 15:48:11 Image size of job updated: 19287228
	18836  -  MemoryUsage of job (MB)
	19287228  -  ResidentSetSize of job (KB)
...
006 (11917650.000.000) 07/04 15:53:11 Image size of job updated: 19300260
	18848  -  MemoryUsage of job (MB)
	19300260  -  ResidentSetSize of job (KB)
...
006 (11917650.000.000) 07/04 15:58:12 Image size of job updated: 19311836
	18860  -  MemoryUsage of job (MB)
	19311836  -  ResidentSetSize of job (KB)
...
006 (11917650.000.000) 07/04 16:03:12 Image size of job updated: 19322516
	18870  -  MemoryUsage of job (MB)
	19322516  -  ResidentSetSize of job (KB)
...
006 (11917650.000.000) 07/04 16:08:12 Image size of job updated: 19334312
	18882  -  MemoryUsage of job (MB)
	19334312  -  ResidentSetSize of job (KB)
...
006 (11917650.000.000) 07/04 16:13:13 Image size of job updated: 19346284
	18893  -  MemoryUsage of job (MB)
	19346284  -  ResidentSetSize of job (KB)
...
006 (11917650.000.000) 07/04 16:18:13 Image size of job updated: 19358260
	18905  -  MemoryUsage of job (MB)
	19358260  -  ResidentSetSize of job (KB)
...
006 (11917650.000.000) 07/04 16:23:13 Image size of job updated: 19370568
	18917  -  MemoryUsage of job (MB)
	19370568  -  ResidentSetSize of job (KB)
...
006 (11917650.000.000) 07/04 16:28:14 Image size of job updated: 19382424
	18929  -  MemoryUsage of job (MB)
	19382424  -  ResidentSetSize of job (KB)
...
006 (11917650.000.000) 07/04 16:33:15 Image size of job updated: 19395376
	18941  -  MemoryUsage of job (MB)
	19395376  -  ResidentSetSize of job (KB)
...
006 (11917650.000.000) 07/04 16:38:15 Image size of job updated: 19407892
	18954  -  MemoryUsage of job (MB)
	19407892  -  ResidentSetSize of job (KB)
...
006 (11917650.000.000) 07/04 16:43:16 Image size of job updated: 19420264
	18966  -  MemoryUsage of job (MB)
	19420264  -  ResidentSetSize of job (KB)
...
006 (11917650.000.000) 07/04 16:48:17 Image size of job updated: 19432680
	18978  -  MemoryUsage of job (MB)
	19432680  -  ResidentSetSize of job (KB)
...
006 (11917650.000.000) 07/04 16:53:17 Image size of job updated: 19445672
	18990  -  MemoryUsage of job (MB)
	19445672  -  ResidentSetSize of job (KB)
...
006 (11917650.000.000) 07/04 16:58:18 Image size of job updated: 19458216
	19003  -  MemoryUsage of job (MB)
	19458216  -  ResidentSetSize of job (KB)
...
006 (11917650.000.000) 07/04 17:03:19 Image size of job updated: 19471008
	19015  -  MemoryUsage of job (MB)
	19471008  -  ResidentSetSize of job (KB)
...
006 (11917650.000.000) 07/04 17:08:19 Image size of job updated: 19483508
	19027  -  MemoryUsage of job (MB)
	19483508  -  ResidentSetSize of job (KB)
...
006 (11917650.000.000) 07/04 17:13:20 Image size of job updated: 19495952
	19040  -  MemoryUsage of job (MB)
	19495952  -  ResidentSetSize of job (KB)
...
006 (11917650.000.000) 07/04 17:18:21 Image size of job updated: 19508428
	19052  -  MemoryUsage of job (MB)
	19508428  -  ResidentSetSize of job (KB)
...
006 (11917650.000.000) 07/04 17:23:21 Image size of job updated: 19517784
	19061  -  MemoryUsage of job (MB)
	19517784  -  ResidentSetSize of job (KB)
...
006 (11917650.000.000) 07/04 17:28:22 Image size of job updated: 19529176
	19072  -  MemoryUsage of job (MB)
	19529176  -  ResidentSetSize of job (KB)
...
006 (11917650.000.000) 07/04 17:33:23 Image size of job updated: 19540700
	19083  -  MemoryUsage of job (MB)
	19540700  -  ResidentSetSize of job (KB)
...
006 (11917650.000.000) 07/04 17:38:23 Image size of job updated: 19552780
	19095  -  MemoryUsage of job (MB)
	19552780  -  ResidentSetSize of job (KB)
...
006 (11917650.000.000) 07/04 17:43:23 Image size of job updated: 19564044
	19106  -  MemoryUsage of job (MB)
	19564044  -  ResidentSetSize of job (KB)
...
006 (11917650.000.000) 07/04 17:48:24 Image size of job updated: 19575896
	19118  -  MemoryUsage of job (MB)
	19575896  -  ResidentSetSize of job (KB)
...
006 (11917650.000.000) 07/04 17:53:24 Image size of job updated: 19587480
	19129  -  MemoryUsage of job (MB)
	19587480  -  ResidentSetSize of job (KB)
...
006 (11917650.000.000) 07/04 17:58:24 Image size of job updated: 19599040
	19140  -  MemoryUsage of job (MB)
	19599040  -  ResidentSetSize of job (KB)
...
006 (11917650.000.000) 07/04 18:03:25 Image size of job updated: 19611132
	19152  -  MemoryUsage of job (MB)
	19611132  -  ResidentSetSize of job (KB)
...
006 (11917650.000.000) 07/04 18:08:25 Image size of job updated: 19623836
	19164  -  MemoryUsage of job (MB)
	19623836  -  ResidentSetSize of job (KB)
...
006 (11917650.000.000) 07/04 18:13:25 Image size of job updated: 19636756
	19177  -  MemoryUsage of job (MB)
	19636756  -  ResidentSetSize of job (KB)
...
006 (11917650.000.000) 07/04 18:18:26 Image size of job updated: 19649204
	19189  -  MemoryUsage of job (MB)
	19649204  -  ResidentSetSize of job (KB)
...
006 (11917650.000.000) 07/04 18:23:27 Image size of job updated: 19661844
	19202  -  MemoryUsage of job (MB)
	19661844  -  ResidentSetSize of job (KB)
...
006 (11917650.000.000) 07/04 18:28:27 Image size of job updated: 19674776
	19214  -  MemoryUsage of job (MB)
	19674776  -  ResidentSetSize of job (KB)
...
006 (11917650.000.000) 07/04 18:33:28 Image size of job updated: 19688004
	19227  -  MemoryUsage of job (MB)
	19688004  -  ResidentSetSize of job (KB)
...
006 (11917650.000.000) 07/04 18:38:29 Image size of job updated: 19700900
	19240  -  MemoryUsage of job (MB)
	19700900  -  ResidentSetSize of job (KB)
...
006 (11917650.000.000) 07/04 18:43:29 Image size of job updated: 19713472
	19252  -  MemoryUsage of job (MB)
	19713472  -  ResidentSetSize of job (KB)
...
006 (11917650.000.000) 07/04 18:48:30 Image size of job updated: 19726444
	19265  -  MemoryUsage of job (MB)
	19726444  -  ResidentSetSize of job (KB)
...
006 (11917650.000.000) 07/04 18:53:31 Image size of job updated: 19735944
	19274  -  MemoryUsage of job (MB)
	19735944  -  ResidentSetSize of job (KB)
...
006 (11917650.000.000) 07/04 18:58:31 Image size of job updated: 19747628
	19285  -  MemoryUsage of job (MB)
	19747628  -  ResidentSetSize of job (KB)
...
006 (11917650.000.000) 07/04 19:03:31 Image size of job updated: 19759160
	19297  -  MemoryUsage of job (MB)
	19759160  -  ResidentSetSize of job (KB)
...
006 (11917650.000.000) 07/04 19:08:32 Image size of job updated: 19771128
	19308  -  MemoryUsage of job (MB)
	19771128  -  ResidentSetSize of job (KB)
...
006 (11917650.000.000) 07/04 19:13:32 Image size of job updated: 19782948
	19320  -  MemoryUsage of job (MB)
	19782948  -  ResidentSetSize of job (KB)
...
006 (11917650.000.000) 07/04 19:18:32 Image size of job updated: 19795100
	19332  -  MemoryUsage of job (MB)
	19795100  -  ResidentSetSize of job (KB)
...
006 (11917650.000.000) 07/04 19:23:33 Image size of job updated: 19807056
	19343  -  MemoryUsage of job (MB)
	19807056  -  ResidentSetSize of job (KB)
...
006 (11917650.000.000) 07/04 19:28:33 Image size of job updated: 19818460
	19354  -  MemoryUsage of job (MB)
	19818460  -  ResidentSetSize of job (KB)
...
006 (11917650.000.000) 07/04 19:33:33 Image size of job updated: 19830216
	19366  -  MemoryUsage of job (MB)
	19830216  -  ResidentSetSize of job (KB)
...
006 (11917650.000.000) 07/04 19:38:34 Image size of job updated: 19842876
	19378  -  MemoryUsage of job (MB)
	19842876  -  ResidentSetSize of job (KB)
...
006 (11917650.000.000) 07/04 19:43:35 Image size of job updated: 19855952
	19391  -  MemoryUsage of job (MB)
	19855952  -  ResidentSetSize of job (KB)
...
006 (11917650.000.000) 07/04 19:48:35 Image size of job updated: 19869064
	19404  -  MemoryUsage of job (MB)
	19869064  -  ResidentSetSize of job (KB)
...
006 (11917650.000.000) 07/04 19:53:36 Image size of job updated: 19881984
	19416  -  MemoryUsage of job (MB)
	19881984  -  ResidentSetSize of job (KB)
...
006 (11917650.000.000) 07/04 19:58:37 Image size of job updated: 19894760
	19429  -  MemoryUsage of job (MB)
	19894760  -  ResidentSetSize of job (KB)
...
006 (11917650.000.000) 07/04 20:03:37 Image size of job updated: 19907852
	19442  -  MemoryUsage of job (MB)
	19907852  -  ResidentSetSize of job (KB)
...
006 (11917650.000.000) 07/04 20:08:38 Image size of job updated: 19917400
	19451  -  MemoryUsage of job (MB)
	19917400  -  ResidentSetSize of job (KB)
...
006 (11917650.000.000) 07/04 20:13:39 Image size of job updated: 19929260
	19463  -  MemoryUsage of job (MB)
	19929260  -  ResidentSetSize of job (KB)
...
006 (11917650.000.000) 07/04 20:18:39 Image size of job updated: 19940712
	19474  -  MemoryUsage of job (MB)
	19940712  -  ResidentSetSize of job (KB)
...
006 (11917650.000.000) 07/04 20:23:40 Image size of job updated: 19952176
	19485  -  MemoryUsage of job (MB)
	19952176  -  ResidentSetSize of job (KB)
...
006 (11917650.000.000) 07/04 20:28:41 Image size of job updated: 19963520
	19496  -  MemoryUsage of job (MB)
	19963520  -  ResidentSetSize of job (KB)
...
006 (11917650.000.000) 07/04 20:33:41 Image size of job updated: 19974924
	19507  -  MemoryUsage of job (MB)
	19974924  -  ResidentSetSize of job (KB)
...
006 (11917650.000.000) 07/04 20:38:42 Image size of job updated: 19986820
	19519  -  MemoryUsage of job (MB)
	19986820  -  ResidentSetSize of job (KB)
...
006 (11917650.000.000) 07/04 20:43:43 Image size of job updated: 19998404
	19530  -  MemoryUsage of job (MB)
	19998404  -  ResidentSetSize of job (KB)
...
006 (11917650.000.000) 07/04 20:48:43 Image size of job updated: 20009136
	19541  -  MemoryUsage of job (MB)
	20009136  -  ResidentSetSize of job (KB)
...
006 (11917650.000.000) 07/04 20:53:43 Image size of job updated: 20020976
	19552  -  MemoryUsage of job (MB)
	20020976  -  ResidentSetSize of job (KB)
...
006 (11917650.000.000) 07/04 20:58:44 Image size of job updated: 20032368
	19563  -  MemoryUsage of job (MB)
	20032368  -  ResidentSetSize of job (KB)
...
006 (11917650.000.000) 07/04 21:03:44 Image size of job updated: 20043880
	19575  -  MemoryUsage of job (MB)
	20043880  -  ResidentSetSize of job (KB)
...
006 (11917650.000.000) 07/04 21:08:44 Image size of job updated: 20055572
	19586  -  MemoryUsage of job (MB)
	20055572  -  ResidentSetSize of job (KB)
...
006 (11917650.000.000) 07/04 21:13:45 Image size of job updated: 20068700
	19599  -  MemoryUsage of job (MB)
	20068700  -  ResidentSetSize of job (KB)
...
006 (11917650.000.000) 07/04 21:18:45 Image size of job updated: 20081756
	19612  -  MemoryUsage of job (MB)
	20081756  -  ResidentSetSize of job (KB)
...
006 (11917650.000.000) 07/04 21:23:45 Image size of job updated: 20094704
	19624  -  MemoryUsage of job (MB)
	20094704  -  ResidentSetSize of job (KB)
...
006 (11917650.000.000) 07/04 21:28:46 Image size of job updated: 20108188
	19637  -  MemoryUsage of job (MB)
	20108188  -  ResidentSetSize of job (KB)
...
006 (11917650.000.000) 07/04 21:33:47 Image size of job updated: 20122272
	19651  -  MemoryUsage of job (MB)
	20122272  -  ResidentSetSize of job (KB)
...
006 (11917650.000.000) 07/04 21:38:47 Image size of job updated: 20136528
	19665  -  MemoryUsage of job (MB)
	20136528  -  ResidentSetSize of job (KB)
...
006 (11917650.000.000) 07/04 21:43:48 Image size of job updated: 20148256
	19677  -  MemoryUsage of job (MB)
	20148256  -  ResidentSetSize of job (KB)
...
006 (11917650.000.000) 07/04 21:48:49 Image size of job updated: 20160868
	19689  -  MemoryUsage of job (MB)
	20160868  -  ResidentSetSize of job (KB)
...
006 (11917650.000.000) 07/04 21:53:49 Image size of job updated: 20173144
	19701  -  MemoryUsage of job (MB)
	20173144  -  ResidentSetSize of job (KB)
...
006 (11917650.000.000) 07/04 21:58:50 Image size of job updated: 20185700
	19713  -  MemoryUsage of job (MB)
	20185700  -  ResidentSetSize of job (KB)
...
006 (11917650.000.000) 07/04 22:03:51 Image size of job updated: 20198688
	19726  -  MemoryUsage of job (MB)
	20198688  -  ResidentSetSize of job (KB)
...
006 (11917650.000.000) 07/04 22:08:51 Image size of job updated: 20211812
	19739  -  MemoryUsage of job (MB)
	20211812  -  ResidentSetSize of job (KB)
...
006 (11917650.000.000) 07/04 22:13:51 Image size of job updated: 20225716
	19752  -  MemoryUsage of job (MB)
	20225716  -  ResidentSetSize of job (KB)
...
006 (11917650.000.000) 07/04 22:18:52 Image size of job updated: 20239708
	19766  -  MemoryUsage of job (MB)
	20239708  -  ResidentSetSize of job (KB)
...
006 (11917650.000.000) 07/04 22:23:52 Image size of job updated: 20253048
	19779  -  MemoryUsage of job (MB)
	20253048  -  ResidentSetSize of job (KB)
...
006 (11917650.000.000) 07/04 22:28:52 Image size of job updated: 20266480
	19792  -  MemoryUsage of job (MB)
	20266480  -  ResidentSetSize of job (KB)
...
006 (11917650.000.000) 07/04 22:33:54 Image size of job updated: 20278156
	19803  -  MemoryUsage of job (MB)
	20278156  -  ResidentSetSize of job (KB)
...
006 (11917650.000.000) 07/04 22:38:54 Image size of job updated: 20290832
	19816  -  MemoryUsage of job (MB)
	20290832  -  ResidentSetSize of job (KB)
...
006 (11917650.000.000) 07/04 22:43:54 Image size of job updated: 20303116
	19828  -  MemoryUsage of job (MB)
	20303116  -  ResidentSetSize of job (KB)
...
006 (11917650.000.000) 07/04 22:48:55 Image size of job updated: 20315976
	19840  -  MemoryUsage of job (MB)
	20315976  -  ResidentSetSize of job (KB)
...
006 (11917650.000.000) 07/04 22:53:56 Image size of job updated: 20328632
	19853  -  MemoryUsage of job (MB)
	20328632  -  ResidentSetSize of job (KB)
...
006 (11917650.000.000) 07/04 22:58:56 Image size of job updated: 20341468
	19865  -  MemoryUsage of job (MB)
	20341468  -  ResidentSetSize of job (KB)
...
006 (11917650.000.000) 07/04 23:03:57 Image size of job updated: 20355120
	19879  -  MemoryUsage of job (MB)
	20355120  -  ResidentSetSize of job (KB)
...
006 (11917650.000.000) 07/04 23:08:58 Image size of job updated: 20368908
	19892  -  MemoryUsage of job (MB)
	20368908  -  ResidentSetSize of job (KB)
...
006 (11917650.000.000) 07/04 23:13:58 Image size of job updated: 20382816
	19906  -  MemoryUsage of job (MB)
	20382816  -  ResidentSetSize of job (KB)
...
006 (11917650.000.000) 07/04 23:18:58 Image size of job updated: 20396684
	19919  -  MemoryUsage of job (MB)
	20396684  -  ResidentSetSize of job (KB)
...
006 (11917650.000.000) 07/04 23:23:59 Image size of job updated: 20410064
	19932  -  MemoryUsage of job (MB)
	20410064  -  ResidentSetSize of job (KB)
...
006 (11917650.000.000) 07/04 23:28:59 Image size of job updated: 20424236
	19946  -  MemoryUsage of job (MB)
	20424236  -  ResidentSetSize of job (KB)
...
006 (11917650.000.000) 07/04 23:33:59 Image size of job updated: 20438332
	19960  -  MemoryUsage of job (MB)
	20438332  -  ResidentSetSize of job (KB)
...
006 (11917650.000.000) 07/04 23:39:00 Image size of job updated: 20449688
	19971  -  MemoryUsage of job (MB)
	20449688  -  ResidentSetSize of job (KB)
...
006 (11917650.000.000) 07/04 23:44:01 Image size of job updated: 20462544
	19983  -  MemoryUsage of job (MB)
	20462544  -  ResidentSetSize of job (KB)
...
006 (11917650.000.000) 07/04 23:49:01 Image size of job updated: 20475404
	19996  -  MemoryUsage of job (MB)
	20475404  -  ResidentSetSize of job (KB)
...
006 (11917650.000.000) 07/04 23:54:02 Image size of job updated: 20488312
	20009  -  MemoryUsage of job (MB)
	20488312  -  ResidentSetSize of job (KB)
...
006 (11917650.000.000) 07/04 23:59:03 Image size of job updated: 20501352
	20021  -  MemoryUsage of job (MB)
	20501352  -  ResidentSetSize of job (KB)
...
006 (11917650.000.000) 07/05 00:04:03 Image size of job updated: 20514128
	20034  -  MemoryUsage of job (MB)
	20514128  -  ResidentSetSize of job (KB)
...
006 (11917650.000.000) 07/05 00:09:04 Image size of job updated: 20527116
	20047  -  MemoryUsage of job (MB)
	20527116  -  ResidentSetSize of job (KB)
...
006 (11917650.000.000) 07/05 00:14:05 Image size of job updated: 20540844
	20060  -  MemoryUsage of job (MB)
	20540844  -  ResidentSetSize of job (KB)
...
006 (11917650.000.000) 07/05 00:19:05 Image size of job updated: 20554336
	20073  -  MemoryUsage of job (MB)
	20554336  -  ResidentSetSize of job (KB)
...
006 (11917650.000.000) 07/05 00:24:05 Image size of job updated: 20567320
	20086  -  MemoryUsage of job (MB)
	20567320  -  ResidentSetSize of job (KB)
...
006 (11917650.000.000) 07/05 00:29:06 Image size of job updated: 20580932
	20099  -  MemoryUsage of job (MB)
	20580932  -  ResidentSetSize of job (KB)
...
006 (11917650.000.000) 07/05 00:34:06 Image size of job updated: 20592080
	20110  -  MemoryUsage of job (MB)
	20592080  -  ResidentSetSize of job (KB)
...
006 (11917650.000.000) 07/05 00:39:06 Image size of job updated: 20604780
	20122  -  MemoryUsage of job (MB)
	20604780  -  ResidentSetSize of job (KB)
...
006 (11917650.000.000) 07/05 00:44:07 Image size of job updated: 20617540
	20135  -  MemoryUsage of job (MB)
	20617540  -  ResidentSetSize of job (KB)
...
006 (11917650.000.000) 07/05 00:49:07 Image size of job updated: 20630088
	20147  -  MemoryUsage of job (MB)
	20630088  -  ResidentSetSize of job (KB)
...
006 (11917650.000.000) 07/05 00:54:07 Image size of job updated: 20643016
	20160  -  MemoryUsage of job (MB)
	20643016  -  ResidentSetSize of job (KB)
...
006 (11917650.000.000) 07/05 00:59:08 Image size of job updated: 20656336
	20173  -  MemoryUsage of job (MB)
	20656336  -  ResidentSetSize of job (KB)
...
006 (11917650.000.000) 07/05 01:04:09 Image size of job updated: 20670644
	20187  -  MemoryUsage of job (MB)
	20670644  -  ResidentSetSize of job (KB)
...
006 (11917650.000.000) 07/05 01:09:09 Image size of job updated: 20684364
	20200  -  MemoryUsage of job (MB)
	20684364  -  ResidentSetSize of job (KB)
...
006 (11917650.000.000) 07/05 01:14:10 Image size of job updated: 20697888
	20213  -  MemoryUsage of job (MB)
	20697888  -  ResidentSetSize of job (KB)
...
006 (11917650.000.000) 07/05 01:19:11 Image size of job updated: 20711188
	20226  -  MemoryUsage of job (MB)
	20711188  -  ResidentSetSize of job (KB)
...
006 (11917650.000.000) 07/05 01:24:11 Image size of job updated: 20777588
	20291  -  MemoryUsage of job (MB)
	20777588  -  ResidentSetSize of job (KB)
...
006 (11917650.000.000) 07/05 01:29:11 Image size of job updated: 21008404
	20503  -  MemoryUsage of job (MB)
	20994388  -  ResidentSetSize of job (KB)
...
006 (11917650.000.000) 07/05 01:34:12 Image size of job updated: 22614608
	22085  -  MemoryUsage of job (MB)
	22614608  -  ResidentSetSize of job (KB)
...
006 (11917650.000.000) 07/05 01:39:12 Image size of job updated: 22958252
	22095  -  MemoryUsage of job (MB)
	22624348  -  ResidentSetSize of job (KB)
...
040 (11917650.000.000) 07/05 01:42:29 Started transferring output files
...
040 (11917650.000.000) 07/05 01:42:35 Finished transferring output files
...
005 (11917650.000.000) 07/05 01:42:35 Job terminated.
	(1) Normal termination (return value 0)
		Usr 16 17:57:03, Sys 0 05:51:49  -  Run Remote Usage
		Usr 0 00:00:00, Sys 0 00:00:00  -  Run Local Usage
		Usr 16 17:57:03, Sys 0 05:51:49  -  Total Remote Usage
		Usr 0 00:00:00, Sys 0 00:00:00  -  Total Local Usage
	4616738  -  Run Bytes Sent By Job
	333  -  Run Bytes Received By Job
	4616738  -  Total Bytes Sent By Job
	333  -  Total Bytes Received By Job
	Partitionable Resources :     Usage  Request Allocated Assigned
	   Cpus                 :      4.80       10        10 
	   Disk (KB)            :   4822           1      2048 
	   GPUs                 :                  1         1 "MIG-4d36b22f-05b0-5041-bc58-5cd9598fc15b"
	   Memory (MB)          :  22095       30720     30800 
	   TimeExecute (s)      : 122513                       
	   TimeSlotBusy (s)     : 122523                       
...
