000 (11917649.000.000) 07/03 12:48:11 Job submitted from host: <188.185.8.79:9618?addrs=188.185.8.79-9618+[2001-1458-d00-63--100-23a]-9618&alias=bigbird26.cern.ch&noUDP&sock=schedd_5282_9754>
...
040 (11917649.000.000) 07/03 15:38:26 Started transferring input files
	Transferring to host: <188.185.190.60:9618?addrs=188.185.190.60-9618+[2001-1458-d03-b--100-144]-9618&alias=b9pgpun216.cern.ch&noUDP&sock=slot1_1_9036_6de9_53041>
...
040 (11917649.000.000) 07/03 15:38:26 Finished transferring input files
...
001 (11917649.000.000) 07/03 15:38:27 Job executing on host: <188.185.190.60:9618?addrs=188.185.190.60-9618+[2001-1458-d03-b--100-144]-9618&alias=b9pgpun216.cern.ch&noUDP&sock=startd_8987_e9b8>
	SlotName: slot1_1@b9pgpun216.cern.ch
	AvailableGPUs = { GPUs_MIG_d45fadbf_c6ce_5c67_9d4a_ad7b653528a5 }
	CondorScratchDir = "/pool/condor/dir_3871518"
	Cpus = 10
	Disk = 2048
	GPUs = 1
	GPUs_MIG_d45fadbf_c6ce_5c67_9d4a_ad7b653528a5 = [ Id = "MIG-d45fadbf-c6ce-5c67-9d4a-ad7b653528a5"; DeviceName = "NVIDIA H100L-2-24C MIG 2g.24gb"; DeviceUuid = "MIG-d45fadbf-c6ce-5c67-9d4a-ad7b653528a5"; ComputeUnits = 32; GlobalMemoryMb = 21547 ]
	Memory = 30800
...
006 (11917649.000.000) 07/03 15:38:35 Image size of job updated: 22464
	22  -  MemoryUsage of job (MB)
	22464  -  ResidentSetSize of job (KB)
...
006 (11917649.000.000) 07/03 15:43:35 Image size of job updated: 15826644
	15456  -  MemoryUsage of job (MB)
	15826644  -  ResidentSetSize of job (KB)
...
006 (11917649.000.000) 07/03 15:48:36 Image size of job updated: 15833968
	15463  -  MemoryUsage of job (MB)
	15833968  -  ResidentSetSize of job (KB)
...
006 (11917649.000.000) 07/03 15:53:37 Image size of job updated: 15847984
	15477  -  MemoryUsage of job (MB)
	15847984  -  ResidentSetSize of job (KB)
...
006 (11917649.000.000) 07/03 15:58:37 Image size of job updated: 15865012
	15494  -  MemoryUsage of job (MB)
	15865012  -  ResidentSetSize of job (KB)
...
006 (11917649.000.000) 07/03 16:03:38 Image size of job updated: 15879156
	15507  -  MemoryUsage of job (MB)
	15879156  -  ResidentSetSize of job (KB)
...
006 (11917649.000.000) 07/03 16:08:39 Image size of job updated: 15892700
	15521  -  MemoryUsage of job (MB)
	15892700  -  ResidentSetSize of job (KB)
...
006 (11917649.000.000) 07/03 16:13:39 Image size of job updated: 15915160
	15543  -  MemoryUsage of job (MB)
	15915160  -  ResidentSetSize of job (KB)
...
006 (11917649.000.000) 07/03 16:18:39 Image size of job updated: 15927000
	15554  -  MemoryUsage of job (MB)
	15927000  -  ResidentSetSize of job (KB)
...
006 (11917649.000.000) 07/03 16:23:40 Image size of job updated: 15940952
	15568  -  MemoryUsage of job (MB)
	15940952  -  ResidentSetSize of job (KB)
...
006 (11917649.000.000) 07/03 16:28:40 Image size of job updated: 15954312
	15581  -  MemoryUsage of job (MB)
	15954312  -  ResidentSetSize of job (KB)
...
006 (11917649.000.000) 07/03 16:33:40 Image size of job updated: 15968160
	15594  -  MemoryUsage of job (MB)
	15968160  -  ResidentSetSize of job (KB)
...
006 (11917649.000.000) 07/03 16:38:41 Image size of job updated: 15982400
	15608  -  MemoryUsage of job (MB)
	15982400  -  ResidentSetSize of job (KB)
...
006 (11917649.000.000) 07/03 16:43:42 Image size of job updated: 15993312
	15619  -  MemoryUsage of job (MB)
	15993312  -  ResidentSetSize of job (KB)
...
006 (11917649.000.000) 07/03 16:48:42 Image size of job updated: 16020632
	15646  -  MemoryUsage of job (MB)
	16020632  -  ResidentSetSize of job (KB)
...
006 (11917649.000.000) 07/03 16:53:43 Image size of job updated: 16031148
	15656  -  MemoryUsage of job (MB)
	16031148  -  ResidentSetSize of job (KB)
...
006 (11917649.000.000) 07/03 16:58:44 Image size of job updated: 16044084
	15669  -  MemoryUsage of job (MB)
	16044084  -  ResidentSetSize of job (KB)
...
006 (11917649.000.000) 07/03 17:03:44 Image size of job updated: 16056712
	15681  -  MemoryUsage of job (MB)
	16056712  -  ResidentSetSize of job (KB)
...
006 (11917649.000.000) 07/03 17:08:45 Image size of job updated: 16069588
	15693  -  MemoryUsage of job (MB)
	16069588  -  ResidentSetSize of job (KB)
...
006 (11917649.000.000) 07/03 17:13:46 Image size of job updated: 16083100
	15707  -  MemoryUsage of job (MB)
	16083100  -  ResidentSetSize of job (KB)
...
006 (11917649.000.000) 07/03 17:18:46 Image size of job updated: 16096652
	15720  -  MemoryUsage of job (MB)
	16096652  -  ResidentSetSize of job (KB)
...
006 (11917649.000.000) 07/03 17:23:46 Image size of job updated: 16110588
	15733  -  MemoryUsage of job (MB)
	16110588  -  ResidentSetSize of job (KB)
...
006 (11917649.000.000) 07/03 17:28:47 Image size of job updated: 16122300
	15745  -  MemoryUsage of job (MB)
	16122300  -  ResidentSetSize of job (KB)
...
006 (11917649.000.000) 07/03 17:33:47 Image size of job updated: 16134764
	15757  -  MemoryUsage of job (MB)
	16134764  -  ResidentSetSize of job (KB)
...
006 (11917649.000.000) 07/03 17:38:47 Image size of job updated: 16147368
	15769  -  MemoryUsage of job (MB)
	16147368  -  ResidentSetSize of job (KB)
...
006 (11917649.000.000) 07/03 17:43:49 Image size of job updated: 16160312
	15782  -  MemoryUsage of job (MB)
	16160312  -  ResidentSetSize of job (KB)
...
006 (11917649.000.000) 07/03 17:48:49 Image size of job updated: 16172844
	15794  -  MemoryUsage of job (MB)
	16172844  -  ResidentSetSize of job (KB)
...
006 (11917649.000.000) 07/03 17:53:49 Image size of job updated: 16227636
	15848  -  MemoryUsage of job (MB)
	16227636  -  ResidentSetSize of job (KB)
...
006 (11917649.000.000) 07/03 17:58:50 Image size of job updated: 16228708
	15849  -  MemoryUsage of job (MB)
	16228708  -  ResidentSetSize of job (KB)
...
006 (11917649.000.000) 07/03 18:03:51 Image size of job updated: 16236840
	15857  -  MemoryUsage of job (MB)
	16236840  -  ResidentSetSize of job (KB)
...
006 (11917649.000.000) 07/03 18:08:51 Image size of job updated: 16249628
	15869  -  MemoryUsage of job (MB)
	16249628  -  ResidentSetSize of job (KB)
...
006 (11917649.000.000) 07/03 18:13:52 Image size of job updated: 16262076
	15881  -  MemoryUsage of job (MB)
	16262076  -  ResidentSetSize of job (KB)
...
006 (11917649.000.000) 07/03 18:18:53 Image size of job updated: 16275816
	15895  -  MemoryUsage of job (MB)
	16275816  -  ResidentSetSize of job (KB)
...
006 (11917649.000.000) 07/03 18:23:53 Image size of job updated: 16289100
	15908  -  MemoryUsage of job (MB)
	16289100  -  ResidentSetSize of job (KB)
...
006 (11917649.000.000) 07/03 18:28:53 Image size of job updated: 16302960
	15921  -  MemoryUsage of job (MB)
	16302960  -  ResidentSetSize of job (KB)
...
006 (11917649.000.000) 07/03 18:33:54 Image size of job updated: 16316740
	15935  -  MemoryUsage of job (MB)
	16316740  -  ResidentSetSize of job (KB)
...
006 (11917649.000.000) 07/03 18:38:54 Image size of job updated: 16330540
	15948  -  MemoryUsage of job (MB)
	16330540  -  ResidentSetSize of job (KB)
...
006 (11917649.000.000) 07/03 18:43:54 Image size of job updated: 16344224
	15962  -  MemoryUsage of job (MB)
	16344224  -  ResidentSetSize of job (KB)
...
006 (11917649.000.000) 07/03 18:48:55 Image size of job updated: 16356200
	15973  -  MemoryUsage of job (MB)
	16356200  -  ResidentSetSize of job (KB)
...
006 (11917649.000.000) 07/03 18:53:55 Image size of job updated: 16368892
	15986  -  MemoryUsage of job (MB)
	16368892  -  ResidentSetSize of job (KB)
...
006 (11917649.000.000) 07/03 18:58:55 Image size of job updated: 16381504
	15998  -  MemoryUsage of job (MB)
	16381504  -  ResidentSetSize of job (KB)
...
006 (11917649.000.000) 07/03 19:03:56 Image size of job updated: 16394004
	16010  -  MemoryUsage of job (MB)
	16394004  -  ResidentSetSize of job (KB)
...
006 (11917649.000.000) 07/03 19:08:57 Image size of job updated: 16406908
	16023  -  MemoryUsage of job (MB)
	16406908  -  ResidentSetSize of job (KB)
...
006 (11917649.000.000) 07/03 19:13:57 Image size of job updated: 16419672
	16035  -  MemoryUsage of job (MB)
	16419672  -  ResidentSetSize of job (KB)
...
006 (11917649.000.000) 07/03 19:18:58 Image size of job updated: 16433732
	16049  -  MemoryUsage of job (MB)
	16433732  -  ResidentSetSize of job (KB)
...
006 (11917649.000.000) 07/03 19:23:59 Image size of job updated: 16447560
	16063  -  MemoryUsage of job (MB)
	16447560  -  ResidentSetSize of job (KB)
...
006 (11917649.000.000) 07/03 19:28:59 Image size of job updated: 16461036
	16076  -  MemoryUsage of job (MB)
	16461036  -  ResidentSetSize of job (KB)
...
006 (11917649.000.000) 07/03 19:33:59 Image size of job updated: 16474868
	16089  -  MemoryUsage of job (MB)
	16474868  -  ResidentSetSize of job (KB)
...
006 (11917649.000.000) 07/03 19:39:00 Image size of job updated: 16489164
	16103  -  MemoryUsage of job (MB)
	16489164  -  ResidentSetSize of job (KB)
...
006 (11917649.000.000) 07/03 19:44:00 Image size of job updated: 16502368
	16116  -  MemoryUsage of job (MB)
	16502368  -  ResidentSetSize of job (KB)
...
006 (11917649.000.000) 07/03 19:49:00 Image size of job updated: 16516400
	16130  -  MemoryUsage of job (MB)
	16516400  -  ResidentSetSize of job (KB)
...
006 (11917649.000.000) 07/03 19:54:01 Image size of job updated: 16529832
	16143  -  MemoryUsage of job (MB)
	16529832  -  ResidentSetSize of job (KB)
...
006 (11917649.000.000) 07/03 19:59:01 Image size of job updated: 16543500
	16156  -  MemoryUsage of job (MB)
	16543500  -  ResidentSetSize of job (KB)
...
006 (11917649.000.000) 07/03 20:04:01 Image size of job updated: 16606348
	16218  -  MemoryUsage of job (MB)
	16606348  -  ResidentSetSize of job (KB)
...
006 (11917649.000.000) 07/03 20:09:02 Image size of job updated: 16618012
	16229  -  MemoryUsage of job (MB)
	16618012  -  ResidentSetSize of job (KB)
...
006 (11917649.000.000) 07/03 20:14:03 Image size of job updated: 16630104
	16241  -  MemoryUsage of job (MB)
	16630104  -  ResidentSetSize of job (KB)
...
006 (11917649.000.000) 07/03 20:19:03 Image size of job updated: 16643280
	16254  -  MemoryUsage of job (MB)
	16643280  -  ResidentSetSize of job (KB)
...
006 (11917649.000.000) 07/03 20:24:04 Image size of job updated: 16655928
	16266  -  MemoryUsage of job (MB)
	16655928  -  ResidentSetSize of job (KB)
...
006 (11917649.000.000) 07/03 20:29:05 Image size of job updated: 16668244
	16278  -  MemoryUsage of job (MB)
	16668244  -  ResidentSetSize of job (KB)
...
006 (11917649.000.000) 07/03 20:34:05 Image size of job updated: 16680748
	16290  -  MemoryUsage of job (MB)
	16680748  -  ResidentSetSize of job (KB)
...
006 (11917649.000.000) 07/03 20:39:05 Image size of job updated: 16693600
	16303  -  MemoryUsage of job (MB)
	16693600  -  ResidentSetSize of job (KB)
...
006 (11917649.000.000) 07/03 20:44:06 Image size of job updated: 16705396
	16314  -  MemoryUsage of job (MB)
	16705396  -  ResidentSetSize of job (KB)
...
006 (11917649.000.000) 07/03 20:49:06 Image size of job updated: 16717572
	16326  -  MemoryUsage of job (MB)
	16717572  -  ResidentSetSize of job (KB)
...
006 (11917649.000.000) 07/03 20:54:06 Image size of job updated: 16730380
	16339  -  MemoryUsage of job (MB)
	16730380  -  ResidentSetSize of job (KB)
...
006 (11917649.000.000) 07/03 20:59:07 Image size of job updated: 16743008
	16351  -  MemoryUsage of job (MB)
	16743008  -  ResidentSetSize of job (KB)
...
006 (11917649.000.000) 07/03 21:04:07 Image size of job updated: 16756072
	16364  -  MemoryUsage of job (MB)
	16756072  -  ResidentSetSize of job (KB)
...
006 (11917649.000.000) 07/03 21:09:07 Image size of job updated: 16769936
	16377  -  MemoryUsage of job (MB)
	16769936  -  ResidentSetSize of job (KB)
...
006 (11917649.000.000) 07/03 21:14:08 Image size of job updated: 16783624
	16391  -  MemoryUsage of job (MB)
	16783624  -  ResidentSetSize of job (KB)
...
006 (11917649.000.000) 07/03 21:19:09 Image size of job updated: 16797104
	16404  -  MemoryUsage of job (MB)
	16797104  -  ResidentSetSize of job (KB)
...
006 (11917649.000.000) 07/03 21:24:09 Image size of job updated: 16811236
	16418  -  MemoryUsage of job (MB)
	16811236  -  ResidentSetSize of job (KB)
...
006 (11917649.000.000) 07/03 21:29:10 Image size of job updated: 16824996
	16431  -  MemoryUsage of job (MB)
	16824996  -  ResidentSetSize of job (KB)
...
006 (11917649.000.000) 07/03 21:34:11 Image size of job updated: 16838424
	16444  -  MemoryUsage of job (MB)
	16838424  -  ResidentSetSize of job (KB)
...
006 (11917649.000.000) 07/03 21:39:11 Image size of job updated: 16852348
	16458  -  MemoryUsage of job (MB)
	16852348  -  ResidentSetSize of job (KB)
...
006 (11917649.000.000) 07/03 21:44:12 Image size of job updated: 16865780
	16471  -  MemoryUsage of job (MB)
	16865780  -  ResidentSetSize of job (KB)
...
006 (11917649.000.000) 07/03 21:49:13 Image size of job updated: 16878424
	16483  -  MemoryUsage of job (MB)
	16878424  -  ResidentSetSize of job (KB)
...
006 (11917649.000.000) 07/03 21:54:13 Image size of job updated: 16889928
	16495  -  MemoryUsage of job (MB)
	16889928  -  ResidentSetSize of job (KB)
...
006 (11917649.000.000) 07/03 21:59:13 Image size of job updated: 16902828
	16507  -  MemoryUsage of job (MB)
	16902828  -  ResidentSetSize of job (KB)
...
006 (11917649.000.000) 07/03 22:04:14 Image size of job updated: 16915152
	16519  -  MemoryUsage of job (MB)
	16915152  -  ResidentSetSize of job (KB)
...
006 (11917649.000.000) 07/03 22:09:14 Image size of job updated: 16927876
	16532  -  MemoryUsage of job (MB)
	16927876  -  ResidentSetSize of job (KB)
...
006 (11917649.000.000) 07/03 22:14:14 Image size of job updated: 16940200
	16544  -  MemoryUsage of job (MB)
	16940200  -  ResidentSetSize of job (KB)
...
006 (11917649.000.000) 07/03 22:19:15 Image size of job updated: 16952748
	16556  -  MemoryUsage of job (MB)
	16952748  -  ResidentSetSize of job (KB)
...
006 (11917649.000.000) 07/03 22:24:15 Image size of job updated: 16965744
	16569  -  MemoryUsage of job (MB)
	16965744  -  ResidentSetSize of job (KB)
...
006 (11917649.000.000) 07/03 22:29:15 Image size of job updated: 16979500
	16582  -  MemoryUsage of job (MB)
	16979500  -  ResidentSetSize of job (KB)
...
006 (11917649.000.000) 07/03 22:34:16 Image size of job updated: 16993524
	16596  -  MemoryUsage of job (MB)
	16993524  -  ResidentSetSize of job (KB)
...
006 (11917649.000.000) 07/03 22:39:17 Image size of job updated: 17006912
	16609  -  MemoryUsage of job (MB)
	17006912  -  ResidentSetSize of job (KB)
...
006 (11917649.000.000) 07/03 22:44:17 Image size of job updated: 17020752
	16622  -  MemoryUsage of job (MB)
	17020752  -  ResidentSetSize of job (KB)
...
006 (11917649.000.000) 07/03 22:49:18 Image size of job updated: 17034344
	16636  -  MemoryUsage of job (MB)
	17034344  -  ResidentSetSize of job (KB)
...
006 (11917649.000.000) 07/03 22:54:19 Image size of job updated: 17047940
	16649  -  MemoryUsage of job (MB)
	17047940  -  ResidentSetSize of job (KB)
...
006 (11917649.000.000) 07/03 22:59:19 Image size of job updated: 17061720
	16662  -  MemoryUsage of job (MB)
	17061720  -  ResidentSetSize of job (KB)
...
006 (11917649.000.000) 07/03 23:04:19 Image size of job updated: 17072240
	16673  -  MemoryUsage of job (MB)
	17072240  -  ResidentSetSize of job (KB)
...
006 (11917649.000.000) 07/03 23:09:20 Image size of job updated: 17084740
	16685  -  MemoryUsage of job (MB)
	17084740  -  ResidentSetSize of job (KB)
...
006 (11917649.000.000) 07/03 23:14:20 Image size of job updated: 17097388
	16697  -  MemoryUsage of job (MB)
	17097388  -  ResidentSetSize of job (KB)
...
006 (11917649.000.000) 07/03 23:19:20 Image size of job updated: 17110020
	16710  -  MemoryUsage of job (MB)
	17110020  -  ResidentSetSize of job (KB)
...
006 (11917649.000.000) 07/03 23:24:21 Image size of job updated: 17122400
	16722  -  MemoryUsage of job (MB)
	17122400  -  ResidentSetSize of job (KB)
...
006 (11917649.000.000) 07/03 23:29:21 Image size of job updated: 17135316
	16734  -  MemoryUsage of job (MB)
	17135316  -  ResidentSetSize of job (KB)
...
006 (11917649.000.000) 07/03 23:34:21 Image size of job updated: 17147388
	16746  -  MemoryUsage of job (MB)
	17147388  -  ResidentSetSize of job (KB)
...
006 (11917649.000.000) 07/03 23:39:22 Image size of job updated: 17160704
	16759  -  MemoryUsage of job (MB)
	17160704  -  ResidentSetSize of job (KB)
...
006 (11917649.000.000) 07/03 23:44:23 Image size of job updated: 17174400
	16772  -  MemoryUsage of job (MB)
	17174400  -  ResidentSetSize of job (KB)
...
006 (11917649.000.000) 07/03 23:49:23 Image size of job updated: 17188384
	16786  -  MemoryUsage of job (MB)
	17188384  -  ResidentSetSize of job (KB)
...
006 (11917649.000.000) 07/03 23:54:24 Image size of job updated: 17202112
	16799  -  MemoryUsage of job (MB)
	17202112  -  ResidentSetSize of job (KB)
...
006 (11917649.000.000) 07/03 23:59:25 Image size of job updated: 17215852
	16813  -  MemoryUsage of job (MB)
	17215852  -  ResidentSetSize of job (KB)
...
006 (11917649.000.000) 07/04 00:04:25 Image size of job updated: 17229860
	16827  -  MemoryUsage of job (MB)
	17229860  -  ResidentSetSize of job (KB)
...
006 (11917649.000.000) 07/04 00:09:26 Image size of job updated: 17243664
	16840  -  MemoryUsage of job (MB)
	17243664  -  ResidentSetSize of job (KB)
...
006 (11917649.000.000) 07/04 00:14:27 Image size of job updated: 17257112
	16853  -  MemoryUsage of job (MB)
	17257112  -  ResidentSetSize of job (KB)
...
006 (11917649.000.000) 07/04 00:19:27 Image size of job updated: 17271132
	16867  -  MemoryUsage of job (MB)
	17271132  -  ResidentSetSize of job (KB)
...
006 (11917649.000.000) 07/04 00:24:27 Image size of job updated: 17384808
	16978  -  MemoryUsage of job (MB)
	17384808  -  ResidentSetSize of job (KB)
...
006 (11917649.000.000) 07/04 00:29:28 Image size of job updated: 17398884
	16992  -  MemoryUsage of job (MB)
	17398884  -  ResidentSetSize of job (KB)
...
006 (11917649.000.000) 07/04 00:34:28 Image size of job updated: 17412508
	17005  -  MemoryUsage of job (MB)
	17412508  -  ResidentSetSize of job (KB)
...
006 (11917649.000.000) 07/04 00:39:28 Image size of job updated: 17424596
	17017  -  MemoryUsage of job (MB)
	17424596  -  ResidentSetSize of job (KB)
...
006 (11917649.000.000) 07/04 00:44:29 Image size of job updated: 17435624
	17027  -  MemoryUsage of job (MB)
	17435624  -  ResidentSetSize of job (KB)
...
006 (11917649.000.000) 07/04 00:49:29 Image size of job updated: 17448444
	17040  -  MemoryUsage of job (MB)
	17448444  -  ResidentSetSize of job (KB)
...
006 (11917649.000.000) 07/04 00:54:29 Image size of job updated: 17460908
	17052  -  MemoryUsage of job (MB)
	17460908  -  ResidentSetSize of job (KB)
...
006 (11917649.000.000) 07/04 00:59:31 Image size of job updated: 17473544
	17065  -  MemoryUsage of job (MB)
	17473544  -  ResidentSetSize of job (KB)
...
006 (11917649.000.000) 07/04 01:04:31 Image size of job updated: 17486332
	17077  -  MemoryUsage of job (MB)
	17486332  -  ResidentSetSize of job (KB)
...
006 (11917649.000.000) 07/04 01:09:31 Image size of job updated: 17499104
	17089  -  MemoryUsage of job (MB)
	17499104  -  ResidentSetSize of job (KB)
...
006 (11917649.000.000) 07/04 01:14:32 Image size of job updated: 17511740
	17102  -  MemoryUsage of job (MB)
	17511740  -  ResidentSetSize of job (KB)
...
006 (11917649.000.000) 07/04 01:19:33 Image size of job updated: 17524364
	17114  -  MemoryUsage of job (MB)
	17524364  -  ResidentSetSize of job (KB)
...
006 (11917649.000.000) 07/04 01:24:33 Image size of job updated: 17535828
	17125  -  MemoryUsage of job (MB)
	17535828  -  ResidentSetSize of job (KB)
...
006 (11917649.000.000) 07/04 01:29:34 Image size of job updated: 17548336
	17138  -  MemoryUsage of job (MB)
	17548336  -  ResidentSetSize of job (KB)
...
006 (11917649.000.000) 07/04 01:34:35 Image size of job updated: 17560932
	17150  -  MemoryUsage of job (MB)
	17560932  -  ResidentSetSize of job (KB)
...
006 (11917649.000.000) 07/04 01:39:35 Image size of job updated: 17573748
	17162  -  MemoryUsage of job (MB)
	17573748  -  ResidentSetSize of job (KB)
...
006 (11917649.000.000) 07/04 01:44:35 Image size of job updated: 17586528
	17175  -  MemoryUsage of job (MB)
	17586528  -  ResidentSetSize of job (KB)
...
006 (11917649.000.000) 07/04 01:49:36 Image size of job updated: 17598872
	17187  -  MemoryUsage of job (MB)
	17598872  -  ResidentSetSize of job (KB)
...
006 (11917649.000.000) 07/04 01:54:36 Image size of job updated: 17612584
	17200  -  MemoryUsage of job (MB)
	17612584  -  ResidentSetSize of job (KB)
...
006 (11917649.000.000) 07/04 01:59:36 Image size of job updated: 17626132
	17214  -  MemoryUsage of job (MB)
	17626132  -  ResidentSetSize of job (KB)
...
006 (11917649.000.000) 07/04 02:04:37 Image size of job updated: 17638716
	17226  -  MemoryUsage of job (MB)
	17638716  -  ResidentSetSize of job (KB)
...
006 (11917649.000.000) 07/04 02:09:37 Image size of job updated: 17651132
	17238  -  MemoryUsage of job (MB)
	17651132  -  ResidentSetSize of job (KB)
...
006 (11917649.000.000) 07/04 02:14:37 Image size of job updated: 17663660
	17250  -  MemoryUsage of job (MB)
	17663660  -  ResidentSetSize of job (KB)
...
006 (11917649.000.000) 07/04 02:19:38 Image size of job updated: 17676668
	17263  -  MemoryUsage of job (MB)
	17676668  -  ResidentSetSize of job (KB)
...
006 (11917649.000.000) 07/04 02:24:39 Image size of job updated: 17689856
	17276  -  MemoryUsage of job (MB)
	17689856  -  ResidentSetSize of job (KB)
...
006 (11917649.000.000) 07/04 02:29:39 Image size of job updated: 17703552
	17289  -  MemoryUsage of job (MB)
	17703552  -  ResidentSetSize of job (KB)
...
006 (11917649.000.000) 07/04 02:34:40 Image size of job updated: 17716948
	17302  -  MemoryUsage of job (MB)
	17716948  -  ResidentSetSize of job (KB)
...
006 (11917649.000.000) 07/04 02:39:41 Image size of job updated: 17729892
	17315  -  MemoryUsage of job (MB)
	17729892  -  ResidentSetSize of job (KB)
...
006 (11917649.000.000) 07/04 02:44:41 Image size of job updated: 17743252
	17328  -  MemoryUsage of job (MB)
	17743252  -  ResidentSetSize of job (KB)
...
006 (11917649.000.000) 07/04 02:49:41 Image size of job updated: 17757092
	17341  -  MemoryUsage of job (MB)
	17757092  -  ResidentSetSize of job (KB)
...
006 (11917649.000.000) 07/04 02:54:42 Image size of job updated: 17768872
	17353  -  MemoryUsage of job (MB)
	17768872  -  ResidentSetSize of job (KB)
...
006 (11917649.000.000) 07/04 02:59:42 Image size of job updated: 17781588
	17365  -  MemoryUsage of job (MB)
	17781588  -  ResidentSetSize of job (KB)
...
006 (11917649.000.000) 07/04 03:04:43 Image size of job updated: 17794200
	17378  -  MemoryUsage of job (MB)
	17794200  -  ResidentSetSize of job (KB)
...
006 (11917649.000.000) 07/04 03:09:44 Image size of job updated: 17806916
	17390  -  MemoryUsage of job (MB)
	17806916  -  ResidentSetSize of job (KB)
...
006 (11917649.000.000) 07/04 03:14:44 Image size of job updated: 17819572
	17402  -  MemoryUsage of job (MB)
	17819572  -  ResidentSetSize of job (KB)
...
006 (11917649.000.000) 07/04 03:19:44 Image size of job updated: 17832812
	17415  -  MemoryUsage of job (MB)
	17832812  -  ResidentSetSize of job (KB)
...
006 (11917649.000.000) 07/04 03:24:45 Image size of job updated: 17846476
	17429  -  MemoryUsage of job (MB)
	17846476  -  ResidentSetSize of job (KB)
...
006 (11917649.000.000) 07/04 03:29:45 Image size of job updated: 17860520
	17442  -  MemoryUsage of job (MB)
	17860520  -  ResidentSetSize of job (KB)
...
006 (11917649.000.000) 07/04 03:34:45 Image size of job updated: 17874176
	17456  -  MemoryUsage of job (MB)
	17874176  -  ResidentSetSize of job (KB)
...
006 (11917649.000.000) 07/04 03:39:46 Image size of job updated: 17888084
	17469  -  MemoryUsage of job (MB)
	17888084  -  ResidentSetSize of job (KB)
...
006 (11917649.000.000) 07/04 03:44:47 Image size of job updated: 17901960
	17483  -  MemoryUsage of job (MB)
	17901960  -  ResidentSetSize of job (KB)
...
006 (11917649.000.000) 07/04 03:49:47 Image size of job updated: 17915716
	17496  -  MemoryUsage of job (MB)
	17915716  -  ResidentSetSize of job (KB)
...
006 (11917649.000.000) 07/04 03:54:48 Image size of job updated: 17929300
	17510  -  MemoryUsage of job (MB)
	17929300  -  ResidentSetSize of job (KB)
...
006 (11917649.000.000) 07/04 03:59:49 Image size of job updated: 17943224
	17523  -  MemoryUsage of job (MB)
	17943224  -  ResidentSetSize of job (KB)
...
006 (11917649.000.000) 07/04 04:04:49 Image size of job updated: 17954916
	17535  -  MemoryUsage of job (MB)
	17954916  -  ResidentSetSize of job (KB)
...
006 (11917649.000.000) 07/04 04:09:50 Image size of job updated: 17967108
	17547  -  MemoryUsage of job (MB)
	17967108  -  ResidentSetSize of job (KB)
...
006 (11917649.000.000) 07/04 04:14:51 Image size of job updated: 17979552
	17559  -  MemoryUsage of job (MB)
	17979552  -  ResidentSetSize of job (KB)
...
006 (11917649.000.000) 07/04 04:19:51 Image size of job updated: 17992408
	17571  -  MemoryUsage of job (MB)
	17992408  -  ResidentSetSize of job (KB)
...
006 (11917649.000.000) 07/04 04:24:51 Image size of job updated: 18004828
	17583  -  MemoryUsage of job (MB)
	18004828  -  ResidentSetSize of job (KB)
...
006 (11917649.000.000) 07/04 04:29:52 Image size of job updated: 18017676
	17596  -  MemoryUsage of job (MB)
	18017676  -  ResidentSetSize of job (KB)
...
006 (11917649.000.000) 07/04 04:34:52 Image size of job updated: 18030536
	17608  -  MemoryUsage of job (MB)
	18030536  -  ResidentSetSize of job (KB)
...
006 (11917649.000.000) 07/04 04:39:52 Image size of job updated: 18043276
	17621  -  MemoryUsage of job (MB)
	18043276  -  ResidentSetSize of job (KB)
...
006 (11917649.000.000) 07/04 04:44:53 Image size of job updated: 18057328
	17635  -  MemoryUsage of job (MB)
	18057328  -  ResidentSetSize of job (KB)
...
006 (11917649.000.000) 07/04 04:49:53 Image size of job updated: 18068808
	17646  -  MemoryUsage of job (MB)
	18068808  -  ResidentSetSize of job (KB)
...
006 (11917649.000.000) 07/04 04:54:53 Image size of job updated: 18081120
	17658  -  MemoryUsage of job (MB)
	18081120  -  ResidentSetSize of job (KB)
...
006 (11917649.000.000) 07/04 04:59:54 Image size of job updated: 18093908
	17670  -  MemoryUsage of job (MB)
	18093908  -  ResidentSetSize of job (KB)
...
006 (11917649.000.000) 07/04 05:04:55 Image size of job updated: 18106012
	17682  -  MemoryUsage of job (MB)
	18106012  -  ResidentSetSize of job (KB)
...
006 (11917649.000.000) 07/04 05:09:55 Image size of job updated: 18119256
	17695  -  MemoryUsage of job (MB)
	18119256  -  ResidentSetSize of job (KB)
...
006 (11917649.000.000) 07/04 05:14:56 Image size of job updated: 18133132
	17709  -  MemoryUsage of job (MB)
	18133132  -  ResidentSetSize of job (KB)
...
006 (11917649.000.000) 07/04 05:19:57 Image size of job updated: 18147084
	17722  -  MemoryUsage of job (MB)
	18147084  -  ResidentSetSize of job (KB)
...
006 (11917649.000.000) 07/04 05:24:57 Image size of job updated: 18160976
	17736  -  MemoryUsage of job (MB)
	18160976  -  ResidentSetSize of job (KB)
...
006 (11917649.000.000) 07/04 05:29:58 Image size of job updated: 18173012
	17748  -  MemoryUsage of job (MB)
	18173012  -  ResidentSetSize of job (KB)
...
006 (11917649.000.000) 07/04 05:34:59 Image size of job updated: 18185492
	17760  -  MemoryUsage of job (MB)
	18185492  -  ResidentSetSize of job (KB)
...
006 (11917649.000.000) 07/04 05:39:59 Image size of job updated: 18198340
	17772  -  MemoryUsage of job (MB)
	18198340  -  ResidentSetSize of job (KB)
...
006 (11917649.000.000) 07/04 05:44:59 Image size of job updated: 18211108
	17785  -  MemoryUsage of job (MB)
	18211108  -  ResidentSetSize of job (KB)
...
006 (11917649.000.000) 07/04 05:50:00 Image size of job updated: 18223472
	17797  -  MemoryUsage of job (MB)
	18223472  -  ResidentSetSize of job (KB)
...
006 (11917649.000.000) 07/04 05:55:00 Image size of job updated: 18237220
	17810  -  MemoryUsage of job (MB)
	18237220  -  ResidentSetSize of job (KB)
...
006 (11917649.000.000) 07/04 06:00:00 Image size of job updated: 18250944
	17824  -  MemoryUsage of job (MB)
	18250944  -  ResidentSetSize of job (KB)
...
006 (11917649.000.000) 07/04 06:05:01 Image size of job updated: 18264736
	17837  -  MemoryUsage of job (MB)
	18264736  -  ResidentSetSize of job (KB)
...
006 (11917649.000.000) 07/04 06:10:01 Image size of job updated: 18278728
	17851  -  MemoryUsage of job (MB)
	18278728  -  ResidentSetSize of job (KB)
...
006 (11917649.000.000) 07/04 06:15:01 Image size of job updated: 18292468
	17864  -  MemoryUsage of job (MB)
	18292468  -  ResidentSetSize of job (KB)
...
006 (11917649.000.000) 07/04 06:20:02 Image size of job updated: 18306212
	17878  -  MemoryUsage of job (MB)
	18306212  -  ResidentSetSize of job (KB)
...
006 (11917649.000.000) 07/04 06:25:03 Image size of job updated: 18320104
	17891  -  MemoryUsage of job (MB)
	18320104  -  ResidentSetSize of job (KB)
...
006 (11917649.000.000) 07/04 06:30:03 Image size of job updated: 18333928
	17905  -  MemoryUsage of job (MB)
	18333928  -  ResidentSetSize of job (KB)
...
006 (11917649.000.000) 07/04 06:35:04 Image size of job updated: 18345208
	17916  -  MemoryUsage of job (MB)
	18345208  -  ResidentSetSize of job (KB)
...
006 (11917649.000.000) 07/04 06:40:05 Image size of job updated: 18357892
	17928  -  MemoryUsage of job (MB)
	18357892  -  ResidentSetSize of job (KB)
...
006 (11917649.000.000) 07/04 06:45:05 Image size of job updated: 18370424
	17940  -  MemoryUsage of job (MB)
	18370424  -  ResidentSetSize of job (KB)
...
006 (11917649.000.000) 07/04 06:50:05 Image size of job updated: 18383180
	17953  -  MemoryUsage of job (MB)
	18383180  -  ResidentSetSize of job (KB)
...
006 (11917649.000.000) 07/04 06:55:06 Image size of job updated: 18395712
	17965  -  MemoryUsage of job (MB)
	18395712  -  ResidentSetSize of job (KB)
...
006 (11917649.000.000) 07/04 07:00:06 Image size of job updated: 18408304
	17977  -  MemoryUsage of job (MB)
	18408304  -  ResidentSetSize of job (KB)
...
006 (11917649.000.000) 07/04 07:05:06 Image size of job updated: 18421088
	17990  -  MemoryUsage of job (MB)
	18421088  -  ResidentSetSize of job (KB)
...
006 (11917649.000.000) 07/04 07:10:07 Image size of job updated: 18434920
	18003  -  MemoryUsage of job (MB)
	18434920  -  ResidentSetSize of job (KB)
...
006 (11917649.000.000) 07/04 07:15:07 Image size of job updated: 18449044
	18017  -  MemoryUsage of job (MB)
	18449044  -  ResidentSetSize of job (KB)
...
006 (11917649.000.000) 07/04 07:20:07 Image size of job updated: 18462720
	18030  -  MemoryUsage of job (MB)
	18462720  -  ResidentSetSize of job (KB)
...
006 (11917649.000.000) 07/04 07:25:08 Image size of job updated: 18476364
	18044  -  MemoryUsage of job (MB)
	18476364  -  ResidentSetSize of job (KB)
...
006 (11917649.000.000) 07/04 07:30:09 Image size of job updated: 18490228
	18057  -  MemoryUsage of job (MB)
	18490228  -  ResidentSetSize of job (KB)
...
006 (11917649.000.000) 07/04 07:35:09 Image size of job updated: 18501304
	18068  -  MemoryUsage of job (MB)
	18501304  -  ResidentSetSize of job (KB)
...
006 (11917649.000.000) 07/04 07:40:10 Image size of job updated: 18514080
	18081  -  MemoryUsage of job (MB)
	18514080  -  ResidentSetSize of job (KB)
...
006 (11917649.000.000) 07/04 07:45:11 Image size of job updated: 18526804
	18093  -  MemoryUsage of job (MB)
	18526804  -  ResidentSetSize of job (KB)
...
006 (11917649.000.000) 07/04 07:50:11 Image size of job updated: 18539512
	18105  -  MemoryUsage of job (MB)
	18539512  -  ResidentSetSize of job (KB)
...
006 (11917649.000.000) 07/04 07:55:12 Image size of job updated: 18552016
	18118  -  MemoryUsage of job (MB)
	18552016  -  ResidentSetSize of job (KB)
...
006 (11917649.000.000) 07/04 08:00:13 Image size of job updated: 18564516
	18130  -  MemoryUsage of job (MB)
	18564516  -  ResidentSetSize of job (KB)
...
006 (11917649.000.000) 07/04 08:05:13 Image size of job updated: 18577828
	18143  -  MemoryUsage of job (MB)
	18577828  -  ResidentSetSize of job (KB)
...
006 (11917649.000.000) 07/04 08:10:14 Image size of job updated: 18591824
	18157  -  MemoryUsage of job (MB)
	18591824  -  ResidentSetSize of job (KB)
...
006 (11917649.000.000) 07/04 08:15:15 Image size of job updated: 18605628
	18170  -  MemoryUsage of job (MB)
	18605628  -  ResidentSetSize of job (KB)
...
006 (11917649.000.000) 07/04 08:20:15 Image size of job updated: 18619124
	18183  -  MemoryUsage of job (MB)
	18619124  -  ResidentSetSize of job (KB)
...
006 (11917649.000.000) 07/04 08:25:15 Image size of job updated: 18633220
	18197  -  MemoryUsage of job (MB)
	18633220  -  ResidentSetSize of job (KB)
...
006 (11917649.000.000) 07/04 08:30:16 Image size of job updated: 18644528
	18208  -  MemoryUsage of job (MB)
	18644528  -  ResidentSetSize of job (KB)
...
006 (11917649.000.000) 07/04 08:35:16 Image size of job updated: 18656912
	18220  -  MemoryUsage of job (MB)
	18656912  -  ResidentSetSize of job (KB)
...
006 (11917649.000.000) 07/04 08:40:16 Image size of job updated: 18669908
	18233  -  MemoryUsage of job (MB)
	18669908  -  ResidentSetSize of job (KB)
...
006 (11917649.000.000) 07/04 08:45:17 Image size of job updated: 18682668
	18245  -  MemoryUsage of job (MB)
	18682668  -  ResidentSetSize of job (KB)
...
006 (11917649.000.000) 07/04 08:50:17 Image size of job updated: 18694996
	18257  -  MemoryUsage of job (MB)
	18694996  -  ResidentSetSize of job (KB)
...
006 (11917649.000.000) 07/04 08:55:17 Image size of job updated: 18707664
	18270  -  MemoryUsage of job (MB)
	18707664  -  ResidentSetSize of job (KB)
...
006 (11917649.000.000) 07/04 09:00:18 Image size of job updated: 18720884
	18283  -  MemoryUsage of job (MB)
	18720884  -  ResidentSetSize of job (KB)
...
006 (11917649.000.000) 07/04 09:05:19 Image size of job updated: 19105840
	18492  -  MemoryUsage of job (MB)
	18935464  -  ResidentSetSize of job (KB)
...
006 (11917649.000.000) 07/04 09:10:19 Image size of job updated: 19105840
	18506  -  MemoryUsage of job (MB)
	18949172  -  ResidentSetSize of job (KB)
...
006 (11917649.000.000) 07/04 09:15:20 Image size of job updated: 19105840
	18519  -  MemoryUsage of job (MB)
	18962696  -  ResidentSetSize of job (KB)
...
006 (11917649.000.000) 07/04 09:20:21 Image size of job updated: 19105840
	18532  -  MemoryUsage of job (MB)
	18976596  -  ResidentSetSize of job (KB)
...
006 (11917649.000.000) 07/04 09:25:21 Image size of job updated: 19105840
	18546  -  MemoryUsage of job (MB)
	18990484  -  ResidentSetSize of job (KB)
...
006 (11917649.000.000) 07/04 09:30:22 Image size of job updated: 19105840
	18560  -  MemoryUsage of job (MB)
	19004480  -  ResidentSetSize of job (KB)
...
006 (11917649.000.000) 07/04 09:35:23 Image size of job updated: 19105840
	18573  -  MemoryUsage of job (MB)
	19018116  -  ResidentSetSize of job (KB)
...
006 (11917649.000.000) 07/04 09:40:23 Image size of job updated: 19105840
	18586  -  MemoryUsage of job (MB)
	19031548  -  ResidentSetSize of job (KB)
...
006 (11917649.000.000) 07/04 09:45:23 Image size of job updated: 19105840
	18600  -  MemoryUsage of job (MB)
	19045388  -  ResidentSetSize of job (KB)
...
006 (11917649.000.000) 07/04 09:50:24 Image size of job updated: 19105840
	18613  -  MemoryUsage of job (MB)
	19059288  -  ResidentSetSize of job (KB)
...
006 (11917649.000.000) 07/04 09:55:24 Image size of job updated: 19105840
	18626  -  MemoryUsage of job (MB)
	19072728  -  ResidentSetSize of job (KB)
...
006 (11917649.000.000) 07/04 10:00:24 Image size of job updated: 19105840
	18640  -  MemoryUsage of job (MB)
	19086548  -  ResidentSetSize of job (KB)
...
006 (11917649.000.000) 07/04 10:05:25 Image size of job updated: 19105840
	18653  -  MemoryUsage of job (MB)
	19100292  -  ResidentSetSize of job (KB)
...
006 (11917649.000.000) 07/04 10:10:26 Image size of job updated: 19114212
	18667  -  MemoryUsage of job (MB)
	19114212  -  ResidentSetSize of job (KB)
...
006 (11917649.000.000) 07/04 10:15:26 Image size of job updated: 19127732
	18680  -  MemoryUsage of job (MB)
	19127732  -  ResidentSetSize of job (KB)
...
006 (11917649.000.000) 07/04 10:20:27 Image size of job updated: 19141236
	18693  -  MemoryUsage of job (MB)
	19141236  -  ResidentSetSize of job (KB)
...
006 (11917649.000.000) 07/04 10:25:28 Image size of job updated: 19155148
	18707  -  MemoryUsage of job (MB)
	19155148  -  ResidentSetSize of job (KB)
...
006 (11917649.000.000) 07/04 10:30:28 Image size of job updated: 19169296
	18721  -  MemoryUsage of job (MB)
	19169296  -  ResidentSetSize of job (KB)
...
006 (11917649.000.000) 07/04 10:35:29 Image size of job updated: 19182532
	18733  -  MemoryUsage of job (MB)
	19182532  -  ResidentSetSize of job (KB)
...
006 (11917649.000.000) 07/04 10:40:30 Image size of job updated: 19196480
	18747  -  MemoryUsage of job (MB)
	19196480  -  ResidentSetSize of job (KB)
...
006 (11917649.000.000) 07/04 10:45:30 Image size of job updated: 19210184
	18760  -  MemoryUsage of job (MB)
	19210184  -  ResidentSetSize of job (KB)
...
006 (11917649.000.000) 07/04 10:50:30 Image size of job updated: 19223896
	18774  -  MemoryUsage of job (MB)
	19223896  -  ResidentSetSize of job (KB)
...
006 (11917649.000.000) 07/04 10:55:31 Image size of job updated: 19233564
	18783  -  MemoryUsage of job (MB)
	19233564  -  ResidentSetSize of job (KB)
...
006 (11917649.000.000) 07/04 11:00:31 Image size of job updated: 19245132
	18795  -  MemoryUsage of job (MB)
	19245132  -  ResidentSetSize of job (KB)
...
006 (11917649.000.000) 07/04 11:05:31 Image size of job updated: 19257452
	18807  -  MemoryUsage of job (MB)
	19257452  -  ResidentSetSize of job (KB)
...
006 (11917649.000.000) 07/04 11:10:32 Image size of job updated: 19270324
	18819  -  MemoryUsage of job (MB)
	19270324  -  ResidentSetSize of job (KB)
...
006 (11917649.000.000) 07/04 11:15:33 Image size of job updated: 19282948
	18832  -  MemoryUsage of job (MB)
	19282948  -  ResidentSetSize of job (KB)
...
006 (11917649.000.000) 07/04 11:20:33 Image size of job updated: 19295656
	18844  -  MemoryUsage of job (MB)
	19295656  -  ResidentSetSize of job (KB)
...
006 (11917649.000.000) 07/04 11:25:34 Image size of job updated: 19308244
	18856  -  MemoryUsage of job (MB)
	19308244  -  ResidentSetSize of job (KB)
...
006 (11917649.000.000) 07/04 11:30:35 Image size of job updated: 19320760
	18868  -  MemoryUsage of job (MB)
	19320760  -  ResidentSetSize of job (KB)
...
006 (11917649.000.000) 07/04 11:35:35 Image size of job updated: 19333356
	18881  -  MemoryUsage of job (MB)
	19333356  -  ResidentSetSize of job (KB)
...
006 (11917649.000.000) 07/04 11:40:36 Image size of job updated: 19345964
	18893  -  MemoryUsage of job (MB)
	19345964  -  ResidentSetSize of job (KB)
...
006 (11917649.000.000) 07/04 11:45:37 Image size of job updated: 19358284
	18905  -  MemoryUsage of job (MB)
	19358284  -  ResidentSetSize of job (KB)
...
006 (11917649.000.000) 07/04 11:50:37 Image size of job updated: 19369220
	18916  -  MemoryUsage of job (MB)
	19369220  -  ResidentSetSize of job (KB)
...
006 (11917649.000.000) 07/04 11:55:37 Image size of job updated: 19382148
	18928  -  MemoryUsage of job (MB)
	19382148  -  ResidentSetSize of job (KB)
...
006 (11917649.000.000) 07/04 12:00:38 Image size of job updated: 19394440
	18940  -  MemoryUsage of job (MB)
	19394440  -  ResidentSetSize of job (KB)
...
006 (11917649.000.000) 07/04 12:05:38 Image size of job updated: 19407428
	18953  -  MemoryUsage of job (MB)
	19407428  -  ResidentSetSize of job (KB)
...
006 (11917649.000.000) 07/04 12:10:38 Image size of job updated: 19420024
	18965  -  MemoryUsage of job (MB)
	19420024  -  ResidentSetSize of job (KB)
...
006 (11917649.000.000) 07/04 12:15:39 Image size of job updated: 19432724
	18978  -  MemoryUsage of job (MB)
	19432724  -  ResidentSetSize of job (KB)
...
006 (11917649.000.000) 07/04 12:20:39 Image size of job updated: 19445220
	18990  -  MemoryUsage of job (MB)
	19445220  -  ResidentSetSize of job (KB)
...
006 (11917649.000.000) 07/04 12:25:39 Image size of job updated: 19458140
	19003  -  MemoryUsage of job (MB)
	19458140  -  ResidentSetSize of job (KB)
...
006 (11917649.000.000) 07/04 12:30:40 Image size of job updated: 19470728
	19015  -  MemoryUsage of job (MB)
	19470728  -  ResidentSetSize of job (KB)
...
006 (11917649.000.000) 07/04 12:35:41 Image size of job updated: 19483892
	19028  -  MemoryUsage of job (MB)
	19483892  -  ResidentSetSize of job (KB)
...
006 (11917649.000.000) 07/04 12:40:41 Image size of job updated: 19497652
	19041  -  MemoryUsage of job (MB)
	19497652  -  ResidentSetSize of job (KB)
...
006 (11917649.000.000) 07/04 12:45:42 Image size of job updated: 19511488
	19055  -  MemoryUsage of job (MB)
	19511488  -  ResidentSetSize of job (KB)
...
006 (11917649.000.000) 07/04 12:50:43 Image size of job updated: 19522708
	19066  -  MemoryUsage of job (MB)
	19522708  -  ResidentSetSize of job (KB)
...
006 (11917649.000.000) 07/04 12:55:43 Image size of job updated: 19535288
	19078  -  MemoryUsage of job (MB)
	19535288  -  ResidentSetSize of job (KB)
...
006 (11917649.000.000) 07/04 13:00:44 Image size of job updated: 19547664
	19090  -  MemoryUsage of job (MB)
	19547664  -  ResidentSetSize of job (KB)
...
006 (11917649.000.000) 07/04 13:05:45 Image size of job updated: 19560224
	19102  -  MemoryUsage of job (MB)
	19560224  -  ResidentSetSize of job (KB)
...
006 (11917649.000.000) 07/04 13:10:45 Image size of job updated: 19573256
	19115  -  MemoryUsage of job (MB)
	19573256  -  ResidentSetSize of job (KB)
...
006 (11917649.000.000) 07/04 13:15:45 Image size of job updated: 19585572
	19127  -  MemoryUsage of job (MB)
	19585572  -  ResidentSetSize of job (KB)
...
006 (11917649.000.000) 07/04 13:20:46 Image size of job updated: 19598832
	19140  -  MemoryUsage of job (MB)
	19598832  -  ResidentSetSize of job (KB)
...
006 (11917649.000.000) 07/04 13:25:46 Image size of job updated: 19612332
	19153  -  MemoryUsage of job (MB)
	19612332  -  ResidentSetSize of job (KB)
...
006 (11917649.000.000) 07/04 13:30:46 Image size of job updated: 19624116
	19165  -  MemoryUsage of job (MB)
	19624116  -  ResidentSetSize of job (KB)
...
006 (11917649.000.000) 07/04 13:35:47 Image size of job updated: 19636684
	19177  -  MemoryUsage of job (MB)
	19636684  -  ResidentSetSize of job (KB)
...
006 (11917649.000.000) 07/04 13:40:48 Image size of job updated: 19649484
	19189  -  MemoryUsage of job (MB)
	19649484  -  ResidentSetSize of job (KB)
...
006 (11917649.000.000) 07/04 13:45:48 Image size of job updated: 19662500
	19202  -  MemoryUsage of job (MB)
	19662500  -  ResidentSetSize of job (KB)
...
006 (11917649.000.000) 07/04 13:50:49 Image size of job updated: 19675204
	19215  -  MemoryUsage of job (MB)
	19675204  -  ResidentSetSize of job (KB)
...
006 (11917649.000.000) 07/04 13:55:50 Image size of job updated: 19689204
	19228  -  MemoryUsage of job (MB)
	19689204  -  ResidentSetSize of job (KB)
...
006 (11917649.000.000) 07/04 14:00:50 Image size of job updated: 19702752
	19241  -  MemoryUsage of job (MB)
	19702752  -  ResidentSetSize of job (KB)
...
006 (11917649.000.000) 07/04 14:05:51 Image size of job updated: 19716560
	19255  -  MemoryUsage of job (MB)
	19716560  -  ResidentSetSize of job (KB)
...
006 (11917649.000.000) 07/04 14:10:52 Image size of job updated: 19730336
	19268  -  MemoryUsage of job (MB)
	19730336  -  ResidentSetSize of job (KB)
...
006 (11917649.000.000) 07/04 14:15:52 Image size of job updated: 19744068
	19282  -  MemoryUsage of job (MB)
	19744068  -  ResidentSetSize of job (KB)
...
006 (11917649.000.000) 07/04 14:20:52 Image size of job updated: 19756632
	19294  -  MemoryUsage of job (MB)
	19756632  -  ResidentSetSize of job (KB)
...
006 (11917649.000.000) 07/04 14:25:53 Image size of job updated: 19768520
	19306  -  MemoryUsage of job (MB)
	19768520  -  ResidentSetSize of job (KB)
...
006 (11917649.000.000) 07/04 14:30:53 Image size of job updated: 19781452
	19318  -  MemoryUsage of job (MB)
	19781452  -  ResidentSetSize of job (KB)
...
006 (11917649.000.000) 07/04 14:35:53 Image size of job updated: 19793816
	19330  -  MemoryUsage of job (MB)
	19793816  -  ResidentSetSize of job (KB)
...
006 (11917649.000.000) 07/04 14:40:54 Image size of job updated: 19806308
	19343  -  MemoryUsage of job (MB)
	19806308  -  ResidentSetSize of job (KB)
...
006 (11917649.000.000) 07/04 14:45:55 Image size of job updated: 19819092
	19355  -  MemoryUsage of job (MB)
	19819092  -  ResidentSetSize of job (KB)
...
006 (11917649.000.000) 07/04 14:50:55 Image size of job updated: 19832396
	19368  -  MemoryUsage of job (MB)
	19832396  -  ResidentSetSize of job (KB)
...
006 (11917649.000.000) 07/04 14:55:56 Image size of job updated: 19846304
	19382  -  MemoryUsage of job (MB)
	19846304  -  ResidentSetSize of job (KB)
...
006 (11917649.000.000) 07/04 15:00:57 Image size of job updated: 19860256
	19395  -  MemoryUsage of job (MB)
	19860256  -  ResidentSetSize of job (KB)
...
006 (11917649.000.000) 07/04 15:05:57 Image size of job updated: 19873744
	19408  -  MemoryUsage of job (MB)
	19873744  -  ResidentSetSize of job (KB)
...
006 (11917649.000.000) 07/04 15:10:58 Image size of job updated: 19887624
	19422  -  MemoryUsage of job (MB)
	19887624  -  ResidentSetSize of job (KB)
...
006 (11917649.000.000) 07/04 15:15:59 Image size of job updated: 19901432
	19435  -  MemoryUsage of job (MB)
	19901432  -  ResidentSetSize of job (KB)
...
006 (11917649.000.000) 07/04 15:20:59 Image size of job updated: 19912400
	19446  -  MemoryUsage of job (MB)
	19912400  -  ResidentSetSize of job (KB)
...
006 (11917649.000.000) 07/04 15:25:59 Image size of job updated: 19925152
	19459  -  MemoryUsage of job (MB)
	19925152  -  ResidentSetSize of job (KB)
...
006 (11917649.000.000) 07/04 15:31:00 Image size of job updated: 19937592
	19471  -  MemoryUsage of job (MB)
	19937592  -  ResidentSetSize of job (KB)
...
006 (11917649.000.000) 07/04 15:36:00 Image size of job updated: 19950460
	19483  -  MemoryUsage of job (MB)
	19950460  -  ResidentSetSize of job (KB)
...
006 (11917649.000.000) 07/04 15:41:00 Image size of job updated: 19963200
	19496  -  MemoryUsage of job (MB)
	19963200  -  ResidentSetSize of job (KB)
...
006 (11917649.000.000) 07/04 15:46:01 Image size of job updated: 19976148
	19508  -  MemoryUsage of job (MB)
	19976148  -  ResidentSetSize of job (KB)
...
006 (11917649.000.000) 07/04 15:51:02 Image size of job updated: 19990156
	19522  -  MemoryUsage of job (MB)
	19990156  -  ResidentSetSize of job (KB)
...
006 (11917649.000.000) 07/04 15:56:02 Image size of job updated: 20004112
	19536  -  MemoryUsage of job (MB)
	20004112  -  ResidentSetSize of job (KB)
...
006 (11917649.000.000) 07/04 16:01:03 Image size of job updated: 20018084
	19549  -  MemoryUsage of job (MB)
	20018084  -  ResidentSetSize of job (KB)
...
006 (11917649.000.000) 07/04 16:06:04 Image size of job updated: 20029908
	19561  -  MemoryUsage of job (MB)
	20029908  -  ResidentSetSize of job (KB)
...
006 (11917649.000.000) 07/04 16:11:04 Image size of job updated: 20042632
	19573  -  MemoryUsage of job (MB)
	20042632  -  ResidentSetSize of job (KB)
...
006 (11917649.000.000) 07/04 16:16:05 Image size of job updated: 20055612
	19586  -  MemoryUsage of job (MB)
	20055612  -  ResidentSetSize of job (KB)
...
006 (11917649.000.000) 07/04 16:21:06 Image size of job updated: 20067956
	19598  -  MemoryUsage of job (MB)
	20067956  -  ResidentSetSize of job (KB)
...
006 (11917649.000.000) 07/04 16:26:06 Image size of job updated: 20080832
	19611  -  MemoryUsage of job (MB)
	20080832  -  ResidentSetSize of job (KB)
...
006 (11917649.000.000) 07/04 16:31:06 Image size of job updated: 20094184
	19624  -  MemoryUsage of job (MB)
	20094184  -  ResidentSetSize of job (KB)
...
006 (11917649.000.000) 07/04 16:36:07 Image size of job updated: 20108144
	19637  -  MemoryUsage of job (MB)
	20108144  -  ResidentSetSize of job (KB)
...
006 (11917649.000.000) 07/04 16:41:07 Image size of job updated: 20121860
	19651  -  MemoryUsage of job (MB)
	20121860  -  ResidentSetSize of job (KB)
...
006 (11917649.000.000) 07/04 16:46:07 Image size of job updated: 20135816
	19664  -  MemoryUsage of job (MB)
	20135816  -  ResidentSetSize of job (KB)
...
006 (11917649.000.000) 07/04 16:51:08 Image size of job updated: 20149088
	19677  -  MemoryUsage of job (MB)
	20149088  -  ResidentSetSize of job (KB)
...
006 (11917649.000.000) 07/04 16:56:08 Image size of job updated: 20160732
	19689  -  MemoryUsage of job (MB)
	20160732  -  ResidentSetSize of job (KB)
...
006 (11917649.000.000) 07/04 17:01:08 Image size of job updated: 20173372
	19701  -  MemoryUsage of job (MB)
	20173372  -  ResidentSetSize of job (KB)
...
006 (11917649.000.000) 07/04 17:06:09 Image size of job updated: 20186304
	19714  -  MemoryUsage of job (MB)
	20186304  -  ResidentSetSize of job (KB)
...
006 (11917649.000.000) 07/04 17:11:10 Image size of job updated: 20199576
	19727  -  MemoryUsage of job (MB)
	20199576  -  ResidentSetSize of job (KB)
...
006 (11917649.000.000) 07/04 17:16:10 Image size of job updated: 20211604
	19738  -  MemoryUsage of job (MB)
	20211604  -  ResidentSetSize of job (KB)
...
006 (11917649.000.000) 07/04 17:21:11 Image size of job updated: 20224992
	19751  -  MemoryUsage of job (MB)
	20224992  -  ResidentSetSize of job (KB)
...
006 (11917649.000.000) 07/04 17:26:12 Image size of job updated: 20238340
	19765  -  MemoryUsage of job (MB)
	20238340  -  ResidentSetSize of job (KB)
...
006 (11917649.000.000) 07/04 17:31:12 Image size of job updated: 20251372
	19777  -  MemoryUsage of job (MB)
	20251372  -  ResidentSetSize of job (KB)
...
006 (11917649.000.000) 07/04 17:36:13 Image size of job updated: 20263056
	19789  -  MemoryUsage of job (MB)
	20263056  -  ResidentSetSize of job (KB)
...
006 (11917649.000.000) 07/04 17:41:14 Image size of job updated: 20275244
	19801  -  MemoryUsage of job (MB)
	20275244  -  ResidentSetSize of job (KB)
...
006 (11917649.000.000) 07/04 17:46:14 Image size of job updated: 20287120
	19812  -  MemoryUsage of job (MB)
	20287120  -  ResidentSetSize of job (KB)
...
006 (11917649.000.000) 07/04 17:51:15 Image size of job updated: 20299176
	19824  -  MemoryUsage of job (MB)
	20299176  -  ResidentSetSize of job (KB)
...
006 (11917649.000.000) 07/04 17:56:16 Image size of job updated: 20311472
	19836  -  MemoryUsage of job (MB)
	20311472  -  ResidentSetSize of job (KB)
...
006 (11917649.000.000) 07/04 18:01:16 Image size of job updated: 20323760
	19848  -  MemoryUsage of job (MB)
	20323760  -  ResidentSetSize of job (KB)
...
006 (11917649.000.000) 07/04 18:06:16 Image size of job updated: 20336984
	19861  -  MemoryUsage of job (MB)
	20336984  -  ResidentSetSize of job (KB)
...
006 (11917649.000.000) 07/04 18:11:17 Image size of job updated: 20350528
	19874  -  MemoryUsage of job (MB)
	20350528  -  ResidentSetSize of job (KB)
...
006 (11917649.000.000) 07/04 18:16:17 Image size of job updated: 20364132
	19887  -  MemoryUsage of job (MB)
	20364132  -  ResidentSetSize of job (KB)
...
006 (11917649.000.000) 07/04 18:21:17 Image size of job updated: 20377156
	19900  -  MemoryUsage of job (MB)
	20377156  -  ResidentSetSize of job (KB)
...
006 (11917649.000.000) 07/04 18:26:18 Image size of job updated: 20388360
	19911  -  MemoryUsage of job (MB)
	20388360  -  ResidentSetSize of job (KB)
...
006 (11917649.000.000) 07/04 18:31:18 Image size of job updated: 20400680
	19923  -  MemoryUsage of job (MB)
	20400680  -  ResidentSetSize of job (KB)
...
006 (11917649.000.000) 07/04 18:36:18 Image size of job updated: 20413112
	19935  -  MemoryUsage of job (MB)
	20413112  -  ResidentSetSize of job (KB)
...
006 (11917649.000.000) 07/04 18:41:19 Image size of job updated: 20425792
	19948  -  MemoryUsage of job (MB)
	20425792  -  ResidentSetSize of job (KB)
...
006 (11917649.000.000) 07/04 18:46:20 Image size of job updated: 20438324
	19960  -  MemoryUsage of job (MB)
	20438324  -  ResidentSetSize of job (KB)
...
006 (11917649.000.000) 07/04 18:51:20 Image size of job updated: 20452124
	19973  -  MemoryUsage of job (MB)
	20452124  -  ResidentSetSize of job (KB)
...
006 (11917649.000.000) 07/04 18:56:21 Image size of job updated: 20465860
	19987  -  MemoryUsage of job (MB)
	20465860  -  ResidentSetSize of job (KB)
...
006 (11917649.000.000) 07/04 19:01:22 Image size of job updated: 20479640
	20000  -  MemoryUsage of job (MB)
	20479640  -  ResidentSetSize of job (KB)
...
006 (11917649.000.000) 07/04 19:06:22 Image size of job updated: 20491492
	20012  -  MemoryUsage of job (MB)
	20491492  -  ResidentSetSize of job (KB)
...
006 (11917649.000.000) 07/04 19:11:23 Image size of job updated: 20504376
	20024  -  MemoryUsage of job (MB)
	20504376  -  ResidentSetSize of job (KB)
...
006 (11917649.000.000) 07/04 19:16:24 Image size of job updated: 20516560
	20036  -  MemoryUsage of job (MB)
	20516560  -  ResidentSetSize of job (KB)
...
006 (11917649.000.000) 07/04 19:21:24 Image size of job updated: 20529240
	20049  -  MemoryUsage of job (MB)
	20529240  -  ResidentSetSize of job (KB)
...
006 (11917649.000.000) 07/04 19:26:24 Image size of job updated: 20542116
	20061  -  MemoryUsage of job (MB)
	20542116  -  ResidentSetSize of job (KB)
...
006 (11917649.000.000) 07/04 19:31:25 Image size of job updated: 20555924
	20075  -  MemoryUsage of job (MB)
	20555924  -  ResidentSetSize of job (KB)
...
006 (11917649.000.000) 07/04 19:36:25 Image size of job updated: 20569712
	20088  -  MemoryUsage of job (MB)
	20569712  -  ResidentSetSize of job (KB)
...
006 (11917649.000.000) 07/04 19:41:25 Image size of job updated: 20583416
	20101  -  MemoryUsage of job (MB)
	20583416  -  ResidentSetSize of job (KB)
...
006 (11917649.000.000) 07/04 19:46:26 Image size of job updated: 20596972
	20115  -  MemoryUsage of job (MB)
	20596972  -  ResidentSetSize of job (KB)
...
006 (11917649.000.000) 07/04 19:51:27 Image size of job updated: 20610160
	20128  -  MemoryUsage of job (MB)
	20610160  -  ResidentSetSize of job (KB)
...
006 (11917649.000.000) 07/04 19:56:27 Image size of job updated: 20624032
	20141  -  MemoryUsage of job (MB)
	20624032  -  ResidentSetSize of job (KB)
...
006 (11917649.000.000) 07/04 20:01:28 Image size of job updated: 20637532
	20154  -  MemoryUsage of job (MB)
	20637532  -  ResidentSetSize of job (KB)
...
006 (11917649.000.000) 07/04 20:06:29 Image size of job updated: 22832492
	22291  -  MemoryUsage of job (MB)
	22825324  -  ResidentSetSize of job (KB)
...
006 (11917649.000.000) 07/04 20:11:29 Image size of job updated: 22890104
	22337  -  MemoryUsage of job (MB)
	22872412  -  ResidentSetSize of job (KB)
...
006 (11917649.000.000) 07/04 20:16:30 Image size of job updated: 23563308
	23011  -  MemoryUsage of job (MB)
	23562284  -  ResidentSetSize of job (KB)
...
040 (11917649.000.000) 07/04 20:22:43 Started transferring output files
...
040 (11917649.000.000) 07/04 20:22:43 Finished transferring output files
...
005 (11917649.000.000) 07/04 20:22:43 Job terminated.
	(1) Normal termination (return value 0)
		Usr 14 03:42:59, Sys 0 05:14:15  -  Run Remote Usage
		Usr 0 00:00:00, Sys 0 00:00:00  -  Run Local Usage
		Usr 14 03:42:59, Sys 0 05:14:15  -  Total Remote Usage
		Usr 0 00:00:00, Sys 0 00:00:00  -  Total Local Usage
	4514881  -  Run Bytes Sent By Job
	333  -  Run Bytes Received By Job
	4514881  -  Total Bytes Sent By Job
	333  -  Total Bytes Received By Job
	Partitionable Resources :     Usage  Request Allocated Assigned
	   Cpus                 :      5.80       10        10 
	   Disk (KB)            :   4723           1      2048 
	   GPUs                 :                  1         1 "MIG-d45fadbf-c6ce-5c67-9d4a-ad7b653528a5"
	   Memory (MB)          :  23011       30720     30800 
	   TimeExecute (s)      : 103456                       
	   TimeSlotBusy (s)     : 103458                       
...
