000 (11938577.000.000) 07/07 06:37:48 Job submitted from host: <188.185.8.79:9618?addrs=188.185.8.79-9618+[2001-1458-d00-63--100-23a]-9618&alias=bigbird26.cern.ch&noUDP&sock=schedd_5282_9754>
...
040 (11938577.000.000) 07/07 12:19:23 Started transferring input files
	Transferring to host: <188.185.238.12:9618?addrs=188.185.238.12-9618+[2001-1458-303-28--100-8]-9618&alias=b9pgpun001.cern.ch&noUDP&sock=slot1_4_3229370_0eb2_162880>
...
040 (11938577.000.000) 07/07 12:19:23 Finished transferring input files
...
001 (11938577.000.000) 07/07 12:19:24 Job executing on host: <188.185.238.12:9618?addrs=188.185.238.12-9618+[2001-1458-303-28--100-8]-9618&alias=b9pgpun001.cern.ch&noUDP&sock=startd_16419_a594>
	SlotName: slot1_4@b9pgpun001.cern.ch
	AvailableGPUs = { GPUs_GPU_b3592e1c }
	CondorScratchDir = "/pool/condor/dir_2627177"
	Cpus = 10
	Disk = 6996
	GPUs = 1
	GPUs_GPU_b3592e1c = [ Id = "GPU-b3592e1c"; ClockMhz = 1785.0; Capability = 9.0; CoresPerCU = 128; DeviceName = "NVIDIA H100 NVL"; DeviceUuid = "b3592e1c-94b7-d9d7-0d94-bdbd69c4d6f6"; ECCEnabled = true; ComputeUnits = 132; DriverVersion = 13.0; DevicePciBusId = "0000:AE:00.0"; GlobalMemoryMb = 95320; MaxSupportedVersion = 13000 ]
	Memory = 30800
...
006 (11938577.000.000) 07/07 12:19:37 Image size of job updated: 208652
	199  -  MemoryUsage of job (MB)
	203584  -  ResidentSetSize of job (KB)
...
006 (11938577.000.000) 07/07 12:24:37 Image size of job updated: 16353928
	15971  -  MemoryUsage of job (MB)
	16353928  -  ResidentSetSize of job (KB)
...
006 (11938577.000.000) 07/07 12:29:38 Image size of job updated: 16380040
	15997  -  MemoryUsage of job (MB)
	16380040  -  ResidentSetSize of job (KB)
...
006 (11938577.000.000) 07/07 12:34:38 Image size of job updated: 16405628
	16022  -  MemoryUsage of job (MB)
	16405628  -  ResidentSetSize of job (KB)
...
006 (11938577.000.000) 07/07 12:39:39 Image size of job updated: 16428192
	16044  -  MemoryUsage of job (MB)
	16428192  -  ResidentSetSize of job (KB)
...
006 (11938577.000.000) 07/07 12:44:39 Image size of job updated: 16459924
	16075  -  MemoryUsage of job (MB)
	16459924  -  ResidentSetSize of job (KB)
...
006 (11938577.000.000) 07/07 12:49:40 Image size of job updated: 16480252
	16094  -  MemoryUsage of job (MB)
	16480252  -  ResidentSetSize of job (KB)
...
006 (11938577.000.000) 07/07 12:54:41 Image size of job updated: 16503344
	16117  -  MemoryUsage of job (MB)
	16503344  -  ResidentSetSize of job (KB)
...
006 (11938577.000.000) 07/07 12:59:41 Image size of job updated: 16529792
	16143  -  MemoryUsage of job (MB)
	16529792  -  ResidentSetSize of job (KB)
...
006 (11938577.000.000) 07/07 13:04:42 Image size of job updated: 16567840
	16180  -  MemoryUsage of job (MB)
	16567840  -  ResidentSetSize of job (KB)
...
006 (11938577.000.000) 07/07 13:09:42 Image size of job updated: 16593404
	16205  -  MemoryUsage of job (MB)
	16593404  -  ResidentSetSize of job (KB)
...
006 (11938577.000.000) 07/07 13:14:43 Image size of job updated: 16619812
	16231  -  MemoryUsage of job (MB)
	16619812  -  ResidentSetSize of job (KB)
...
006 (11938577.000.000) 07/07 13:19:43 Image size of job updated: 16647184
	16258  -  MemoryUsage of job (MB)
	16647184  -  ResidentSetSize of job (KB)
...
006 (11938577.000.000) 07/07 13:24:43 Image size of job updated: 16672792
	16283  -  MemoryUsage of job (MB)
	16672792  -  ResidentSetSize of job (KB)
...
006 (11938577.000.000) 07/07 13:29:44 Image size of job updated: 16700208
	16309  -  MemoryUsage of job (MB)
	16700208  -  ResidentSetSize of job (KB)
...
006 (11938577.000.000) 07/07 13:34:44 Image size of job updated: 16769464
	16377  -  MemoryUsage of job (MB)
	16769464  -  ResidentSetSize of job (KB)
...
006 (11938577.000.000) 07/07 13:39:45 Image size of job updated: 16778636
	16386  -  MemoryUsage of job (MB)
	16778636  -  ResidentSetSize of job (KB)
...
006 (11938577.000.000) 07/07 13:44:45 Image size of job updated: 16804984
	16412  -  MemoryUsage of job (MB)
	16804984  -  ResidentSetSize of job (KB)
...
006 (11938577.000.000) 07/07 13:49:46 Image size of job updated: 16832808
	16439  -  MemoryUsage of job (MB)
	16832808  -  ResidentSetSize of job (KB)
...
006 (11938577.000.000) 07/07 13:54:46 Image size of job updated: 18793448
	18331  -  MemoryUsage of job (MB)
	18770044  -  ResidentSetSize of job (KB)
...
006 (11938577.000.000) 07/07 13:59:46 Image size of job updated: 19214720
	18765  -  MemoryUsage of job (MB)
	19214720  -  ResidentSetSize of job (KB)
...
040 (11938577.000.000) 07/07 14:02:28 Started transferring output files
...
040 (11938577.000.000) 07/07 14:02:28 Finished transferring output files
...
005 (11938577.000.000) 07/07 14:02:28 Job terminated.
	(1) Normal termination (return value 0)
		Usr 4 06:48:55, Sys 0 02:02:37  -  Run Remote Usage
		Usr 0 00:00:00, Sys 0 00:00:00  -  Run Local Usage
		Usr 4 06:48:55, Sys 0 02:02:37  -  Total Remote Usage
		Usr 0 00:00:00, Sys 0 00:00:00  -  Total Local Usage
	570063  -  Run Bytes Sent By Job
	333  -  Run Bytes Received By Job
	570063  -  Total Bytes Sent By Job
	333  -  Total Bytes Received By Job
	Partitionable Resources :    Usage  Request Allocated Assigned
	   Cpus                 :     8.05       10        10 
	   Disk (KB)            :   855           1      6996 
	   GPUs                 :     0           1         1 "GPU-b3592e1c"
	   GpusMemory (MB)      :   614                       
	   Memory (MB)          : 18765       30720     30800 
	   TimeExecute (s)      :  6184                       
	   TimeSlotBusy (s)     :  6185                       
...
