WARNING: All log messages before absl::InitializeLog() is called are written to STDERR
I0000 00:00:1783257170.714101     133 cpu_feature_guard.cc:227] This TensorFlow binary is optimized to use available CPU instructions in performance-critical operations.
To enable the following instructions: SSE4.1 SSE4.2 AVX AVX2 FMA, in other operations, rebuild TensorFlow with the appropriate compiler flags.
/afs/cern.ch/work/h/hwen/public/tf-pwa/tf_pwa/amp/core.py:136: UserWarning: No model named E791 found, use default instead.
  warnings.warn(
/afs/cern.ch/work/h/hwen/public/tf-pwa/tf_pwa/variable.py:417: UserWarning: Overwrite bound of f2(1270)_flatte_g_0!
  warnings.warn("Overwrite bound of {}!".format(name))
/afs/cern.ch/work/h/hwen/public/tf-pwa/tf_pwa/variable.py:417: UserWarning: Overwrite bound of f2(1270)_flatte_g_1!
  warnings.warn("Overwrite bound of {}!".format(name))
/afs/cern.ch/work/h/hwen/public/tf-pwa/tf_pwa/variable.py:417: UserWarning: Overwrite bound of f2(1430)_flatte_g_0!
  warnings.warn("Overwrite bound of {}!".format(name))
/afs/cern.ch/work/h/hwen/public/tf-pwa/tf_pwa/variable.py:417: UserWarning: Overwrite bound of f2(1430)_flatte_g_1!
  warnings.warn("Overwrite bound of {}!".format(name))
/afs/cern.ch/work/h/hwen/public/tf-pwa/tf_pwa/variable.py:417: UserWarning: Overwrite bound of f0(1370)_flatte_g_0!
  warnings.warn("Overwrite bound of {}!".format(name))
/afs/cern.ch/work/h/hwen/public/tf-pwa/tf_pwa/variable.py:417: UserWarning: Overwrite bound of f0(1370)_flatte_g_1!
  warnings.warn("Overwrite bound of {}!".format(name))
/afs/cern.ch/work/h/hwen/public/tf-pwa/tf_pwa/amp/core.py:407: UserWarning: No width provided for f0(500)_E791, set it to constant
  warnings.warn(
W0000 00:00:1783257237.541150     133 cpu_allocator_impl.cc:82] Allocation of 379847200 exceeds 10% of free system memory.
W0000 00:00:1783257238.544189     133 cpu_allocator_impl.cc:82] Allocation of 379847200 exceeds 10% of free system memory.
/afs/cern.ch/work/h/hwen/public/tf-pwa/tf_pwa/amp/core.py:421: UserWarning: 2 decays find for K2(2250)p, will used the first one for bw_l=1
  warnings.warn(
W0000 00:00:1783257291.754079     133 cpu_allocator_impl.cc:82] Allocation of 546104608 exceeds 10% of free system memory.
W0000 00:00:1783257291.829402     133 cpu_allocator_impl.cc:82] Allocation of 546104608 exceeds 10% of free system memory.
W0000 00:00:1783257291.914630     133 cpu_allocator_impl.cc:82] Allocation of 546104608 exceeds 10% of free system memory.
/afs/cern.ch/work/h/hwen/public/tf-pwa/tf_pwa/utils.py:265: UserWarning: matrix is not positive definited
  warnings.warn("matrix is not positive definited")
/afs/cern.ch/work/h/hwen/public/tf-pwa/tf_pwa/applications.py:277: UserWarning: Matrix forced pos-def by adding -0j to eigen value
  warnings.warn(
/afs/cern.ch/work/h/hwen/public/tf-pwa/tf_pwa/config_loader/config_loader.py:184: UserWarning: No data file as 'phsp_noeff', using the first 'phsp' file instead.
  warnings.warn(
