000 (11938589.000.000) 07/07 06:37:56 Job submitted from host: <188.185.8.79:9618?addrs=188.185.8.79-9618+[2001-1458-d00-63--100-23a]-9618&alias=bigbird26.cern.ch&noUDP&sock=schedd_5282_9754>
...
040 (11938589.000.000) 07/07 15:31:32 Started transferring input files
	Transferring to host: <188.185.190.15:9618?addrs=188.185.190.15-9618+[2001-1458-d03-b--100-66]-9618&alias=b9pgpun208.cern.ch&noUDP&sock=slot1_1_3415532_0705_49372>
...
040 (11938589.000.000) 07/07 15:31:32 Finished transferring input files
...
001 (11938589.000.000) 07/07 15:31:33 Job executing on host: <188.185.190.15:9618?addrs=188.185.190.15-9618+[2001-1458-d03-b--100-66]-9618&alias=b9pgpun208.cern.ch&noUDP&sock=startd_2982_fb81>
	SlotName: slot1_1@b9pgpun208.cern.ch
	AvailableGPUs = { GPUs_MIG_5496d0dd_abc7_56f1_9151_bf217b25cd57 }
	CondorScratchDir = "/pool/condor/dir_344245"
	Cpus = 10
	Disk = 2048
	GPUs = 1
	GPUs_MIG_5496d0dd_abc7_56f1_9151_bf217b25cd57 = [ Id = "MIG-5496d0dd-abc7-56f1-9151-bf217b25cd57"; DeviceName = "NVIDIA H100L-2-24C MIG 2g.24gb"; DeviceUuid = "MIG-5496d0dd-abc7-56f1-9151-bf217b25cd57"; ComputeUnits = 32; GlobalMemoryMb = 21547 ]
	Memory = 30800
...
006 (11938589.000.000) 07/07 15:31:41 Image size of job updated: 181264
	178  -  MemoryUsage of job (MB)
	181264  -  ResidentSetSize of job (KB)
...
006 (11938589.000.000) 07/07 15:36:41 Image size of job updated: 16095676
	15719  -  MemoryUsage of job (MB)
	16095676  -  ResidentSetSize of job (KB)
...
006 (11938589.000.000) 07/07 15:41:42 Image size of job updated: 16096692
	15720  -  MemoryUsage of job (MB)
	16096692  -  ResidentSetSize of job (KB)
...
006 (11938589.000.000) 07/07 15:46:43 Image size of job updated: 16105360
	15728  -  MemoryUsage of job (MB)
	16105360  -  ResidentSetSize of job (KB)
...
006 (11938589.000.000) 07/07 15:51:43 Image size of job updated: 16120976
	15744  -  MemoryUsage of job (MB)
	16120976  -  ResidentSetSize of job (KB)
...
006 (11938589.000.000) 07/07 15:56:44 Image size of job updated: 16142696
	15765  -  MemoryUsage of job (MB)
	16142696  -  ResidentSetSize of job (KB)
...
006 (11938589.000.000) 07/07 16:01:45 Image size of job updated: 16155612
	15777  -  MemoryUsage of job (MB)
	16155612  -  ResidentSetSize of job (KB)
...
006 (11938589.000.000) 07/07 16:06:45 Image size of job updated: 16177644
	15799  -  MemoryUsage of job (MB)
	16177644  -  ResidentSetSize of job (KB)
...
006 (11938589.000.000) 07/07 16:11:46 Image size of job updated: 16187200
	15808  -  MemoryUsage of job (MB)
	16187200  -  ResidentSetSize of job (KB)
...
006 (11938589.000.000) 07/07 16:16:47 Image size of job updated: 16196992
	15818  -  MemoryUsage of job (MB)
	16196992  -  ResidentSetSize of job (KB)
...
006 (11938589.000.000) 07/07 16:21:47 Image size of job updated: 16214460
	15835  -  MemoryUsage of job (MB)
	16214460  -  ResidentSetSize of job (KB)
...
006 (11938589.000.000) 07/07 16:26:48 Image size of job updated: 16221328
	15842  -  MemoryUsage of job (MB)
	16221328  -  ResidentSetSize of job (KB)
...
006 (11938589.000.000) 07/07 16:31:49 Image size of job updated: 16230244
	15850  -  MemoryUsage of job (MB)
	16230244  -  ResidentSetSize of job (KB)
...
006 (11938589.000.000) 07/07 16:36:49 Image size of job updated: 16239736
	15860  -  MemoryUsage of job (MB)
	16239736  -  ResidentSetSize of job (KB)
...
006 (11938589.000.000) 07/07 16:41:50 Image size of job updated: 16248792
	15868  -  MemoryUsage of job (MB)
	16248792  -  ResidentSetSize of job (KB)
...
006 (11938589.000.000) 07/07 16:46:51 Image size of job updated: 16258308
	15878  -  MemoryUsage of job (MB)
	16258308  -  ResidentSetSize of job (KB)
...
006 (11938589.000.000) 07/07 16:51:51 Image size of job updated: 16274288
	15893  -  MemoryUsage of job (MB)
	16274288  -  ResidentSetSize of job (KB)
...
006 (11938589.000.000) 07/07 16:56:52 Image size of job updated: 16285136
	15904  -  MemoryUsage of job (MB)
	16285136  -  ResidentSetSize of job (KB)
...
006 (11938589.000.000) 07/07 17:01:52 Image size of job updated: 16295736
	15914  -  MemoryUsage of job (MB)
	16295736  -  ResidentSetSize of job (KB)
...
006 (11938589.000.000) 07/07 17:06:52 Image size of job updated: 16325408
	15943  -  MemoryUsage of job (MB)
	16325408  -  ResidentSetSize of job (KB)
...
006 (11938589.000.000) 07/07 17:11:53 Image size of job updated: 16329896
	15948  -  MemoryUsage of job (MB)
	16329896  -  ResidentSetSize of job (KB)
...
006 (11938589.000.000) 07/07 17:16:54 Image size of job updated: 16341156
	15959  -  MemoryUsage of job (MB)
	16341156  -  ResidentSetSize of job (KB)
...
006 (11938589.000.000) 07/07 17:21:54 Image size of job updated: 16352696
	15970  -  MemoryUsage of job (MB)
	16352696  -  ResidentSetSize of job (KB)
...
006 (11938589.000.000) 07/07 17:26:55 Image size of job updated: 16364748
	15982  -  MemoryUsage of job (MB)
	16364748  -  ResidentSetSize of job (KB)
...
006 (11938589.000.000) 07/07 17:31:56 Image size of job updated: 16377088
	15994  -  MemoryUsage of job (MB)
	16377088  -  ResidentSetSize of job (KB)
...
006 (11938589.000.000) 07/07 17:36:56 Image size of job updated: 16389968
	16006  -  MemoryUsage of job (MB)
	16389968  -  ResidentSetSize of job (KB)
...
006 (11938589.000.000) 07/07 17:41:57 Image size of job updated: 16400976
	16017  -  MemoryUsage of job (MB)
	16400976  -  ResidentSetSize of job (KB)
...
006 (11938589.000.000) 07/07 17:46:58 Image size of job updated: 16412416
	16028  -  MemoryUsage of job (MB)
	16412416  -  ResidentSetSize of job (KB)
...
006 (11938589.000.000) 07/07 17:51:58 Image size of job updated: 16424256
	16040  -  MemoryUsage of job (MB)
	16424256  -  ResidentSetSize of job (KB)
...
006 (11938589.000.000) 07/07 17:56:58 Image size of job updated: 16437276
	16053  -  MemoryUsage of job (MB)
	16437276  -  ResidentSetSize of job (KB)
...
006 (11938589.000.000) 07/07 18:01:59 Image size of job updated: 16450744
	16066  -  MemoryUsage of job (MB)
	16450744  -  ResidentSetSize of job (KB)
...
006 (11938589.000.000) 07/07 18:06:59 Image size of job updated: 16463972
	16079  -  MemoryUsage of job (MB)
	16463972  -  ResidentSetSize of job (KB)
...
006 (11938589.000.000) 07/07 18:11:59 Image size of job updated: 16477512
	16092  -  MemoryUsage of job (MB)
	16477512  -  ResidentSetSize of job (KB)
...
006 (11938589.000.000) 07/07 18:17:00 Image size of job updated: 16535624
	16149  -  MemoryUsage of job (MB)
	16535624  -  ResidentSetSize of job (KB)
...
006 (11938589.000.000) 07/07 18:27:00 Image size of job updated: 16538912
	16152  -  MemoryUsage of job (MB)
	16538912  -  ResidentSetSize of job (KB)
...
006 (11938589.000.000) 07/07 18:32:01 Image size of job updated: 16550712
	16163  -  MemoryUsage of job (MB)
	16550712  -  ResidentSetSize of job (KB)
...
006 (11938589.000.000) 07/07 18:37:02 Image size of job updated: 16563452
	16176  -  MemoryUsage of job (MB)
	16563452  -  ResidentSetSize of job (KB)
...
006 (11938589.000.000) 07/07 18:42:02 Image size of job updated: 16576672
	16189  -  MemoryUsage of job (MB)
	16576672  -  ResidentSetSize of job (KB)
...
006 (11938589.000.000) 07/07 18:47:03 Image size of job updated: 16589632
	16201  -  MemoryUsage of job (MB)
	16589632  -  ResidentSetSize of job (KB)
...
006 (11938589.000.000) 07/07 18:52:04 Image size of job updated: 18378316
	17948  -  MemoryUsage of job (MB)
	18378316  -  ResidentSetSize of job (KB)
...
006 (11938589.000.000) 07/07 18:57:04 Image size of job updated: 18655272
	18219  -  MemoryUsage of job (MB)
	18655272  -  ResidentSetSize of job (KB)
...
006 (11938589.000.000) 07/07 19:02:05 Image size of job updated: 19213336
	18403  -  MemoryUsage of job (MB)
	18844388  -  ResidentSetSize of job (KB)
...
040 (11938589.000.000) 07/07 19:03:45 Started transferring output files
...
040 (11938589.000.000) 07/07 19:03:45 Finished transferring output files
...
005 (11938589.000.000) 07/07 19:03:45 Job terminated.
	(1) Normal termination (return value 0)
		Usr 1 15:05:42, Sys 0 00:39:48  -  Run Remote Usage
		Usr 0 00:00:00, Sys 0 00:00:00  -  Run Local Usage
		Usr 1 15:05:42, Sys 0 00:39:48  -  Total Remote Usage
		Usr 0 00:00:00, Sys 0 00:00:00  -  Total Local Usage
	557707  -  Run Bytes Sent By Job
	340  -  Run Bytes Received By Job
	557707  -  Total Bytes Sent By Job
	340  -  Total Bytes Received By Job
	Partitionable Resources :    Usage  Request Allocated Assigned
	   Cpus                 :     2.05       10        10 
	   Disk (KB)            :   840           1      2048 
	   GPUs                 :                 1         1 "MIG-5496d0dd-abc7-56f1-9151-bf217b25cd57"
	   Memory (MB)          : 18403       30720     30800 
	   TimeExecute (s)      : 12732                       
	   TimeSlotBusy (s)     : 12733                       
...
