000 (11938618.000.000) 07/07 06:38:04 Job submitted from host: <188.185.8.79:9618?addrs=188.185.8.79-9618+[2001-1458-d00-63--100-23a]-9618&alias=bigbird26.cern.ch&noUDP&sock=schedd_5282_9754>
...
040 (11938618.000.000) 07/08 07:06:38 Started transferring input files
	Transferring to host: <188.185.92.239:9618?addrs=188.185.92.239-9618+[2001-1458-d00-6c--100-17f]-9618&alias=b9g57n0920.cern.ch&noUDP&sock=slot1_1_9532_e7fd_18226>
...
040 (11938618.000.000) 07/08 07:06:38 Finished transferring input files
...
001 (11938618.000.000) 07/08 07:06:39 Job executing on host: <188.185.92.239:9618?addrs=188.185.92.239-9618+[2001-1458-d00-6c--100-17f]-9618&alias=b9g57n0920.cern.ch&noUDP&sock=startd_9486_2f7a>
	SlotName: slot1_1@b9g57n0920.cern.ch
	AvailableGPUs = { GPUs_GPU_8d43ad94 }
	CondorScratchDir = "/pool/condor/dir_3357314"
	Cpus = 10
	Disk = 2048
	GPUs = 1
	GPUs_GPU_8d43ad94 = [ Id = "GPU-8d43ad94"; ClockMhz = 1410.0; Capability = 8.0; CoresPerCU = 64; DeviceName = "NVIDIA A100-PCIE-40GB"; DeviceUuid = "8d43ad94-828d-2bc1-1e6a-26c0665e1e4d"; ECCEnabled = true; ComputeUnits = 108; DriverVersion = 13.0; DevicePciBusId = "0000:06:00.0"; GlobalMemoryMb = 40441; MaxSupportedVersion = 13000 ]
	Memory = 30800
...
006 (11938618.000.000) 07/08 07:06:52 Image size of job updated: 195620
	192  -  MemoryUsage of job (MB)
	195620  -  ResidentSetSize of job (KB)
...
006 (11938618.000.000) 07/08 07:11:52 Image size of job updated: 12756832
	12138  -  MemoryUsage of job (MB)
	12429016  -  ResidentSetSize of job (KB)
...
006 (11938618.000.000) 07/08 07:16:53 Image size of job updated: 12832832
	12533  -  MemoryUsage of job (MB)
	12832832  -  ResidentSetSize of job (KB)
...
006 (11938618.000.000) 07/08 07:21:53 Image size of job updated: 12964576
	12533  -  MemoryUsage of job (MB)
	12832832  -  ResidentSetSize of job (KB)
...
006 (11938618.000.000) 07/08 07:46:55 Image size of job updated: 13001892
	12533  -  MemoryUsage of job (MB)
	12832832  -  ResidentSetSize of job (KB)
...
006 (11938618.000.000) 07/08 07:51:56 Image size of job updated: 13023924
	12533  -  MemoryUsage of job (MB)
	12832832  -  ResidentSetSize of job (KB)
...
006 (11938618.000.000) 07/08 07:56:56 Image size of job updated: 13034992
	12533  -  MemoryUsage of job (MB)
	12832832  -  ResidentSetSize of job (KB)
...
006 (11938618.000.000) 07/08 08:01:57 Image size of job updated: 13052236
	12533  -  MemoryUsage of job (MB)
	12832832  -  ResidentSetSize of job (KB)
...
006 (11938618.000.000) 07/08 08:16:59 Image size of job updated: 13083028
	12533  -  MemoryUsage of job (MB)
	12832832  -  ResidentSetSize of job (KB)
...
006 (11938618.000.000) 07/08 08:22:00 Image size of job updated: 13140468
	12533  -  MemoryUsage of job (MB)
	12832832  -  ResidentSetSize of job (KB)
...
006 (11938618.000.000) 07/08 08:27:00 Image size of job updated: 13156272
	12538  -  MemoryUsage of job (MB)
	12838496  -  ResidentSetSize of job (KB)
...
006 (11938618.000.000) 07/08 08:47:03 Image size of job updated: 13156272
	12555  -  MemoryUsage of job (MB)
	12856272  -  ResidentSetSize of job (KB)
...
006 (11938618.000.000) 07/08 08:52:04 Image size of job updated: 13173228
	12555  -  MemoryUsage of job (MB)
	12856272  -  ResidentSetSize of job (KB)
...
006 (11938618.000.000) 07/08 09:02:05 Image size of job updated: 13209464
	12555  -  MemoryUsage of job (MB)
	12856272  -  ResidentSetSize of job (KB)
...
006 (11938618.000.000) 07/08 09:12:06 Image size of job updated: 13209464
	12633  -  MemoryUsage of job (MB)
	12935892  -  ResidentSetSize of job (KB)
...
006 (11938618.000.000) 07/08 09:17:07 Image size of job updated: 13209464
	12642  -  MemoryUsage of job (MB)
	12945272  -  ResidentSetSize of job (KB)
...
006 (11938618.000.000) 07/08 09:22:08 Image size of job updated: 13209464
	12655  -  MemoryUsage of job (MB)
	12958312  -  ResidentSetSize of job (KB)
...
006 (11938618.000.000) 07/08 09:27:08 Image size of job updated: 13209464
	12874  -  MemoryUsage of job (MB)
	13182752  -  ResidentSetSize of job (KB)
...
006 (11938618.000.000) 07/08 09:32:09 Image size of job updated: 13209464
	12881  -  MemoryUsage of job (MB)
	13189868  -  ResidentSetSize of job (KB)
...
006 (11938618.000.000) 07/08 09:52:12 Image size of job updated: 13244780
	12881  -  MemoryUsage of job (MB)
	13189868  -  ResidentSetSize of job (KB)
...
006 (11938618.000.000) 07/08 10:22:16 Image size of job updated: 13316856
	12881  -  MemoryUsage of job (MB)
	13189868  -  ResidentSetSize of job (KB)
...
006 (11938618.000.000) 07/08 10:42:18 Image size of job updated: 13362028
	12881  -  MemoryUsage of job (MB)
	13189868  -  ResidentSetSize of job (KB)
...
006 (11938618.000.000) 07/08 10:47:19 Image size of job updated: 13362028
	12937  -  MemoryUsage of job (MB)
	13246496  -  ResidentSetSize of job (KB)
...
006 (11938618.000.000) 07/08 10:52:20 Image size of job updated: 13417676
	13003  -  MemoryUsage of job (MB)
	13314464  -  ResidentSetSize of job (KB)
...
006 (11938618.000.000) 07/08 10:57:20 Image size of job updated: 13419212
	13003  -  MemoryUsage of job (MB)
	13314464  -  ResidentSetSize of job (KB)
...
006 (11938618.000.000) 07/08 11:07:22 Image size of job updated: 13423204
	13109  -  MemoryUsage of job (MB)
	13423204  -  ResidentSetSize of job (KB)
...
006 (11938618.000.000) 07/08 11:12:22 Image size of job updated: 13463684
	13122  -  MemoryUsage of job (MB)
	13436552  -  ResidentSetSize of job (KB)
...
006 (11938618.000.000) 07/08 11:32:23 Image size of job updated: 13474400
	13122  -  MemoryUsage of job (MB)
	13436552  -  ResidentSetSize of job (KB)
...
006 (11938618.000.000) 07/08 11:47:24 Image size of job updated: 17268752
	16865  -  MemoryUsage of job (MB)
	17268752  -  ResidentSetSize of job (KB)
...
006 (11938618.000.000) 07/08 11:52:25 Image size of job updated: 19027592
	18426  -  MemoryUsage of job (MB)
	18867604  -  ResidentSetSize of job (KB)
...
040 (11938618.000.000) 07/08 12:11:16 Started transferring output files
...
040 (11938618.000.000) 07/08 12:11:16 Finished transferring output files
...
005 (11938618.000.000) 07/08 12:11:16 Job terminated.
	(1) Normal termination (return value 0)
		Usr 1 18:32:54, Sys 0 06:01:47  -  Run Remote Usage
		Usr 0 00:00:00, Sys 0 00:00:00  -  Run Local Usage
		Usr 1 18:32:54, Sys 0 06:01:47  -  Total Remote Usage
		Usr 0 00:00:00, Sys 0 00:00:00  -  Total Local Usage
	661140  -  Run Bytes Sent By Job
	333  -  Run Bytes Received By Job
	661140  -  Total Bytes Sent By Job
	333  -  Total Bytes Received By Job
	Partitionable Resources :    Usage  Request Allocated Assigned
	   Cpus                 :     1.83       10        10 
	   Disk (KB)            :   942           1      2048 
	   GPUs                 :     0           1         1 "GPU-8d43ad94"
	   GpusMemory (MB)      :   522                       
	   Memory (MB)          : 18426       30720     30800 
	   TimeExecute (s)      : 18277                       
	   TimeSlotBusy (s)     : 18279                       
...
