000 (11921172.000.000) 07/05 06:06:54 Job submitted from host: <188.185.8.79:9618?addrs=188.185.8.79-9618+[2001-1458-d00-63--100-23a]-9618&alias=bigbird26.cern.ch&noUDP&sock=schedd_5282_9754>
...
040 (11921172.000.000) 07/05 07:08:36 Started transferring input files
	Transferring to host: <188.185.92.187:9618?addrs=188.185.92.187-9618+[2001-1458-d00-6c--100-187]-9618&alias=b9g57n1627.cern.ch&noUDP&sock=slot1_1_15549_6d51_164272>
...
040 (11921172.000.000) 07/05 07:08:36 Finished transferring input files
...
001 (11921172.000.000) 07/05 07:08:37 Job executing on host: <188.185.92.187:9618?addrs=188.185.92.187-9618+[2001-1458-d00-6c--100-187]-9618&alias=b9g57n1627.cern.ch&noUDP&sock=startd_14708_0b09>
	SlotName: slot1_1@b9g57n1627.cern.ch
	AvailableGPUs = { GPUs_GPU_17f035a0 }
	CondorScratchDir = "/pool/condor/dir_3755900"
	Cpus = 10
	Disk = 2048
	GPUs = 1
	GPUs_GPU_17f035a0 = [ Id = "GPU-17f035a0"; ClockMhz = 1410.0; Capability = 8.0; CoresPerCU = 64; DeviceName = "NVIDIA A100-PCIE-40GB"; DeviceUuid = "17f035a0-2803-bbec-2357-4944e9cca222"; ECCEnabled = true; ComputeUnits = 108; DriverVersion = 13.0; DevicePciBusId = "0000:06:00.0"; GlobalMemoryMb = 40441; MaxSupportedVersion = 13000 ]
	Memory = 30800
...
006 (11921172.000.000) 07/05 07:08:51 Image size of job updated: 7448
	8  -  MemoryUsage of job (MB)
	7448  -  ResidentSetSize of job (KB)
...
006 (11921172.000.000) 07/05 07:13:52 Image size of job updated: 245828
	241  -  MemoryUsage of job (MB)
	245828  -  ResidentSetSize of job (KB)
...
006 (11921172.000.000) 07/05 07:18:52 Image size of job updated: 12063360
	11391  -  MemoryUsage of job (MB)
	11663944  -  ResidentSetSize of job (KB)
...
006 (11921172.000.000) 07/05 07:23:53 Image size of job updated: 12429004
	11606  -  MemoryUsage of job (MB)
	11884484  -  ResidentSetSize of job (KB)
...
006 (11921172.000.000) 07/05 07:28:54 Image size of job updated: 12429004
	11689  -  MemoryUsage of job (MB)
	11969464  -  ResidentSetSize of job (KB)
...
006 (11921172.000.000) 07/05 07:38:55 Image size of job updated: 12444764
	11689  -  MemoryUsage of job (MB)
	11969464  -  ResidentSetSize of job (KB)
...
006 (11921172.000.000) 07/05 07:43:56 Image size of job updated: 12521212
	11805  -  MemoryUsage of job (MB)
	12087988  -  ResidentSetSize of job (KB)
...
006 (11921172.000.000) 07/05 07:48:56 Image size of job updated: 12571492
	11842  -  MemoryUsage of job (MB)
	12125472  -  ResidentSetSize of job (KB)
...
006 (11921172.000.000) 07/05 08:03:58 Image size of job updated: 12571492
	11853  -  MemoryUsage of job (MB)
	12137128  -  ResidentSetSize of job (KB)
...
006 (11921172.000.000) 07/05 08:13:59 Image size of job updated: 12571492
	12212  -  MemoryUsage of job (MB)
	12504928  -  ResidentSetSize of job (KB)
...
006 (11921172.000.000) 07/05 08:18:59 Image size of job updated: 12571492
	12216  -  MemoryUsage of job (MB)
	12509024  -  ResidentSetSize of job (KB)
...
006 (11921172.000.000) 07/05 08:34:00 Image size of job updated: 12629692
	12216  -  MemoryUsage of job (MB)
	12509024  -  ResidentSetSize of job (KB)
...
006 (11921172.000.000) 07/05 08:54:03 Image size of job updated: 12642712
	12216  -  MemoryUsage of job (MB)
	12509024  -  ResidentSetSize of job (KB)
...
006 (11921172.000.000) 07/05 09:59:08 Image size of job updated: 12668252
	12216  -  MemoryUsage of job (MB)
	12509024  -  ResidentSetSize of job (KB)
...
006 (11921172.000.000) 07/05 10:04:08 Image size of job updated: 12702672
	12216  -  MemoryUsage of job (MB)
	12509024  -  ResidentSetSize of job (KB)
...
006 (11921172.000.000) 07/05 10:14:09 Image size of job updated: 12790676
	12262  -  MemoryUsage of job (MB)
	12555320  -  ResidentSetSize of job (KB)
...
006 (11921172.000.000) 07/05 10:19:09 Image size of job updated: 12790676
	12298  -  MemoryUsage of job (MB)
	12592736  -  ResidentSetSize of job (KB)
...
006 (11921172.000.000) 07/05 10:24:09 Image size of job updated: 13604568
	13067  -  MemoryUsage of job (MB)
	13379916  -  ResidentSetSize of job (KB)
...
006 (11921172.000.000) 07/05 10:29:10 Image size of job updated: 18124436
	17457  -  MemoryUsage of job (MB)
	17875088  -  ResidentSetSize of job (KB)
...
040 (11921172.000.000) 07/05 10:45:52 Started transferring output files
...
040 (11921172.000.000) 07/05 10:45:52 Finished transferring output files
...
005 (11921172.000.000) 07/05 10:45:52 Job terminated.
	(1) Normal termination (return value 0)
		Usr 1 05:01:46, Sys 0 04:28:01  -  Run Remote Usage
		Usr 0 00:00:00, Sys 0 00:00:00  -  Run Local Usage
		Usr 1 05:01:46, Sys 0 04:28:01  -  Total Remote Usage
		Usr 0 00:00:00, Sys 0 00:00:00  -  Total Local Usage
	512664  -  Run Bytes Sent By Job
	333  -  Run Bytes Received By Job
	512664  -  Total Bytes Sent By Job
	333  -  Total Bytes Received By Job
	Partitionable Resources :    Usage  Request Allocated Assigned
	   Cpus                 :     1.97       10        10 
	   Disk (KB)            :   797           1      2048 
	   GPUs                 :     0           1         1 "GPU-17f035a0"
	   GpusMemory (MB)      :   523                       
	   Memory (MB)          : 17457       30720     30800 
	   TimeExecute (s)      : 13035                       
	   TimeSlotBusy (s)     : 13036                       
...
