000 (11938580.000.000) 07/07 06:37:49 Job submitted from host: <188.185.8.79:9618?addrs=188.185.8.79-9618+[2001-1458-d00-63--100-23a]-9618&alias=bigbird26.cern.ch&noUDP&sock=schedd_5282_9754>
...
040 (11938580.000.000) 07/07 13:40:48 Started transferring input files
	Transferring to host: <188.185.190.40:9618?addrs=188.185.190.40-9618+[2001-1458-d03-b--100-59]-9618&alias=b9pgpun218.cern.ch&noUDP&sock=slot1_1_7817_8897_48274>
...
040 (11938580.000.000) 07/07 13:40:48 Finished transferring input files
...
001 (11938580.000.000) 07/07 13:40:49 Job executing on host: <188.185.190.40:9618?addrs=188.185.190.40-9618+[2001-1458-d03-b--100-59]-9618&alias=b9pgpun218.cern.ch&noUDP&sock=startd_6514_a402>
	SlotName: slot1_1@b9pgpun218.cern.ch
	AvailableGPUs = { GPUs_MIG_5a031430_1d9d_5c22_8774_95ded26092ce }
	CondorScratchDir = "/pool/condor/dir_666421"
	Cpus = 10
	Disk = 2021
	GPUs = 1
	GPUs_MIG_5a031430_1d9d_5c22_8774_95ded26092ce = [ Id = "MIG-5a031430-1d9d-5c22-8774-95ded26092ce"; DeviceName = "NVIDIA H100L-2-24C MIG 2g.24gb"; DeviceUuid = "MIG-5a031430-1d9d-5c22-8774-95ded26092ce"; ComputeUnits = 32; GlobalMemoryMb = 21547 ]
	Memory = 30800
...
006 (11938580.000.000) 07/07 13:40:57 Image size of job updated: 203408
	199  -  MemoryUsage of job (MB)
	203408  -  ResidentSetSize of job (KB)
...
006 (11938580.000.000) 07/07 13:45:57 Image size of job updated: 15695824
	15328  -  MemoryUsage of job (MB)
	15695824  -  ResidentSetSize of job (KB)
...
006 (11938580.000.000) 07/07 13:50:58 Image size of job updated: 15697216
	15330  -  MemoryUsage of job (MB)
	15697216  -  ResidentSetSize of job (KB)
...
006 (11938580.000.000) 07/07 13:55:59 Image size of job updated: 15707604
	15340  -  MemoryUsage of job (MB)
	15707604  -  ResidentSetSize of job (KB)
...
006 (11938580.000.000) 07/07 14:00:59 Image size of job updated: 15717540
	15350  -  MemoryUsage of job (MB)
	15717540  -  ResidentSetSize of job (KB)
...
006 (11938580.000.000) 07/07 14:06:00 Image size of job updated: 15731412
	15363  -  MemoryUsage of job (MB)
	15731412  -  ResidentSetSize of job (KB)
...
006 (11938580.000.000) 07/07 14:11:01 Image size of job updated: 15741556
	15373  -  MemoryUsage of job (MB)
	15741556  -  ResidentSetSize of job (KB)
...
006 (11938580.000.000) 07/07 14:16:01 Image size of job updated: 15751824
	15383  -  MemoryUsage of job (MB)
	15751824  -  ResidentSetSize of job (KB)
...
006 (11938580.000.000) 07/07 14:21:02 Image size of job updated: 15762064
	15393  -  MemoryUsage of job (MB)
	15762064  -  ResidentSetSize of job (KB)
...
006 (11938580.000.000) 07/07 14:26:03 Image size of job updated: 15772668
	15403  -  MemoryUsage of job (MB)
	15772668  -  ResidentSetSize of job (KB)
...
006 (11938580.000.000) 07/07 14:31:03 Image size of job updated: 15788732
	15419  -  MemoryUsage of job (MB)
	15788732  -  ResidentSetSize of job (KB)
...
006 (11938580.000.000) 07/07 14:36:04 Image size of job updated: 15797040
	15427  -  MemoryUsage of job (MB)
	15797040  -  ResidentSetSize of job (KB)
...
006 (11938580.000.000) 07/07 14:41:05 Image size of job updated: 15806608
	15437  -  MemoryUsage of job (MB)
	15806608  -  ResidentSetSize of job (KB)
...
006 (11938580.000.000) 07/07 14:46:05 Image size of job updated: 15815868
	15446  -  MemoryUsage of job (MB)
	15815868  -  ResidentSetSize of job (KB)
...
006 (11938580.000.000) 07/07 14:51:06 Image size of job updated: 15825056
	15455  -  MemoryUsage of job (MB)
	15825056  -  ResidentSetSize of job (KB)
...
006 (11938580.000.000) 07/07 14:56:07 Image size of job updated: 15834232
	15464  -  MemoryUsage of job (MB)
	15834232  -  ResidentSetSize of job (KB)
...
006 (11938580.000.000) 07/07 15:01:07 Image size of job updated: 15844648
	15474  -  MemoryUsage of job (MB)
	15844648  -  ResidentSetSize of job (KB)
...
006 (11938580.000.000) 07/07 15:06:08 Image size of job updated: 15855140
	15484  -  MemoryUsage of job (MB)
	15855140  -  ResidentSetSize of job (KB)
...
006 (11938580.000.000) 07/07 15:11:09 Image size of job updated: 15886832
	15515  -  MemoryUsage of job (MB)
	15886832  -  ResidentSetSize of job (KB)
...
006 (11938580.000.000) 07/07 15:16:09 Image size of job updated: 15887476
	15516  -  MemoryUsage of job (MB)
	15887476  -  ResidentSetSize of job (KB)
...
006 (11938580.000.000) 07/07 15:21:11 Image size of job updated: 15897292
	15525  -  MemoryUsage of job (MB)
	15897292  -  ResidentSetSize of job (KB)
...
006 (11938580.000.000) 07/07 15:26:11 Image size of job updated: 15907764
	15535  -  MemoryUsage of job (MB)
	15907764  -  ResidentSetSize of job (KB)
...
006 (11938580.000.000) 07/07 15:31:11 Image size of job updated: 15919044
	15546  -  MemoryUsage of job (MB)
	15919044  -  ResidentSetSize of job (KB)
...
006 (11938580.000.000) 07/07 15:36:12 Image size of job updated: 15930380
	15558  -  MemoryUsage of job (MB)
	15930380  -  ResidentSetSize of job (KB)
...
006 (11938580.000.000) 07/07 15:41:13 Image size of job updated: 15940588
	15567  -  MemoryUsage of job (MB)
	15940588  -  ResidentSetSize of job (KB)
...
006 (11938580.000.000) 07/07 15:46:13 Image size of job updated: 15950768
	15577  -  MemoryUsage of job (MB)
	15950768  -  ResidentSetSize of job (KB)
...
006 (11938580.000.000) 07/07 15:51:14 Image size of job updated: 15961148
	15588  -  MemoryUsage of job (MB)
	15961148  -  ResidentSetSize of job (KB)
...
006 (11938580.000.000) 07/07 15:56:15 Image size of job updated: 15971632
	15598  -  MemoryUsage of job (MB)
	15971632  -  ResidentSetSize of job (KB)
...
006 (11938580.000.000) 07/07 16:01:15 Image size of job updated: 15981300
	15607  -  MemoryUsage of job (MB)
	15981300  -  ResidentSetSize of job (KB)
...
006 (11938580.000.000) 07/07 16:06:16 Image size of job updated: 15991460
	15617  -  MemoryUsage of job (MB)
	15991460  -  ResidentSetSize of job (KB)
...
006 (11938580.000.000) 07/07 16:11:17 Image size of job updated: 16000768
	15626  -  MemoryUsage of job (MB)
	16000768  -  ResidentSetSize of job (KB)
...
006 (11938580.000.000) 07/07 16:16:17 Image size of job updated: 16010852
	15636  -  MemoryUsage of job (MB)
	16010852  -  ResidentSetSize of job (KB)
...
006 (11938580.000.000) 07/07 16:21:18 Image size of job updated: 16019084
	15644  -  MemoryUsage of job (MB)
	16019084  -  ResidentSetSize of job (KB)
...
006 (11938580.000.000) 07/07 16:26:19 Image size of job updated: 16028208
	15653  -  MemoryUsage of job (MB)
	16028208  -  ResidentSetSize of job (KB)
...
006 (11938580.000.000) 07/07 16:31:19 Image size of job updated: 16037716
	15662  -  MemoryUsage of job (MB)
	16037716  -  ResidentSetSize of job (KB)
...
006 (11938580.000.000) 07/07 16:36:20 Image size of job updated: 16046956
	15671  -  MemoryUsage of job (MB)
	16046956  -  ResidentSetSize of job (KB)
...
006 (11938580.000.000) 07/07 16:41:21 Image size of job updated: 16098188
	15721  -  MemoryUsage of job (MB)
	16098188  -  ResidentSetSize of job (KB)
...
006 (11938580.000.000) 07/07 16:51:22 Image size of job updated: 16099604
	15723  -  MemoryUsage of job (MB)
	16099604  -  ResidentSetSize of job (KB)
...
006 (11938580.000.000) 07/07 16:56:23 Image size of job updated: 16109528
	15732  -  MemoryUsage of job (MB)
	16109528  -  ResidentSetSize of job (KB)
...
006 (11938580.000.000) 07/07 17:01:23 Image size of job updated: 16119624
	15742  -  MemoryUsage of job (MB)
	16119624  -  ResidentSetSize of job (KB)
...
006 (11938580.000.000) 07/07 17:06:24 Image size of job updated: 16129772
	15752  -  MemoryUsage of job (MB)
	16129772  -  ResidentSetSize of job (KB)
...
006 (11938580.000.000) 07/07 17:11:25 Image size of job updated: 16140212
	15762  -  MemoryUsage of job (MB)
	16140212  -  ResidentSetSize of job (KB)
...
006 (11938580.000.000) 07/07 17:16:25 Image size of job updated: 16150220
	15772  -  MemoryUsage of job (MB)
	16150220  -  ResidentSetSize of job (KB)
...
006 (11938580.000.000) 07/07 17:21:26 Image size of job updated: 16160636
	15782  -  MemoryUsage of job (MB)
	16160636  -  ResidentSetSize of job (KB)
...
006 (11938580.000.000) 07/07 17:26:27 Image size of job updated: 16171320
	15793  -  MemoryUsage of job (MB)
	16171320  -  ResidentSetSize of job (KB)
...
006 (11938580.000.000) 07/07 17:31:27 Image size of job updated: 16181904
	15803  -  MemoryUsage of job (MB)
	16181904  -  ResidentSetSize of job (KB)
...
006 (11938580.000.000) 07/07 17:36:28 Image size of job updated: 16192904
	15814  -  MemoryUsage of job (MB)
	16192904  -  ResidentSetSize of job (KB)
...
006 (11938580.000.000) 07/07 17:41:29 Image size of job updated: 16204188
	15825  -  MemoryUsage of job (MB)
	16204188  -  ResidentSetSize of job (KB)
...
006 (11938580.000.000) 07/07 17:46:29 Image size of job updated: 16215632
	15836  -  MemoryUsage of job (MB)
	16215632  -  ResidentSetSize of job (KB)
...
006 (11938580.000.000) 07/07 17:51:30 Image size of job updated: 16227212
	15847  -  MemoryUsage of job (MB)
	16227212  -  ResidentSetSize of job (KB)
...
006 (11938580.000.000) 07/07 17:56:31 Image size of job updated: 16238836
	15859  -  MemoryUsage of job (MB)
	16238836  -  ResidentSetSize of job (KB)
...
006 (11938580.000.000) 07/07 18:01:31 Image size of job updated: 16248764
	15868  -  MemoryUsage of job (MB)
	16248764  -  ResidentSetSize of job (KB)
...
006 (11938580.000.000) 07/07 18:06:32 Image size of job updated: 16259188
	15879  -  MemoryUsage of job (MB)
	16259188  -  ResidentSetSize of job (KB)
...
006 (11938580.000.000) 07/07 18:11:33 Image size of job updated: 16269880
	15889  -  MemoryUsage of job (MB)
	16269880  -  ResidentSetSize of job (KB)
...
006 (11938580.000.000) 07/07 18:16:33 Image size of job updated: 16280596
	15900  -  MemoryUsage of job (MB)
	16280596  -  ResidentSetSize of job (KB)
...
006 (11938580.000.000) 07/07 18:21:34 Image size of job updated: 16291572
	15910  -  MemoryUsage of job (MB)
	16291572  -  ResidentSetSize of job (KB)
...
006 (11938580.000.000) 07/07 18:26:35 Image size of job updated: 16302264
	15921  -  MemoryUsage of job (MB)
	16302264  -  ResidentSetSize of job (KB)
...
006 (11938580.000.000) 07/07 18:31:35 Image size of job updated: 16313464
	15932  -  MemoryUsage of job (MB)
	16313464  -  ResidentSetSize of job (KB)
...
006 (11938580.000.000) 07/07 18:36:36 Image size of job updated: 16324660
	15943  -  MemoryUsage of job (MB)
	16324660  -  ResidentSetSize of job (KB)
...
006 (11938580.000.000) 07/07 18:41:37 Image size of job updated: 16335564
	15953  -  MemoryUsage of job (MB)
	16335564  -  ResidentSetSize of job (KB)
...
006 (11938580.000.000) 07/07 18:46:37 Image size of job updated: 16346884
	15964  -  MemoryUsage of job (MB)
	16346884  -  ResidentSetSize of job (KB)
...
006 (11938580.000.000) 07/07 18:51:37 Image size of job updated: 16407256
	16012  -  MemoryUsage of job (MB)
	16395336  -  ResidentSetSize of job (KB)
...
006 (11938580.000.000) 07/07 18:56:38 Image size of job updated: 17641804
	17229  -  MemoryUsage of job (MB)
	17641804  -  ResidentSetSize of job (KB)
...
006 (11938580.000.000) 07/07 19:01:38 Image size of job updated: 18801088
	18361  -  MemoryUsage of job (MB)
	18801088  -  ResidentSetSize of job (KB)
...
006 (11938580.000.000) 07/07 19:06:38 Image size of job updated: 19438260
	18982  -  MemoryUsage of job (MB)
	19437236  -  ResidentSetSize of job (KB)
...
040 (11938580.000.000) 07/07 19:09:52 Started transferring output files
...
040 (11938580.000.000) 07/07 19:09:52 Finished transferring output files
...
005 (11938580.000.000) 07/07 19:09:52 Job terminated.
	(1) Normal termination (return value 0)
		Usr 2 09:46:27, Sys 0 01:30:12  -  Run Remote Usage
		Usr 0 00:00:00, Sys 0 00:00:00  -  Run Local Usage
		Usr 2 09:46:27, Sys 0 01:30:12  -  Total Remote Usage
		Usr 0 00:00:00, Sys 0 00:00:00  -  Total Local Usage
	751537  -  Run Bytes Sent By Job
	333  -  Run Bytes Received By Job
	751537  -  Total Bytes Sent By Job
	333  -  Total Bytes Received By Job
	Partitionable Resources :    Usage  Request Allocated Assigned
	   Cpus                 :     4.70       10        10 
	   Disk (KB)            :  1030           1      2021 
	   GPUs                 :                 1         1 "MIG-5a031430-1d9d-5c22-8774-95ded26092ce"
	   Memory (MB)          : 18982       30720     30800 
	   TimeExecute (s)      : 19743                       
	   TimeSlotBusy (s)     : 19744                       
...
