000 (11921173.000.000) 07/05 06:06:55 Job submitted from host: <188.185.8.79:9618?addrs=188.185.8.79-9618+[2001-1458-d00-63--100-23a]-9618&alias=bigbird26.cern.ch&noUDP&sock=schedd_5282_9754>
...
040 (11921173.000.000) 07/05 07:15:50 Started transferring input files
	Transferring to host: <188.185.238.12:9618?addrs=188.185.238.12-9618+[2001-1458-303-28--100-8]-9618&alias=b9pgpun001.cern.ch&noUDP&sock=slot1_2_3229370_0eb2_161354>
...
040 (11921173.000.000) 07/05 07:15:50 Finished transferring input files
...
001 (11921173.000.000) 07/05 07:15:51 Job executing on host: <188.185.238.12:9618?addrs=188.185.238.12-9618+[2001-1458-303-28--100-8]-9618&alias=b9pgpun001.cern.ch&noUDP&sock=startd_16419_a594>
	SlotName: slot1_2@b9pgpun001.cern.ch
	AvailableGPUs = { GPUs_GPU_8b6364bc }
	CondorScratchDir = "/pool/condor/dir_1694652"
	Cpus = 10
	Disk = 7011
	GPUs = 1
	GPUs_GPU_8b6364bc = [ Id = "GPU-8b6364bc"; ClockMhz = 1785.0; Capability = 9.0; CoresPerCU = 128; DeviceName = "NVIDIA H100 NVL"; DeviceUuid = "8b6364bc-045c-d99d-b867-6ceb39f9bcba"; ECCEnabled = true; ComputeUnits = 132; DriverVersion = 13.0; DevicePciBusId = "0000:3B:00.0"; GlobalMemoryMb = 95320; MaxSupportedVersion = 13000 ]
	Memory = 30800
...
006 (11921173.000.000) 07/05 07:16:05 Image size of job updated: 237716
	233  -  MemoryUsage of job (MB)
	237716  -  ResidentSetSize of job (KB)
...
006 (11921173.000.000) 07/05 07:21:06 Image size of job updated: 16139684
	15760  -  MemoryUsage of job (MB)
	16138124  -  ResidentSetSize of job (KB)
...
006 (11921173.000.000) 07/05 07:26:06 Image size of job updated: 16164768
	15786  -  MemoryUsage of job (MB)
	16164768  -  ResidentSetSize of job (KB)
...
006 (11921173.000.000) 07/05 07:31:07 Image size of job updated: 16190300
	15811  -  MemoryUsage of job (MB)
	16190300  -  ResidentSetSize of job (KB)
...
006 (11921173.000.000) 07/05 07:36:07 Image size of job updated: 16211440
	15832  -  MemoryUsage of job (MB)
	16211440  -  ResidentSetSize of job (KB)
...
006 (11921173.000.000) 07/05 07:41:08 Image size of job updated: 16251492
	15871  -  MemoryUsage of job (MB)
	16251492  -  ResidentSetSize of job (KB)
...
006 (11921173.000.000) 07/05 07:46:08 Image size of job updated: 16270732
	15890  -  MemoryUsage of job (MB)
	16270732  -  ResidentSetSize of job (KB)
...
006 (11921173.000.000) 07/05 07:51:10 Image size of job updated: 16290240
	15909  -  MemoryUsage of job (MB)
	16290240  -  ResidentSetSize of job (KB)
...
006 (11921173.000.000) 07/05 07:56:10 Image size of job updated: 16309120
	15927  -  MemoryUsage of job (MB)
	16309120  -  ResidentSetSize of job (KB)
...
006 (11921173.000.000) 07/05 08:01:11 Image size of job updated: 16351568
	15969  -  MemoryUsage of job (MB)
	16351568  -  ResidentSetSize of job (KB)
...
006 (11921173.000.000) 07/05 08:06:11 Image size of job updated: 16360928
	15978  -  MemoryUsage of job (MB)
	16360928  -  ResidentSetSize of job (KB)
...
006 (11921173.000.000) 07/05 08:11:12 Image size of job updated: 16380040
	15997  -  MemoryUsage of job (MB)
	16380040  -  ResidentSetSize of job (KB)
...
006 (11921173.000.000) 07/05 08:16:12 Image size of job updated: 16400652
	16017  -  MemoryUsage of job (MB)
	16400652  -  ResidentSetSize of job (KB)
...
006 (11921173.000.000) 07/05 08:21:13 Image size of job updated: 16421144
	16037  -  MemoryUsage of job (MB)
	16421144  -  ResidentSetSize of job (KB)
...
006 (11921173.000.000) 07/05 08:26:13 Image size of job updated: 16441896
	16057  -  MemoryUsage of job (MB)
	16441896  -  ResidentSetSize of job (KB)
...
006 (11921173.000.000) 07/05 08:31:13 Image size of job updated: 16462884
	16078  -  MemoryUsage of job (MB)
	16462884  -  ResidentSetSize of job (KB)
...
006 (11921173.000.000) 07/05 08:36:14 Image size of job updated: 16481392
	16096  -  MemoryUsage of job (MB)
	16481392  -  ResidentSetSize of job (KB)
...
006 (11921173.000.000) 07/05 08:41:14 Image size of job updated: 16500368
	16114  -  MemoryUsage of job (MB)
	16500368  -  ResidentSetSize of job (KB)
...
006 (11921173.000.000) 07/05 08:46:15 Image size of job updated: 16563224
	16176  -  MemoryUsage of job (MB)
	16563224  -  ResidentSetSize of job (KB)
...
006 (11921173.000.000) 07/05 08:51:15 Image size of job updated: 16564636
	16177  -  MemoryUsage of job (MB)
	16564636  -  ResidentSetSize of job (KB)
...
006 (11921173.000.000) 07/05 08:56:16 Image size of job updated: 16585232
	16197  -  MemoryUsage of job (MB)
	16585232  -  ResidentSetSize of job (KB)
...
006 (11921173.000.000) 07/05 09:01:16 Image size of job updated: 16603612
	16215  -  MemoryUsage of job (MB)
	16603612  -  ResidentSetSize of job (KB)
...
006 (11921173.000.000) 07/05 09:06:17 Image size of job updated: 16622708
	16234  -  MemoryUsage of job (MB)
	16622708  -  ResidentSetSize of job (KB)
...
006 (11921173.000.000) 07/05 09:11:17 Image size of job updated: 18718904
	18281  -  MemoryUsage of job (MB)
	18718904  -  ResidentSetSize of job (KB)
...
006 (11921173.000.000) 07/05 09:16:18 Image size of job updated: 18783356
	18343  -  MemoryUsage of job (MB)
	18782532  -  ResidentSetSize of job (KB)
...
006 (11921173.000.000) 07/05 09:21:18 Image size of job updated: 19329404
	18394  -  MemoryUsage of job (MB)
	18835008  -  ResidentSetSize of job (KB)
...
040 (11921173.000.000) 07/05 09:22:45 Started transferring output files
...
040 (11921173.000.000) 07/05 09:22:45 Finished transferring output files
...
005 (11921173.000.000) 07/05 09:22:45 Job terminated.
	(1) Normal termination (return value 0)
		Usr 4 08:23:49, Sys 0 02:31:55  -  Run Remote Usage
		Usr 0 00:00:00, Sys 0 00:00:00  -  Run Local Usage
		Usr 4 08:23:49, Sys 0 02:31:55  -  Total Remote Usage
		Usr 0 00:00:00, Sys 0 00:00:00  -  Total Local Usage
	610838  -  Run Bytes Sent By Job
	333  -  Run Bytes Received By Job
	610838  -  Total Bytes Sent By Job
	333  -  Total Bytes Received By Job
	Partitionable Resources :    Usage  Request Allocated Assigned
	   Cpus                 :     2.63       10        10 
	   Disk (KB)            :   893           1      7011 
	   GPUs                 :     0           1         1 "GPU-8b6364bc"
	   GpusMemory (MB)      :   514                       
	   Memory (MB)          : 18394       30720     30800 
	   TimeExecute (s)      :  7614                       
	   TimeSlotBusy (s)     :  7615                       
...
