000 (11938624.000.000) 07/07 06:38:07 Job submitted from host: <188.185.8.79:9618?addrs=188.185.8.79-9618+[2001-1458-d00-63--100-23a]-9618&alias=bigbird26.cern.ch&noUDP&sock=schedd_5282_9754>
...
040 (11938624.000.000) 07/08 08:42:01 Started transferring input files
	Transferring to host: <188.185.190.81:9618?addrs=188.185.190.81-9618+[2001-1458-d03-b--100-14e]-9618&alias=b9pgpun202.cern.ch&noUDP&sock=slot1_1_940797_584a_8833>
...
040 (11938624.000.000) 07/08 08:42:01 Finished transferring input files
...
001 (11938624.000.000) 07/08 08:42:02 Job executing on host: <188.185.190.81:9618?addrs=188.185.190.81-9618+[2001-1458-d03-b--100-14e]-9618&alias=b9pgpun202.cern.ch&noUDP&sock=startd_2201_480a>
	SlotName: slot1_1@b9pgpun202.cern.ch
	AvailableGPUs = { GPUs_MIG_ee062cdf_f4f4_5a8c_a011_753f3573f541 }
	CondorScratchDir = "/pool/condor/dir_4112579"
	Cpus = 10
	Disk = 2048
	GPUs = 1
	GPUs_MIG_ee062cdf_f4f4_5a8c_a011_753f3573f541 = [ Id = "MIG-ee062cdf-f4f4-5a8c-a011-753f3573f541"; DeviceName = "NVIDIA H100L-2-24C MIG 2g.24gb"; DeviceUuid = "MIG-ee062cdf-f4f4-5a8c-a011-753f3573f541"; ComputeUnits = 32; GlobalMemoryMb = 21547 ]
	Memory = 30800
...
006 (11938624.000.000) 07/08 08:42:10 Image size of job updated: 194796
	191  -  MemoryUsage of job (MB)
	194796  -  ResidentSetSize of job (KB)
...
006 (11938624.000.000) 07/08 08:47:10 Image size of job updated: 16361124
	15978  -  MemoryUsage of job (MB)
	16361124  -  ResidentSetSize of job (KB)
...
006 (11938624.000.000) 07/08 08:52:10 Image size of job updated: 16362572
	15980  -  MemoryUsage of job (MB)
	16362572  -  ResidentSetSize of job (KB)
...
006 (11938624.000.000) 07/08 08:57:11 Image size of job updated: 16374756
	15991  -  MemoryUsage of job (MB)
	16374756  -  ResidentSetSize of job (KB)
...
006 (11938624.000.000) 07/08 09:02:11 Image size of job updated: 16384976
	16001  -  MemoryUsage of job (MB)
	16384976  -  ResidentSetSize of job (KB)
...
006 (11938624.000.000) 07/08 09:07:11 Image size of job updated: 16398836
	16015  -  MemoryUsage of job (MB)
	16398836  -  ResidentSetSize of job (KB)
...
006 (11938624.000.000) 07/08 09:12:12 Image size of job updated: 16409488
	16025  -  MemoryUsage of job (MB)
	16409488  -  ResidentSetSize of job (KB)
...
006 (11938624.000.000) 07/08 09:17:12 Image size of job updated: 16420712
	16036  -  MemoryUsage of job (MB)
	16420712  -  ResidentSetSize of job (KB)
...
006 (11938624.000.000) 07/08 09:22:12 Image size of job updated: 16431768
	16047  -  MemoryUsage of job (MB)
	16431768  -  ResidentSetSize of job (KB)
...
006 (11938624.000.000) 07/08 09:27:13 Image size of job updated: 16449792
	16065  -  MemoryUsage of job (MB)
	16449792  -  ResidentSetSize of job (KB)
...
006 (11938624.000.000) 07/08 09:32:13 Image size of job updated: 16460116
	16075  -  MemoryUsage of job (MB)
	16460116  -  ResidentSetSize of job (KB)
...
006 (11938624.000.000) 07/08 09:37:13 Image size of job updated: 16471192
	16086  -  MemoryUsage of job (MB)
	16471192  -  ResidentSetSize of job (KB)
...
006 (11938624.000.000) 07/08 09:42:14 Image size of job updated: 16482132
	16096  -  MemoryUsage of job (MB)
	16482132  -  ResidentSetSize of job (KB)
...
006 (11938624.000.000) 07/08 09:47:14 Image size of job updated: 16489884
	16104  -  MemoryUsage of job (MB)
	16489884  -  ResidentSetSize of job (KB)
...
006 (11938624.000.000) 07/08 09:52:14 Image size of job updated: 16498256
	16112  -  MemoryUsage of job (MB)
	16498256  -  ResidentSetSize of job (KB)
...
006 (11938624.000.000) 07/08 09:57:15 Image size of job updated: 16513204
	16127  -  MemoryUsage of job (MB)
	16513204  -  ResidentSetSize of job (KB)
...
006 (11938624.000.000) 07/08 10:02:15 Image size of job updated: 16521916
	16135  -  MemoryUsage of job (MB)
	16521916  -  ResidentSetSize of job (KB)
...
006 (11938624.000.000) 07/08 10:07:15 Image size of job updated: 16530864
	16144  -  MemoryUsage of job (MB)
	16530864  -  ResidentSetSize of job (KB)
...
006 (11938624.000.000) 07/08 10:12:16 Image size of job updated: 16559228
	16172  -  MemoryUsage of job (MB)
	16559228  -  ResidentSetSize of job (KB)
...
006 (11938624.000.000) 07/08 10:17:16 Image size of job updated: 16561640
	16174  -  MemoryUsage of job (MB)
	16561640  -  ResidentSetSize of job (KB)
...
006 (11938624.000.000) 07/08 10:22:16 Image size of job updated: 16571096
	16183  -  MemoryUsage of job (MB)
	16571096  -  ResidentSetSize of job (KB)
...
006 (11938624.000.000) 07/08 10:27:17 Image size of job updated: 16579152
	16191  -  MemoryUsage of job (MB)
	16579152  -  ResidentSetSize of job (KB)
...
006 (11938624.000.000) 07/08 10:32:17 Image size of job updated: 16588248
	16200  -  MemoryUsage of job (MB)
	16588248  -  ResidentSetSize of job (KB)
...
006 (11938624.000.000) 07/08 10:37:17 Image size of job updated: 16596976
	16208  -  MemoryUsage of job (MB)
	16596976  -  ResidentSetSize of job (KB)
...
006 (11938624.000.000) 07/08 10:42:18 Image size of job updated: 16605624
	16217  -  MemoryUsage of job (MB)
	16605624  -  ResidentSetSize of job (KB)
...
006 (11938624.000.000) 07/08 10:47:18 Image size of job updated: 16615052
	16226  -  MemoryUsage of job (MB)
	16615052  -  ResidentSetSize of job (KB)
...
006 (11938624.000.000) 07/08 10:52:18 Image size of job updated: 16624816
	16236  -  MemoryUsage of job (MB)
	16624816  -  ResidentSetSize of job (KB)
...
006 (11938624.000.000) 07/08 10:57:19 Image size of job updated: 16634452
	16245  -  MemoryUsage of job (MB)
	16634452  -  ResidentSetSize of job (KB)
...
006 (11938624.000.000) 07/08 11:02:19 Image size of job updated: 16644160
	16255  -  MemoryUsage of job (MB)
	16644160  -  ResidentSetSize of job (KB)
...
006 (11938624.000.000) 07/08 11:07:19 Image size of job updated: 16653804
	16264  -  MemoryUsage of job (MB)
	16653804  -  ResidentSetSize of job (KB)
...
006 (11938624.000.000) 07/08 11:12:20 Image size of job updated: 16663480
	16273  -  MemoryUsage of job (MB)
	16663480  -  ResidentSetSize of job (KB)
...
006 (11938624.000.000) 07/08 11:17:20 Image size of job updated: 16673504
	16283  -  MemoryUsage of job (MB)
	16673504  -  ResidentSetSize of job (KB)
...
006 (11938624.000.000) 07/08 11:22:20 Image size of job updated: 16682684
	16292  -  MemoryUsage of job (MB)
	16682684  -  ResidentSetSize of job (KB)
...
006 (11938624.000.000) 07/08 11:27:21 Image size of job updated: 16692744
	16302  -  MemoryUsage of job (MB)
	16692744  -  ResidentSetSize of job (KB)
...
006 (11938624.000.000) 07/08 11:32:21 Image size of job updated: 16702396
	16311  -  MemoryUsage of job (MB)
	16702396  -  ResidentSetSize of job (KB)
...
006 (11938624.000.000) 07/08 11:37:21 Image size of job updated: 16711872
	16321  -  MemoryUsage of job (MB)
	16711872  -  ResidentSetSize of job (KB)
...
006 (11938624.000.000) 07/08 11:42:22 Image size of job updated: 16721644
	16330  -  MemoryUsage of job (MB)
	16721644  -  ResidentSetSize of job (KB)
...
006 (11938624.000.000) 07/08 11:47:22 Image size of job updated: 16774916
	16382  -  MemoryUsage of job (MB)
	16774916  -  ResidentSetSize of job (KB)
...
006 (11938624.000.000) 07/08 11:52:22 Image size of job updated: 16775716
	16383  -  MemoryUsage of job (MB)
	16775716  -  ResidentSetSize of job (KB)
...
006 (11938624.000.000) 07/08 11:57:23 Image size of job updated: 16775876
	16383  -  MemoryUsage of job (MB)
	16775876  -  ResidentSetSize of job (KB)
...
006 (11938624.000.000) 07/08 12:02:23 Image size of job updated: 16782040
	16389  -  MemoryUsage of job (MB)
	16782040  -  ResidentSetSize of job (KB)
...
006 (11938624.000.000) 07/08 12:07:23 Image size of job updated: 16791392
	16398  -  MemoryUsage of job (MB)
	16791392  -  ResidentSetSize of job (KB)
...
006 (11938624.000.000) 07/08 12:12:24 Image size of job updated: 16800828
	16408  -  MemoryUsage of job (MB)
	16800828  -  ResidentSetSize of job (KB)
...
006 (11938624.000.000) 07/08 12:17:24 Image size of job updated: 16810988
	16417  -  MemoryUsage of job (MB)
	16810988  -  ResidentSetSize of job (KB)
...
006 (11938624.000.000) 07/08 12:22:24 Image size of job updated: 16820928
	16427  -  MemoryUsage of job (MB)
	16820928  -  ResidentSetSize of job (KB)
...
006 (11938624.000.000) 07/08 12:27:25 Image size of job updated: 16831624
	16438  -  MemoryUsage of job (MB)
	16831624  -  ResidentSetSize of job (KB)
...
006 (11938624.000.000) 07/08 12:32:25 Image size of job updated: 16842188
	16448  -  MemoryUsage of job (MB)
	16842188  -  ResidentSetSize of job (KB)
...
006 (11938624.000.000) 07/08 12:37:25 Image size of job updated: 16852540
	16458  -  MemoryUsage of job (MB)
	16852540  -  ResidentSetSize of job (KB)
...
006 (11938624.000.000) 07/08 12:42:26 Image size of job updated: 16862700
	16468  -  MemoryUsage of job (MB)
	16862700  -  ResidentSetSize of job (KB)
...
006 (11938624.000.000) 07/08 12:47:26 Image size of job updated: 16873328
	16478  -  MemoryUsage of job (MB)
	16873328  -  ResidentSetSize of job (KB)
...
006 (11938624.000.000) 07/08 12:52:26 Image size of job updated: 16884056
	16489  -  MemoryUsage of job (MB)
	16884056  -  ResidentSetSize of job (KB)
...
006 (11938624.000.000) 07/08 12:57:27 Image size of job updated: 16894372
	16499  -  MemoryUsage of job (MB)
	16894372  -  ResidentSetSize of job (KB)
...
006 (11938624.000.000) 07/08 13:02:27 Image size of job updated: 16906460
	16511  -  MemoryUsage of job (MB)
	16906460  -  ResidentSetSize of job (KB)
...
006 (11938624.000.000) 07/08 13:07:27 Image size of job updated: 16917976
	16522  -  MemoryUsage of job (MB)
	16917976  -  ResidentSetSize of job (KB)
...
006 (11938624.000.000) 07/08 13:12:28 Image size of job updated: 16930176
	16534  -  MemoryUsage of job (MB)
	16930176  -  ResidentSetSize of job (KB)
...
006 (11938624.000.000) 07/08 13:17:29 Image size of job updated: 16942912
	16546  -  MemoryUsage of job (MB)
	16942912  -  ResidentSetSize of job (KB)
...
006 (11938624.000.000) 07/08 13:22:29 Image size of job updated: 16954884
	16558  -  MemoryUsage of job (MB)
	16954884  -  ResidentSetSize of job (KB)
...
006 (11938624.000.000) 07/08 13:27:30 Image size of job updated: 18051928
	17629  -  MemoryUsage of job (MB)
	18051928  -  ResidentSetSize of job (KB)
...
006 (11938624.000.000) 07/08 13:32:31 Image size of job updated: 18721952
	18274  -  MemoryUsage of job (MB)
	18711984  -  ResidentSetSize of job (KB)
...
006 (11938624.000.000) 07/08 13:37:31 Image size of job updated: 19348240
	18895  -  MemoryUsage of job (MB)
	19348240  -  ResidentSetSize of job (KB)
...
040 (11938624.000.000) 07/08 13:44:13 Started transferring output files
...
040 (11938624.000.000) 07/08 13:44:13 Finished transferring output files
...
005 (11938624.000.000) 07/08 13:44:14 Job terminated.
	(1) Normal termination (return value 0)
		Usr 2 08:11:04, Sys 0 00:59:37  -  Run Remote Usage
		Usr 0 00:00:00, Sys 0 00:00:00  -  Run Local Usage
		Usr 2 08:11:04, Sys 0 00:59:37  -  Total Remote Usage
		Usr 0 00:00:00, Sys 0 00:00:00  -  Total Local Usage
	724721  -  Run Bytes Sent By Job
	340  -  Run Bytes Received By Job
	724721  -  Total Bytes Sent By Job
	340  -  Total Bytes Received By Job
	Partitionable Resources :    Usage  Request Allocated Assigned
	   Cpus                 :     1.96       10        10 
	   Disk (KB)            :  1004           1      2048 
	   GPUs                 :                 1         1 "MIG-ee062cdf-f4f4-5a8c-a011-753f3573f541"
	   Memory (MB)          : 18895       30720     30800 
	   TimeExecute (s)      : 18131                       
	   TimeSlotBusy (s)     : 18134                       
...
