000 (11931535.000.000) 07/06 04:56:19 Job submitted from host: <188.185.8.79:9618?addrs=188.185.8.79-9618+[2001-1458-d00-63--100-23a]-9618&alias=bigbird26.cern.ch&noUDP&sock=schedd_5282_9754>
...
040 (11931535.000.000) 07/06 08:10:53 Started transferring input files
	Transferring to host: <188.185.92.157:9618?addrs=188.185.92.157-9618+[2001-1458-d00-6c--100-379]-9618&alias=b9g57n1695.cern.ch&noUDP&sock=slot1_1_5389_c9b4_165737>
...
040 (11931535.000.000) 07/06 08:10:53 Finished transferring input files
...
001 (11931535.000.000) 07/06 08:10:54 Job executing on host: <188.185.92.157:9618?addrs=188.185.92.157-9618+[2001-1458-d00-6c--100-379]-9618&alias=b9g57n1695.cern.ch&noUDP&sock=startd_5342_bf03>
	SlotName: slot1_1@b9g57n1695.cern.ch
	AvailableGPUs = { GPUs_GPU_837d59ba }
	CondorScratchDir = "/pool/condor/dir_1320068"
	Cpus = 10
	Disk = 2048
	GPUs = 1
	GPUs_GPU_837d59ba = [ Id = "GPU-837d59ba"; ClockMhz = 1410.0; Capability = 8.0; CoresPerCU = 64; DeviceName = "NVIDIA A100-PCIE-40GB"; DeviceUuid = "837d59ba-8828-f50d-eac6-78cf9176c415"; ECCEnabled = true; ComputeUnits = 108; DriverVersion = 13.0; DevicePciBusId = "0000:06:00.0"; GlobalMemoryMb = 40441; MaxSupportedVersion = 13000 ]
	Memory = 30800
...
006 (11931535.000.000) 07/06 08:11:08 Image size of job updated: 148904
	43  -  MemoryUsage of job (MB)
	43340  -  ResidentSetSize of job (KB)
...
006 (11931535.000.000) 07/06 08:16:09 Image size of job updated: 12638740
	12343  -  MemoryUsage of job (MB)
	12638740  -  ResidentSetSize of job (KB)
...
006 (11931535.000.000) 07/06 08:21:09 Image size of job updated: 12675540
	12370  -  MemoryUsage of job (MB)
	12666464  -  ResidentSetSize of job (KB)
...
006 (11931535.000.000) 07/06 08:26:10 Image size of job updated: 12725000
	12370  -  MemoryUsage of job (MB)
	12666464  -  ResidentSetSize of job (KB)
...
006 (11931535.000.000) 07/06 08:31:11 Image size of job updated: 12833708
	12370  -  MemoryUsage of job (MB)
	12666464  -  ResidentSetSize of job (KB)
...
006 (11931535.000.000) 07/06 08:46:13 Image size of job updated: 12833708
	12483  -  MemoryUsage of job (MB)
	12782252  -  ResidentSetSize of job (KB)
...
006 (11931535.000.000) 07/06 08:51:13 Image size of job updated: 12833708
	12503  -  MemoryUsage of job (MB)
	12802188  -  ResidentSetSize of job (KB)
...
006 (11931535.000.000) 07/06 08:56:13 Image size of job updated: 12925884
	12503  -  MemoryUsage of job (MB)
	12802188  -  ResidentSetSize of job (KB)
...
006 (11931535.000.000) 07/06 09:06:14 Image size of job updated: 12955716
	12503  -  MemoryUsage of job (MB)
	12802188  -  ResidentSetSize of job (KB)
...
006 (11931535.000.000) 07/06 09:11:14 Image size of job updated: 12961280
	12503  -  MemoryUsage of job (MB)
	12802188  -  ResidentSetSize of job (KB)
...
006 (11931535.000.000) 07/06 09:21:15 Image size of job updated: 12961280
	12539  -  MemoryUsage of job (MB)
	12839616  -  ResidentSetSize of job (KB)
...
006 (11931535.000.000) 07/06 09:26:15 Image size of job updated: 12975372
	12550  -  MemoryUsage of job (MB)
	12851080  -  ResidentSetSize of job (KB)
...
006 (11931535.000.000) 07/06 09:51:18 Image size of job updated: 12975372
	12574  -  MemoryUsage of job (MB)
	12875348  -  ResidentSetSize of job (KB)
...
006 (11931535.000.000) 07/06 09:56:18 Image size of job updated: 12975372
	12626  -  MemoryUsage of job (MB)
	12928596  -  ResidentSetSize of job (KB)
...
006 (11931535.000.000) 07/06 10:16:21 Image size of job updated: 13006856
	12626  -  MemoryUsage of job (MB)
	12928596  -  ResidentSetSize of job (KB)
...
006 (11931535.000.000) 07/06 10:21:22 Image size of job updated: 13020876
	12626  -  MemoryUsage of job (MB)
	12928596  -  ResidentSetSize of job (KB)
...
006 (11931535.000.000) 07/06 10:41:24 Image size of job updated: 13030620
	12626  -  MemoryUsage of job (MB)
	12928596  -  ResidentSetSize of job (KB)
...
006 (11931535.000.000) 07/06 10:46:25 Image size of job updated: 13093820
	12626  -  MemoryUsage of job (MB)
	12928596  -  ResidentSetSize of job (KB)
...
006 (11931535.000.000) 07/06 11:01:27 Image size of job updated: 13119692
	12626  -  MemoryUsage of job (MB)
	12928596  -  ResidentSetSize of job (KB)
...
006 (11931535.000.000) 07/06 11:11:28 Image size of job updated: 13204276
	12626  -  MemoryUsage of job (MB)
	12928596  -  ResidentSetSize of job (KB)
...
006 (11931535.000.000) 07/06 11:26:29 Image size of job updated: 13204276
	12814  -  MemoryUsage of job (MB)
	13121140  -  ResidentSetSize of job (KB)
...
006 (11931535.000.000) 07/06 11:31:29 Image size of job updated: 13204276
	12829  -  MemoryUsage of job (MB)
	13136160  -  ResidentSetSize of job (KB)
...
006 (11931535.000.000) 07/06 11:56:32 Image size of job updated: 13216832
	12829  -  MemoryUsage of job (MB)
	13136160  -  ResidentSetSize of job (KB)
...
006 (11931535.000.000) 07/06 12:06:33 Image size of job updated: 17055272
	16244  -  MemoryUsage of job (MB)
	16632992  -  ResidentSetSize of job (KB)
...
006 (11931535.000.000) 07/06 12:11:34 Image size of job updated: 17301792
	16244  -  MemoryUsage of job (MB)
	16632992  -  ResidentSetSize of job (KB)
...
040 (11931535.000.000) 07/06 12:26:55 Started transferring output files
...
040 (11931535.000.000) 07/06 12:26:55 Finished transferring output files
...
005 (11931535.000.000) 07/06 12:26:55 Job terminated.
	(1) Normal termination (return value 0)
		Usr 1 12:52:06, Sys 0 04:48:24  -  Run Remote Usage
		Usr 0 00:00:00, Sys 0 00:00:00  -  Run Local Usage
		Usr 1 12:52:06, Sys 0 04:48:24  -  Total Remote Usage
		Usr 0 00:00:00, Sys 0 00:00:00  -  Total Local Usage
	642510  -  Run Bytes Sent By Job
	333  -  Run Bytes Received By Job
	642510  -  Total Bytes Sent By Job
	333  -  Total Bytes Received By Job
	Partitionable Resources :    Usage  Request Allocated Assigned
	   Cpus                 :     2.28       10        10 
	   Disk (KB)            :   923           1      2048 
	   GPUs                 :     0           1         1 "GPU-837d59ba"
	   GpusMemory (MB)      :   526                       
	   Memory (MB)          : 16244       30720     30800 
	   TimeExecute (s)      : 15361                       
	   TimeSlotBusy (s)     : 15362                       
...
