000 (11938545.000.000) 07/07 06:37:39 Job submitted from host: <188.185.8.79:9618?addrs=188.185.8.79-9618+[2001-1458-d00-63--100-23a]-9618&alias=bigbird26.cern.ch&noUDP&sock=schedd_5282_9754>
...
040 (11938545.000.000) 07/07 06:41:07 Started transferring input files
	Transferring to host: <188.185.190.15:9618?addrs=188.185.190.15-9618+[2001-1458-d03-b--100-66]-9618&alias=b9pgpun208.cern.ch&noUDP&sock=slot1_1_3415532_0705_49119>
...
040 (11938545.000.000) 07/07 06:41:07 Finished transferring input files
...
001 (11938545.000.000) 07/07 06:41:08 Job executing on host: <188.185.190.15:9618?addrs=188.185.190.15-9618+[2001-1458-d03-b--100-66]-9618&alias=b9pgpun208.cern.ch&noUDP&sock=startd_2982_fb81>
	SlotName: slot1_1@b9pgpun208.cern.ch
	AvailableGPUs = { GPUs_MIG_5496d0dd_abc7_56f1_9151_bf217b25cd57 }
	CondorScratchDir = "/pool/condor/dir_272905"
	Cpus = 10
	Disk = 2048
	GPUs = 1
	GPUs_MIG_5496d0dd_abc7_56f1_9151_bf217b25cd57 = [ Id = "MIG-5496d0dd-abc7-56f1-9151-bf217b25cd57"; DeviceName = "NVIDIA H100L-2-24C MIG 2g.24gb"; DeviceUuid = "MIG-5496d0dd-abc7-56f1-9151-bf217b25cd57"; ComputeUnits = 32; GlobalMemoryMb = 21547 ]
	Memory = 30800
...
006 (11938545.000.000) 07/07 06:41:17 Image size of job updated: 212804
	208  -  MemoryUsage of job (MB)
	212804  -  ResidentSetSize of job (KB)
...
006 (11938545.000.000) 07/07 06:46:18 Image size of job updated: 16152156
	15774  -  MemoryUsage of job (MB)
	16152156  -  ResidentSetSize of job (KB)
...
006 (11938545.000.000) 07/07 06:51:19 Image size of job updated: 16154580
	15776  -  MemoryUsage of job (MB)
	16154580  -  ResidentSetSize of job (KB)
...
006 (11938545.000.000) 07/07 06:56:19 Image size of job updated: 16167120
	15789  -  MemoryUsage of job (MB)
	16167120  -  ResidentSetSize of job (KB)
...
006 (11938545.000.000) 07/07 07:01:20 Image size of job updated: 16177884
	15799  -  MemoryUsage of job (MB)
	16177884  -  ResidentSetSize of job (KB)
...
006 (11938545.000.000) 07/07 07:06:21 Image size of job updated: 16198352
	15819  -  MemoryUsage of job (MB)
	16198352  -  ResidentSetSize of job (KB)
...
006 (11938545.000.000) 07/07 07:11:21 Image size of job updated: 16209444
	15830  -  MemoryUsage of job (MB)
	16209444  -  ResidentSetSize of job (KB)
...
006 (11938545.000.000) 07/07 07:16:22 Image size of job updated: 16226140
	15846  -  MemoryUsage of job (MB)
	16226140  -  ResidentSetSize of job (KB)
...
006 (11938545.000.000) 07/07 07:21:23 Image size of job updated: 16235904
	15856  -  MemoryUsage of job (MB)
	16235904  -  ResidentSetSize of job (KB)
...
006 (11938545.000.000) 07/07 07:26:23 Image size of job updated: 16251772
	15871  -  MemoryUsage of job (MB)
	16251772  -  ResidentSetSize of job (KB)
...
006 (11938545.000.000) 07/07 07:31:23 Image size of job updated: 16261340
	15881  -  MemoryUsage of job (MB)
	16261340  -  ResidentSetSize of job (KB)
...
006 (11938545.000.000) 07/07 07:36:24 Image size of job updated: 16277748
	15897  -  MemoryUsage of job (MB)
	16277748  -  ResidentSetSize of job (KB)
...
006 (11938545.000.000) 07/07 07:41:24 Image size of job updated: 16288264
	15907  -  MemoryUsage of job (MB)
	16288264  -  ResidentSetSize of job (KB)
...
006 (11938545.000.000) 07/07 07:46:24 Image size of job updated: 16298744
	15917  -  MemoryUsage of job (MB)
	16298744  -  ResidentSetSize of job (KB)
...
006 (11938545.000.000) 07/07 07:51:25 Image size of job updated: 16309232
	15927  -  MemoryUsage of job (MB)
	16309232  -  ResidentSetSize of job (KB)
...
006 (11938545.000.000) 07/07 07:56:25 Image size of job updated: 16319300
	15937  -  MemoryUsage of job (MB)
	16319300  -  ResidentSetSize of job (KB)
...
006 (11938545.000.000) 07/07 08:01:25 Image size of job updated: 16327212
	15945  -  MemoryUsage of job (MB)
	16327212  -  ResidentSetSize of job (KB)
...
006 (11938545.000.000) 07/07 08:06:26 Image size of job updated: 16335712
	15953  -  MemoryUsage of job (MB)
	16335712  -  ResidentSetSize of job (KB)
...
006 (11938545.000.000) 07/07 08:11:26 Image size of job updated: 16362336
	15979  -  MemoryUsage of job (MB)
	16362336  -  ResidentSetSize of job (KB)
...
006 (11938545.000.000) 07/07 08:16:26 Image size of job updated: 16365456
	15982  -  MemoryUsage of job (MB)
	16365456  -  ResidentSetSize of job (KB)
...
006 (11938545.000.000) 07/07 08:21:27 Image size of job updated: 16373724
	15990  -  MemoryUsage of job (MB)
	16373724  -  ResidentSetSize of job (KB)
...
006 (11938545.000.000) 07/07 08:26:27 Image size of job updated: 16382292
	15999  -  MemoryUsage of job (MB)
	16382292  -  ResidentSetSize of job (KB)
...
006 (11938545.000.000) 07/07 08:31:27 Image size of job updated: 16391444
	16008  -  MemoryUsage of job (MB)
	16391444  -  ResidentSetSize of job (KB)
...
006 (11938545.000.000) 07/07 08:36:28 Image size of job updated: 16400816
	16017  -  MemoryUsage of job (MB)
	16400816  -  ResidentSetSize of job (KB)
...
006 (11938545.000.000) 07/07 08:41:28 Image size of job updated: 16409772
	16026  -  MemoryUsage of job (MB)
	16409772  -  ResidentSetSize of job (KB)
...
006 (11938545.000.000) 07/07 08:46:28 Image size of job updated: 16419676
	16035  -  MemoryUsage of job (MB)
	16419676  -  ResidentSetSize of job (KB)
...
006 (11938545.000.000) 07/07 08:51:29 Image size of job updated: 16428320
	16044  -  MemoryUsage of job (MB)
	16428320  -  ResidentSetSize of job (KB)
...
006 (11938545.000.000) 07/07 08:56:29 Image size of job updated: 16437484
	16053  -  MemoryUsage of job (MB)
	16437484  -  ResidentSetSize of job (KB)
...
006 (11938545.000.000) 07/07 09:01:30 Image size of job updated: 16445036
	16060  -  MemoryUsage of job (MB)
	16445036  -  ResidentSetSize of job (KB)
...
006 (11938545.000.000) 07/07 09:06:31 Image size of job updated: 16453392
	16068  -  MemoryUsage of job (MB)
	16453392  -  ResidentSetSize of job (KB)
...
006 (11938545.000.000) 07/07 09:11:31 Image size of job updated: 16462012
	16077  -  MemoryUsage of job (MB)
	16462012  -  ResidentSetSize of job (KB)
...
006 (11938545.000.000) 07/07 09:16:32 Image size of job updated: 16470580
	16085  -  MemoryUsage of job (MB)
	16470580  -  ResidentSetSize of job (KB)
...
006 (11938545.000.000) 07/07 09:21:33 Image size of job updated: 16479016
	16093  -  MemoryUsage of job (MB)
	16479016  -  ResidentSetSize of job (KB)
...
006 (11938545.000.000) 07/07 09:26:33 Image size of job updated: 16487596
	16102  -  MemoryUsage of job (MB)
	16487596  -  ResidentSetSize of job (KB)
...
006 (11938545.000.000) 07/07 09:31:34 Image size of job updated: 16496352
	16110  -  MemoryUsage of job (MB)
	16496352  -  ResidentSetSize of job (KB)
...
006 (11938545.000.000) 07/07 09:36:35 Image size of job updated: 16517672
	16131  -  MemoryUsage of job (MB)
	16517672  -  ResidentSetSize of job (KB)
...
006 (11938545.000.000) 07/07 09:41:35 Image size of job updated: 16526788
	16140  -  MemoryUsage of job (MB)
	16526788  -  ResidentSetSize of job (KB)
...
006 (11938545.000.000) 07/07 09:46:36 Image size of job updated: 16584544
	16196  -  MemoryUsage of job (MB)
	16584544  -  ResidentSetSize of job (KB)
...
006 (11938545.000.000) 07/07 09:51:37 Image size of job updated: 16584584
	16196  -  MemoryUsage of job (MB)
	16584584  -  ResidentSetSize of job (KB)
...
006 (11938545.000.000) 07/07 10:01:38 Image size of job updated: 16585052
	16197  -  MemoryUsage of job (MB)
	16585052  -  ResidentSetSize of job (KB)
...
006 (11938545.000.000) 07/07 10:06:39 Image size of job updated: 16593432
	16205  -  MemoryUsage of job (MB)
	16593432  -  ResidentSetSize of job (KB)
...
006 (11938545.000.000) 07/07 10:11:39 Image size of job updated: 16602452
	16214  -  MemoryUsage of job (MB)
	16602452  -  ResidentSetSize of job (KB)
...
006 (11938545.000.000) 07/07 10:16:40 Image size of job updated: 16660740
	16271  -  MemoryUsage of job (MB)
	16660740  -  ResidentSetSize of job (KB)
...
006 (11938545.000.000) 07/07 10:21:41 Image size of job updated: 18356096
	17926  -  MemoryUsage of job (MB)
	18356096  -  ResidentSetSize of job (KB)
...
006 (11938545.000.000) 07/07 10:26:41 Image size of job updated: 18489332
	18047  -  MemoryUsage of job (MB)
	18479180  -  ResidentSetSize of job (KB)
...
006 (11938545.000.000) 07/07 10:31:42 Image size of job updated: 19075112
	18407  -  MemoryUsage of job (MB)
	18848576  -  ResidentSetSize of job (KB)
...
006 (11938545.000.000) 07/07 10:36:43 Image size of job updated: 19075112
	18577  -  MemoryUsage of job (MB)
	19022436  -  ResidentSetSize of job (KB)
...
040 (11938545.000.000) 07/07 10:39:55 Started transferring output files
...
040 (11938545.000.000) 07/07 10:39:55 Finished transferring output files
...
005 (11938545.000.000) 07/07 10:39:55 Job terminated.
	(1) Normal termination (return value 0)
		Usr 1 18:54:23, Sys 0 00:43:38  -  Run Remote Usage
		Usr 0 00:00:00, Sys 0 00:00:00  -  Run Local Usage
		Usr 1 18:54:23, Sys 0 00:43:38  -  Total Remote Usage
		Usr 0 00:00:00, Sys 0 00:00:00  -  Total Local Usage
	541894  -  Run Bytes Sent By Job
	335  -  Run Bytes Received By Job
	541894  -  Total Bytes Sent By Job
	335  -  Total Bytes Received By Job
	Partitionable Resources :    Usage  Request Allocated Assigned
	   Cpus                 :     1.94       10        10 
	   Disk (KB)            :   825           1      2048 
	   GPUs                 :                 1         1 "MIG-5496d0dd-abc7-56f1-9151-bf217b25cd57"
	   Memory (MB)          : 18577       30720     30800 
	   TimeExecute (s)      : 14322                       
	   TimeSlotBusy (s)     : 14329                       
...
