000 (11935211.000.000) 07/06 09:34:17 Job submitted from host: <188.185.8.79:9618?addrs=188.185.8.79-9618+[2001-1458-d00-63--100-23a]-9618&alias=bigbird26.cern.ch&noUDP&sock=schedd_5282_9754>
...
040 (11935211.000.000) 07/06 10:20:07 Started transferring input files
	Transferring to host: <188.185.93.71:9618?addrs=188.185.93.71-9618+[2001-1458-d00-6c--100-3b]-9618&alias=b9g57n7733.cern.ch&noUDP&sock=slot1_1_2555104_a9d8_10861>
...
040 (11935211.000.000) 07/06 10:20:07 Finished transferring input files
...
001 (11935211.000.000) 07/06 10:20:08 Job executing on host: <188.185.93.71:9618?addrs=188.185.93.71-9618+[2001-1458-d00-6c--100-3b]-9618&alias=b9g57n7733.cern.ch&noUDP&sock=startd_3835_11ca>
	SlotName: slot1_1@b9g57n7733.cern.ch
	AvailableGPUs = { GPUs_GPU_b0315e2a }
	CondorScratchDir = "/pool/condor/dir_1862201"
	Cpus = 10
	Disk = 2049
	GPUs = 1
	GPUs_GPU_b0315e2a = [ Id = "GPU-b0315e2a"; ClockMhz = 1410.0; Capability = 8.0; CoresPerCU = 64; DeviceName = "NVIDIA A100-PCIE-40GB"; DeviceUuid = "b0315e2a-398c-3794-58e5-7fc069bfb315"; ECCEnabled = true; ComputeUnits = 108; DriverVersion = 13.0; DevicePciBusId = "0000:06:00.0"; GlobalMemoryMb = 40441; MaxSupportedVersion = 13000 ]
	Memory = 30800
...
006 (11935211.000.000) 07/06 10:20:21 Image size of job updated: 173552
	170  -  MemoryUsage of job (MB)
	173552  -  ResidentSetSize of job (KB)
...
006 (11935211.000.000) 07/06 10:25:21 Image size of job updated: 12216504
	11227  -  MemoryUsage of job (MB)
	11495532  -  ResidentSetSize of job (KB)
...
006 (11935211.000.000) 07/06 10:30:21 Image size of job updated: 12531976
	11677  -  MemoryUsage of job (MB)
	11956508  -  ResidentSetSize of job (KB)
...
006 (11935211.000.000) 07/06 10:35:22 Image size of job updated: 12544256
	12138  -  MemoryUsage of job (MB)
	12428616  -  ResidentSetSize of job (KB)
...
006 (11935211.000.000) 07/06 10:40:22 Image size of job updated: 12658424
	12138  -  MemoryUsage of job (MB)
	12428616  -  ResidentSetSize of job (KB)
...
006 (11935211.000.000) 07/06 10:45:22 Image size of job updated: 12663292
	12138  -  MemoryUsage of job (MB)
	12428616  -  ResidentSetSize of job (KB)
...
006 (11935211.000.000) 07/06 10:55:24 Image size of job updated: 12668264
	12220  -  MemoryUsage of job (MB)
	12512688  -  ResidentSetSize of job (KB)
...
006 (11935211.000.000) 07/06 11:00:24 Image size of job updated: 12669000
	12237  -  MemoryUsage of job (MB)
	12530472  -  ResidentSetSize of job (KB)
...
006 (11935211.000.000) 07/06 11:05:25 Image size of job updated: 12669000
	12280  -  MemoryUsage of job (MB)
	12573708  -  ResidentSetSize of job (KB)
...
006 (11935211.000.000) 07/06 11:15:26 Image size of job updated: 12718564
	12280  -  MemoryUsage of job (MB)
	12573708  -  ResidentSetSize of job (KB)
...
006 (11935211.000.000) 07/06 11:25:28 Image size of job updated: 12743832
	12356  -  MemoryUsage of job (MB)
	12652192  -  ResidentSetSize of job (KB)
...
006 (11935211.000.000) 07/06 11:30:28 Image size of job updated: 12807224
	12356  -  MemoryUsage of job (MB)
	12652192  -  ResidentSetSize of job (KB)
...
006 (11935211.000.000) 07/06 11:35:29 Image size of job updated: 12816120
	12356  -  MemoryUsage of job (MB)
	12652192  -  ResidentSetSize of job (KB)
...
006 (11935211.000.000) 07/06 11:50:31 Image size of job updated: 12816632
	12356  -  MemoryUsage of job (MB)
	12652192  -  ResidentSetSize of job (KB)
...
006 (11935211.000.000) 07/06 11:55:32 Image size of job updated: 12838324
	12356  -  MemoryUsage of job (MB)
	12652192  -  ResidentSetSize of job (KB)
...
006 (11935211.000.000) 07/06 12:05:33 Image size of job updated: 12865632
	12356  -  MemoryUsage of job (MB)
	12652192  -  ResidentSetSize of job (KB)
...
006 (11935211.000.000) 07/06 12:10:34 Image size of job updated: 12883012
	12356  -  MemoryUsage of job (MB)
	12652192  -  ResidentSetSize of job (KB)
...
006 (11935211.000.000) 07/06 12:25:36 Image size of job updated: 12942032
	12419  -  MemoryUsage of job (MB)
	12716888  -  ResidentSetSize of job (KB)
...
006 (11935211.000.000) 07/06 12:30:36 Image size of job updated: 12942032
	12566  -  MemoryUsage of job (MB)
	12867348  -  ResidentSetSize of job (KB)
...
006 (11935211.000.000) 07/06 13:15:39 Image size of job updated: 12974864
	12566  -  MemoryUsage of job (MB)
	12867348  -  ResidentSetSize of job (KB)
...
006 (11935211.000.000) 07/06 13:20:39 Image size of job updated: 13145528
	12566  -  MemoryUsage of job (MB)
	12867348  -  ResidentSetSize of job (KB)
...
006 (11935211.000.000) 07/06 13:40:42 Image size of job updated: 13145528
	12781  -  MemoryUsage of job (MB)
	13087104  -  ResidentSetSize of job (KB)
...
006 (11935211.000.000) 07/06 14:00:45 Image size of job updated: 15255540
	14898  -  MemoryUsage of job (MB)
	15255540  -  ResidentSetSize of job (KB)
...
006 (11935211.000.000) 07/06 14:05:45 Image size of job updated: 16896828
	14898  -  MemoryUsage of job (MB)
	15255540  -  ResidentSetSize of job (KB)
...
006 (11935211.000.000) 07/06 14:10:46 Image size of job updated: 17320644
	16815  -  MemoryUsage of job (MB)
	17218224  -  ResidentSetSize of job (KB)
...
006 (11935211.000.000) 07/06 14:15:47 Image size of job updated: 17320644
	16815  -  MemoryUsage of job (MB)
	17218228  -  ResidentSetSize of job (KB)
...
040 (11935211.000.000) 07/06 14:21:21 Started transferring output files
...
040 (11935211.000.000) 07/06 14:21:21 Finished transferring output files
...
005 (11935211.000.000) 07/06 14:21:21 Job terminated.
	(1) Normal termination (return value 0)
		Usr 1 09:17:59, Sys 0 04:51:48  -  Run Remote Usage
		Usr 0 00:00:00, Sys 0 00:00:00  -  Run Local Usage
		Usr 1 09:17:59, Sys 0 04:51:48  -  Total Remote Usage
		Usr 0 00:00:00, Sys 0 00:00:00  -  Total Local Usage
	602655  -  Run Bytes Sent By Job
	333  -  Run Bytes Received By Job
	602655  -  Total Bytes Sent By Job
	333  -  Total Bytes Received By Job
	Partitionable Resources :    Usage  Request Allocated Assigned
	   Cpus                 :     3.15       10        10 
	   Disk (KB)            :   885           1      2049 
	   GPUs                 :     0           1         1 "GPU-b0315e2a"
	   GpusMemory (MB)      :   522                       
	   Memory (MB)          : 16815       30720     30800 
	   TimeExecute (s)      : 14473                       
	   TimeSlotBusy (s)     : 14475                       
...
