000 (11938612.000.000) 07/07 06:38:03 Job submitted from host: <188.185.8.79:9618?addrs=188.185.8.79-9618+[2001-1458-d00-63--100-23a]-9618&alias=bigbird26.cern.ch&noUDP&sock=schedd_5282_9754>
...
040 (11938612.000.000) 07/08 04:48:43 Started transferring input files
	Transferring to host: <188.185.190.60:9618?addrs=188.185.190.60-9618+[2001-1458-d03-b--100-144]-9618&alias=b9pgpun216.cern.ch&noUDP&sock=slot1_1_9036_6de9_56143>
...
040 (11938612.000.000) 07/08 04:48:43 Finished transferring input files
...
001 (11938612.000.000) 07/08 04:48:44 Job executing on host: <188.185.190.60:9618?addrs=188.185.190.60-9618+[2001-1458-d03-b--100-144]-9618&alias=b9pgpun216.cern.ch&noUDP&sock=startd_8987_e9b8>
	SlotName: slot1_1@b9pgpun216.cern.ch
	AvailableGPUs = { GPUs_MIG_d45fadbf_c6ce_5c67_9d4a_ad7b653528a5 }
	CondorScratchDir = "/pool/condor/dir_513488"
	Cpus = 10
	Disk = 2049
	GPUs = 1
	GPUs_MIG_d45fadbf_c6ce_5c67_9d4a_ad7b653528a5 = [ Id = "MIG-d45fadbf-c6ce-5c67-9d4a-ad7b653528a5"; DeviceName = "NVIDIA H100L-2-24C MIG 2g.24gb"; DeviceUuid = "MIG-d45fadbf-c6ce-5c67-9d4a-ad7b653528a5"; ComputeUnits = 32; GlobalMemoryMb = 21547 ]
	Memory = 30800
...
006 (11938612.000.000) 07/08 04:48:53 Image size of job updated: 194720
	191  -  MemoryUsage of job (MB)
	194720  -  ResidentSetSize of job (KB)
...
006 (11938612.000.000) 07/08 04:53:54 Image size of job updated: 16366972
	15984  -  MemoryUsage of job (MB)
	16366972  -  ResidentSetSize of job (KB)
...
006 (11938612.000.000) 07/08 04:58:54 Image size of job updated: 16373376
	15990  -  MemoryUsage of job (MB)
	16373376  -  ResidentSetSize of job (KB)
...
006 (11938612.000.000) 07/08 05:03:54 Image size of job updated: 16386400
	16003  -  MemoryUsage of job (MB)
	16386400  -  ResidentSetSize of job (KB)
...
006 (11938612.000.000) 07/08 05:08:55 Image size of job updated: 16402704
	16019  -  MemoryUsage of job (MB)
	16402704  -  ResidentSetSize of job (KB)
...
006 (11938612.000.000) 07/08 05:13:55 Image size of job updated: 16415748
	16032  -  MemoryUsage of job (MB)
	16415748  -  ResidentSetSize of job (KB)
...
006 (11938612.000.000) 07/08 05:18:55 Image size of job updated: 16428608
	16044  -  MemoryUsage of job (MB)
	16428608  -  ResidentSetSize of job (KB)
...
006 (11938612.000.000) 07/08 05:23:56 Image size of job updated: 16441184
	16056  -  MemoryUsage of job (MB)
	16441184  -  ResidentSetSize of job (KB)
...
006 (11938612.000.000) 07/08 05:28:57 Image size of job updated: 16460032
	16075  -  MemoryUsage of job (MB)
	16460032  -  ResidentSetSize of job (KB)
...
006 (11938612.000.000) 07/08 05:33:57 Image size of job updated: 16470920
	16085  -  MemoryUsage of job (MB)
	16470920  -  ResidentSetSize of job (KB)
...
006 (11938612.000.000) 07/08 05:38:58 Image size of job updated: 16482420
	16097  -  MemoryUsage of job (MB)
	16482420  -  ResidentSetSize of job (KB)
...
006 (11938612.000.000) 07/08 05:43:59 Image size of job updated: 16494020
	16108  -  MemoryUsage of job (MB)
	16494020  -  ResidentSetSize of job (KB)
...
006 (11938612.000.000) 07/08 05:48:59 Image size of job updated: 16505856
	16119  -  MemoryUsage of job (MB)
	16505856  -  ResidentSetSize of job (KB)
...
006 (11938612.000.000) 07/08 05:53:59 Image size of job updated: 16518584
	16132  -  MemoryUsage of job (MB)
	16518584  -  ResidentSetSize of job (KB)
...
006 (11938612.000.000) 07/08 05:59:00 Image size of job updated: 16531844
	16145  -  MemoryUsage of job (MB)
	16531844  -  ResidentSetSize of job (KB)
...
006 (11938612.000.000) 07/08 06:04:00 Image size of job updated: 16560108
	16172  -  MemoryUsage of job (MB)
	16560108  -  ResidentSetSize of job (KB)
...
006 (11938612.000.000) 07/08 06:09:00 Image size of job updated: 16569760
	16182  -  MemoryUsage of job (MB)
	16569760  -  ResidentSetSize of job (KB)
...
006 (11938612.000.000) 07/08 06:14:01 Image size of job updated: 16582384
	16194  -  MemoryUsage of job (MB)
	16582384  -  ResidentSetSize of job (KB)
...
006 (11938612.000.000) 07/08 06:19:01 Image size of job updated: 16595320
	16207  -  MemoryUsage of job (MB)
	16595320  -  ResidentSetSize of job (KB)
...
006 (11938612.000.000) 07/08 06:24:01 Image size of job updated: 16605864
	16217  -  MemoryUsage of job (MB)
	16605864  -  ResidentSetSize of job (KB)
...
006 (11938612.000.000) 07/08 06:29:02 Image size of job updated: 16617560
	16229  -  MemoryUsage of job (MB)
	16617560  -  ResidentSetSize of job (KB)
...
006 (11938612.000.000) 07/08 06:34:03 Image size of job updated: 16629152
	16240  -  MemoryUsage of job (MB)
	16629152  -  ResidentSetSize of job (KB)
...
006 (11938612.000.000) 07/08 06:39:03 Image size of job updated: 16640836
	16251  -  MemoryUsage of job (MB)
	16640836  -  ResidentSetSize of job (KB)
...
006 (11938612.000.000) 07/08 06:44:04 Image size of job updated: 16653628
	16264  -  MemoryUsage of job (MB)
	16653628  -  ResidentSetSize of job (KB)
...
006 (11938612.000.000) 07/08 06:49:05 Image size of job updated: 16666488
	16276  -  MemoryUsage of job (MB)
	16666488  -  ResidentSetSize of job (KB)
...
006 (11938612.000.000) 07/08 06:54:05 Image size of job updated: 16678480
	16288  -  MemoryUsage of job (MB)
	16678480  -  ResidentSetSize of job (KB)
...
006 (11938612.000.000) 07/08 06:59:06 Image size of job updated: 16690760
	16300  -  MemoryUsage of job (MB)
	16690760  -  ResidentSetSize of job (KB)
...
006 (11938612.000.000) 07/08 07:04:07 Image size of job updated: 16702848
	16312  -  MemoryUsage of job (MB)
	16702848  -  ResidentSetSize of job (KB)
...
006 (11938612.000.000) 07/08 07:09:07 Image size of job updated: 16715748
	16324  -  MemoryUsage of job (MB)
	16715748  -  ResidentSetSize of job (KB)
...
006 (11938612.000.000) 07/08 07:14:07 Image size of job updated: 16768976
	16376  -  MemoryUsage of job (MB)
	16768976  -  ResidentSetSize of job (KB)
...
006 (11938612.000.000) 07/08 07:19:08 Image size of job updated: 16770064
	16378  -  MemoryUsage of job (MB)
	16770064  -  ResidentSetSize of job (KB)
...
006 (11938612.000.000) 07/08 07:24:08 Image size of job updated: 16780840
	16388  -  MemoryUsage of job (MB)
	16780840  -  ResidentSetSize of job (KB)
...
006 (11938612.000.000) 07/08 07:29:08 Image size of job updated: 16794292
	16401  -  MemoryUsage of job (MB)
	16794292  -  ResidentSetSize of job (KB)
...
006 (11938612.000.000) 07/08 07:34:10 Image size of job updated: 16805856
	16412  -  MemoryUsage of job (MB)
	16805856  -  ResidentSetSize of job (KB)
...
006 (11938612.000.000) 07/08 07:39:10 Image size of job updated: 16818464
	16425  -  MemoryUsage of job (MB)
	16818464  -  ResidentSetSize of job (KB)
...
006 (11938612.000.000) 07/08 07:44:10 Image size of job updated: 16830792
	16437  -  MemoryUsage of job (MB)
	16830792  -  ResidentSetSize of job (KB)
...
006 (11938612.000.000) 07/08 07:49:11 Image size of job updated: 16842756
	16449  -  MemoryUsage of job (MB)
	16842756  -  ResidentSetSize of job (KB)
...
006 (11938612.000.000) 07/08 07:54:12 Image size of job updated: 16855752
	16461  -  MemoryUsage of job (MB)
	16855752  -  ResidentSetSize of job (KB)
...
006 (11938612.000.000) 07/08 07:59:12 Image size of job updated: 16868956
	16474  -  MemoryUsage of job (MB)
	16868956  -  ResidentSetSize of job (KB)
...
006 (11938612.000.000) 07/08 08:04:13 Image size of job updated: 16881800
	16487  -  MemoryUsage of job (MB)
	16881800  -  ResidentSetSize of job (KB)
...
006 (11938612.000.000) 07/08 08:09:14 Image size of job updated: 16894316
	16499  -  MemoryUsage of job (MB)
	16894316  -  ResidentSetSize of job (KB)
...
006 (11938612.000.000) 07/08 08:14:14 Image size of job updated: 16906772
	16511  -  MemoryUsage of job (MB)
	16906772  -  ResidentSetSize of job (KB)
...
006 (11938612.000.000) 07/08 08:19:14 Image size of job updated: 18515660
	18082  -  MemoryUsage of job (MB)
	18515660  -  ResidentSetSize of job (KB)
...
006 (11938612.000.000) 07/08 08:24:15 Image size of job updated: 18610552
	18157  -  MemoryUsage of job (MB)
	18592276  -  ResidentSetSize of job (KB)
...
006 (11938612.000.000) 07/08 08:29:15 Image size of job updated: 19192820
	18449  -  MemoryUsage of job (MB)
	18891168  -  ResidentSetSize of job (KB)
...
040 (11938612.000.000) 07/08 08:32:36 Started transferring output files
...
040 (11938612.000.000) 07/08 08:32:36 Finished transferring output files
...
005 (11938612.000.000) 07/08 08:32:36 Job terminated.
	(1) Normal termination (return value 0)
		Usr 1 17:47:05, Sys 0 00:42:44  -  Run Remote Usage
		Usr 0 00:00:00, Sys 0 00:00:00  -  Run Local Usage
		Usr 1 17:47:05, Sys 0 00:42:44  -  Total Remote Usage
		Usr 0 00:00:00, Sys 0 00:00:00  -  Total Local Usage
	655038  -  Run Bytes Sent By Job
	333  -  Run Bytes Received By Job
	655038  -  Total Bytes Sent By Job
	333  -  Total Bytes Received By Job
	Partitionable Resources :    Usage  Request Allocated Assigned
	   Cpus                 :    13.23       10        10 
	   Disk (KB)            :   935           1      2049 
	   GPUs                 :                 1         1 "MIG-d45fadbf-c6ce-5c67-9d4a-ad7b653528a5"
	   Memory (MB)          : 18449       30720     30800 
	   TimeExecute (s)      : 13432                       
	   TimeSlotBusy (s)     : 13433                       
...
