000 (11921169.000.000) 07/05 06:06:51 Job submitted from host: <188.185.8.79:9618?addrs=188.185.8.79-9618+[2001-1458-d00-63--100-23a]-9618&alias=bigbird26.cern.ch&noUDP&sock=schedd_5282_9754>
...
040 (11921169.000.000) 07/05 07:03:38 Started transferring input files
	Transferring to host: <188.185.238.12:9618?addrs=188.185.238.12-9618+[2001-1458-303-28--100-8]-9618&alias=b9pgpun001.cern.ch&noUDP&sock=slot1_1_3229370_0eb2_161349>
...
040 (11921169.000.000) 07/05 07:03:38 Finished transferring input files
...
001 (11921169.000.000) 07/05 07:03:39 Job executing on host: <188.185.238.12:9618?addrs=188.185.238.12-9618+[2001-1458-303-28--100-8]-9618&alias=b9pgpun001.cern.ch&noUDP&sock=startd_16419_a594>
	SlotName: slot1_1@b9pgpun001.cern.ch
	AvailableGPUs = { GPUs_GPU_ba8f5d65 }
	CondorScratchDir = "/pool/condor/dir_1692352"
	Cpus = 10
	Disk = 7008
	GPUs = 1
	GPUs_GPU_ba8f5d65 = [ Id = "GPU-ba8f5d65"; ClockMhz = 1785.0; Capability = 9.0; CoresPerCU = 128; DeviceName = "NVIDIA H100 NVL"; DeviceUuid = "ba8f5d65-a6fb-796f-67a2-9d19bc987566"; ECCEnabled = true; ComputeUnits = 132; DriverVersion = 13.0; DevicePciBusId = "0000:3A:00.0"; GlobalMemoryMb = 95320; MaxSupportedVersion = 13000 ]
	Memory = 30800
...
006 (11921169.000.000) 07/05 07:03:53 Image size of job updated: 8508
	9  -  MemoryUsage of job (MB)
	8508  -  ResidentSetSize of job (KB)
...
006 (11921169.000.000) 07/05 07:08:54 Image size of job updated: 241376
	236  -  MemoryUsage of job (MB)
	241376  -  ResidentSetSize of job (KB)
...
006 (11921169.000.000) 07/05 07:13:55 Image size of job updated: 16260928
	15880  -  MemoryUsage of job (MB)
	16260928  -  ResidentSetSize of job (KB)
...
006 (11921169.000.000) 07/05 07:18:55 Image size of job updated: 16300164
	15919  -  MemoryUsage of job (MB)
	16300164  -  ResidentSetSize of job (KB)
...
006 (11921169.000.000) 07/05 07:23:56 Image size of job updated: 16325176
	15943  -  MemoryUsage of job (MB)
	16325176  -  ResidentSetSize of job (KB)
...
006 (11921169.000.000) 07/05 07:28:56 Image size of job updated: 16346332
	15964  -  MemoryUsage of job (MB)
	16346332  -  ResidentSetSize of job (KB)
...
006 (11921169.000.000) 07/05 07:33:57 Image size of job updated: 16373384
	15990  -  MemoryUsage of job (MB)
	16373384  -  ResidentSetSize of job (KB)
...
006 (11921169.000.000) 07/05 07:38:57 Image size of job updated: 16391344
	16008  -  MemoryUsage of job (MB)
	16391344  -  ResidentSetSize of job (KB)
...
006 (11921169.000.000) 07/05 07:43:58 Image size of job updated: 16410524
	16026  -  MemoryUsage of job (MB)
	16410524  -  ResidentSetSize of job (KB)
...
006 (11921169.000.000) 07/05 07:48:59 Image size of job updated: 16436196
	16051  -  MemoryUsage of job (MB)
	16436196  -  ResidentSetSize of job (KB)
...
006 (11921169.000.000) 07/05 07:53:59 Image size of job updated: 16478424
	16093  -  MemoryUsage of job (MB)
	16478424  -  ResidentSetSize of job (KB)
...
006 (11921169.000.000) 07/05 07:59:00 Image size of job updated: 16487716
	16102  -  MemoryUsage of job (MB)
	16487716  -  ResidentSetSize of job (KB)
...
006 (11921169.000.000) 07/05 08:04:00 Image size of job updated: 16506752
	16120  -  MemoryUsage of job (MB)
	16506752  -  ResidentSetSize of job (KB)
...
006 (11921169.000.000) 07/05 08:09:01 Image size of job updated: 16527448
	16141  -  MemoryUsage of job (MB)
	16527448  -  ResidentSetSize of job (KB)
...
006 (11921169.000.000) 07/05 08:14:01 Image size of job updated: 16548248
	16161  -  MemoryUsage of job (MB)
	16548248  -  ResidentSetSize of job (KB)
...
006 (11921169.000.000) 07/05 08:19:02 Image size of job updated: 16567200
	16179  -  MemoryUsage of job (MB)
	16567200  -  ResidentSetSize of job (KB)
...
006 (11921169.000.000) 07/05 08:24:02 Image size of job updated: 16586140
	16198  -  MemoryUsage of job (MB)
	16586140  -  ResidentSetSize of job (KB)
...
006 (11921169.000.000) 07/05 08:29:02 Image size of job updated: 16605536
	16217  -  MemoryUsage of job (MB)
	16605536  -  ResidentSetSize of job (KB)
...
006 (11921169.000.000) 07/05 08:34:03 Image size of job updated: 16626488
	16237  -  MemoryUsage of job (MB)
	16626488  -  ResidentSetSize of job (KB)
...
006 (11921169.000.000) 07/05 08:39:03 Image size of job updated: 16691256
	16301  -  MemoryUsage of job (MB)
	16691256  -  ResidentSetSize of job (KB)
...
006 (11921169.000.000) 07/05 08:44:04 Image size of job updated: 16697644
	16307  -  MemoryUsage of job (MB)
	16697644  -  ResidentSetSize of job (KB)
...
006 (11921169.000.000) 07/05 08:49:04 Image size of job updated: 16715692
	16324  -  MemoryUsage of job (MB)
	16715692  -  ResidentSetSize of job (KB)
...
006 (11921169.000.000) 07/05 08:54:05 Image size of job updated: 16735804
	16344  -  MemoryUsage of job (MB)
	16735804  -  ResidentSetSize of job (KB)
...
006 (11921169.000.000) 07/05 08:59:06 Image size of job updated: 16755992
	16364  -  MemoryUsage of job (MB)
	16755992  -  ResidentSetSize of job (KB)
...
006 (11921169.000.000) 07/05 09:04:06 Image size of job updated: 16776712
	16384  -  MemoryUsage of job (MB)
	16776712  -  ResidentSetSize of job (KB)
...
006 (11921169.000.000) 07/05 09:09:07 Image size of job updated: 17866188
	17443  -  MemoryUsage of job (MB)
	17861556  -  ResidentSetSize of job (KB)
...
006 (11921169.000.000) 07/05 09:14:07 Image size of job updated: 18715220
	18277  -  MemoryUsage of job (MB)
	18715220  -  ResidentSetSize of job (KB)
...
006 (11921169.000.000) 07/05 09:19:08 Image size of job updated: 19108508
	18394  -  MemoryUsage of job (MB)
	18834928  -  ResidentSetSize of job (KB)
...
040 (11921169.000.000) 07/05 09:19:42 Started transferring output files
...
040 (11921169.000.000) 07/05 09:19:42 Finished transferring output files
...
005 (11921169.000.000) 07/05 09:19:42 Job terminated.
	(1) Normal termination (return value 0)
		Usr 4 12:39:26, Sys 0 02:29:59  -  Run Remote Usage
		Usr 0 00:00:00, Sys 0 00:00:00  -  Run Local Usage
		Usr 4 12:39:26, Sys 0 02:29:59  -  Total Remote Usage
		Usr 0 00:00:00, Sys 0 00:00:00  -  Total Local Usage
	620490  -  Run Bytes Sent By Job
	330  -  Run Bytes Received By Job
	620490  -  Total Bytes Sent By Job
	330  -  Total Bytes Received By Job
	Partitionable Resources :    Usage  Request Allocated Assigned
	   Cpus                 :     8.19       10        10 
	   Disk (KB)            :   902           1      7008 
	   GPUs                 :     0           1         1 "GPU-ba8f5d65"
	   GpusMemory (MB)      :   514                       
	   Memory (MB)          : 18394       30720     30800 
	   TimeExecute (s)      :  8163                       
	   TimeSlotBusy (s)     :  8166                       
...
