000 (11938619.000.000) 07/07 06:38:04 Job submitted from host: <188.185.8.79:9618?addrs=188.185.8.79-9618+[2001-1458-d00-63--100-23a]-9618&alias=bigbird26.cern.ch&noUDP&sock=schedd_5282_9754>
...
040 (11938619.000.000) 07/08 07:47:56 Started transferring input files
	Transferring to host: <188.185.93.172:9618?addrs=188.185.93.172-9618+[2001-1458-d00-6c--100-16d]-9618&alias=b9g57n5389.cern.ch&noUDP&sock=slot1_1_17568_fec3_166778>
...
040 (11938619.000.000) 07/08 07:47:56 Finished transferring input files
...
001 (11938619.000.000) 07/08 07:47:57 Job executing on host: <188.185.93.172:9618?addrs=188.185.93.172-9618+[2001-1458-d00-6c--100-16d]-9618&alias=b9g57n5389.cern.ch&noUDP&sock=startd_16935_9473>
	SlotName: slot1_1@b9g57n5389.cern.ch
	AvailableGPUs = { GPUs_GPU_d5bc3a72 }
	CondorScratchDir = "/pool/condor/dir_1993504"
	Cpus = 10
	Disk = 2048
	GPUs = 1
	GPUs_GPU_d5bc3a72 = [ Id = "GPU-d5bc3a72"; ClockMhz = 1410.0; Capability = 8.0; CoresPerCU = 64; DeviceName = "NVIDIA A100-PCIE-40GB"; DeviceUuid = "d5bc3a72-c3ca-7ccb-bb9b-d16ce43fa8e3"; ECCEnabled = true; ComputeUnits = 108; DriverVersion = 13.0; DevicePciBusId = "0000:06:00.0"; GlobalMemoryMb = 40441; MaxSupportedVersion = 13000 ]
	Memory = 30800
...
006 (11938619.000.000) 07/08 07:48:10 Image size of job updated: 184136
	180  -  MemoryUsage of job (MB)
	184136  -  ResidentSetSize of job (KB)
...
006 (11938619.000.000) 07/08 07:53:10 Image size of job updated: 12750760
	11726  -  MemoryUsage of job (MB)
	12007136  -  ResidentSetSize of job (KB)
...
006 (11938619.000.000) 07/08 07:58:11 Image size of job updated: 12913196
	11933  -  MemoryUsage of job (MB)
	12219352  -  ResidentSetSize of job (KB)
...
006 (11938619.000.000) 07/08 08:03:12 Image size of job updated: 12913196
	12114  -  MemoryUsage of job (MB)
	12403964  -  ResidentSetSize of job (KB)
...
006 (11938619.000.000) 07/08 08:08:12 Image size of job updated: 12913196
	12314  -  MemoryUsage of job (MB)
	12608608  -  ResidentSetSize of job (KB)
...
006 (11938619.000.000) 07/08 08:23:14 Image size of job updated: 12913196
	12397  -  MemoryUsage of job (MB)
	12694280  -  ResidentSetSize of job (KB)
...
006 (11938619.000.000) 07/08 08:33:16 Image size of job updated: 12959524
	12397  -  MemoryUsage of job (MB)
	12694280  -  ResidentSetSize of job (KB)
...
006 (11938619.000.000) 07/08 08:58:18 Image size of job updated: 12959524
	12621  -  MemoryUsage of job (MB)
	12923084  -  ResidentSetSize of job (KB)
...
006 (11938619.000.000) 07/08 09:03:18 Image size of job updated: 13025340
	12625  -  MemoryUsage of job (MB)
	12927428  -  ResidentSetSize of job (KB)
...
006 (11938619.000.000) 07/08 09:13:20 Image size of job updated: 13054696
	12625  -  MemoryUsage of job (MB)
	12927428  -  ResidentSetSize of job (KB)
...
006 (11938619.000.000) 07/08 09:23:21 Image size of job updated: 13057496
	12625  -  MemoryUsage of job (MB)
	12927428  -  ResidentSetSize of job (KB)
...
006 (11938619.000.000) 07/08 09:33:22 Image size of job updated: 13075500
	12625  -  MemoryUsage of job (MB)
	12927428  -  ResidentSetSize of job (KB)
...
006 (11938619.000.000) 07/08 09:58:25 Image size of job updated: 13078296
	12625  -  MemoryUsage of job (MB)
	12927428  -  ResidentSetSize of job (KB)
...
006 (11938619.000.000) 07/08 10:08:26 Image size of job updated: 13110688
	12625  -  MemoryUsage of job (MB)
	12927428  -  ResidentSetSize of job (KB)
...
006 (11938619.000.000) 07/08 10:23:27 Image size of job updated: 13110688
	12796  -  MemoryUsage of job (MB)
	13102572  -  ResidentSetSize of job (KB)
...
006 (11938619.000.000) 07/08 10:28:27 Image size of job updated: 13148080
	12800  -  MemoryUsage of job (MB)
	13106672  -  ResidentSetSize of job (KB)
...
006 (11938619.000.000) 07/08 11:13:32 Image size of job updated: 13201512
	12800  -  MemoryUsage of job (MB)
	13106672  -  ResidentSetSize of job (KB)
...
006 (11938619.000.000) 07/08 11:48:35 Image size of job updated: 13218112
	12800  -  MemoryUsage of job (MB)
	13106672  -  ResidentSetSize of job (KB)
...
006 (11938619.000.000) 07/08 11:58:35 Image size of job updated: 13274804
	12800  -  MemoryUsage of job (MB)
	13106672  -  ResidentSetSize of job (KB)
...
006 (11938619.000.000) 07/08 12:08:36 Image size of job updated: 13312924
	12800  -  MemoryUsage of job (MB)
	13106672  -  ResidentSetSize of job (KB)
...
006 (11938619.000.000) 07/08 12:18:37 Image size of job updated: 13361544
	12800  -  MemoryUsage of job (MB)
	13106672  -  ResidentSetSize of job (KB)
...
006 (11938619.000.000) 07/08 12:28:37 Image size of job updated: 13361544
	12939  -  MemoryUsage of job (MB)
	13249384  -  ResidentSetSize of job (KB)
...
006 (11938619.000.000) 07/08 12:43:38 Image size of job updated: 17025024
	16341  -  MemoryUsage of job (MB)
	16732432  -  ResidentSetSize of job (KB)
...
006 (11938619.000.000) 07/08 12:48:39 Image size of job updated: 18916672
	17772  -  MemoryUsage of job (MB)
	18197956  -  ResidentSetSize of job (KB)
...
006 (11938619.000.000) 07/08 12:53:39 Image size of job updated: 18916672
	17809  -  MemoryUsage of job (MB)
	18236264  -  ResidentSetSize of job (KB)
...
040 (11938619.000.000) 07/08 13:04:48 Started transferring output files
...
040 (11938619.000.000) 07/08 13:04:48 Finished transferring output files
...
005 (11938619.000.000) 07/08 13:04:48 Job terminated.
	(1) Normal termination (return value 0)
		Usr 1 19:36:44, Sys 0 06:36:12  -  Run Remote Usage
		Usr 0 00:00:00, Sys 0 00:00:00  -  Run Local Usage
		Usr 1 19:36:44, Sys 0 06:36:12  -  Total Remote Usage
		Usr 0 00:00:00, Sys 0 00:00:00  -  Total Local Usage
	654068  -  Run Bytes Sent By Job
	333  -  Run Bytes Received By Job
	654068  -  Total Bytes Sent By Job
	333  -  Total Bytes Received By Job
	Partitionable Resources :    Usage  Request Allocated Assigned
	   Cpus                 :     4.28       10        10 
	   Disk (KB)            :   935           1      2048 
	   GPUs                 :     0           1         1 "GPU-d5bc3a72"
	   GpusMemory (MB)      :   566                       
	   Memory (MB)          : 17809       30720     30800 
	   TimeExecute (s)      : 19011                       
	   TimeSlotBusy (s)     : 19014                       
...
