000 (11938608.000.000) 07/07 06:38:02 Job submitted from host: <188.185.8.79:9618?addrs=188.185.8.79-9618+[2001-1458-d00-63--100-23a]-9618&alias=bigbird26.cern.ch&noUDP&sock=schedd_5282_9754>
...
040 (11938608.000.000) 07/08 00:22:25 Started transferring input files
	Transferring to host: <188.185.190.60:9618?addrs=188.185.190.60-9618+[2001-1458-d03-b--100-144]-9618&alias=b9pgpun216.cern.ch&noUDP&sock=slot1_1_9036_6de9_56014>
...
040 (11938608.000.000) 07/08 00:22:25 Finished transferring input files
...
001 (11938608.000.000) 07/08 00:22:26 Job executing on host: <188.185.190.60:9618?addrs=188.185.190.60-9618+[2001-1458-d03-b--100-144]-9618&alias=b9pgpun216.cern.ch&noUDP&sock=startd_8987_e9b8>
	SlotName: slot1_1@b9pgpun216.cern.ch
	AvailableGPUs = { GPUs_MIG_d45fadbf_c6ce_5c67_9d4a_ad7b653528a5 }
	CondorScratchDir = "/pool/condor/dir_492350"
	Cpus = 10
	Disk = 2040
	GPUs = 1
	GPUs_MIG_d45fadbf_c6ce_5c67_9d4a_ad7b653528a5 = [ Id = "MIG-d45fadbf-c6ce-5c67-9d4a-ad7b653528a5"; DeviceName = "NVIDIA H100L-2-24C MIG 2g.24gb"; DeviceUuid = "MIG-d45fadbf-c6ce-5c67-9d4a-ad7b653528a5"; ComputeUnits = 32; GlobalMemoryMb = 21547 ]
	Memory = 30800
...
006 (11938608.000.000) 07/08 00:22:34 Image size of job updated: 200328
	196  -  MemoryUsage of job (MB)
	200328  -  ResidentSetSize of job (KB)
...
006 (11938608.000.000) 07/08 00:27:34 Image size of job updated: 15971796
	15598  -  MemoryUsage of job (MB)
	15971796  -  ResidentSetSize of job (KB)
...
006 (11938608.000.000) 07/08 00:32:35 Image size of job updated: 16002984
	15628  -  MemoryUsage of job (MB)
	16002984  -  ResidentSetSize of job (KB)
...
006 (11938608.000.000) 07/08 00:37:35 Image size of job updated: 16015868
	15641  -  MemoryUsage of job (MB)
	16015868  -  ResidentSetSize of job (KB)
...
006 (11938608.000.000) 07/08 00:42:35 Image size of job updated: 16031996
	15657  -  MemoryUsage of job (MB)
	16031996  -  ResidentSetSize of job (KB)
...
006 (11938608.000.000) 07/08 00:47:36 Image size of job updated: 16045204
	15670  -  MemoryUsage of job (MB)
	16045204  -  ResidentSetSize of job (KB)
...
006 (11938608.000.000) 07/08 00:52:36 Image size of job updated: 16057760
	15682  -  MemoryUsage of job (MB)
	16057760  -  ResidentSetSize of job (KB)
...
006 (11938608.000.000) 07/08 00:57:36 Image size of job updated: 16070992
	15695  -  MemoryUsage of job (MB)
	16070992  -  ResidentSetSize of job (KB)
...
006 (11938608.000.000) 07/08 01:02:37 Image size of job updated: 16089292
	15713  -  MemoryUsage of job (MB)
	16089292  -  ResidentSetSize of job (KB)
...
006 (11938608.000.000) 07/08 01:07:38 Image size of job updated: 16100800
	15724  -  MemoryUsage of job (MB)
	16100800  -  ResidentSetSize of job (KB)
...
006 (11938608.000.000) 07/08 01:12:38 Image size of job updated: 16112344
	15735  -  MemoryUsage of job (MB)
	16112344  -  ResidentSetSize of job (KB)
...
006 (11938608.000.000) 07/08 01:17:39 Image size of job updated: 16124168
	15747  -  MemoryUsage of job (MB)
	16124168  -  ResidentSetSize of job (KB)
...
006 (11938608.000.000) 07/08 01:22:40 Image size of job updated: 16136432
	15759  -  MemoryUsage of job (MB)
	16136432  -  ResidentSetSize of job (KB)
...
006 (11938608.000.000) 07/08 01:27:40 Image size of job updated: 16149120
	15771  -  MemoryUsage of job (MB)
	16149120  -  ResidentSetSize of job (KB)
...
006 (11938608.000.000) 07/08 01:32:41 Image size of job updated: 16161644
	15783  -  MemoryUsage of job (MB)
	16161644  -  ResidentSetSize of job (KB)
...
006 (11938608.000.000) 07/08 01:37:42 Image size of job updated: 16207500
	15828  -  MemoryUsage of job (MB)
	16207500  -  ResidentSetSize of job (KB)
...
006 (11938608.000.000) 07/08 01:42:42 Image size of job updated: 16215852
	15836  -  MemoryUsage of job (MB)
	16215852  -  ResidentSetSize of job (KB)
...
006 (11938608.000.000) 07/08 01:47:42 Image size of job updated: 16227116
	15847  -  MemoryUsage of job (MB)
	16227116  -  ResidentSetSize of job (KB)
...
006 (11938608.000.000) 07/08 01:52:43 Image size of job updated: 16237676
	15858  -  MemoryUsage of job (MB)
	16237676  -  ResidentSetSize of job (KB)
...
006 (11938608.000.000) 07/08 01:57:43 Image size of job updated: 16248796
	15868  -  MemoryUsage of job (MB)
	16248796  -  ResidentSetSize of job (KB)
...
006 (11938608.000.000) 07/08 02:02:43 Image size of job updated: 16260284
	15880  -  MemoryUsage of job (MB)
	16260284  -  ResidentSetSize of job (KB)
...
006 (11938608.000.000) 07/08 02:07:44 Image size of job updated: 16271972
	15891  -  MemoryUsage of job (MB)
	16271972  -  ResidentSetSize of job (KB)
...
006 (11938608.000.000) 07/08 02:12:44 Image size of job updated: 16283984
	15903  -  MemoryUsage of job (MB)
	16283984  -  ResidentSetSize of job (KB)
...
006 (11938608.000.000) 07/08 02:17:44 Image size of job updated: 16295784
	15914  -  MemoryUsage of job (MB)
	16295784  -  ResidentSetSize of job (KB)
...
006 (11938608.000.000) 07/08 02:22:45 Image size of job updated: 16307728
	15926  -  MemoryUsage of job (MB)
	16307728  -  ResidentSetSize of job (KB)
...
006 (11938608.000.000) 07/08 02:27:45 Image size of job updated: 16319820
	15938  -  MemoryUsage of job (MB)
	16319820  -  ResidentSetSize of job (KB)
...
006 (11938608.000.000) 07/08 02:32:45 Image size of job updated: 16331936
	15950  -  MemoryUsage of job (MB)
	16331936  -  ResidentSetSize of job (KB)
...
006 (11938608.000.000) 07/08 02:37:46 Image size of job updated: 16343812
	15961  -  MemoryUsage of job (MB)
	16343812  -  ResidentSetSize of job (KB)
...
006 (11938608.000.000) 07/08 02:42:47 Image size of job updated: 16356356
	15974  -  MemoryUsage of job (MB)
	16356356  -  ResidentSetSize of job (KB)
...
006 (11938608.000.000) 07/08 02:47:47 Image size of job updated: 16368292
	15985  -  MemoryUsage of job (MB)
	16368292  -  ResidentSetSize of job (KB)
...
006 (11938608.000.000) 07/08 02:52:48 Image size of job updated: 16421700
	16037  -  MemoryUsage of job (MB)
	16421700  -  ResidentSetSize of job (KB)
...
006 (11938608.000.000) 07/08 03:02:49 Image size of job updated: 16425468
	16041  -  MemoryUsage of job (MB)
	16425468  -  ResidentSetSize of job (KB)
...
006 (11938608.000.000) 07/08 03:07:50 Image size of job updated: 16437116
	16052  -  MemoryUsage of job (MB)
	16437116  -  ResidentSetSize of job (KB)
...
006 (11938608.000.000) 07/08 03:12:51 Image size of job updated: 16448284
	16063  -  MemoryUsage of job (MB)
	16448284  -  ResidentSetSize of job (KB)
...
006 (11938608.000.000) 07/08 03:17:51 Image size of job updated: 16459308
	16074  -  MemoryUsage of job (MB)
	16459308  -  ResidentSetSize of job (KB)
...
006 (11938608.000.000) 07/08 03:22:52 Image size of job updated: 16470572
	16085  -  MemoryUsage of job (MB)
	16470572  -  ResidentSetSize of job (KB)
...
006 (11938608.000.000) 07/08 03:27:53 Image size of job updated: 16481644
	16096  -  MemoryUsage of job (MB)
	16481644  -  ResidentSetSize of job (KB)
...
006 (11938608.000.000) 07/08 03:32:53 Image size of job updated: 16493520
	16107  -  MemoryUsage of job (MB)
	16493520  -  ResidentSetSize of job (KB)
...
006 (11938608.000.000) 07/08 03:37:54 Image size of job updated: 16503780
	16117  -  MemoryUsage of job (MB)
	16503780  -  ResidentSetSize of job (KB)
...
006 (11938608.000.000) 07/08 03:42:55 Image size of job updated: 16515052
	16128  -  MemoryUsage of job (MB)
	16515052  -  ResidentSetSize of job (KB)
...
006 (11938608.000.000) 07/08 03:47:55 Image size of job updated: 16526272
	16139  -  MemoryUsage of job (MB)
	16526272  -  ResidentSetSize of job (KB)
...
006 (11938608.000.000) 07/08 03:52:55 Image size of job updated: 16536916
	16150  -  MemoryUsage of job (MB)
	16536916  -  ResidentSetSize of job (KB)
...
006 (11938608.000.000) 07/08 03:57:56 Image size of job updated: 16548228
	16161  -  MemoryUsage of job (MB)
	16548228  -  ResidentSetSize of job (KB)
...
006 (11938608.000.000) 07/08 04:02:56 Image size of job updated: 16559864
	16172  -  MemoryUsage of job (MB)
	16559864  -  ResidentSetSize of job (KB)
...
006 (11938608.000.000) 07/08 04:07:56 Image size of job updated: 16572152
	16184  -  MemoryUsage of job (MB)
	16572152  -  ResidentSetSize of job (KB)
...
006 (11938608.000.000) 07/08 04:12:57 Image size of job updated: 16590512
	16202  -  MemoryUsage of job (MB)
	16590512  -  ResidentSetSize of job (KB)
...
006 (11938608.000.000) 07/08 04:17:57 Image size of job updated: 16603756
	16215  -  MemoryUsage of job (MB)
	16603756  -  ResidentSetSize of job (KB)
...
006 (11938608.000.000) 07/08 04:22:57 Image size of job updated: 16616472
	16228  -  MemoryUsage of job (MB)
	16616472  -  ResidentSetSize of job (KB)
...
006 (11938608.000.000) 07/08 04:27:58 Image size of job updated: 16629256
	16240  -  MemoryUsage of job (MB)
	16629256  -  ResidentSetSize of job (KB)
...
006 (11938608.000.000) 07/08 04:32:59 Image size of job updated: 18195956
	17759  -  MemoryUsage of job (MB)
	18185212  -  ResidentSetSize of job (KB)
...
006 (11938608.000.000) 07/08 04:37:59 Image size of job updated: 18714024
	18276  -  MemoryUsage of job (MB)
	18714024  -  ResidentSetSize of job (KB)
...
006 (11938608.000.000) 07/08 04:43:00 Image size of job updated: 19410364
	18955  -  MemoryUsage of job (MB)
	19409340  -  ResidentSetSize of job (KB)
...
040 (11938608.000.000) 07/08 04:47:27 Started transferring output files
...
040 (11938608.000.000) 07/08 04:47:27 Finished transferring output files
...
005 (11938608.000.000) 07/08 04:47:27 Job terminated.
	(1) Normal termination (return value 0)
		Usr 2 01:30:11, Sys 0 00:48:28  -  Run Remote Usage
		Usr 0 00:00:00, Sys 0 00:00:00  -  Run Local Usage
		Usr 2 01:30:11, Sys 0 00:48:28  -  Total Remote Usage
		Usr 0 00:00:00, Sys 0 00:00:00  -  Total Local Usage
	710220  -  Run Bytes Sent By Job
	340  -  Run Bytes Received By Job
	710220  -  Total Bytes Sent By Job
	340  -  Total Bytes Received By Job
	Partitionable Resources :    Usage  Request Allocated Assigned
	   Cpus                 :     4.19       10        10 
	   Disk (KB)            :   976           1      2040 
	   GPUs                 :                 1         1 "MIG-d45fadbf-c6ce-5c67-9d4a-ad7b653528a5"
	   Memory (MB)          : 18955       30720     30800 
	   TimeExecute (s)      : 15901                       
	   TimeSlotBusy (s)     : 15902                       
...
