000 (11938572.000.000) 07/07 06:37:47 Job submitted from host: <188.185.8.79:9618?addrs=188.185.8.79-9618+[2001-1458-d00-63--100-23a]-9618&alias=bigbird26.cern.ch&noUDP&sock=schedd_5282_9754>
...
040 (11938572.000.000) 07/07 11:24:42 Started transferring input files
	Transferring to host: <188.185.238.10:9618?addrs=188.185.238.10-9618+[2001-1458-303-28--100-6]-9618&alias=b9pgpun002.cern.ch&noUDP&sock=slot1_2_1939520_0c0f_163475>
...
040 (11938572.000.000) 07/07 11:24:42 Finished transferring input files
...
001 (11938572.000.000) 07/07 11:24:43 Job executing on host: <188.185.238.10:9618?addrs=188.185.238.10-9618+[2001-1458-303-28--100-6]-9618&alias=b9pgpun002.cern.ch&noUDP&sock=startd_1939478_2ae8>
	SlotName: slot1_2@b9pgpun002.cern.ch
	AvailableGPUs = { GPUs_GPU_195dba93 }
	CondorScratchDir = "/pool/condor/dir_2169365"
	Cpus = 10
	Disk = 7013
	GPUs = 1
	GPUs_GPU_195dba93 = [ Id = "GPU-195dba93"; ClockMhz = 1785.0; Capability = 9.0; CoresPerCU = 128; DeviceName = "NVIDIA H100 NVL"; DeviceUuid = "195dba93-e951-b119-dea3-1f3b18bdda48"; ECCEnabled = true; ComputeUnits = 132; DriverVersion = 13.0; DevicePciBusId = "0000:3B:00.0"; GlobalMemoryMb = 95320; MaxSupportedVersion = 13000 ]
	Memory = 30800
...
006 (11938572.000.000) 07/07 11:24:56 Image size of job updated: 168000
	128  -  MemoryUsage of job (MB)
	130480  -  ResidentSetSize of job (KB)
...
006 (11938572.000.000) 07/07 11:29:56 Image size of job updated: 16209456
	15830  -  MemoryUsage of job (MB)
	16209456  -  ResidentSetSize of job (KB)
...
006 (11938572.000.000) 07/07 11:34:57 Image size of job updated: 16244064
	15864  -  MemoryUsage of job (MB)
	16244064  -  ResidentSetSize of job (KB)
...
006 (11938572.000.000) 07/07 11:39:57 Image size of job updated: 16280396
	15899  -  MemoryUsage of job (MB)
	16280396  -  ResidentSetSize of job (KB)
...
006 (11938572.000.000) 07/07 11:44:58 Image size of job updated: 16316304
	15934  -  MemoryUsage of job (MB)
	16316304  -  ResidentSetSize of job (KB)
...
006 (11938572.000.000) 07/07 11:49:58 Image size of job updated: 16348592
	15966  -  MemoryUsage of job (MB)
	16348592  -  ResidentSetSize of job (KB)
...
006 (11938572.000.000) 07/07 11:54:58 Image size of job updated: 16375684
	15992  -  MemoryUsage of job (MB)
	16375684  -  ResidentSetSize of job (KB)
...
006 (11938572.000.000) 07/07 11:59:59 Image size of job updated: 16417076
	16033  -  MemoryUsage of job (MB)
	16417076  -  ResidentSetSize of job (KB)
...
006 (11938572.000.000) 07/07 12:04:59 Image size of job updated: 16444248
	16059  -  MemoryUsage of job (MB)
	16444248  -  ResidentSetSize of job (KB)
...
006 (11938572.000.000) 07/07 12:10:00 Image size of job updated: 16471612
	16086  -  MemoryUsage of job (MB)
	16471612  -  ResidentSetSize of job (KB)
...
006 (11938572.000.000) 07/07 12:15:01 Image size of job updated: 16500356
	16114  -  MemoryUsage of job (MB)
	16500356  -  ResidentSetSize of job (KB)
...
006 (11938572.000.000) 07/07 12:20:01 Image size of job updated: 16529492
	16143  -  MemoryUsage of job (MB)
	16529492  -  ResidentSetSize of job (KB)
...
006 (11938572.000.000) 07/07 12:25:02 Image size of job updated: 16558692
	16171  -  MemoryUsage of job (MB)
	16558692  -  ResidentSetSize of job (KB)
...
006 (11938572.000.000) 07/07 12:30:02 Image size of job updated: 16623532
	16234  -  MemoryUsage of job (MB)
	16623532  -  ResidentSetSize of job (KB)
...
006 (11938572.000.000) 07/07 12:35:03 Image size of job updated: 16638664
	16249  -  MemoryUsage of job (MB)
	16638664  -  ResidentSetSize of job (KB)
...
006 (11938572.000.000) 07/07 12:40:04 Image size of job updated: 16665124
	16275  -  MemoryUsage of job (MB)
	16665124  -  ResidentSetSize of job (KB)
...
006 (11938572.000.000) 07/07 12:45:04 Image size of job updated: 16691760
	16301  -  MemoryUsage of job (MB)
	16691760  -  ResidentSetSize of job (KB)
...
006 (11938572.000.000) 07/07 12:50:05 Image size of job updated: 16719352
	16328  -  MemoryUsage of job (MB)
	16719352  -  ResidentSetSize of job (KB)
...
006 (11938572.000.000) 07/07 12:55:05 Image size of job updated: 16747836
	16356  -  MemoryUsage of job (MB)
	16747836  -  ResidentSetSize of job (KB)
...
006 (11938572.000.000) 07/07 13:00:06 Image size of job updated: 16774948
	16382  -  MemoryUsage of job (MB)
	16774948  -  ResidentSetSize of job (KB)
...
006 (11938572.000.000) 07/07 13:05:06 Image size of job updated: 16801072
	16408  -  MemoryUsage of job (MB)
	16801072  -  ResidentSetSize of job (KB)
...
006 (11938572.000.000) 07/07 13:10:07 Image size of job updated: 16827484
	16434  -  MemoryUsage of job (MB)
	16827484  -  ResidentSetSize of job (KB)
...
006 (11938572.000.000) 07/07 13:15:08 Image size of job updated: 16860676
	16466  -  MemoryUsage of job (MB)
	16860676  -  ResidentSetSize of job (KB)
...
006 (11938572.000.000) 07/07 13:20:08 Image size of job updated: 16889340
	16494  -  MemoryUsage of job (MB)
	16889340  -  ResidentSetSize of job (KB)
...
006 (11938572.000.000) 07/07 13:25:09 Image size of job updated: 16917804
	16522  -  MemoryUsage of job (MB)
	16917804  -  ResidentSetSize of job (KB)
...
006 (11938572.000.000) 07/07 13:30:09 Image size of job updated: 16997112
	16599  -  MemoryUsage of job (MB)
	16997112  -  ResidentSetSize of job (KB)
...
006 (11938572.000.000) 07/07 13:35:10 Image size of job updated: 17025660
	16627  -  MemoryUsage of job (MB)
	17025660  -  ResidentSetSize of job (KB)
...
006 (11938572.000.000) 07/07 13:40:10 Image size of job updated: 17065980
	16666  -  MemoryUsage of job (MB)
	17065980  -  ResidentSetSize of job (KB)
...
006 (11938572.000.000) 07/07 13:45:10 Image size of job updated: 19139120
	18667  -  MemoryUsage of job (MB)
	19115000  -  ResidentSetSize of job (KB)
...
006 (11938572.000.000) 07/07 13:50:11 Image size of job updated: 19471364
	18745  -  MemoryUsage of job (MB)
	19194084  -  ResidentSetSize of job (KB)
...
040 (11938572.000.000) 07/07 13:51:55 Started transferring output files
...
040 (11938572.000.000) 07/07 13:51:55 Finished transferring output files
...
005 (11938572.000.000) 07/07 13:51:55 Job terminated.
	(1) Normal termination (return value 0)
		Usr 6 19:55:48, Sys 0 03:03:23  -  Run Remote Usage
		Usr 0 00:00:00, Sys 0 00:00:00  -  Run Local Usage
		Usr 6 19:55:48, Sys 0 03:03:23  -  Total Remote Usage
		Usr 0 00:00:00, Sys 0 00:00:00  -  Total Local Usage
	856812  -  Run Bytes Sent By Job
	340  -  Run Bytes Received By Job
	856812  -  Total Bytes Sent By Job
	340  -  Total Bytes Received By Job
	Partitionable Resources :    Usage  Request Allocated Assigned
	   Cpus                 :    20.43       10        10 
	   Disk (KB)            :  1136           1      7013 
	   GPUs                 :     0           1         1 "GPU-195dba93"
	   GpusMemory (MB)      :   534                       
	   Memory (MB)          : 18745       30720     30800 
	   TimeExecute (s)      :  8832                       
	   TimeSlotBusy (s)     :  8833                       
...
