000 (11938601.000.000) 07/07 06:38:00 Job submitted from host: <188.185.8.79:9618?addrs=188.185.8.79-9618+[2001-1458-d00-63--100-23a]-9618&alias=bigbird26.cern.ch&noUDP&sock=schedd_5282_9754>
...
040 (11938601.000.000) 07/07 20:38:01 Started transferring input files
	Transferring to host: <188.185.190.85:9618?addrs=188.185.190.85-9618+[2001-1458-d03-b--100-273]-9618&alias=b9pgpun204.cern.ch&noUDP&sock=slot1_1_888176_170e_56749>
...
040 (11938601.000.000) 07/07 20:38:02 Finished transferring input files
...
001 (11938601.000.000) 07/07 20:38:03 Job executing on host: <188.185.190.85:9618?addrs=188.185.190.85-9618+[2001-1458-d03-b--100-273]-9618&alias=b9pgpun204.cern.ch&noUDP&sock=startd_8972_9fcc>
	SlotName: slot1_1@b9pgpun204.cern.ch
	AvailableGPUs = { GPUs_MIG_0216d182_37eb_5bb7_9665_a3a1092a3f65 }
	CondorScratchDir = "/pool/condor/dir_2062406"
	Cpus = 10
	Disk = 2049
	GPUs = 1
	GPUs_MIG_0216d182_37eb_5bb7_9665_a3a1092a3f65 = [ Id = "MIG-0216d182-37eb-5bb7-9665-a3a1092a3f65"; DeviceName = "NVIDIA H100L-2-24C MIG 2g.24gb"; DeviceUuid = "MIG-0216d182-37eb-5bb7-9665-a3a1092a3f65"; ComputeUnits = 32; GlobalMemoryMb = 21547 ]
	Memory = 30800
...
006 (11938601.000.000) 07/07 20:38:11 Image size of job updated: 195328
	191  -  MemoryUsage of job (MB)
	195328  -  ResidentSetSize of job (KB)
...
006 (11938601.000.000) 07/07 20:43:11 Image size of job updated: 14795460
	14449  -  MemoryUsage of job (MB)
	14795460  -  ResidentSetSize of job (KB)
...
006 (11938601.000.000) 07/07 20:48:11 Image size of job updated: 14796580
	14450  -  MemoryUsage of job (MB)
	14796580  -  ResidentSetSize of job (KB)
...
006 (11938601.000.000) 07/07 20:53:12 Image size of job updated: 14805768
	14459  -  MemoryUsage of job (MB)
	14805768  -  ResidentSetSize of job (KB)
...
006 (11938601.000.000) 07/07 20:58:12 Image size of job updated: 14815640
	14469  -  MemoryUsage of job (MB)
	14815640  -  ResidentSetSize of job (KB)
...
006 (11938601.000.000) 07/07 21:03:12 Image size of job updated: 14829176
	14482  -  MemoryUsage of job (MB)
	14829176  -  ResidentSetSize of job (KB)
...
006 (11938601.000.000) 07/07 21:08:13 Image size of job updated: 14838056
	14491  -  MemoryUsage of job (MB)
	14838056  -  ResidentSetSize of job (KB)
...
006 (11938601.000.000) 07/07 21:13:13 Image size of job updated: 14847292
	14500  -  MemoryUsage of job (MB)
	14847292  -  ResidentSetSize of job (KB)
...
006 (11938601.000.000) 07/07 21:18:13 Image size of job updated: 14856508
	14509  -  MemoryUsage of job (MB)
	14856508  -  ResidentSetSize of job (KB)
...
006 (11938601.000.000) 07/07 21:23:14 Image size of job updated: 14866204
	14518  -  MemoryUsage of job (MB)
	14866204  -  ResidentSetSize of job (KB)
...
006 (11938601.000.000) 07/07 21:28:14 Image size of job updated: 14884692
	14536  -  MemoryUsage of job (MB)
	14884692  -  ResidentSetSize of job (KB)
...
006 (11938601.000.000) 07/07 21:33:14 Image size of job updated: 14890528
	14542  -  MemoryUsage of job (MB)
	14890528  -  ResidentSetSize of job (KB)
...
006 (11938601.000.000) 07/07 21:38:15 Image size of job updated: 14899556
	14551  -  MemoryUsage of job (MB)
	14899556  -  ResidentSetSize of job (KB)
...
006 (11938601.000.000) 07/07 21:43:15 Image size of job updated: 14906408
	14558  -  MemoryUsage of job (MB)
	14906408  -  ResidentSetSize of job (KB)
...
006 (11938601.000.000) 07/07 21:48:16 Image size of job updated: 14914096
	14565  -  MemoryUsage of job (MB)
	14914096  -  ResidentSetSize of job (KB)
...
006 (11938601.000.000) 07/07 21:53:17 Image size of job updated: 14922116
	14573  -  MemoryUsage of job (MB)
	14922116  -  ResidentSetSize of job (KB)
...
006 (11938601.000.000) 07/07 21:58:17 Image size of job updated: 14930484
	14581  -  MemoryUsage of job (MB)
	14930484  -  ResidentSetSize of job (KB)
...
006 (11938601.000.000) 07/07 22:03:18 Image size of job updated: 14938656
	14589  -  MemoryUsage of job (MB)
	14938656  -  ResidentSetSize of job (KB)
...
006 (11938601.000.000) 07/07 22:08:19 Image size of job updated: 14946668
	14597  -  MemoryUsage of job (MB)
	14946668  -  ResidentSetSize of job (KB)
...
006 (11938601.000.000) 07/07 22:13:19 Image size of job updated: 14954968
	14605  -  MemoryUsage of job (MB)
	14954968  -  ResidentSetSize of job (KB)
...
006 (11938601.000.000) 07/07 22:18:20 Image size of job updated: 14963328
	14613  -  MemoryUsage of job (MB)
	14963328  -  ResidentSetSize of job (KB)
...
006 (11938601.000.000) 07/07 22:23:20 Image size of job updated: 14988484
	14638  -  MemoryUsage of job (MB)
	14988484  -  ResidentSetSize of job (KB)
...
006 (11938601.000.000) 07/07 22:28:20 Image size of job updated: 14993696
	14643  -  MemoryUsage of job (MB)
	14993696  -  ResidentSetSize of job (KB)
...
006 (11938601.000.000) 07/07 22:33:21 Image size of job updated: 15002364
	14651  -  MemoryUsage of job (MB)
	15002364  -  ResidentSetSize of job (KB)
...
006 (11938601.000.000) 07/07 22:38:21 Image size of job updated: 15010308
	14659  -  MemoryUsage of job (MB)
	15010308  -  ResidentSetSize of job (KB)
...
006 (11938601.000.000) 07/07 22:43:21 Image size of job updated: 15018620
	14667  -  MemoryUsage of job (MB)
	15018620  -  ResidentSetSize of job (KB)
...
006 (11938601.000.000) 07/07 22:48:22 Image size of job updated: 15026548
	14675  -  MemoryUsage of job (MB)
	15026548  -  ResidentSetSize of job (KB)
...
006 (11938601.000.000) 07/07 22:53:22 Image size of job updated: 15034916
	14683  -  MemoryUsage of job (MB)
	15034916  -  ResidentSetSize of job (KB)
...
006 (11938601.000.000) 07/07 22:58:22 Image size of job updated: 15043516
	14691  -  MemoryUsage of job (MB)
	15043516  -  ResidentSetSize of job (KB)
...
006 (11938601.000.000) 07/07 23:03:23 Image size of job updated: 15052136
	14700  -  MemoryUsage of job (MB)
	15052136  -  ResidentSetSize of job (KB)
...
006 (11938601.000.000) 07/07 23:08:23 Image size of job updated: 15061316
	14709  -  MemoryUsage of job (MB)
	15061316  -  ResidentSetSize of job (KB)
...
006 (11938601.000.000) 07/07 23:13:24 Image size of job updated: 15070428
	14718  -  MemoryUsage of job (MB)
	15070428  -  ResidentSetSize of job (KB)
...
006 (11938601.000.000) 07/07 23:18:25 Image size of job updated: 15078540
	14726  -  MemoryUsage of job (MB)
	15078540  -  ResidentSetSize of job (KB)
...
006 (11938601.000.000) 07/07 23:23:25 Image size of job updated: 15087124
	14734  -  MemoryUsage of job (MB)
	15087124  -  ResidentSetSize of job (KB)
...
006 (11938601.000.000) 07/07 23:28:26 Image size of job updated: 15095052
	14742  -  MemoryUsage of job (MB)
	15095052  -  ResidentSetSize of job (KB)
...
006 (11938601.000.000) 07/07 23:33:27 Image size of job updated: 15103396
	14750  -  MemoryUsage of job (MB)
	15103396  -  ResidentSetSize of job (KB)
...
006 (11938601.000.000) 07/07 23:38:27 Image size of job updated: 15111980
	14758  -  MemoryUsage of job (MB)
	15111980  -  ResidentSetSize of job (KB)
...
006 (11938601.000.000) 07/07 23:43:28 Image size of job updated: 15121028
	14767  -  MemoryUsage of job (MB)
	15121028  -  ResidentSetSize of job (KB)
...
006 (11938601.000.000) 07/07 23:48:29 Image size of job updated: 15129768
	14776  -  MemoryUsage of job (MB)
	15129768  -  ResidentSetSize of job (KB)
...
006 (11938601.000.000) 07/07 23:53:29 Image size of job updated: 15138880
	14785  -  MemoryUsage of job (MB)
	15138880  -  ResidentSetSize of job (KB)
...
006 (11938601.000.000) 07/07 23:58:30 Image size of job updated: 15148156
	14794  -  MemoryUsage of job (MB)
	15148156  -  ResidentSetSize of job (KB)
...
006 (11938601.000.000) 07/08 00:03:30 Image size of job updated: 15200048
	14844  -  MemoryUsage of job (MB)
	15200048  -  ResidentSetSize of job (KB)
...
006 (11938601.000.000) 07/08 00:08:30 Image size of job updated: 15200800
	14845  -  MemoryUsage of job (MB)
	15200800  -  ResidentSetSize of job (KB)
...
006 (11938601.000.000) 07/08 00:13:31 Image size of job updated: 15200956
	14845  -  MemoryUsage of job (MB)
	15200956  -  ResidentSetSize of job (KB)
...
006 (11938601.000.000) 07/08 00:18:31 Image size of job updated: 15207852
	14852  -  MemoryUsage of job (MB)
	15207852  -  ResidentSetSize of job (KB)
...
006 (11938601.000.000) 07/08 00:23:31 Image size of job updated: 15215712
	14860  -  MemoryUsage of job (MB)
	15215712  -  ResidentSetSize of job (KB)
...
006 (11938601.000.000) 07/08 00:28:32 Image size of job updated: 15224008
	14868  -  MemoryUsage of job (MB)
	15224008  -  ResidentSetSize of job (KB)
...
006 (11938601.000.000) 07/08 00:33:32 Image size of job updated: 15232392
	14876  -  MemoryUsage of job (MB)
	15232392  -  ResidentSetSize of job (KB)
...
006 (11938601.000.000) 07/08 00:38:33 Image size of job updated: 15240656
	14884  -  MemoryUsage of job (MB)
	15240656  -  ResidentSetSize of job (KB)
...
006 (11938601.000.000) 07/08 00:43:34 Image size of job updated: 15249892
	14893  -  MemoryUsage of job (MB)
	15249892  -  ResidentSetSize of job (KB)
...
006 (11938601.000.000) 07/08 00:48:34 Image size of job updated: 15258892
	14902  -  MemoryUsage of job (MB)
	15258892  -  ResidentSetSize of job (KB)
...
006 (11938601.000.000) 07/08 00:53:35 Image size of job updated: 15268116
	14911  -  MemoryUsage of job (MB)
	15268116  -  ResidentSetSize of job (KB)
...
006 (11938601.000.000) 07/08 00:58:36 Image size of job updated: 15277640
	14920  -  MemoryUsage of job (MB)
	15277640  -  ResidentSetSize of job (KB)
...
006 (11938601.000.000) 07/08 01:03:36 Image size of job updated: 15286332
	14929  -  MemoryUsage of job (MB)
	15286332  -  ResidentSetSize of job (KB)
...
006 (11938601.000.000) 07/08 01:08:37 Image size of job updated: 15295912
	14938  -  MemoryUsage of job (MB)
	15295912  -  ResidentSetSize of job (KB)
...
006 (11938601.000.000) 07/08 01:13:37 Image size of job updated: 15305868
	14948  -  MemoryUsage of job (MB)
	15305868  -  ResidentSetSize of job (KB)
...
006 (11938601.000.000) 07/08 01:18:37 Image size of job updated: 15315712
	14957  -  MemoryUsage of job (MB)
	15315712  -  ResidentSetSize of job (KB)
...
006 (11938601.000.000) 07/08 01:23:38 Image size of job updated: 15325432
	14967  -  MemoryUsage of job (MB)
	15325432  -  ResidentSetSize of job (KB)
...
006 (11938601.000.000) 07/08 01:28:38 Image size of job updated: 15335672
	14977  -  MemoryUsage of job (MB)
	15335672  -  ResidentSetSize of job (KB)
...
006 (11938601.000.000) 07/08 01:33:38 Image size of job updated: 15346212
	14987  -  MemoryUsage of job (MB)
	15346212  -  ResidentSetSize of job (KB)
...
006 (11938601.000.000) 07/08 01:38:39 Image size of job updated: 15396476
	15036  -  MemoryUsage of job (MB)
	15396476  -  ResidentSetSize of job (KB)
...
006 (11938601.000.000) 07/08 01:43:39 Image size of job updated: 16948240
	16552  -  MemoryUsage of job (MB)
	16948240  -  ResidentSetSize of job (KB)
...
006 (11938601.000.000) 07/08 01:48:39 Image size of job updated: 17028132
	16630  -  MemoryUsage of job (MB)
	17028132  -  ResidentSetSize of job (KB)
...
006 (11938601.000.000) 07/08 01:53:40 Image size of job updated: 17648668
	16639  -  MemoryUsage of job (MB)
	17038124  -  ResidentSetSize of job (KB)
...
040 (11938601.000.000) 07/08 01:56:35 Started transferring output files
...
040 (11938601.000.000) 07/08 01:56:35 Finished transferring output files
...
005 (11938601.000.000) 07/08 01:56:35 Job terminated.
	(1) Normal termination (return value 0)
		Usr 2 11:43:07, Sys 0 00:56:39  -  Run Remote Usage
		Usr 0 00:00:00, Sys 0 00:00:00  -  Run Local Usage
		Usr 2 11:43:07, Sys 0 00:56:39  -  Total Remote Usage
		Usr 0 00:00:00, Sys 0 00:00:00  -  Total Local Usage
	679748  -  Run Bytes Sent By Job
	330  -  Run Bytes Received By Job
	679748  -  Total Bytes Sent By Job
	330  -  Total Bytes Received By Job
	Partitionable Resources :    Usage  Request Allocated Assigned
	   Cpus                 :     1.05       10        10 
	   Disk (KB)            :   959           1      2049 
	   GPUs                 :                 1         1 "MIG-0216d182-37eb-5bb7-9665-a3a1092a3f65"
	   Memory (MB)          : 16639       30720     30800 
	   TimeExecute (s)      : 19112                       
	   TimeSlotBusy (s)     : 19114                       
...
