000 (11938544.000.000) 07/07 06:37:39 Job submitted from host: <188.185.8.79:9618?addrs=188.185.8.79-9618+[2001-1458-d00-63--100-23a]-9618&alias=bigbird26.cern.ch&noUDP&sock=schedd_5282_9754>
...
040 (11938544.000.000) 07/07 06:41:06 Started transferring input files
	Transferring to host: <188.185.190.85:9618?addrs=188.185.190.85-9618+[2001-1458-d03-b--100-273]-9618&alias=b9pgpun204.cern.ch&noUDP&sock=slot1_1_888176_170e_56344>
...
040 (11938544.000.000) 07/07 06:41:06 Finished transferring input files
...
001 (11938544.000.000) 07/07 06:41:07 Job executing on host: <188.185.190.85:9618?addrs=188.185.190.85-9618+[2001-1458-d03-b--100-273]-9618&alias=b9pgpun204.cern.ch&noUDP&sock=startd_8972_9fcc>
	SlotName: slot1_1@b9pgpun204.cern.ch
	AvailableGPUs = { GPUs_MIG_0216d182_37eb_5bb7_9665_a3a1092a3f65 }
	CondorScratchDir = "/pool/condor/dir_1935620"
	Cpus = 10
	Disk = 2048
	GPUs = 1
	GPUs_MIG_0216d182_37eb_5bb7_9665_a3a1092a3f65 = [ Id = "MIG-0216d182-37eb-5bb7-9665-a3a1092a3f65"; DeviceName = "NVIDIA H100L-2-24C MIG 2g.24gb"; DeviceUuid = "MIG-0216d182-37eb-5bb7-9665-a3a1092a3f65"; ComputeUnits = 32; GlobalMemoryMb = 21547 ]
	Memory = 30800
...
006 (11938544.000.000) 07/07 06:41:16 Image size of job updated: 164880
	134  -  MemoryUsage of job (MB)
	137140  -  ResidentSetSize of job (KB)
...
006 (11938544.000.000) 07/07 06:46:17 Image size of job updated: 16132188
	15755  -  MemoryUsage of job (MB)
	16132188  -  ResidentSetSize of job (KB)
...
006 (11938544.000.000) 07/07 06:51:18 Image size of job updated: 16135596
	15758  -  MemoryUsage of job (MB)
	16135596  -  ResidentSetSize of job (KB)
...
006 (11938544.000.000) 07/07 06:56:18 Image size of job updated: 16148676
	15771  -  MemoryUsage of job (MB)
	16148676  -  ResidentSetSize of job (KB)
...
006 (11938544.000.000) 07/07 07:01:19 Image size of job updated: 16160736
	15782  -  MemoryUsage of job (MB)
	16160736  -  ResidentSetSize of job (KB)
...
006 (11938544.000.000) 07/07 07:06:20 Image size of job updated: 16175232
	15797  -  MemoryUsage of job (MB)
	16175232  -  ResidentSetSize of job (KB)
...
006 (11938544.000.000) 07/07 07:11:20 Image size of job updated: 16187172
	15808  -  MemoryUsage of job (MB)
	16187172  -  ResidentSetSize of job (KB)
...
006 (11938544.000.000) 07/07 07:16:20 Image size of job updated: 16198752
	15820  -  MemoryUsage of job (MB)
	16198752  -  ResidentSetSize of job (KB)
...
006 (11938544.000.000) 07/07 07:21:21 Image size of job updated: 16220692
	15841  -  MemoryUsage of job (MB)
	16220692  -  ResidentSetSize of job (KB)
...
006 (11938544.000.000) 07/07 07:26:21 Image size of job updated: 16226232
	15846  -  MemoryUsage of job (MB)
	16226232  -  ResidentSetSize of job (KB)
...
006 (11938544.000.000) 07/07 07:31:21 Image size of job updated: 16235820
	15856  -  MemoryUsage of job (MB)
	16235820  -  ResidentSetSize of job (KB)
...
006 (11938544.000.000) 07/07 07:36:22 Image size of job updated: 16245320
	15865  -  MemoryUsage of job (MB)
	16245320  -  ResidentSetSize of job (KB)
...
006 (11938544.000.000) 07/07 07:41:22 Image size of job updated: 16267004
	15886  -  MemoryUsage of job (MB)
	16267004  -  ResidentSetSize of job (KB)
...
006 (11938544.000.000) 07/07 07:46:22 Image size of job updated: 16276796
	15896  -  MemoryUsage of job (MB)
	16276796  -  ResidentSetSize of job (KB)
...
006 (11938544.000.000) 07/07 07:51:23 Image size of job updated: 16287068
	15906  -  MemoryUsage of job (MB)
	16287068  -  ResidentSetSize of job (KB)
...
006 (11938544.000.000) 07/07 07:56:23 Image size of job updated: 16296968
	15916  -  MemoryUsage of job (MB)
	16296968  -  ResidentSetSize of job (KB)
...
006 (11938544.000.000) 07/07 08:01:23 Image size of job updated: 16306436
	15925  -  MemoryUsage of job (MB)
	16306436  -  ResidentSetSize of job (KB)
...
006 (11938544.000.000) 07/07 08:06:24 Image size of job updated: 16337096
	15955  -  MemoryUsage of job (MB)
	16337096  -  ResidentSetSize of job (KB)
...
006 (11938544.000.000) 07/07 08:11:24 Image size of job updated: 16337908
	15955  -  MemoryUsage of job (MB)
	16337908  -  ResidentSetSize of job (KB)
...
006 (11938544.000.000) 07/07 08:16:24 Image size of job updated: 16345048
	15962  -  MemoryUsage of job (MB)
	16345048  -  ResidentSetSize of job (KB)
...
006 (11938544.000.000) 07/07 08:21:25 Image size of job updated: 16353152
	15970  -  MemoryUsage of job (MB)
	16353152  -  ResidentSetSize of job (KB)
...
006 (11938544.000.000) 07/07 08:26:25 Image size of job updated: 16361676
	15979  -  MemoryUsage of job (MB)
	16361676  -  ResidentSetSize of job (KB)
...
006 (11938544.000.000) 07/07 08:31:26 Image size of job updated: 16370024
	15987  -  MemoryUsage of job (MB)
	16370024  -  ResidentSetSize of job (KB)
...
006 (11938544.000.000) 07/07 08:36:27 Image size of job updated: 16378480
	15995  -  MemoryUsage of job (MB)
	16378480  -  ResidentSetSize of job (KB)
...
006 (11938544.000.000) 07/07 08:41:27 Image size of job updated: 16386960
	16003  -  MemoryUsage of job (MB)
	16386960  -  ResidentSetSize of job (KB)
...
006 (11938544.000.000) 07/07 08:46:28 Image size of job updated: 16396584
	16013  -  MemoryUsage of job (MB)
	16396584  -  ResidentSetSize of job (KB)
...
006 (11938544.000.000) 07/07 08:51:29 Image size of job updated: 16405508
	16022  -  MemoryUsage of job (MB)
	16405508  -  ResidentSetSize of job (KB)
...
006 (11938544.000.000) 07/07 08:56:29 Image size of job updated: 16413296
	16029  -  MemoryUsage of job (MB)
	16413296  -  ResidentSetSize of job (KB)
...
006 (11938544.000.000) 07/07 09:01:30 Image size of job updated: 16421972
	16038  -  MemoryUsage of job (MB)
	16421972  -  ResidentSetSize of job (KB)
...
006 (11938544.000.000) 07/07 09:06:31 Image size of job updated: 16429988
	16045  -  MemoryUsage of job (MB)
	16429988  -  ResidentSetSize of job (KB)
...
006 (11938544.000.000) 07/07 09:11:31 Image size of job updated: 16438368
	16054  -  MemoryUsage of job (MB)
	16438368  -  ResidentSetSize of job (KB)
...
006 (11938544.000.000) 07/07 09:16:32 Image size of job updated: 16447560
	16063  -  MemoryUsage of job (MB)
	16447560  -  ResidentSetSize of job (KB)
...
006 (11938544.000.000) 07/07 09:21:32 Image size of job updated: 16456800
	16072  -  MemoryUsage of job (MB)
	16456800  -  ResidentSetSize of job (KB)
...
006 (11938544.000.000) 07/07 09:26:32 Image size of job updated: 16465712
	16080  -  MemoryUsage of job (MB)
	16465712  -  ResidentSetSize of job (KB)
...
006 (11938544.000.000) 07/07 09:31:33 Image size of job updated: 16474780
	16089  -  MemoryUsage of job (MB)
	16474780  -  ResidentSetSize of job (KB)
...
006 (11938544.000.000) 07/07 09:36:33 Image size of job updated: 16484028
	16098  -  MemoryUsage of job (MB)
	16484028  -  ResidentSetSize of job (KB)
...
006 (11938544.000.000) 07/07 09:41:33 Image size of job updated: 16493584
	16108  -  MemoryUsage of job (MB)
	16493584  -  ResidentSetSize of job (KB)
...
006 (11938544.000.000) 07/07 09:46:34 Image size of job updated: 16549412
	16162  -  MemoryUsage of job (MB)
	16549412  -  ResidentSetSize of job (KB)
...
006 (11938544.000.000) 07/07 09:51:34 Image size of job updated: 16550208
	16163  -  MemoryUsage of job (MB)
	16550208  -  ResidentSetSize of job (KB)
...
006 (11938544.000.000) 07/07 09:56:34 Image size of job updated: 16550928
	16164  -  MemoryUsage of job (MB)
	16550928  -  ResidentSetSize of job (KB)
...
006 (11938544.000.000) 07/07 10:01:35 Image size of job updated: 16553820
	16166  -  MemoryUsage of job (MB)
	16553820  -  ResidentSetSize of job (KB)
...
006 (11938544.000.000) 07/07 10:06:35 Image size of job updated: 16562236
	16175  -  MemoryUsage of job (MB)
	16562236  -  ResidentSetSize of job (KB)
...
006 (11938544.000.000) 07/07 10:11:35 Image size of job updated: 16570544
	16183  -  MemoryUsage of job (MB)
	16570544  -  ResidentSetSize of job (KB)
...
006 (11938544.000.000) 07/07 10:16:36 Image size of job updated: 16578844
	16191  -  MemoryUsage of job (MB)
	16578844  -  ResidentSetSize of job (KB)
...
006 (11938544.000.000) 07/07 10:21:36 Image size of job updated: 16587080
	16199  -  MemoryUsage of job (MB)
	16587080  -  ResidentSetSize of job (KB)
...
006 (11938544.000.000) 07/07 10:26:36 Image size of job updated: 16595628
	16207  -  MemoryUsage of job (MB)
	16595628  -  ResidentSetSize of job (KB)
...
006 (11938544.000.000) 07/07 10:31:37 Image size of job updated: 16604072
	16215  -  MemoryUsage of job (MB)
	16604072  -  ResidentSetSize of job (KB)
...
006 (11938544.000.000) 07/07 10:36:37 Image size of job updated: 16613252
	16224  -  MemoryUsage of job (MB)
	16613252  -  ResidentSetSize of job (KB)
...
006 (11938544.000.000) 07/07 10:41:38 Image size of job updated: 16622488
	16233  -  MemoryUsage of job (MB)
	16622488  -  ResidentSetSize of job (KB)
...
006 (11938544.000.000) 07/07 10:46:39 Image size of job updated: 16631372
	16242  -  MemoryUsage of job (MB)
	16631372  -  ResidentSetSize of job (KB)
...
006 (11938544.000.000) 07/07 10:51:39 Image size of job updated: 16640332
	16251  -  MemoryUsage of job (MB)
	16640332  -  ResidentSetSize of job (KB)
...
006 (11938544.000.000) 07/07 10:56:40 Image size of job updated: 18436268
	18005  -  MemoryUsage of job (MB)
	18436268  -  ResidentSetSize of job (KB)
...
006 (11938544.000.000) 07/07 11:01:41 Image size of job updated: 18557244
	18110  -  MemoryUsage of job (MB)
	18544560  -  ResidentSetSize of job (KB)
...
006 (11938544.000.000) 07/07 11:06:41 Image size of job updated: 18557244
	18120  -  MemoryUsage of job (MB)
	18554840  -  ResidentSetSize of job (KB)
...
006 (11938544.000.000) 07/07 11:11:42 Image size of job updated: 19137672
	18495  -  MemoryUsage of job (MB)
	18938280  -  ResidentSetSize of job (KB)
...
040 (11938544.000.000) 07/07 11:14:54 Started transferring output files
...
040 (11938544.000.000) 07/07 11:14:54 Finished transferring output files
...
005 (11938544.000.000) 07/07 11:14:54 Job terminated.
	(1) Normal termination (return value 0)
		Usr 2 03:04:51, Sys 0 00:50:03  -  Run Remote Usage
		Usr 0 00:00:00, Sys 0 00:00:00  -  Run Local Usage
		Usr 2 03:04:51, Sys 0 00:50:03  -  Total Remote Usage
		Usr 0 00:00:00, Sys 0 00:00:00  -  Total Local Usage
	621811  -  Run Bytes Sent By Job
	330  -  Run Bytes Received By Job
	621811  -  Total Bytes Sent By Job
	330  -  Total Bytes Received By Job
	Partitionable Resources :    Usage  Request Allocated Assigned
	   Cpus                 :     4.72       10        10 
	   Disk (KB)            :   902           1      2048 
	   GPUs                 :                 1         1 "MIG-0216d182-37eb-5bb7-9665-a3a1092a3f65"
	   Memory (MB)          : 18495       30720     30800 
	   TimeExecute (s)      : 16427                       
	   TimeSlotBusy (s)     : 16428                       
...
