000 (11921171.000.000) 07/05 06:06:53 Job submitted from host: <188.185.8.79:9618?addrs=188.185.8.79-9618+[2001-1458-d00-63--100-23a]-9618&alias=bigbird26.cern.ch&noUDP&sock=schedd_5282_9754>
...
040 (11921171.000.000) 07/05 07:07:37 Started transferring input files
	Transferring to host: <188.185.190.108:9618?addrs=188.185.190.108-9618+[2001-1458-d03-b--100-2ff]-9618&alias=b9pgpun015.cern.ch&noUDP&sock=slot1_4_1615979_24ca_163321>
...
040 (11921171.000.000) 07/05 07:07:38 Finished transferring input files
...
001 (11921171.000.000) 07/05 07:07:39 Job executing on host: <188.185.190.108:9618?addrs=188.185.190.108-9618+[2001-1458-d03-b--100-2ff]-9618&alias=b9pgpun015.cern.ch&noUDP&sock=startd_16497_25f7>
	SlotName: slot1_4@b9pgpun015.cern.ch
	AvailableGPUs = { GPUs_GPU_6c758778 }
	CondorScratchDir = "/pool/condor/dir_1617558"
	Cpus = 10
	Disk = 6930
	GPUs = 1
	GPUs_GPU_6c758778 = [ Id = "GPU-6c758778"; ClockMhz = 1785.0; Capability = 9.0; CoresPerCU = 128; DeviceName = "NVIDIA H100 NVL"; DeviceUuid = "6c758778-f190-832d-194b-c3fac08a8c33"; ECCEnabled = true; ComputeUnits = 132; DriverVersion = 13.0; DevicePciBusId = "0000:AE:00.0"; GlobalMemoryMb = 95320; MaxSupportedVersion = 13000 ]
	Memory = 30800
...
006 (11921171.000.000) 07/05 07:07:52 Image size of job updated: 7452
	8  -  MemoryUsage of job (MB)
	7452  -  ResidentSetSize of job (KB)
...
006 (11921171.000.000) 07/05 07:12:52 Image size of job updated: 228656
	224  -  MemoryUsage of job (MB)
	228656  -  ResidentSetSize of job (KB)
...
006 (11921171.000.000) 07/05 07:17:52 Image size of job updated: 15234100
	14878  -  MemoryUsage of job (MB)
	15234100  -  ResidentSetSize of job (KB)
...
006 (11921171.000.000) 07/05 07:22:53 Image size of job updated: 15270556
	14913  -  MemoryUsage of job (MB)
	15270556  -  ResidentSetSize of job (KB)
...
006 (11921171.000.000) 07/05 07:27:53 Image size of job updated: 15300272
	14942  -  MemoryUsage of job (MB)
	15300272  -  ResidentSetSize of job (KB)
...
006 (11921171.000.000) 07/05 07:32:53 Image size of job updated: 15333344
	14974  -  MemoryUsage of job (MB)
	15333344  -  ResidentSetSize of job (KB)
...
006 (11921171.000.000) 07/05 07:37:54 Image size of job updated: 15360104
	15001  -  MemoryUsage of job (MB)
	15360104  -  ResidentSetSize of job (KB)
...
006 (11921171.000.000) 07/05 07:42:54 Image size of job updated: 15388156
	15028  -  MemoryUsage of job (MB)
	15388156  -  ResidentSetSize of job (KB)
...
006 (11921171.000.000) 07/05 07:47:55 Image size of job updated: 15430260
	15069  -  MemoryUsage of job (MB)
	15430260  -  ResidentSetSize of job (KB)
...
006 (11921171.000.000) 07/05 07:52:56 Image size of job updated: 15455184
	15093  -  MemoryUsage of job (MB)
	15455184  -  ResidentSetSize of job (KB)
...
006 (11921171.000.000) 07/05 07:57:56 Image size of job updated: 15481520
	15119  -  MemoryUsage of job (MB)
	15481520  -  ResidentSetSize of job (KB)
...
006 (11921171.000.000) 07/05 08:02:57 Image size of job updated: 15509980
	15147  -  MemoryUsage of job (MB)
	15509980  -  ResidentSetSize of job (KB)
...
006 (11921171.000.000) 07/05 08:07:57 Image size of job updated: 15536392
	15173  -  MemoryUsage of job (MB)
	15536392  -  ResidentSetSize of job (KB)
...
006 (11921171.000.000) 07/05 08:12:57 Image size of job updated: 15562680
	15198  -  MemoryUsage of job (MB)
	15562680  -  ResidentSetSize of job (KB)
...
006 (11921171.000.000) 07/05 08:17:58 Image size of job updated: 15639612
	15274  -  MemoryUsage of job (MB)
	15639612  -  ResidentSetSize of job (KB)
...
006 (11921171.000.000) 07/05 08:22:58 Image size of job updated: 15641412
	15275  -  MemoryUsage of job (MB)
	15641412  -  ResidentSetSize of job (KB)
...
006 (11921171.000.000) 07/05 08:27:59 Image size of job updated: 15667852
	15301  -  MemoryUsage of job (MB)
	15667852  -  ResidentSetSize of job (KB)
...
006 (11921171.000.000) 07/05 08:33:00 Image size of job updated: 15871924
	15500  -  MemoryUsage of job (MB)
	15871924  -  ResidentSetSize of job (KB)
...
006 (11921171.000.000) 07/05 08:38:00 Image size of job updated: 17828940
	17405  -  MemoryUsage of job (MB)
	17821916  -  ResidentSetSize of job (KB)
...
006 (11921171.000.000) 07/05 08:43:01 Image size of job updated: 18450988
	17452  -  MemoryUsage of job (MB)
	17870516  -  ResidentSetSize of job (KB)
...
040 (11921171.000.000) 07/05 08:43:48 Started transferring output files
...
040 (11921171.000.000) 07/05 08:43:48 Finished transferring output files
...
005 (11921171.000.000) 07/05 08:43:48 Job terminated.
	(1) Normal termination (return value 0)
		Usr 4 01:38:48, Sys 0 01:47:24  -  Run Remote Usage
		Usr 0 00:00:00, Sys 0 00:00:00  -  Run Local Usage
		Usr 4 01:38:48, Sys 0 01:47:24  -  Total Remote Usage
		Usr 0 00:00:00, Sys 0 00:00:00  -  Total Local Usage
	555328  -  Run Bytes Sent By Job
	335  -  Run Bytes Received By Job
	555328  -  Total Bytes Sent By Job
	335  -  Total Bytes Received By Job
	Partitionable Resources :    Usage  Request Allocated Assigned
	   Cpus                 :    30.60       10        10 
	   Disk (KB)            :   839           1      6930 
	   GPUs                 :     0           1         1 "GPU-6c758778"
	   GpusMemory (MB)      :   650                       
	   Memory (MB)          : 17452       30720     30800 
	   TimeExecute (s)      :  5768                       
	   TimeSlotBusy (s)     :  5772                       
...
