000 (11917639.000.000) 07/03 12:48:08 Job submitted from host: <188.185.8.79:9618?addrs=188.185.8.79-9618+[2001-1458-d00-63--100-23a]-9618&alias=bigbird26.cern.ch&noUDP&sock=schedd_5282_9754>
...
040 (11917639.000.000) 07/03 14:07:58 Started transferring input files
	Transferring to host: <188.185.190.15:9618?addrs=188.185.190.15-9618+[2001-1458-d03-b--100-66]-9618&alias=b9pgpun208.cern.ch&noUDP&sock=slot1_1_3415532_0705_46612>
...
040 (11917639.000.000) 07/03 14:07:58 Finished transferring input files
...
001 (11917639.000.000) 07/03 14:07:59 Job executing on host: <188.185.190.15:9618?addrs=188.185.190.15-9618+[2001-1458-d03-b--100-66]-9618&alias=b9pgpun208.cern.ch&noUDP&sock=startd_2982_fb81>
	SlotName: slot1_1@b9pgpun208.cern.ch
	AvailableGPUs = { GPUs_MIG_5496d0dd_abc7_56f1_9151_bf217b25cd57 }
	CondorScratchDir = "/pool/condor/dir_3900084"
	Cpus = 10
	Disk = 2049
	GPUs = 1
	GPUs_MIG_5496d0dd_abc7_56f1_9151_bf217b25cd57 = [ Id = "MIG-5496d0dd-abc7-56f1-9151-bf217b25cd57"; DeviceName = "NVIDIA H100L-2-24C MIG 2g.24gb"; DeviceUuid = "MIG-5496d0dd-abc7-56f1-9151-bf217b25cd57"; ComputeUnits = 32; GlobalMemoryMb = 21547 ]
	Memory = 30800
...
006 (11917639.000.000) 07/03 14:08:07 Image size of job updated: 22160
	22  -  MemoryUsage of job (MB)
	22160  -  ResidentSetSize of job (KB)
...
006 (11917639.000.000) 07/03 14:13:07 Image size of job updated: 15804308
	15434  -  MemoryUsage of job (MB)
	15804308  -  ResidentSetSize of job (KB)
...
006 (11917639.000.000) 07/03 14:18:07 Image size of job updated: 15807120
	15437  -  MemoryUsage of job (MB)
	15807120  -  ResidentSetSize of job (KB)
...
006 (11917639.000.000) 07/03 14:23:08 Image size of job updated: 15822388
	15452  -  MemoryUsage of job (MB)
	15822388  -  ResidentSetSize of job (KB)
...
006 (11917639.000.000) 07/03 14:28:08 Image size of job updated: 15838888
	15468  -  MemoryUsage of job (MB)
	15838888  -  ResidentSetSize of job (KB)
...
006 (11917639.000.000) 07/03 14:33:08 Image size of job updated: 15852120
	15481  -  MemoryUsage of job (MB)
	15852120  -  ResidentSetSize of job (KB)
...
006 (11917639.000.000) 07/03 14:38:09 Image size of job updated: 15864692
	15493  -  MemoryUsage of job (MB)
	15864692  -  ResidentSetSize of job (KB)
...
006 (11917639.000.000) 07/03 14:43:10 Image size of job updated: 15877760
	15506  -  MemoryUsage of job (MB)
	15877760  -  ResidentSetSize of job (KB)
...
006 (11917639.000.000) 07/03 14:48:10 Image size of job updated: 15896956
	15525  -  MemoryUsage of job (MB)
	15896956  -  ResidentSetSize of job (KB)
...
006 (11917639.000.000) 07/03 14:53:11 Image size of job updated: 15909832
	15537  -  MemoryUsage of job (MB)
	15909832  -  ResidentSetSize of job (KB)
...
006 (11917639.000.000) 07/03 14:58:12 Image size of job updated: 15922436
	15550  -  MemoryUsage of job (MB)
	15922436  -  ResidentSetSize of job (KB)
...
006 (11917639.000.000) 07/03 15:03:12 Image size of job updated: 15933428
	15560  -  MemoryUsage of job (MB)
	15933428  -  ResidentSetSize of job (KB)
...
006 (11917639.000.000) 07/03 15:08:13 Image size of job updated: 15945196
	15572  -  MemoryUsage of job (MB)
	15945196  -  ResidentSetSize of job (KB)
...
006 (11917639.000.000) 07/03 15:13:14 Image size of job updated: 15957284
	15584  -  MemoryUsage of job (MB)
	15957284  -  ResidentSetSize of job (KB)
...
006 (11917639.000.000) 07/03 15:18:14 Image size of job updated: 15969344
	15596  -  MemoryUsage of job (MB)
	15969344  -  ResidentSetSize of job (KB)
...
006 (11917639.000.000) 07/03 15:23:14 Image size of job updated: 15995784
	15621  -  MemoryUsage of job (MB)
	15995784  -  ResidentSetSize of job (KB)
...
006 (11917639.000.000) 07/03 15:28:15 Image size of job updated: 16006488
	15632  -  MemoryUsage of job (MB)
	16006488  -  ResidentSetSize of job (KB)
...
006 (11917639.000.000) 07/03 15:33:15 Image size of job updated: 16019724
	15645  -  MemoryUsage of job (MB)
	16019724  -  ResidentSetSize of job (KB)
...
006 (11917639.000.000) 07/03 15:38:15 Image size of job updated: 16032172
	15657  -  MemoryUsage of job (MB)
	16032172  -  ResidentSetSize of job (KB)
...
006 (11917639.000.000) 07/03 15:43:16 Image size of job updated: 16042816
	15667  -  MemoryUsage of job (MB)
	16042816  -  ResidentSetSize of job (KB)
...
006 (11917639.000.000) 07/03 15:48:16 Image size of job updated: 16053080
	15677  -  MemoryUsage of job (MB)
	16053080  -  ResidentSetSize of job (KB)
...
006 (11917639.000.000) 07/03 15:53:16 Image size of job updated: 16063440
	15687  -  MemoryUsage of job (MB)
	16063440  -  ResidentSetSize of job (KB)
...
006 (11917639.000.000) 07/03 15:58:17 Image size of job updated: 16073732
	15698  -  MemoryUsage of job (MB)
	16073732  -  ResidentSetSize of job (KB)
...
006 (11917639.000.000) 07/03 16:03:18 Image size of job updated: 16084764
	15708  -  MemoryUsage of job (MB)
	16084764  -  ResidentSetSize of job (KB)
...
006 (11917639.000.000) 07/03 16:08:18 Image size of job updated: 16096008
	15719  -  MemoryUsage of job (MB)
	16096008  -  ResidentSetSize of job (KB)
...
006 (11917639.000.000) 07/03 16:13:19 Image size of job updated: 16106692
	15730  -  MemoryUsage of job (MB)
	16106692  -  ResidentSetSize of job (KB)
...
006 (11917639.000.000) 07/03 16:18:19 Image size of job updated: 16117928
	15741  -  MemoryUsage of job (MB)
	16117928  -  ResidentSetSize of job (KB)
...
006 (11917639.000.000) 07/03 16:23:19 Image size of job updated: 16129272
	15752  -  MemoryUsage of job (MB)
	16129272  -  ResidentSetSize of job (KB)
...
006 (11917639.000.000) 07/03 16:28:21 Image size of job updated: 16140652
	15763  -  MemoryUsage of job (MB)
	16140652  -  ResidentSetSize of job (KB)
...
006 (11917639.000.000) 07/03 16:33:21 Image size of job updated: 16151712
	15774  -  MemoryUsage of job (MB)
	16151712  -  ResidentSetSize of job (KB)
...
006 (11917639.000.000) 07/03 16:38:21 Image size of job updated: 16208612
	15829  -  MemoryUsage of job (MB)
	16208612  -  ResidentSetSize of job (KB)
...
006 (11917639.000.000) 07/03 16:43:23 Image size of job updated: 16209520
	15830  -  MemoryUsage of job (MB)
	16209520  -  ResidentSetSize of job (KB)
...
006 (11917639.000.000) 07/03 16:48:23 Image size of job updated: 16211176
	15832  -  MemoryUsage of job (MB)
	16211176  -  ResidentSetSize of job (KB)
...
006 (11917639.000.000) 07/03 16:53:23 Image size of job updated: 16222212
	15843  -  MemoryUsage of job (MB)
	16222212  -  ResidentSetSize of job (KB)
...
006 (11917639.000.000) 07/03 16:58:24 Image size of job updated: 16233720
	15854  -  MemoryUsage of job (MB)
	16233720  -  ResidentSetSize of job (KB)
...
006 (11917639.000.000) 07/03 17:03:25 Image size of job updated: 16245036
	15865  -  MemoryUsage of job (MB)
	16245036  -  ResidentSetSize of job (KB)
...
006 (11917639.000.000) 07/03 17:08:25 Image size of job updated: 16256224
	15876  -  MemoryUsage of job (MB)
	16256224  -  ResidentSetSize of job (KB)
...
006 (11917639.000.000) 07/03 17:13:26 Image size of job updated: 16267752
	15887  -  MemoryUsage of job (MB)
	16267752  -  ResidentSetSize of job (KB)
...
006 (11917639.000.000) 07/03 17:18:27 Image size of job updated: 16276256
	15895  -  MemoryUsage of job (MB)
	16276256  -  ResidentSetSize of job (KB)
...
006 (11917639.000.000) 07/03 17:23:27 Image size of job updated: 16286612
	15905  -  MemoryUsage of job (MB)
	16286612  -  ResidentSetSize of job (KB)
...
006 (11917639.000.000) 07/03 17:28:28 Image size of job updated: 16297000
	15916  -  MemoryUsage of job (MB)
	16297000  -  ResidentSetSize of job (KB)
...
006 (11917639.000.000) 07/03 17:33:29 Image size of job updated: 16307828
	15926  -  MemoryUsage of job (MB)
	16307828  -  ResidentSetSize of job (KB)
...
006 (11917639.000.000) 07/03 17:38:29 Image size of job updated: 16318168
	15936  -  MemoryUsage of job (MB)
	16318168  -  ResidentSetSize of job (KB)
...
006 (11917639.000.000) 07/03 17:43:30 Image size of job updated: 16329116
	15947  -  MemoryUsage of job (MB)
	16329116  -  ResidentSetSize of job (KB)
...
006 (11917639.000.000) 07/03 17:48:31 Image size of job updated: 16339832
	15957  -  MemoryUsage of job (MB)
	16339832  -  ResidentSetSize of job (KB)
...
006 (11917639.000.000) 07/03 17:53:31 Image size of job updated: 16350052
	15967  -  MemoryUsage of job (MB)
	16350052  -  ResidentSetSize of job (KB)
...
006 (11917639.000.000) 07/03 17:58:32 Image size of job updated: 16360796
	15978  -  MemoryUsage of job (MB)
	16360796  -  ResidentSetSize of job (KB)
...
006 (11917639.000.000) 07/03 18:03:33 Image size of job updated: 16370932
	15988  -  MemoryUsage of job (MB)
	16370932  -  ResidentSetSize of job (KB)
...
006 (11917639.000.000) 07/03 18:08:33 Image size of job updated: 16382072
	15999  -  MemoryUsage of job (MB)
	16382072  -  ResidentSetSize of job (KB)
...
006 (11917639.000.000) 07/03 18:13:34 Image size of job updated: 16393372
	16010  -  MemoryUsage of job (MB)
	16393372  -  ResidentSetSize of job (KB)
...
006 (11917639.000.000) 07/03 18:18:35 Image size of job updated: 16402908
	16019  -  MemoryUsage of job (MB)
	16402908  -  ResidentSetSize of job (KB)
...
006 (11917639.000.000) 07/03 18:23:35 Image size of job updated: 16413416
	16029  -  MemoryUsage of job (MB)
	16413416  -  ResidentSetSize of job (KB)
...
006 (11917639.000.000) 07/03 18:28:36 Image size of job updated: 16424012
	16040  -  MemoryUsage of job (MB)
	16424012  -  ResidentSetSize of job (KB)
...
006 (11917639.000.000) 07/03 18:33:37 Image size of job updated: 16434532
	16050  -  MemoryUsage of job (MB)
	16434532  -  ResidentSetSize of job (KB)
...
006 (11917639.000.000) 07/03 18:38:37 Image size of job updated: 16444492
	16060  -  MemoryUsage of job (MB)
	16444492  -  ResidentSetSize of job (KB)
...
006 (11917639.000.000) 07/03 18:43:38 Image size of job updated: 16455156
	16070  -  MemoryUsage of job (MB)
	16455156  -  ResidentSetSize of job (KB)
...
006 (11917639.000.000) 07/03 18:48:39 Image size of job updated: 16465480
	16080  -  MemoryUsage of job (MB)
	16465480  -  ResidentSetSize of job (KB)
...
006 (11917639.000.000) 07/03 18:53:39 Image size of job updated: 16476448
	16091  -  MemoryUsage of job (MB)
	16476448  -  ResidentSetSize of job (KB)
...
006 (11917639.000.000) 07/03 18:58:40 Image size of job updated: 16488168
	16102  -  MemoryUsage of job (MB)
	16488168  -  ResidentSetSize of job (KB)
...
006 (11917639.000.000) 07/03 19:03:41 Image size of job updated: 16499788
	16114  -  MemoryUsage of job (MB)
	16499788  -  ResidentSetSize of job (KB)
...
006 (11917639.000.000) 07/03 19:08:41 Image size of job updated: 16509200
	16123  -  MemoryUsage of job (MB)
	16509200  -  ResidentSetSize of job (KB)
...
006 (11917639.000.000) 07/03 19:13:42 Image size of job updated: 16570360
	16182  -  MemoryUsage of job (MB)
	16570360  -  ResidentSetSize of job (KB)
...
006 (11917639.000.000) 07/03 19:18:43 Image size of job updated: 16581020
	16193  -  MemoryUsage of job (MB)
	16581020  -  ResidentSetSize of job (KB)
...
006 (11917639.000.000) 07/03 19:23:43 Image size of job updated: 16591816
	16203  -  MemoryUsage of job (MB)
	16591816  -  ResidentSetSize of job (KB)
...
006 (11917639.000.000) 07/03 19:28:44 Image size of job updated: 16602488
	16214  -  MemoryUsage of job (MB)
	16602488  -  ResidentSetSize of job (KB)
...
006 (11917639.000.000) 07/03 19:33:45 Image size of job updated: 16613796
	16225  -  MemoryUsage of job (MB)
	16613796  -  ResidentSetSize of job (KB)
...
006 (11917639.000.000) 07/03 19:38:45 Image size of job updated: 16624856
	16236  -  MemoryUsage of job (MB)
	16624856  -  ResidentSetSize of job (KB)
...
006 (11917639.000.000) 07/03 19:43:46 Image size of job updated: 16636112
	16247  -  MemoryUsage of job (MB)
	16636112  -  ResidentSetSize of job (KB)
...
006 (11917639.000.000) 07/03 19:48:47 Image size of job updated: 16647748
	16258  -  MemoryUsage of job (MB)
	16647748  -  ResidentSetSize of job (KB)
...
006 (11917639.000.000) 07/03 19:53:47 Image size of job updated: 16659468
	16270  -  MemoryUsage of job (MB)
	16659468  -  ResidentSetSize of job (KB)
...
006 (11917639.000.000) 07/03 19:58:48 Image size of job updated: 16670352
	16280  -  MemoryUsage of job (MB)
	16670352  -  ResidentSetSize of job (KB)
...
006 (11917639.000.000) 07/03 20:03:49 Image size of job updated: 16679740
	16289  -  MemoryUsage of job (MB)
	16679740  -  ResidentSetSize of job (KB)
...
006 (11917639.000.000) 07/03 20:08:49 Image size of job updated: 16690068
	16299  -  MemoryUsage of job (MB)
	16690068  -  ResidentSetSize of job (KB)
...
006 (11917639.000.000) 07/03 20:13:50 Image size of job updated: 16700836
	16310  -  MemoryUsage of job (MB)
	16700836  -  ResidentSetSize of job (KB)
...
006 (11917639.000.000) 07/03 20:18:51 Image size of job updated: 16711292
	16320  -  MemoryUsage of job (MB)
	16711292  -  ResidentSetSize of job (KB)
...
006 (11917639.000.000) 07/03 20:23:51 Image size of job updated: 16721628
	16330  -  MemoryUsage of job (MB)
	16721628  -  ResidentSetSize of job (KB)
...
006 (11917639.000.000) 07/03 20:28:51 Image size of job updated: 16731836
	16340  -  MemoryUsage of job (MB)
	16731836  -  ResidentSetSize of job (KB)
...
006 (11917639.000.000) 07/03 20:33:52 Image size of job updated: 16743328
	16351  -  MemoryUsage of job (MB)
	16743328  -  ResidentSetSize of job (KB)
...
006 (11917639.000.000) 07/03 20:38:52 Image size of job updated: 16754460
	16362  -  MemoryUsage of job (MB)
	16754460  -  ResidentSetSize of job (KB)
...
006 (11917639.000.000) 07/03 20:43:52 Image size of job updated: 16765964
	16374  -  MemoryUsage of job (MB)
	16765964  -  ResidentSetSize of job (KB)
...
006 (11917639.000.000) 07/03 20:48:53 Image size of job updated: 16777264
	16385  -  MemoryUsage of job (MB)
	16777264  -  ResidentSetSize of job (KB)
...
006 (11917639.000.000) 07/03 20:53:53 Image size of job updated: 16788628
	16396  -  MemoryUsage of job (MB)
	16788628  -  ResidentSetSize of job (KB)
...
006 (11917639.000.000) 07/03 20:58:53 Image size of job updated: 16800128
	16407  -  MemoryUsage of job (MB)
	16800128  -  ResidentSetSize of job (KB)
...
006 (11917639.000.000) 07/03 21:03:54 Image size of job updated: 16809616
	16416  -  MemoryUsage of job (MB)
	16809616  -  ResidentSetSize of job (KB)
...
006 (11917639.000.000) 07/03 21:08:54 Image size of job updated: 16820180
	16426  -  MemoryUsage of job (MB)
	16820180  -  ResidentSetSize of job (KB)
...
006 (11917639.000.000) 07/03 21:13:55 Image size of job updated: 16830056
	16436  -  MemoryUsage of job (MB)
	16830056  -  ResidentSetSize of job (KB)
...
006 (11917639.000.000) 07/03 21:18:56 Image size of job updated: 16840672
	16446  -  MemoryUsage of job (MB)
	16840672  -  ResidentSetSize of job (KB)
...
006 (11917639.000.000) 07/03 21:23:56 Image size of job updated: 16851344
	16457  -  MemoryUsage of job (MB)
	16851344  -  ResidentSetSize of job (KB)
...
006 (11917639.000.000) 07/03 21:28:57 Image size of job updated: 16861904
	16467  -  MemoryUsage of job (MB)
	16861904  -  ResidentSetSize of job (KB)
...
006 (11917639.000.000) 07/03 21:33:58 Image size of job updated: 16872720
	16478  -  MemoryUsage of job (MB)
	16872720  -  ResidentSetSize of job (KB)
...
006 (11917639.000.000) 07/03 21:38:58 Image size of job updated: 16884520
	16489  -  MemoryUsage of job (MB)
	16884520  -  ResidentSetSize of job (KB)
...
006 (11917639.000.000) 07/03 21:43:58 Image size of job updated: 16895784
	16500  -  MemoryUsage of job (MB)
	16895784  -  ResidentSetSize of job (KB)
...
006 (11917639.000.000) 07/03 21:48:59 Image size of job updated: 16907388
	16512  -  MemoryUsage of job (MB)
	16907388  -  ResidentSetSize of job (KB)
...
006 (11917639.000.000) 07/03 21:53:59 Image size of job updated: 16917032
	16521  -  MemoryUsage of job (MB)
	16917032  -  ResidentSetSize of job (KB)
...
006 (11917639.000.000) 07/03 21:58:59 Image size of job updated: 16927872
	16532  -  MemoryUsage of job (MB)
	16927872  -  ResidentSetSize of job (KB)
...
006 (11917639.000.000) 07/03 22:04:00 Image size of job updated: 16938196
	16542  -  MemoryUsage of job (MB)
	16938196  -  ResidentSetSize of job (KB)
...
006 (11917639.000.000) 07/03 22:09:00 Image size of job updated: 16948780
	16552  -  MemoryUsage of job (MB)
	16948780  -  ResidentSetSize of job (KB)
...
006 (11917639.000.000) 07/03 22:14:00 Image size of job updated: 16958988
	16562  -  MemoryUsage of job (MB)
	16958988  -  ResidentSetSize of job (KB)
...
006 (11917639.000.000) 07/03 22:19:01 Image size of job updated: 16970084
	16573  -  MemoryUsage of job (MB)
	16970084  -  ResidentSetSize of job (KB)
...
006 (11917639.000.000) 07/03 22:24:01 Image size of job updated: 16981200
	16584  -  MemoryUsage of job (MB)
	16981200  -  ResidentSetSize of job (KB)
...
006 (11917639.000.000) 07/03 22:29:02 Image size of job updated: 16992820
	16595  -  MemoryUsage of job (MB)
	16992820  -  ResidentSetSize of job (KB)
...
006 (11917639.000.000) 07/03 22:34:03 Image size of job updated: 17004140
	16606  -  MemoryUsage of job (MB)
	17004140  -  ResidentSetSize of job (KB)
...
006 (11917639.000.000) 07/03 22:39:03 Image size of job updated: 17016076
	16618  -  MemoryUsage of job (MB)
	17016076  -  ResidentSetSize of job (KB)
...
006 (11917639.000.000) 07/03 22:44:03 Image size of job updated: 17027336
	16629  -  MemoryUsage of job (MB)
	17027336  -  ResidentSetSize of job (KB)
...
006 (11917639.000.000) 07/03 22:49:04 Image size of job updated: 17039328
	16640  -  MemoryUsage of job (MB)
	17039328  -  ResidentSetSize of job (KB)
...
006 (11917639.000.000) 07/03 22:54:04 Image size of job updated: 17050464
	16651  -  MemoryUsage of job (MB)
	17050464  -  ResidentSetSize of job (KB)
...
006 (11917639.000.000) 07/03 22:59:04 Image size of job updated: 17061396
	16662  -  MemoryUsage of job (MB)
	17061396  -  ResidentSetSize of job (KB)
...
006 (11917639.000.000) 07/03 23:04:05 Image size of job updated: 17072496
	16673  -  MemoryUsage of job (MB)
	17072496  -  ResidentSetSize of job (KB)
...
006 (11917639.000.000) 07/03 23:09:05 Image size of job updated: 17084032
	16684  -  MemoryUsage of job (MB)
	17084032  -  ResidentSetSize of job (KB)
...
006 (11917639.000.000) 07/03 23:14:05 Image size of job updated: 17095424
	16695  -  MemoryUsage of job (MB)
	17095424  -  ResidentSetSize of job (KB)
...
006 (11917639.000.000) 07/03 23:19:06 Image size of job updated: 17103872
	16703  -  MemoryUsage of job (MB)
	17103872  -  ResidentSetSize of job (KB)
...
006 (11917639.000.000) 07/03 23:24:06 Image size of job updated: 17114468
	16714  -  MemoryUsage of job (MB)
	17114468  -  ResidentSetSize of job (KB)
...
006 (11917639.000.000) 07/03 23:29:07 Image size of job updated: 17125168
	16724  -  MemoryUsage of job (MB)
	17125168  -  ResidentSetSize of job (KB)
...
006 (11917639.000.000) 07/03 23:34:08 Image size of job updated: 17135524
	16734  -  MemoryUsage of job (MB)
	17135524  -  ResidentSetSize of job (KB)
...
006 (11917639.000.000) 07/03 23:39:08 Image size of job updated: 17145500
	16744  -  MemoryUsage of job (MB)
	17145500  -  ResidentSetSize of job (KB)
...
006 (11917639.000.000) 07/03 23:44:08 Image size of job updated: 17156040
	16754  -  MemoryUsage of job (MB)
	17156040  -  ResidentSetSize of job (KB)
...
006 (11917639.000.000) 07/03 23:49:09 Image size of job updated: 17166900
	16765  -  MemoryUsage of job (MB)
	17166900  -  ResidentSetSize of job (KB)
...
006 (11917639.000.000) 07/03 23:54:09 Image size of job updated: 17177020
	16775  -  MemoryUsage of job (MB)
	17177020  -  ResidentSetSize of job (KB)
...
006 (11917639.000.000) 07/03 23:59:09 Image size of job updated: 17187552
	16785  -  MemoryUsage of job (MB)
	17187552  -  ResidentSetSize of job (KB)
...
006 (11917639.000.000) 07/04 00:04:10 Image size of job updated: 17198648
	16796  -  MemoryUsage of job (MB)
	17198648  -  ResidentSetSize of job (KB)
...
006 (11917639.000.000) 07/04 00:09:10 Image size of job updated: 17210072
	16807  -  MemoryUsage of job (MB)
	17210072  -  ResidentSetSize of job (KB)
...
006 (11917639.000.000) 07/04 00:14:10 Image size of job updated: 17219620
	16817  -  MemoryUsage of job (MB)
	17219620  -  ResidentSetSize of job (KB)
...
006 (11917639.000.000) 07/04 00:19:11 Image size of job updated: 17230148
	16827  -  MemoryUsage of job (MB)
	17230148  -  ResidentSetSize of job (KB)
...
006 (11917639.000.000) 07/04 00:24:11 Image size of job updated: 17240608
	16837  -  MemoryUsage of job (MB)
	17240608  -  ResidentSetSize of job (KB)
...
006 (11917639.000.000) 07/04 00:29:11 Image size of job updated: 17441692
	16945  -  MemoryUsage of job (MB)
	17351260  -  ResidentSetSize of job (KB)
...
006 (11917639.000.000) 07/04 00:34:12 Image size of job updated: 17441692
	16955  -  MemoryUsage of job (MB)
	17361664  -  ResidentSetSize of job (KB)
...
006 (11917639.000.000) 07/04 00:39:12 Image size of job updated: 17441692
	16965  -  MemoryUsage of job (MB)
	17371920  -  ResidentSetSize of job (KB)
...
006 (11917639.000.000) 07/04 00:44:12 Image size of job updated: 17441692
	16977  -  MemoryUsage of job (MB)
	17383812  -  ResidentSetSize of job (KB)
...
006 (11917639.000.000) 07/04 00:49:13 Image size of job updated: 17441692
	16988  -  MemoryUsage of job (MB)
	17395264  -  ResidentSetSize of job (KB)
...
006 (11917639.000.000) 07/04 00:54:13 Image size of job updated: 17441692
	16999  -  MemoryUsage of job (MB)
	17406868  -  ResidentSetSize of job (KB)
...
006 (11917639.000.000) 07/04 00:59:13 Image size of job updated: 17441692
	17010  -  MemoryUsage of job (MB)
	17418136  -  ResidentSetSize of job (KB)
...
006 (11917639.000.000) 07/04 01:04:14 Image size of job updated: 17441692
	17022  -  MemoryUsage of job (MB)
	17430172  -  ResidentSetSize of job (KB)
...
006 (11917639.000.000) 07/04 01:09:14 Image size of job updated: 17441692
	17031  -  MemoryUsage of job (MB)
	17439436  -  ResidentSetSize of job (KB)
...
006 (11917639.000.000) 07/04 01:14:14 Image size of job updated: 17449780
	17041  -  MemoryUsage of job (MB)
	17449780  -  ResidentSetSize of job (KB)
...
006 (11917639.000.000) 07/04 01:19:15 Image size of job updated: 17460092
	17051  -  MemoryUsage of job (MB)
	17460092  -  ResidentSetSize of job (KB)
...
006 (11917639.000.000) 07/04 01:24:15 Image size of job updated: 17469960
	17061  -  MemoryUsage of job (MB)
	17469960  -  ResidentSetSize of job (KB)
...
006 (11917639.000.000) 07/04 01:29:15 Image size of job updated: 17480008
	17071  -  MemoryUsage of job (MB)
	17480008  -  ResidentSetSize of job (KB)
...
006 (11917639.000.000) 07/04 01:34:16 Image size of job updated: 17490964
	17082  -  MemoryUsage of job (MB)
	17490964  -  ResidentSetSize of job (KB)
...
006 (11917639.000.000) 07/04 01:39:16 Image size of job updated: 17502668
	17093  -  MemoryUsage of job (MB)
	17502668  -  ResidentSetSize of job (KB)
...
006 (11917639.000.000) 07/04 01:44:16 Image size of job updated: 17514052
	17104  -  MemoryUsage of job (MB)
	17514052  -  ResidentSetSize of job (KB)
...
006 (11917639.000.000) 07/04 01:49:17 Image size of job updated: 17525912
	17116  -  MemoryUsage of job (MB)
	17525912  -  ResidentSetSize of job (KB)
...
006 (11917639.000.000) 07/04 01:54:17 Image size of job updated: 17537052
	17127  -  MemoryUsage of job (MB)
	17537052  -  ResidentSetSize of job (KB)
...
006 (11917639.000.000) 07/04 01:59:17 Image size of job updated: 17548248
	17137  -  MemoryUsage of job (MB)
	17548248  -  ResidentSetSize of job (KB)
...
006 (11917639.000.000) 07/04 02:04:18 Image size of job updated: 17558012
	17147  -  MemoryUsage of job (MB)
	17558012  -  ResidentSetSize of job (KB)
...
006 (11917639.000.000) 07/04 02:09:18 Image size of job updated: 17568468
	17157  -  MemoryUsage of job (MB)
	17568468  -  ResidentSetSize of job (KB)
...
006 (11917639.000.000) 07/04 02:14:18 Image size of job updated: 17578444
	17167  -  MemoryUsage of job (MB)
	17578444  -  ResidentSetSize of job (KB)
...
006 (11917639.000.000) 07/04 02:19:20 Image size of job updated: 17589208
	17177  -  MemoryUsage of job (MB)
	17589208  -  ResidentSetSize of job (KB)
...
006 (11917639.000.000) 07/04 02:24:20 Image size of job updated: 17599412
	17187  -  MemoryUsage of job (MB)
	17599412  -  ResidentSetSize of job (KB)
...
006 (11917639.000.000) 07/04 02:29:20 Image size of job updated: 17610048
	17198  -  MemoryUsage of job (MB)
	17610048  -  ResidentSetSize of job (KB)
...
006 (11917639.000.000) 07/04 02:34:21 Image size of job updated: 17620608
	17208  -  MemoryUsage of job (MB)
	17620608  -  ResidentSetSize of job (KB)
...
006 (11917639.000.000) 07/04 02:39:22 Image size of job updated: 17632288
	17220  -  MemoryUsage of job (MB)
	17632288  -  ResidentSetSize of job (KB)
...
006 (11917639.000.000) 07/04 02:44:22 Image size of job updated: 17643556
	17231  -  MemoryUsage of job (MB)
	17643556  -  ResidentSetSize of job (KB)
...
006 (11917639.000.000) 07/04 02:49:23 Image size of job updated: 17654720
	17241  -  MemoryUsage of job (MB)
	17654720  -  ResidentSetSize of job (KB)
...
006 (11917639.000.000) 07/04 02:54:24 Image size of job updated: 17666448
	17253  -  MemoryUsage of job (MB)
	17666448  -  ResidentSetSize of job (KB)
...
006 (11917639.000.000) 07/04 02:59:24 Image size of job updated: 17675992
	17262  -  MemoryUsage of job (MB)
	17675992  -  ResidentSetSize of job (KB)
...
006 (11917639.000.000) 07/04 03:04:25 Image size of job updated: 17687028
	17273  -  MemoryUsage of job (MB)
	17687028  -  ResidentSetSize of job (KB)
...
006 (11917639.000.000) 07/04 03:09:26 Image size of job updated: 17697364
	17283  -  MemoryUsage of job (MB)
	17697364  -  ResidentSetSize of job (KB)
...
006 (11917639.000.000) 07/04 03:14:26 Image size of job updated: 17708052
	17294  -  MemoryUsage of job (MB)
	17708052  -  ResidentSetSize of job (KB)
...
006 (11917639.000.000) 07/04 03:19:27 Image size of job updated: 17718908
	17304  -  MemoryUsage of job (MB)
	17718908  -  ResidentSetSize of job (KB)
...
006 (11917639.000.000) 07/04 03:24:28 Image size of job updated: 17729744
	17315  -  MemoryUsage of job (MB)
	17729744  -  ResidentSetSize of job (KB)
...
006 (11917639.000.000) 07/04 03:29:28 Image size of job updated: 17741512
	17326  -  MemoryUsage of job (MB)
	17741512  -  ResidentSetSize of job (KB)
...
006 (11917639.000.000) 07/04 03:34:29 Image size of job updated: 17752876
	17337  -  MemoryUsage of job (MB)
	17752876  -  ResidentSetSize of job (KB)
...
006 (11917639.000.000) 07/04 03:39:30 Image size of job updated: 17764148
	17348  -  MemoryUsage of job (MB)
	17764148  -  ResidentSetSize of job (KB)
...
006 (11917639.000.000) 07/04 03:44:30 Image size of job updated: 17775788
	17360  -  MemoryUsage of job (MB)
	17775788  -  ResidentSetSize of job (KB)
...
006 (11917639.000.000) 07/04 03:49:31 Image size of job updated: 17787528
	17371  -  MemoryUsage of job (MB)
	17787528  -  ResidentSetSize of job (KB)
...
006 (11917639.000.000) 07/04 03:54:32 Image size of job updated: 17798472
	17382  -  MemoryUsage of job (MB)
	17798472  -  ResidentSetSize of job (KB)
...
006 (11917639.000.000) 07/04 03:59:32 Image size of job updated: 17809720
	17393  -  MemoryUsage of job (MB)
	17809720  -  ResidentSetSize of job (KB)
...
006 (11917639.000.000) 07/04 04:04:33 Image size of job updated: 17821452
	17404  -  MemoryUsage of job (MB)
	17821452  -  ResidentSetSize of job (KB)
...
006 (11917639.000.000) 07/04 04:09:34 Image size of job updated: 17830288
	17413  -  MemoryUsage of job (MB)
	17830288  -  ResidentSetSize of job (KB)
...
006 (11917639.000.000) 07/04 04:14:34 Image size of job updated: 17840640
	17423  -  MemoryUsage of job (MB)
	17840640  -  ResidentSetSize of job (KB)
...
006 (11917639.000.000) 07/04 04:19:35 Image size of job updated: 17851324
	17433  -  MemoryUsage of job (MB)
	17851324  -  ResidentSetSize of job (KB)
...
006 (11917639.000.000) 07/04 04:24:36 Image size of job updated: 17862276
	17444  -  MemoryUsage of job (MB)
	17862276  -  ResidentSetSize of job (KB)
...
006 (11917639.000.000) 07/04 04:29:36 Image size of job updated: 17872804
	17454  -  MemoryUsage of job (MB)
	17872804  -  ResidentSetSize of job (KB)
...
006 (11917639.000.000) 07/04 04:34:36 Image size of job updated: 17883628
	17465  -  MemoryUsage of job (MB)
	17883628  -  ResidentSetSize of job (KB)
...
006 (11917639.000.000) 07/04 04:39:37 Image size of job updated: 17894372
	17475  -  MemoryUsage of job (MB)
	17894372  -  ResidentSetSize of job (KB)
...
006 (11917639.000.000) 07/04 04:44:37 Image size of job updated: 17905064
	17486  -  MemoryUsage of job (MB)
	17905064  -  ResidentSetSize of job (KB)
...
006 (11917639.000.000) 07/04 04:49:37 Image size of job updated: 17916628
	17497  -  MemoryUsage of job (MB)
	17916628  -  ResidentSetSize of job (KB)
...
006 (11917639.000.000) 07/04 04:54:38 Image size of job updated: 17928064
	17508  -  MemoryUsage of job (MB)
	17928064  -  ResidentSetSize of job (KB)
...
006 (11917639.000.000) 07/04 04:59:38 Image size of job updated: 17939672
	17520  -  MemoryUsage of job (MB)
	17939672  -  ResidentSetSize of job (KB)
...
006 (11917639.000.000) 07/04 05:04:38 Image size of job updated: 17950732
	17531  -  MemoryUsage of job (MB)
	17950732  -  ResidentSetSize of job (KB)
...
006 (11917639.000.000) 07/04 05:09:39 Image size of job updated: 17962208
	17542  -  MemoryUsage of job (MB)
	17962208  -  ResidentSetSize of job (KB)
...
006 (11917639.000.000) 07/04 05:14:39 Image size of job updated: 17973160
	17552  -  MemoryUsage of job (MB)
	17973160  -  ResidentSetSize of job (KB)
...
006 (11917639.000.000) 07/04 05:19:40 Image size of job updated: 17984616
	17564  -  MemoryUsage of job (MB)
	17984616  -  ResidentSetSize of job (KB)
...
006 (11917639.000.000) 07/04 05:24:41 Image size of job updated: 17993636
	17572  -  MemoryUsage of job (MB)
	17993636  -  ResidentSetSize of job (KB)
...
006 (11917639.000.000) 07/04 05:29:41 Image size of job updated: 18003580
	17582  -  MemoryUsage of job (MB)
	18003580  -  ResidentSetSize of job (KB)
...
006 (11917639.000.000) 07/04 05:34:42 Image size of job updated: 18014316
	17593  -  MemoryUsage of job (MB)
	18014316  -  ResidentSetSize of job (KB)
...
006 (11917639.000.000) 07/04 05:39:43 Image size of job updated: 18024728
	17603  -  MemoryUsage of job (MB)
	18024728  -  ResidentSetSize of job (KB)
...
006 (11917639.000.000) 07/04 05:44:43 Image size of job updated: 18035128
	17613  -  MemoryUsage of job (MB)
	18035128  -  ResidentSetSize of job (KB)
...
006 (11917639.000.000) 07/04 05:49:43 Image size of job updated: 18045980
	17624  -  MemoryUsage of job (MB)
	18045980  -  ResidentSetSize of job (KB)
...
006 (11917639.000.000) 07/04 05:54:44 Image size of job updated: 18056352
	17634  -  MemoryUsage of job (MB)
	18056352  -  ResidentSetSize of job (KB)
...
006 (11917639.000.000) 07/04 05:59:44 Image size of job updated: 18067072
	17644  -  MemoryUsage of job (MB)
	18067072  -  ResidentSetSize of job (KB)
...
006 (11917639.000.000) 07/04 06:04:44 Image size of job updated: 18077536
	17654  -  MemoryUsage of job (MB)
	18077536  -  ResidentSetSize of job (KB)
...
006 (11917639.000.000) 07/04 06:09:45 Image size of job updated: 18089376
	17666  -  MemoryUsage of job (MB)
	18089376  -  ResidentSetSize of job (KB)
...
006 (11917639.000.000) 07/04 06:14:45 Image size of job updated: 18100716
	17677  -  MemoryUsage of job (MB)
	18100716  -  ResidentSetSize of job (KB)
...
006 (11917639.000.000) 07/04 06:19:46 Image size of job updated: 18112276
	17688  -  MemoryUsage of job (MB)
	18112276  -  ResidentSetSize of job (KB)
...
006 (11917639.000.000) 07/04 06:24:47 Image size of job updated: 18123608
	17699  -  MemoryUsage of job (MB)
	18123608  -  ResidentSetSize of job (KB)
...
006 (11917639.000.000) 07/04 06:29:47 Image size of job updated: 18133408
	17709  -  MemoryUsage of job (MB)
	18133408  -  ResidentSetSize of job (KB)
...
006 (11917639.000.000) 07/04 06:34:48 Image size of job updated: 18143860
	17719  -  MemoryUsage of job (MB)
	18143860  -  ResidentSetSize of job (KB)
...
006 (11917639.000.000) 07/04 06:39:49 Image size of job updated: 18154516
	17730  -  MemoryUsage of job (MB)
	18154516  -  ResidentSetSize of job (KB)
...
006 (11917639.000.000) 07/04 06:44:49 Image size of job updated: 18165100
	17740  -  MemoryUsage of job (MB)
	18165100  -  ResidentSetSize of job (KB)
...
006 (11917639.000.000) 07/04 06:49:50 Image size of job updated: 18176052
	17751  -  MemoryUsage of job (MB)
	18176052  -  ResidentSetSize of job (KB)
...
006 (11917639.000.000) 07/04 06:54:51 Image size of job updated: 18186424
	17761  -  MemoryUsage of job (MB)
	18186424  -  ResidentSetSize of job (KB)
...
006 (11917639.000.000) 07/04 06:59:51 Image size of job updated: 18197296
	17771  -  MemoryUsage of job (MB)
	18197296  -  ResidentSetSize of job (KB)
...
006 (11917639.000.000) 07/04 07:04:52 Image size of job updated: 18208356
	17782  -  MemoryUsage of job (MB)
	18208356  -  ResidentSetSize of job (KB)
...
006 (11917639.000.000) 07/04 07:09:53 Image size of job updated: 18219464
	17793  -  MemoryUsage of job (MB)
	18219464  -  ResidentSetSize of job (KB)
...
006 (11917639.000.000) 07/04 07:14:53 Image size of job updated: 18230728
	17804  -  MemoryUsage of job (MB)
	18230728  -  ResidentSetSize of job (KB)
...
006 (11917639.000.000) 07/04 07:19:54 Image size of job updated: 18242212
	17815  -  MemoryUsage of job (MB)
	18242212  -  ResidentSetSize of job (KB)
...
006 (11917639.000.000) 07/04 07:24:55 Image size of job updated: 18253488
	17826  -  MemoryUsage of job (MB)
	18253488  -  ResidentSetSize of job (KB)
...
006 (11917639.000.000) 07/04 07:29:55 Image size of job updated: 18262736
	17835  -  MemoryUsage of job (MB)
	18262736  -  ResidentSetSize of job (KB)
...
006 (11917639.000.000) 07/04 07:34:56 Image size of job updated: 18273280
	17845  -  MemoryUsage of job (MB)
	18273280  -  ResidentSetSize of job (KB)
...
006 (11917639.000.000) 07/04 07:39:57 Image size of job updated: 18284288
	17856  -  MemoryUsage of job (MB)
	18284288  -  ResidentSetSize of job (KB)
...
006 (11917639.000.000) 07/04 07:44:57 Image size of job updated: 18294496
	17866  -  MemoryUsage of job (MB)
	18294496  -  ResidentSetSize of job (KB)
...
006 (11917639.000.000) 07/04 07:49:58 Image size of job updated: 18305784
	17877  -  MemoryUsage of job (MB)
	18305784  -  ResidentSetSize of job (KB)
...
006 (11917639.000.000) 07/04 07:54:59 Image size of job updated: 18315856
	17887  -  MemoryUsage of job (MB)
	18315856  -  ResidentSetSize of job (KB)
...
006 (11917639.000.000) 07/04 07:59:59 Image size of job updated: 18327084
	17898  -  MemoryUsage of job (MB)
	18327084  -  ResidentSetSize of job (KB)
...
006 (11917639.000.000) 07/04 08:05:00 Image size of job updated: 18338916
	17910  -  MemoryUsage of job (MB)
	18338916  -  ResidentSetSize of job (KB)
...
006 (11917639.000.000) 07/04 08:10:01 Image size of job updated: 18350124
	17921  -  MemoryUsage of job (MB)
	18350124  -  ResidentSetSize of job (KB)
...
006 (11917639.000.000) 07/04 08:15:01 Image size of job updated: 18361268
	17931  -  MemoryUsage of job (MB)
	18361268  -  ResidentSetSize of job (KB)
...
006 (11917639.000.000) 07/04 08:20:02 Image size of job updated: 18372820
	17943  -  MemoryUsage of job (MB)
	18372820  -  ResidentSetSize of job (KB)
...
006 (11917639.000.000) 07/04 08:25:03 Image size of job updated: 18384092
	17954  -  MemoryUsage of job (MB)
	18384092  -  ResidentSetSize of job (KB)
...
006 (11917639.000.000) 07/04 08:30:03 Image size of job updated: 18394980
	17964  -  MemoryUsage of job (MB)
	18394980  -  ResidentSetSize of job (KB)
...
006 (11917639.000.000) 07/04 08:35:04 Image size of job updated: 18406152
	17975  -  MemoryUsage of job (MB)
	18406152  -  ResidentSetSize of job (KB)
...
006 (11917639.000.000) 07/04 08:40:05 Image size of job updated: 18417452
	17986  -  MemoryUsage of job (MB)
	18417452  -  ResidentSetSize of job (KB)
...
006 (11917639.000.000) 07/04 08:45:05 Image size of job updated: 18426568
	17995  -  MemoryUsage of job (MB)
	18426568  -  ResidentSetSize of job (KB)
...
006 (11917639.000.000) 07/04 08:50:06 Image size of job updated: 18436736
	18005  -  MemoryUsage of job (MB)
	18436736  -  ResidentSetSize of job (KB)
...
006 (11917639.000.000) 07/04 08:55:07 Image size of job updated: 18446936
	18015  -  MemoryUsage of job (MB)
	18446936  -  ResidentSetSize of job (KB)
...
006 (11917639.000.000) 07/04 09:00:07 Image size of job updated: 18457240
	18025  -  MemoryUsage of job (MB)
	18457240  -  ResidentSetSize of job (KB)
...
006 (11917639.000.000) 07/04 09:05:08 Image size of job updated: 18467280
	18035  -  MemoryUsage of job (MB)
	18467280  -  ResidentSetSize of job (KB)
...
006 (11917639.000.000) 07/04 09:10:09 Image size of job updated: 18477220
	18045  -  MemoryUsage of job (MB)
	18477220  -  ResidentSetSize of job (KB)
...
006 (11917639.000.000) 07/04 09:15:09 Image size of job updated: 18487676
	18055  -  MemoryUsage of job (MB)
	18487676  -  ResidentSetSize of job (KB)
...
006 (11917639.000.000) 07/04 09:20:10 Image size of job updated: 18498176
	18065  -  MemoryUsage of job (MB)
	18498176  -  ResidentSetSize of job (KB)
...
006 (11917639.000.000) 07/04 09:25:11 Image size of job updated: 18508636
	18075  -  MemoryUsage of job (MB)
	18508636  -  ResidentSetSize of job (KB)
...
006 (11917639.000.000) 07/04 09:30:11 Image size of job updated: 18520256
	18087  -  MemoryUsage of job (MB)
	18520256  -  ResidentSetSize of job (KB)
...
006 (11917639.000.000) 07/04 09:35:12 Image size of job updated: 18531136
	18097  -  MemoryUsage of job (MB)
	18531136  -  ResidentSetSize of job (KB)
...
006 (11917639.000.000) 07/04 09:40:13 Image size of job updated: 18542668
	18109  -  MemoryUsage of job (MB)
	18542668  -  ResidentSetSize of job (KB)
...
006 (11917639.000.000) 07/04 09:45:13 Image size of job updated: 18554152
	18120  -  MemoryUsage of job (MB)
	18554152  -  ResidentSetSize of job (KB)
...
006 (11917639.000.000) 07/04 09:50:14 Image size of job updated: 18565108
	18130  -  MemoryUsage of job (MB)
	18565108  -  ResidentSetSize of job (KB)
...
006 (11917639.000.000) 07/04 09:55:14 Image size of job updated: 18573952
	18139  -  MemoryUsage of job (MB)
	18573952  -  ResidentSetSize of job (KB)
...
006 (11917639.000.000) 07/04 10:00:14 Image size of job updated: 18584428
	18149  -  MemoryUsage of job (MB)
	18584428  -  ResidentSetSize of job (KB)
...
006 (11917639.000.000) 07/04 10:05:15 Image size of job updated: 18595060
	18160  -  MemoryUsage of job (MB)
	18595060  -  ResidentSetSize of job (KB)
...
006 (11917639.000.000) 07/04 10:10:15 Image size of job updated: 18605056
	18169  -  MemoryUsage of job (MB)
	18605056  -  ResidentSetSize of job (KB)
...
006 (11917639.000.000) 07/04 10:15:15 Image size of job updated: 18615420
	18180  -  MemoryUsage of job (MB)
	18615420  -  ResidentSetSize of job (KB)
...
006 (11917639.000.000) 07/04 10:20:16 Image size of job updated: 18625988
	18190  -  MemoryUsage of job (MB)
	18625988  -  ResidentSetSize of job (KB)
...
006 (11917639.000.000) 07/04 10:25:16 Image size of job updated: 18636608
	18200  -  MemoryUsage of job (MB)
	18636608  -  ResidentSetSize of job (KB)
...
006 (11917639.000.000) 07/04 10:30:16 Image size of job updated: 18647788
	18211  -  MemoryUsage of job (MB)
	18647788  -  ResidentSetSize of job (KB)
...
006 (11917639.000.000) 07/04 10:35:17 Image size of job updated: 18659052
	18222  -  MemoryUsage of job (MB)
	18659052  -  ResidentSetSize of job (KB)
...
006 (11917639.000.000) 07/04 10:40:17 Image size of job updated: 18670432
	18233  -  MemoryUsage of job (MB)
	18670432  -  ResidentSetSize of job (KB)
...
006 (11917639.000.000) 07/04 10:45:17 Image size of job updated: 18681868
	18245  -  MemoryUsage of job (MB)
	18681868  -  ResidentSetSize of job (KB)
...
006 (11917639.000.000) 07/04 10:50:18 Image size of job updated: 18693312
	18256  -  MemoryUsage of job (MB)
	18693312  -  ResidentSetSize of job (KB)
...
006 (11917639.000.000) 07/04 10:55:18 Image size of job updated: 18704484
	18267  -  MemoryUsage of job (MB)
	18704484  -  ResidentSetSize of job (KB)
...
006 (11917639.000.000) 07/04 11:00:18 Image size of job updated: 18916248
	18473  -  MemoryUsage of job (MB)
	18916248  -  ResidentSetSize of job (KB)
...
006 (11917639.000.000) 07/04 11:05:19 Image size of job updated: 18927384
	18484  -  MemoryUsage of job (MB)
	18927384  -  ResidentSetSize of job (KB)
...
006 (11917639.000.000) 07/04 11:10:19 Image size of job updated: 18938884
	18496  -  MemoryUsage of job (MB)
	18938884  -  ResidentSetSize of job (KB)
...
006 (11917639.000.000) 07/04 11:15:19 Image size of job updated: 18949980
	18506  -  MemoryUsage of job (MB)
	18949980  -  ResidentSetSize of job (KB)
...
006 (11917639.000.000) 07/04 11:20:20 Image size of job updated: 18958344
	18515  -  MemoryUsage of job (MB)
	18958344  -  ResidentSetSize of job (KB)
...
006 (11917639.000.000) 07/04 11:25:20 Image size of job updated: 18968740
	18525  -  MemoryUsage of job (MB)
	18968740  -  ResidentSetSize of job (KB)
...
006 (11917639.000.000) 07/04 11:30:20 Image size of job updated: 18978724
	18534  -  MemoryUsage of job (MB)
	18978724  -  ResidentSetSize of job (KB)
...
006 (11917639.000.000) 07/04 11:35:21 Image size of job updated: 18989028
	18544  -  MemoryUsage of job (MB)
	18989028  -  ResidentSetSize of job (KB)
...
006 (11917639.000.000) 07/04 11:40:21 Image size of job updated: 18999688
	18555  -  MemoryUsage of job (MB)
	18999688  -  ResidentSetSize of job (KB)
...
006 (11917639.000.000) 07/04 11:45:21 Image size of job updated: 19009800
	18565  -  MemoryUsage of job (MB)
	19009800  -  ResidentSetSize of job (KB)
...
006 (11917639.000.000) 07/04 11:50:22 Image size of job updated: 19019576
	18574  -  MemoryUsage of job (MB)
	19019576  -  ResidentSetSize of job (KB)
...
006 (11917639.000.000) 07/04 11:55:22 Image size of job updated: 19029856
	18584  -  MemoryUsage of job (MB)
	19029856  -  ResidentSetSize of job (KB)
...
006 (11917639.000.000) 07/04 12:00:22 Image size of job updated: 19039996
	18594  -  MemoryUsage of job (MB)
	19039996  -  ResidentSetSize of job (KB)
...
006 (11917639.000.000) 07/04 12:05:23 Image size of job updated: 19051172
	18605  -  MemoryUsage of job (MB)
	19051172  -  ResidentSetSize of job (KB)
...
006 (11917639.000.000) 07/04 12:10:24 Image size of job updated: 19062928
	18617  -  MemoryUsage of job (MB)
	19062928  -  ResidentSetSize of job (KB)
...
006 (11917639.000.000) 07/04 12:15:24 Image size of job updated: 19074216
	18628  -  MemoryUsage of job (MB)
	19074216  -  ResidentSetSize of job (KB)
...
006 (11917639.000.000) 07/04 12:20:25 Image size of job updated: 19085588
	18639  -  MemoryUsage of job (MB)
	19085588  -  ResidentSetSize of job (KB)
...
006 (11917639.000.000) 07/04 12:25:26 Image size of job updated: 19094824
	18648  -  MemoryUsage of job (MB)
	19094824  -  ResidentSetSize of job (KB)
...
006 (11917639.000.000) 07/04 12:30:26 Image size of job updated: 19105244
	18658  -  MemoryUsage of job (MB)
	19105244  -  ResidentSetSize of job (KB)
...
006 (11917639.000.000) 07/04 12:35:27 Image size of job updated: 19115900
	18668  -  MemoryUsage of job (MB)
	19115900  -  ResidentSetSize of job (KB)
...
006 (11917639.000.000) 07/04 12:40:28 Image size of job updated: 19127056
	18679  -  MemoryUsage of job (MB)
	19127056  -  ResidentSetSize of job (KB)
...
006 (11917639.000.000) 07/04 12:45:28 Image size of job updated: 19137652
	18690  -  MemoryUsage of job (MB)
	19137652  -  ResidentSetSize of job (KB)
...
006 (11917639.000.000) 07/04 12:50:29 Image size of job updated: 19148544
	18700  -  MemoryUsage of job (MB)
	19148544  -  ResidentSetSize of job (KB)
...
006 (11917639.000.000) 07/04 12:55:30 Image size of job updated: 19159892
	18711  -  MemoryUsage of job (MB)
	19159892  -  ResidentSetSize of job (KB)
...
006 (11917639.000.000) 07/04 13:00:30 Image size of job updated: 19171828
	18723  -  MemoryUsage of job (MB)
	19171828  -  ResidentSetSize of job (KB)
...
006 (11917639.000.000) 07/04 13:05:31 Image size of job updated: 19183360
	18734  -  MemoryUsage of job (MB)
	19183360  -  ResidentSetSize of job (KB)
...
006 (11917639.000.000) 07/04 13:10:32 Image size of job updated: 19195404
	18746  -  MemoryUsage of job (MB)
	19195404  -  ResidentSetSize of job (KB)
...
006 (11917639.000.000) 07/04 13:15:32 Image size of job updated: 19207232
	18758  -  MemoryUsage of job (MB)
	19207232  -  ResidentSetSize of job (KB)
...
006 (11917639.000.000) 07/04 13:20:33 Image size of job updated: 19218932
	18769  -  MemoryUsage of job (MB)
	19218932  -  ResidentSetSize of job (KB)
...
006 (11917639.000.000) 07/04 13:25:34 Image size of job updated: 19227460
	18777  -  MemoryUsage of job (MB)
	19227460  -  ResidentSetSize of job (KB)
...
006 (11917639.000.000) 07/04 13:30:34 Image size of job updated: 19238008
	18788  -  MemoryUsage of job (MB)
	19238008  -  ResidentSetSize of job (KB)
...
006 (11917639.000.000) 07/04 13:35:35 Image size of job updated: 19248608
	18798  -  MemoryUsage of job (MB)
	19248608  -  ResidentSetSize of job (KB)
...
006 (11917639.000.000) 07/04 13:40:36 Image size of job updated: 19258752
	18808  -  MemoryUsage of job (MB)
	19258752  -  ResidentSetSize of job (KB)
...
006 (11917639.000.000) 07/04 13:45:36 Image size of job updated: 19269340
	18818  -  MemoryUsage of job (MB)
	19269340  -  ResidentSetSize of job (KB)
...
006 (11917639.000.000) 07/04 13:50:37 Image size of job updated: 19280012
	18829  -  MemoryUsage of job (MB)
	19280012  -  ResidentSetSize of job (KB)
...
006 (11917639.000.000) 07/04 13:55:38 Image size of job updated: 19291104
	18839  -  MemoryUsage of job (MB)
	19291104  -  ResidentSetSize of job (KB)
...
006 (11917639.000.000) 07/04 14:00:38 Image size of job updated: 19302304
	18850  -  MemoryUsage of job (MB)
	19302304  -  ResidentSetSize of job (KB)
...
006 (11917639.000.000) 07/04 14:05:39 Image size of job updated: 19313736
	18862  -  MemoryUsage of job (MB)
	19313736  -  ResidentSetSize of job (KB)
...
006 (11917639.000.000) 07/04 14:10:40 Image size of job updated: 19325308
	18873  -  MemoryUsage of job (MB)
	19325308  -  ResidentSetSize of job (KB)
...
006 (11917639.000.000) 07/04 14:15:40 Image size of job updated: 19334308
	18882  -  MemoryUsage of job (MB)
	19334308  -  ResidentSetSize of job (KB)
...
006 (11917639.000.000) 07/04 14:20:41 Image size of job updated: 19344572
	18892  -  MemoryUsage of job (MB)
	19344572  -  ResidentSetSize of job (KB)
...
006 (11917639.000.000) 07/04 14:25:42 Image size of job updated: 19355132
	18902  -  MemoryUsage of job (MB)
	19355132  -  ResidentSetSize of job (KB)
...
006 (11917639.000.000) 07/04 14:30:42 Image size of job updated: 19365396
	18912  -  MemoryUsage of job (MB)
	19365396  -  ResidentSetSize of job (KB)
...
006 (11917639.000.000) 07/04 14:35:43 Image size of job updated: 19375492
	18922  -  MemoryUsage of job (MB)
	19375492  -  ResidentSetSize of job (KB)
...
006 (11917639.000.000) 07/04 14:40:43 Image size of job updated: 19386332
	18932  -  MemoryUsage of job (MB)
	19386332  -  ResidentSetSize of job (KB)
...
006 (11917639.000.000) 07/04 14:45:43 Image size of job updated: 19397932
	18944  -  MemoryUsage of job (MB)
	19397932  -  ResidentSetSize of job (KB)
...
006 (11917639.000.000) 07/04 14:50:44 Image size of job updated: 19408184
	18954  -  MemoryUsage of job (MB)
	19408184  -  ResidentSetSize of job (KB)
...
006 (11917639.000.000) 07/04 14:55:44 Image size of job updated: 19419656
	18965  -  MemoryUsage of job (MB)
	19419656  -  ResidentSetSize of job (KB)
...
006 (11917639.000.000) 07/04 15:00:44 Image size of job updated: 19431436
	18977  -  MemoryUsage of job (MB)
	19431436  -  ResidentSetSize of job (KB)
...
006 (11917639.000.000) 07/04 15:05:45 Image size of job updated: 19442400
	18987  -  MemoryUsage of job (MB)
	19442400  -  ResidentSetSize of job (KB)
...
006 (11917639.000.000) 07/04 15:10:45 Image size of job updated: 19453112
	18998  -  MemoryUsage of job (MB)
	19453112  -  ResidentSetSize of job (KB)
...
006 (11917639.000.000) 07/04 15:15:45 Image size of job updated: 19462144
	19006  -  MemoryUsage of job (MB)
	19462144  -  ResidentSetSize of job (KB)
...
006 (11917639.000.000) 07/04 15:20:46 Image size of job updated: 19472356
	19016  -  MemoryUsage of job (MB)
	19472356  -  ResidentSetSize of job (KB)
...
006 (11917639.000.000) 07/04 15:25:46 Image size of job updated: 19482340
	19026  -  MemoryUsage of job (MB)
	19482340  -  ResidentSetSize of job (KB)
...
006 (11917639.000.000) 07/04 15:30:46 Image size of job updated: 19492060
	19036  -  MemoryUsage of job (MB)
	19492060  -  ResidentSetSize of job (KB)
...
006 (11917639.000.000) 07/04 15:35:47 Image size of job updated: 19502768
	19046  -  MemoryUsage of job (MB)
	19502768  -  ResidentSetSize of job (KB)
...
006 (11917639.000.000) 07/04 15:40:47 Image size of job updated: 19513424
	19057  -  MemoryUsage of job (MB)
	19513424  -  ResidentSetSize of job (KB)
...
006 (11917639.000.000) 07/04 15:45:47 Image size of job updated: 19524956
	19068  -  MemoryUsage of job (MB)
	19524956  -  ResidentSetSize of job (KB)
...
006 (11917639.000.000) 07/04 15:50:49 Image size of job updated: 19537440
	19080  -  MemoryUsage of job (MB)
	19537440  -  ResidentSetSize of job (KB)
...
006 (11917639.000.000) 07/04 15:55:49 Image size of job updated: 19549420
	19092  -  MemoryUsage of job (MB)
	19549420  -  ResidentSetSize of job (KB)
...
006 (11917639.000.000) 07/04 16:00:49 Image size of job updated: 19562088
	19104  -  MemoryUsage of job (MB)
	19562088  -  ResidentSetSize of job (KB)
...
006 (11917639.000.000) 07/04 16:05:50 Image size of job updated: 19573360
	19115  -  MemoryUsage of job (MB)
	19573360  -  ResidentSetSize of job (KB)
...
006 (11917639.000.000) 07/04 16:10:51 Image size of job updated: 19584380
	19126  -  MemoryUsage of job (MB)
	19584380  -  ResidentSetSize of job (KB)
...
006 (11917639.000.000) 07/04 16:15:51 Image size of job updated: 19596228
	19137  -  MemoryUsage of job (MB)
	19596228  -  ResidentSetSize of job (KB)
...
006 (11917639.000.000) 07/04 16:20:52 Image size of job updated: 19608192
	19149  -  MemoryUsage of job (MB)
	19608192  -  ResidentSetSize of job (KB)
...
006 (11917639.000.000) 07/04 16:25:53 Image size of job updated: 19619684
	19160  -  MemoryUsage of job (MB)
	19619684  -  ResidentSetSize of job (KB)
...
006 (11917639.000.000) 07/04 16:30:53 Image size of job updated: 19632508
	19173  -  MemoryUsage of job (MB)
	19632508  -  ResidentSetSize of job (KB)
...
006 (11917639.000.000) 07/04 16:35:54 Image size of job updated: 19644808
	19185  -  MemoryUsage of job (MB)
	19644808  -  ResidentSetSize of job (KB)
...
006 (11917639.000.000) 07/04 16:40:55 Image size of job updated: 19657100
	19197  -  MemoryUsage of job (MB)
	19657100  -  ResidentSetSize of job (KB)
...
006 (11917639.000.000) 07/04 16:45:55 Image size of job updated: 19669564
	19209  -  MemoryUsage of job (MB)
	19669564  -  ResidentSetSize of job (KB)
...
006 (11917639.000.000) 07/04 16:50:55 Image size of job updated: 19682532
	19222  -  MemoryUsage of job (MB)
	19682532  -  ResidentSetSize of job (KB)
...
006 (11917639.000.000) 07/04 16:55:56 Image size of job updated: 19694784
	19234  -  MemoryUsage of job (MB)
	19694784  -  ResidentSetSize of job (KB)
...
006 (11917639.000.000) 07/04 17:00:56 Image size of job updated: 19707616
	19246  -  MemoryUsage of job (MB)
	19707616  -  ResidentSetSize of job (KB)
...
006 (11917639.000.000) 07/04 17:05:56 Image size of job updated: 19719860
	19258  -  MemoryUsage of job (MB)
	19719860  -  ResidentSetSize of job (KB)
...
006 (11917639.000.000) 07/04 17:10:57 Image size of job updated: 19732440
	19270  -  MemoryUsage of job (MB)
	19732440  -  ResidentSetSize of job (KB)
...
006 (11917639.000.000) 07/04 17:15:57 Image size of job updated: 19745468
	19283  -  MemoryUsage of job (MB)
	19745468  -  ResidentSetSize of job (KB)
...
006 (11917639.000.000) 07/04 17:20:57 Image size of job updated: 19755264
	19293  -  MemoryUsage of job (MB)
	19755264  -  ResidentSetSize of job (KB)
...
006 (11917639.000.000) 07/04 17:25:58 Image size of job updated: 19766852
	19304  -  MemoryUsage of job (MB)
	19766852  -  ResidentSetSize of job (KB)
...
006 (11917639.000.000) 07/04 17:30:58 Image size of job updated: 19778212
	19315  -  MemoryUsage of job (MB)
	19778212  -  ResidentSetSize of job (KB)
...
006 (11917639.000.000) 07/04 17:35:58 Image size of job updated: 19790136
	19327  -  MemoryUsage of job (MB)
	19790136  -  ResidentSetSize of job (KB)
...
006 (11917639.000.000) 07/04 17:40:59 Image size of job updated: 19802036
	19338  -  MemoryUsage of job (MB)
	19802036  -  ResidentSetSize of job (KB)
...
006 (11917639.000.000) 07/04 17:46:00 Image size of job updated: 19813204
	19349  -  MemoryUsage of job (MB)
	19813204  -  ResidentSetSize of job (KB)
...
006 (11917639.000.000) 07/04 17:51:00 Image size of job updated: 19824988
	19361  -  MemoryUsage of job (MB)
	19824988  -  ResidentSetSize of job (KB)
...
006 (11917639.000.000) 07/04 17:56:01 Image size of job updated: 19836812
	19372  -  MemoryUsage of job (MB)
	19836812  -  ResidentSetSize of job (KB)
...
006 (11917639.000.000) 07/04 18:01:02 Image size of job updated: 19849348
	19385  -  MemoryUsage of job (MB)
	19849348  -  ResidentSetSize of job (KB)
...
006 (11917639.000.000) 07/04 18:06:02 Image size of job updated: 19859816
	19395  -  MemoryUsage of job (MB)
	19859816  -  ResidentSetSize of job (KB)
...
006 (11917639.000.000) 07/04 18:11:03 Image size of job updated: 19871392
	19406  -  MemoryUsage of job (MB)
	19871392  -  ResidentSetSize of job (KB)
...
006 (11917639.000.000) 07/04 18:16:04 Image size of job updated: 19883264
	19418  -  MemoryUsage of job (MB)
	19883264  -  ResidentSetSize of job (KB)
...
006 (11917639.000.000) 07/04 18:21:04 Image size of job updated: 19895064
	19429  -  MemoryUsage of job (MB)
	19895064  -  ResidentSetSize of job (KB)
...
006 (11917639.000.000) 07/04 18:26:04 Image size of job updated: 19907636
	19442  -  MemoryUsage of job (MB)
	19907636  -  ResidentSetSize of job (KB)
...
006 (11917639.000.000) 07/04 18:31:05 Image size of job updated: 19920560
	19454  -  MemoryUsage of job (MB)
	19920560  -  ResidentSetSize of job (KB)
...
006 (11917639.000.000) 07/04 18:36:05 Image size of job updated: 19933280
	19467  -  MemoryUsage of job (MB)
	19933280  -  ResidentSetSize of job (KB)
...
006 (11917639.000.000) 07/04 18:41:05 Image size of job updated: 19946296
	19479  -  MemoryUsage of job (MB)
	19946296  -  ResidentSetSize of job (KB)
...
006 (11917639.000.000) 07/04 18:46:06 Image size of job updated: 19959148
	19492  -  MemoryUsage of job (MB)
	19959148  -  ResidentSetSize of job (KB)
...
006 (11917639.000.000) 07/04 18:51:07 Image size of job updated: 19971880
	19504  -  MemoryUsage of job (MB)
	19971880  -  ResidentSetSize of job (KB)
...
006 (11917639.000.000) 07/04 18:56:07 Image size of job updated: 19984124
	19516  -  MemoryUsage of job (MB)
	19984124  -  ResidentSetSize of job (KB)
...
006 (11917639.000.000) 07/04 19:01:08 Image size of job updated: 19996932
	19529  -  MemoryUsage of job (MB)
	19996932  -  ResidentSetSize of job (KB)
...
006 (11917639.000.000) 07/04 19:06:09 Image size of job updated: 20009160
	19541  -  MemoryUsage of job (MB)
	20009160  -  ResidentSetSize of job (KB)
...
006 (11917639.000.000) 07/04 19:11:09 Image size of job updated: 20022096
	19553  -  MemoryUsage of job (MB)
	20022096  -  ResidentSetSize of job (KB)
...
006 (11917639.000.000) 07/04 19:16:10 Image size of job updated: 20034636
	19566  -  MemoryUsage of job (MB)
	20034636  -  ResidentSetSize of job (KB)
...
006 (11917639.000.000) 07/04 19:21:11 Image size of job updated: 20044900
	19576  -  MemoryUsage of job (MB)
	20044900  -  ResidentSetSize of job (KB)
...
006 (11917639.000.000) 07/04 19:26:11 Image size of job updated: 20056480
	19587  -  MemoryUsage of job (MB)
	20056480  -  ResidentSetSize of job (KB)
...
006 (11917639.000.000) 07/04 19:31:11 Image size of job updated: 20068548
	19599  -  MemoryUsage of job (MB)
	20068548  -  ResidentSetSize of job (KB)
...
006 (11917639.000.000) 07/04 19:36:12 Image size of job updated: 20080168
	19610  -  MemoryUsage of job (MB)
	20080168  -  ResidentSetSize of job (KB)
...
006 (11917639.000.000) 07/04 19:41:12 Image size of job updated: 20092136
	19622  -  MemoryUsage of job (MB)
	20092136  -  ResidentSetSize of job (KB)
...
006 (11917639.000.000) 07/04 19:46:12 Image size of job updated: 20104136
	19633  -  MemoryUsage of job (MB)
	20104136  -  ResidentSetSize of job (KB)
...
006 (11917639.000.000) 07/04 19:51:14 Image size of job updated: 20115584
	19645  -  MemoryUsage of job (MB)
	20115584  -  ResidentSetSize of job (KB)
...
006 (11917639.000.000) 07/04 19:56:14 Image size of job updated: 20126968
	19656  -  MemoryUsage of job (MB)
	20126968  -  ResidentSetSize of job (KB)
...
006 (11917639.000.000) 07/04 20:01:14 Image size of job updated: 20139992
	19668  -  MemoryUsage of job (MB)
	20139992  -  ResidentSetSize of job (KB)
...
006 (11917639.000.000) 07/04 20:06:15 Image size of job updated: 20152516
	19681  -  MemoryUsage of job (MB)
	20152516  -  ResidentSetSize of job (KB)
...
006 (11917639.000.000) 07/04 20:11:16 Image size of job updated: 20165444
	19693  -  MemoryUsage of job (MB)
	20165444  -  ResidentSetSize of job (KB)
...
006 (11917639.000.000) 07/04 20:16:16 Image size of job updated: 20178088
	19706  -  MemoryUsage of job (MB)
	20178088  -  ResidentSetSize of job (KB)
...
006 (11917639.000.000) 07/04 20:21:17 Image size of job updated: 20190400
	19718  -  MemoryUsage of job (MB)
	20190400  -  ResidentSetSize of job (KB)
...
006 (11917639.000.000) 07/04 20:26:18 Image size of job updated: 20200552
	19728  -  MemoryUsage of job (MB)
	20200552  -  ResidentSetSize of job (KB)
...
006 (11917639.000.000) 07/04 20:31:18 Image size of job updated: 20212496
	19739  -  MemoryUsage of job (MB)
	20212496  -  ResidentSetSize of job (KB)
...
006 (11917639.000.000) 07/04 20:36:19 Image size of job updated: 20223708
	19750  -  MemoryUsage of job (MB)
	20223708  -  ResidentSetSize of job (KB)
...
006 (11917639.000.000) 07/04 20:41:20 Image size of job updated: 20235248
	19761  -  MemoryUsage of job (MB)
	20235248  -  ResidentSetSize of job (KB)
...
006 (11917639.000.000) 07/04 20:46:20 Image size of job updated: 20247012
	19773  -  MemoryUsage of job (MB)
	20247012  -  ResidentSetSize of job (KB)
...
006 (11917639.000.000) 07/04 20:51:21 Image size of job updated: 20258860
	19785  -  MemoryUsage of job (MB)
	20258860  -  ResidentSetSize of job (KB)
...
006 (11917639.000.000) 07/04 20:56:22 Image size of job updated: 20270480
	19796  -  MemoryUsage of job (MB)
	20270480  -  ResidentSetSize of job (KB)
...
006 (11917639.000.000) 07/04 21:01:22 Image size of job updated: 20283404
	19809  -  MemoryUsage of job (MB)
	20283404  -  ResidentSetSize of job (KB)
...
006 (11917639.000.000) 07/04 21:06:22 Image size of job updated: 20295744
	19821  -  MemoryUsage of job (MB)
	20295744  -  ResidentSetSize of job (KB)
...
006 (11917639.000.000) 07/04 21:11:23 Image size of job updated: 20308512
	19833  -  MemoryUsage of job (MB)
	20308512  -  ResidentSetSize of job (KB)
...
006 (11917639.000.000) 07/04 21:16:23 Image size of job updated: 21995092
	21480  -  MemoryUsage of job (MB)
	21995092  -  ResidentSetSize of job (KB)
...
006 (11917639.000.000) 07/04 21:21:23 Image size of job updated: 22117700
	21599  -  MemoryUsage of job (MB)
	22116688  -  ResidentSetSize of job (KB)
...
006 (11917639.000.000) 07/04 21:26:24 Image size of job updated: 22643324
	21797  -  MemoryUsage of job (MB)
	22319132  -  ResidentSetSize of job (KB)
...
040 (11917639.000.000) 07/04 21:32:05 Started transferring output files
...
040 (11917639.000.000) 07/04 21:32:05 Finished transferring output files
...
005 (11917639.000.000) 07/04 21:32:05 Job terminated.
	(1) Normal termination (return value 0)
		Usr 15 09:43:38, Sys 0 05:23:59  -  Run Remote Usage
		Usr 0 00:00:00, Sys 0 00:00:00  -  Run Local Usage
		Usr 15 09:43:38, Sys 0 05:23:59  -  Total Remote Usage
		Usr 0 00:00:00, Sys 0 00:00:00  -  Total Local Usage
	4255819  -  Run Bytes Sent By Job
	335  -  Run Bytes Received By Job
	4255819  -  Total Bytes Sent By Job
	335  -  Total Bytes Received By Job
	Partitionable Resources :     Usage  Request Allocated Assigned
	   Cpus                 :      0.99       10        10 
	   Disk (KB)            :   4470           1      2049 
	   GPUs                 :                  1         1 "MIG-5496d0dd-abc7-56f1-9151-bf217b25cd57"
	   Memory (MB)          :  21797       30720     30800 
	   TimeExecute (s)      : 113046                       
	   TimeSlotBusy (s)     : 113049                       
...
