000 (11917641.000.000) 07/03 12:48:09 Job submitted from host: <188.185.8.79:9618?addrs=188.185.8.79-9618+[2001-1458-d00-63--100-23a]-9618&alias=bigbird26.cern.ch&noUDP&sock=schedd_5282_9754>
...
040 (11917641.000.000) 07/03 14:14:01 Started transferring input files
	Transferring to host: <188.185.92.184:9618?addrs=188.185.92.184-9618+[2001-1458-d00-6c--100-192]-9618&alias=b9g57n4080.cern.ch&noUDP&sock=slot1_1_8965_6746_15272>
...
040 (11917641.000.000) 07/03 14:14:01 Finished transferring input files
...
001 (11917641.000.000) 07/03 14:14:02 Job executing on host: <188.185.92.184:9618?addrs=188.185.92.184-9618+[2001-1458-d00-6c--100-192]-9618&alias=b9g57n4080.cern.ch&noUDP&sock=startd_8919_4547>
	SlotName: slot1_1@b9g57n4080.cern.ch
	AvailableGPUs = { GPUs_GPU_a841436e }
	CondorScratchDir = "/pool/condor/dir_1787347"
	Cpus = 10
	Disk = 2048
	GPUs = 1
	GPUs_GPU_a841436e = [ Id = "GPU-a841436e"; ClockMhz = 1410.0; Capability = 8.0; CoresPerCU = 64; DeviceName = "NVIDIA A100-PCIE-40GB"; DeviceUuid = "a841436e-1cae-5da0-0a02-7b844fb8ca33"; ECCEnabled = true; ComputeUnits = 108; DriverVersion = 13.0; DevicePciBusId = "0000:06:00.0"; GlobalMemoryMb = 40441; MaxSupportedVersion = 13000 ]
	Memory = 30800
...
006 (11917641.000.000) 07/03 14:14:16 Image size of job updated: 21016
	21  -  MemoryUsage of job (MB)
	21016  -  ResidentSetSize of job (KB)
...
006 (11917641.000.000) 07/03 14:19:17 Image size of job updated: 12839532
	12002  -  MemoryUsage of job (MB)
	12289780  -  ResidentSetSize of job (KB)
...
006 (11917641.000.000) 07/03 14:24:17 Image size of job updated: 12905960
	12182  -  MemoryUsage of job (MB)
	12473868  -  ResidentSetSize of job (KB)
...
006 (11917641.000.000) 07/03 14:29:17 Image size of job updated: 12984312
	12182  -  MemoryUsage of job (MB)
	12473868  -  ResidentSetSize of job (KB)
...
006 (11917641.000.000) 07/03 14:34:18 Image size of job updated: 13164324
	12295  -  MemoryUsage of job (MB)
	12589704  -  ResidentSetSize of job (KB)
...
006 (11917641.000.000) 07/03 14:39:18 Image size of job updated: 13164324
	12471  -  MemoryUsage of job (MB)
	12770132  -  ResidentSetSize of job (KB)
...
006 (11917641.000.000) 07/03 14:54:19 Image size of job updated: 13164324
	12632  -  MemoryUsage of job (MB)
	12934456  -  ResidentSetSize of job (KB)
...
006 (11917641.000.000) 07/03 14:59:19 Image size of job updated: 13164324
	12657  -  MemoryUsage of job (MB)
	12960680  -  ResidentSetSize of job (KB)
...
006 (11917641.000.000) 07/03 15:04:20 Image size of job updated: 13164324
	12675  -  MemoryUsage of job (MB)
	12978240  -  ResidentSetSize of job (KB)
...
006 (11917641.000.000) 07/03 15:09:20 Image size of job updated: 13219300
	12796  -  MemoryUsage of job (MB)
	13102640  -  ResidentSetSize of job (KB)
...
006 (11917641.000.000) 07/03 15:34:23 Image size of job updated: 13268600
	12796  -  MemoryUsage of job (MB)
	13102640  -  ResidentSetSize of job (KB)
...
006 (11917641.000.000) 07/03 15:39:24 Image size of job updated: 13282144
	12803  -  MemoryUsage of job (MB)
	13109800  -  ResidentSetSize of job (KB)
...
006 (11917641.000.000) 07/03 15:44:24 Image size of job updated: 13282144
	12817  -  MemoryUsage of job (MB)
	13124604  -  ResidentSetSize of job (KB)
...
006 (11917641.000.000) 07/03 16:04:27 Image size of job updated: 13297892
	12817  -  MemoryUsage of job (MB)
	13124604  -  ResidentSetSize of job (KB)
...
006 (11917641.000.000) 07/03 16:14:28 Image size of job updated: 13298496
	12817  -  MemoryUsage of job (MB)
	13124604  -  ResidentSetSize of job (KB)
...
006 (11917641.000.000) 07/03 16:39:31 Image size of job updated: 13373676
	12817  -  MemoryUsage of job (MB)
	13124604  -  ResidentSetSize of job (KB)
...
006 (11917641.000.000) 07/03 17:14:34 Image size of job updated: 13375592
	12818  -  MemoryUsage of job (MB)
	13124812  -  ResidentSetSize of job (KB)
...
006 (11917641.000.000) 07/03 17:29:36 Image size of job updated: 13384744
	12818  -  MemoryUsage of job (MB)
	13124812  -  ResidentSetSize of job (KB)
...
006 (11917641.000.000) 07/03 17:34:37 Image size of job updated: 13384744
	12875  -  MemoryUsage of job (MB)
	13184000  -  ResidentSetSize of job (KB)
...
006 (11917641.000.000) 07/03 17:44:38 Image size of job updated: 13389640
	12923  -  MemoryUsage of job (MB)
	13232992  -  ResidentSetSize of job (KB)
...
006 (11917641.000.000) 07/03 17:49:39 Image size of job updated: 13489744
	12924  -  MemoryUsage of job (MB)
	13233924  -  ResidentSetSize of job (KB)
...
006 (11917641.000.000) 07/03 18:14:41 Image size of job updated: 13489744
	12925  -  MemoryUsage of job (MB)
	13234428  -  ResidentSetSize of job (KB)
...
006 (11917641.000.000) 07/03 18:29:42 Image size of job updated: 13500384
	12925  -  MemoryUsage of job (MB)
	13234428  -  ResidentSetSize of job (KB)
...
006 (11917641.000.000) 07/03 18:39:43 Image size of job updated: 13584280
	13173  -  MemoryUsage of job (MB)
	13489124  -  ResidentSetSize of job (KB)
...
006 (11917641.000.000) 07/03 19:09:45 Image size of job updated: 13627280
	13173  -  MemoryUsage of job (MB)
	13489124  -  ResidentSetSize of job (KB)
...
006 (11917641.000.000) 07/03 19:19:46 Image size of job updated: 13641564
	13173  -  MemoryUsage of job (MB)
	13489124  -  ResidentSetSize of job (KB)
...
006 (11917641.000.000) 07/03 19:34:48 Image size of job updated: 13686152
	13173  -  MemoryUsage of job (MB)
	13489124  -  ResidentSetSize of job (KB)
...
006 (11917641.000.000) 07/03 19:49:50 Image size of job updated: 13709804
	13173  -  MemoryUsage of job (MB)
	13489124  -  ResidentSetSize of job (KB)
...
006 (11917641.000.000) 07/03 19:59:52 Image size of job updated: 13755952
	13173  -  MemoryUsage of job (MB)
	13489124  -  ResidentSetSize of job (KB)
...
006 (11917641.000.000) 07/03 20:04:52 Image size of job updated: 13798396
	13173  -  MemoryUsage of job (MB)
	13489124  -  ResidentSetSize of job (KB)
...
006 (11917641.000.000) 07/03 20:09:52 Image size of job updated: 13802448
	13173  -  MemoryUsage of job (MB)
	13489124  -  ResidentSetSize of job (KB)
...
006 (11917641.000.000) 07/03 20:19:53 Image size of job updated: 13853572
	13173  -  MemoryUsage of job (MB)
	13489124  -  ResidentSetSize of job (KB)
...
006 (11917641.000.000) 07/03 20:44:55 Image size of job updated: 13853572
	13262  -  MemoryUsage of job (MB)
	13579668  -  ResidentSetSize of job (KB)
...
006 (11917641.000.000) 07/03 20:49:56 Image size of job updated: 13940512
	13262  -  MemoryUsage of job (MB)
	13579668  -  ResidentSetSize of job (KB)
...
006 (11917641.000.000) 07/03 21:04:58 Image size of job updated: 13940512
	13438  -  MemoryUsage of job (MB)
	13760156  -  ResidentSetSize of job (KB)
...
006 (11917641.000.000) 07/03 21:09:58 Image size of job updated: 13940512
	13449  -  MemoryUsage of job (MB)
	13771348  -  ResidentSetSize of job (KB)
...
006 (11917641.000.000) 07/03 21:14:59 Image size of job updated: 13940512
	13610  -  MemoryUsage of job (MB)
	13935908  -  ResidentSetSize of job (KB)
...
006 (11917641.000.000) 07/03 21:35:01 Image size of job updated: 13973676
	13610  -  MemoryUsage of job (MB)
	13935908  -  ResidentSetSize of job (KB)
...
006 (11917641.000.000) 07/03 21:50:02 Image size of job updated: 14089424
	13610  -  MemoryUsage of job (MB)
	13935908  -  ResidentSetSize of job (KB)
...
006 (11917641.000.000) 07/03 22:35:06 Image size of job updated: 14103776
	13610  -  MemoryUsage of job (MB)
	13935908  -  ResidentSetSize of job (KB)
...
006 (11917641.000.000) 07/03 22:55:07 Image size of job updated: 14193968
	13610  -  MemoryUsage of job (MB)
	13935908  -  ResidentSetSize of job (KB)
...
006 (11917641.000.000) 07/03 23:00:07 Image size of job updated: 14193968
	13674  -  MemoryUsage of job (MB)
	14001544  -  ResidentSetSize of job (KB)
...
006 (11917641.000.000) 07/03 23:05:08 Image size of job updated: 14220796
	13674  -  MemoryUsage of job (MB)
	14001544  -  ResidentSetSize of job (KB)
...
006 (11917641.000.000) 07/03 23:30:09 Image size of job updated: 14224408
	13674  -  MemoryUsage of job (MB)
	14001544  -  ResidentSetSize of job (KB)
...
006 (11917641.000.000) 07/03 23:35:10 Image size of job updated: 14224408
	13833  -  MemoryUsage of job (MB)
	14164308  -  ResidentSetSize of job (KB)
...
006 (11917641.000.000) 07/03 23:40:11 Image size of job updated: 14296236
	13833  -  MemoryUsage of job (MB)
	14164412  -  ResidentSetSize of job (KB)
...
006 (11917641.000.000) 07/03 23:50:12 Image size of job updated: 14302784
	13889  -  MemoryUsage of job (MB)
	14221848  -  ResidentSetSize of job (KB)
...
006 (11917641.000.000) 07/03 23:55:13 Image size of job updated: 14302784
	13909  -  MemoryUsage of job (MB)
	14241936  -  ResidentSetSize of job (KB)
...
006 (11917641.000.000) 07/04 00:10:15 Image size of job updated: 14391416
	13909  -  MemoryUsage of job (MB)
	14241936  -  ResidentSetSize of job (KB)
...
006 (11917641.000.000) 07/04 00:40:18 Image size of job updated: 14443944
	13927  -  MemoryUsage of job (MB)
	14261232  -  ResidentSetSize of job (KB)
...
006 (11917641.000.000) 07/04 00:45:18 Image size of job updated: 14487432
	13927  -  MemoryUsage of job (MB)
	14261232  -  ResidentSetSize of job (KB)
...
006 (11917641.000.000) 07/04 00:50:18 Image size of job updated: 14497380
	13957  -  MemoryUsage of job (MB)
	14291168  -  ResidentSetSize of job (KB)
...
006 (11917641.000.000) 07/04 01:00:19 Image size of job updated: 14586752
	13957  -  MemoryUsage of job (MB)
	14291168  -  ResidentSetSize of job (KB)
...
006 (11917641.000.000) 07/04 01:10:20 Image size of job updated: 14647964
	14028  -  MemoryUsage of job (MB)
	14363852  -  ResidentSetSize of job (KB)
...
006 (11917641.000.000) 07/04 01:15:21 Image size of job updated: 14647964
	14034  -  MemoryUsage of job (MB)
	14370796  -  ResidentSetSize of job (KB)
...
006 (11917641.000.000) 07/04 01:20:21 Image size of job updated: 14647964
	14087  -  MemoryUsage of job (MB)
	14424388  -  ResidentSetSize of job (KB)
...
006 (11917641.000.000) 07/04 01:25:22 Image size of job updated: 14737436
	14087  -  MemoryUsage of job (MB)
	14424388  -  ResidentSetSize of job (KB)
...
006 (11917641.000.000) 07/04 01:40:24 Image size of job updated: 14737436
	14162  -  MemoryUsage of job (MB)
	14501528  -  ResidentSetSize of job (KB)
...
006 (11917641.000.000) 07/04 02:10:27 Image size of job updated: 14754244
	14162  -  MemoryUsage of job (MB)
	14501528  -  ResidentSetSize of job (KB)
...
006 (11917641.000.000) 07/04 02:15:28 Image size of job updated: 14824648
	14162  -  MemoryUsage of job (MB)
	14501528  -  ResidentSetSize of job (KB)
...
006 (11917641.000.000) 07/04 02:20:28 Image size of job updated: 14824648
	14362  -  MemoryUsage of job (MB)
	14706204  -  ResidentSetSize of job (KB)
...
006 (11917641.000.000) 07/04 02:25:28 Image size of job updated: 14824648
	14386  -  MemoryUsage of job (MB)
	14730780  -  ResidentSetSize of job (KB)
...
006 (11917641.000.000) 07/04 02:30:29 Image size of job updated: 14870412
	14386  -  MemoryUsage of job (MB)
	14730780  -  ResidentSetSize of job (KB)
...
006 (11917641.000.000) 07/04 02:50:31 Image size of job updated: 14884412
	14386  -  MemoryUsage of job (MB)
	14730780  -  ResidentSetSize of job (KB)
...
006 (11917641.000.000) 07/04 03:05:33 Image size of job updated: 14892252
	14407  -  MemoryUsage of job (MB)
	14752100  -  ResidentSetSize of job (KB)
...
006 (11917641.000.000) 07/04 03:20:35 Image size of job updated: 14910536
	14407  -  MemoryUsage of job (MB)
	14752100  -  ResidentSetSize of job (KB)
...
006 (11917641.000.000) 07/04 03:50:38 Image size of job updated: 15007720
	14407  -  MemoryUsage of job (MB)
	14752100  -  ResidentSetSize of job (KB)
...
006 (11917641.000.000) 07/04 04:10:39 Image size of job updated: 15007720
	14452  -  MemoryUsage of job (MB)
	14798176  -  ResidentSetSize of job (KB)
...
006 (11917641.000.000) 07/04 04:15:39 Image size of job updated: 15007752
	14471  -  MemoryUsage of job (MB)
	14818036  -  ResidentSetSize of job (KB)
...
006 (11917641.000.000) 07/04 04:30:40 Image size of job updated: 15025740
	14471  -  MemoryUsage of job (MB)
	14818036  -  ResidentSetSize of job (KB)
...
006 (11917641.000.000) 07/04 04:35:42 Image size of job updated: 15027272
	14471  -  MemoryUsage of job (MB)
	14818036  -  ResidentSetSize of job (KB)
...
006 (11917641.000.000) 07/04 04:40:42 Image size of job updated: 15108640
	14471  -  MemoryUsage of job (MB)
	14818036  -  ResidentSetSize of job (KB)
...
006 (11917641.000.000) 07/04 04:45:42 Image size of job updated: 15108640
	14492  -  MemoryUsage of job (MB)
	14839396  -  ResidentSetSize of job (KB)
...
006 (11917641.000.000) 07/04 04:50:43 Image size of job updated: 15108640
	14507  -  MemoryUsage of job (MB)
	14854584  -  ResidentSetSize of job (KB)
...
006 (11917641.000.000) 07/04 04:55:44 Image size of job updated: 15141612
	14545  -  MemoryUsage of job (MB)
	14893888  -  ResidentSetSize of job (KB)
...
006 (11917641.000.000) 07/04 05:00:44 Image size of job updated: 15186620
	14568  -  MemoryUsage of job (MB)
	14917272  -  ResidentSetSize of job (KB)
...
006 (11917641.000.000) 07/04 05:05:45 Image size of job updated: 15186620
	14693  -  MemoryUsage of job (MB)
	15045068  -  ResidentSetSize of job (KB)
...
006 (11917641.000.000) 07/04 05:10:46 Image size of job updated: 15197172
	14693  -  MemoryUsage of job (MB)
	15045068  -  ResidentSetSize of job (KB)
...
006 (11917641.000.000) 07/04 05:30:48 Image size of job updated: 15215308
	14693  -  MemoryUsage of job (MB)
	15045068  -  ResidentSetSize of job (KB)
...
006 (11917641.000.000) 07/04 05:35:49 Image size of job updated: 15223580
	14693  -  MemoryUsage of job (MB)
	15045068  -  ResidentSetSize of job (KB)
...
006 (11917641.000.000) 07/04 05:45:50 Image size of job updated: 15223580
	14823  -  MemoryUsage of job (MB)
	15178136  -  ResidentSetSize of job (KB)
...
006 (11917641.000.000) 07/04 05:50:50 Image size of job updated: 15230248
	14823  -  MemoryUsage of job (MB)
	15178136  -  ResidentSetSize of job (KB)
...
006 (11917641.000.000) 07/04 05:55:51 Image size of job updated: 15320352
	14823  -  MemoryUsage of job (MB)
	15178136  -  ResidentSetSize of job (KB)
...
006 (11917641.000.000) 07/04 06:05:52 Image size of job updated: 15320352
	14829  -  MemoryUsage of job (MB)
	15184688  -  ResidentSetSize of job (KB)
...
006 (11917641.000.000) 07/04 06:10:53 Image size of job updated: 15346628
	14844  -  MemoryUsage of job (MB)
	15200256  -  ResidentSetSize of job (KB)
...
006 (11917641.000.000) 07/04 06:15:53 Image size of job updated: 15346628
	14861  -  MemoryUsage of job (MB)
	15217212  -  ResidentSetSize of job (KB)
...
006 (11917641.000.000) 07/04 06:20:53 Image size of job updated: 15370016
	14861  -  MemoryUsage of job (MB)
	15217212  -  ResidentSetSize of job (KB)
...
006 (11917641.000.000) 07/04 06:30:54 Image size of job updated: 15370016
	14895  -  MemoryUsage of job (MB)
	15251536  -  ResidentSetSize of job (KB)
...
006 (11917641.000.000) 07/04 06:35:55 Image size of job updated: 15410596
	14895  -  MemoryUsage of job (MB)
	15251536  -  ResidentSetSize of job (KB)
...
006 (11917641.000.000) 07/04 06:45:56 Image size of job updated: 15424444
	14895  -  MemoryUsage of job (MB)
	15251536  -  ResidentSetSize of job (KB)
...
006 (11917641.000.000) 07/04 06:50:56 Image size of job updated: 15433660
	14895  -  MemoryUsage of job (MB)
	15251536  -  ResidentSetSize of job (KB)
...
006 (11917641.000.000) 07/04 07:00:57 Image size of job updated: 15500532
	14895  -  MemoryUsage of job (MB)
	15251536  -  ResidentSetSize of job (KB)
...
006 (11917641.000.000) 07/04 07:10:58 Image size of job updated: 15500532
	15004  -  MemoryUsage of job (MB)
	15363092  -  ResidentSetSize of job (KB)
...
006 (11917641.000.000) 07/04 07:25:59 Image size of job updated: 15551520
	15004  -  MemoryUsage of job (MB)
	15363092  -  ResidentSetSize of job (KB)
...
006 (11917641.000.000) 07/04 07:30:59 Image size of job updated: 15551520
	15106  -  MemoryUsage of job (MB)
	15468100  -  ResidentSetSize of job (KB)
...
006 (11917641.000.000) 07/04 07:35:59 Image size of job updated: 15551520
	15108  -  MemoryUsage of job (MB)
	15470152  -  ResidentSetSize of job (KB)
...
006 (11917641.000.000) 07/04 07:56:01 Image size of job updated: 15551520
	15152  -  MemoryUsage of job (MB)
	15514840  -  ResidentSetSize of job (KB)
...
006 (11917641.000.000) 07/04 08:01:02 Image size of job updated: 15572044
	15168  -  MemoryUsage of job (MB)
	15531452  -  ResidentSetSize of job (KB)
...
006 (11917641.000.000) 07/04 08:11:03 Image size of job updated: 15624564
	15168  -  MemoryUsage of job (MB)
	15531452  -  ResidentSetSize of job (KB)
...
006 (11917641.000.000) 07/04 08:26:05 Image size of job updated: 15627584
	15168  -  MemoryUsage of job (MB)
	15531452  -  ResidentSetSize of job (KB)
...
006 (11917641.000.000) 07/04 08:36:06 Image size of job updated: 15743448
	15168  -  MemoryUsage of job (MB)
	15531452  -  ResidentSetSize of job (KB)
...
006 (11917641.000.000) 07/04 08:41:07 Image size of job updated: 15743448
	15251  -  MemoryUsage of job (MB)
	15616064  -  ResidentSetSize of job (KB)
...
006 (11917641.000.000) 07/04 08:46:08 Image size of job updated: 15764872
	15251  -  MemoryUsage of job (MB)
	15616412  -  ResidentSetSize of job (KB)
...
006 (11917641.000.000) 07/04 09:11:10 Image size of job updated: 15773980
	15251  -  MemoryUsage of job (MB)
	15616412  -  ResidentSetSize of job (KB)
...
006 (11917641.000.000) 07/04 09:16:11 Image size of job updated: 15773980
	15266  -  MemoryUsage of job (MB)
	15632076  -  ResidentSetSize of job (KB)
...
006 (11917641.000.000) 07/04 09:26:11 Image size of job updated: 15787160
	15364  -  MemoryUsage of job (MB)
	15732312  -  ResidentSetSize of job (KB)
...
006 (11917641.000.000) 07/04 09:46:13 Image size of job updated: 15796224
	15364  -  MemoryUsage of job (MB)
	15732312  -  ResidentSetSize of job (KB)
...
006 (11917641.000.000) 07/04 09:51:14 Image size of job updated: 15806636
	15364  -  MemoryUsage of job (MB)
	15732312  -  ResidentSetSize of job (KB)
...
006 (11917641.000.000) 07/04 10:01:15 Image size of job updated: 15913944
	15364  -  MemoryUsage of job (MB)
	15732312  -  ResidentSetSize of job (KB)
...
006 (11917641.000.000) 07/04 10:21:18 Image size of job updated: 15978640
	15364  -  MemoryUsage of job (MB)
	15732312  -  ResidentSetSize of job (KB)
...
006 (11917641.000.000) 07/04 10:26:18 Image size of job updated: 15978640
	15369  -  MemoryUsage of job (MB)
	15737060  -  ResidentSetSize of job (KB)
...
006 (11917641.000.000) 07/04 10:46:20 Image size of job updated: 16013460
	15369  -  MemoryUsage of job (MB)
	15737060  -  ResidentSetSize of job (KB)
...
006 (11917641.000.000) 07/04 10:51:21 Image size of job updated: 16326748
	15766  -  MemoryUsage of job (MB)
	16144044  -  ResidentSetSize of job (KB)
...
006 (11917641.000.000) 07/04 10:56:21 Image size of job updated: 16371912
	15815  -  MemoryUsage of job (MB)
	16193736  -  ResidentSetSize of job (KB)
...
006 (11917641.000.000) 07/04 11:01:21 Image size of job updated: 16374012
	15868  -  MemoryUsage of job (MB)
	16248548  -  ResidentSetSize of job (KB)
...
006 (11917641.000.000) 07/04 11:06:22 Image size of job updated: 16374012
	15939  -  MemoryUsage of job (MB)
	16321096  -  ResidentSetSize of job (KB)
...
006 (11917641.000.000) 07/04 11:11:22 Image size of job updated: 16424852
	15941  -  MemoryUsage of job (MB)
	16322700  -  ResidentSetSize of job (KB)
...
006 (11917641.000.000) 07/04 11:21:23 Image size of job updated: 16432632
	15953  -  MemoryUsage of job (MB)
	16335128  -  ResidentSetSize of job (KB)
...
006 (11917641.000.000) 07/04 11:36:24 Image size of job updated: 16468604
	15953  -  MemoryUsage of job (MB)
	16335128  -  ResidentSetSize of job (KB)
...
006 (11917641.000.000) 07/04 13:06:33 Image size of job updated: 16472092
	15953  -  MemoryUsage of job (MB)
	16335128  -  ResidentSetSize of job (KB)
...
006 (11917641.000.000) 07/04 13:11:34 Image size of job updated: 16520848
	15953  -  MemoryUsage of job (MB)
	16335128  -  ResidentSetSize of job (KB)
...
006 (11917641.000.000) 07/04 13:21:34 Image size of job updated: 16527504
	15953  -  MemoryUsage of job (MB)
	16335128  -  ResidentSetSize of job (KB)
...
006 (11917641.000.000) 07/04 13:31:35 Image size of job updated: 16558968
	15953  -  MemoryUsage of job (MB)
	16335128  -  ResidentSetSize of job (KB)
...
006 (11917641.000.000) 07/04 13:51:36 Image size of job updated: 16558968
	16163  -  MemoryUsage of job (MB)
	16550180  -  ResidentSetSize of job (KB)
...
006 (11917641.000.000) 07/04 13:56:37 Image size of job updated: 16580460
	16163  -  MemoryUsage of job (MB)
	16550180  -  ResidentSetSize of job (KB)
...
006 (11917641.000.000) 07/04 14:01:37 Image size of job updated: 16636104
	16163  -  MemoryUsage of job (MB)
	16550180  -  ResidentSetSize of job (KB)
...
006 (11917641.000.000) 07/04 14:31:39 Image size of job updated: 16652792
	16163  -  MemoryUsage of job (MB)
	16550180  -  ResidentSetSize of job (KB)
...
006 (11917641.000.000) 07/04 14:41:41 Image size of job updated: 16652792
	16223  -  MemoryUsage of job (MB)
	16612276  -  ResidentSetSize of job (KB)
...
006 (11917641.000.000) 07/04 14:46:41 Image size of job updated: 16673888
	16223  -  MemoryUsage of job (MB)
	16612276  -  ResidentSetSize of job (KB)
...
006 (11917641.000.000) 07/04 14:51:42 Image size of job updated: 16708216
	16223  -  MemoryUsage of job (MB)
	16612276  -  ResidentSetSize of job (KB)
...
006 (11917641.000.000) 07/04 15:01:43 Image size of job updated: 16720832
	16329  -  MemoryUsage of job (MB)
	16720832  -  ResidentSetSize of job (KB)
...
006 (11917641.000.000) 07/04 15:06:44 Image size of job updated: 16727668
	16336  -  MemoryUsage of job (MB)
	16727668  -  ResidentSetSize of job (KB)
...
006 (11917641.000.000) 07/04 15:11:45 Image size of job updated: 16747240
	16336  -  MemoryUsage of job (MB)
	16727668  -  ResidentSetSize of job (KB)
...
006 (11917641.000.000) 07/04 15:16:45 Image size of job updated: 16779696
	16336  -  MemoryUsage of job (MB)
	16727668  -  ResidentSetSize of job (KB)
...
006 (11917641.000.000) 07/04 15:21:45 Image size of job updated: 16823688
	16336  -  MemoryUsage of job (MB)
	16727668  -  ResidentSetSize of job (KB)
...
006 (11917641.000.000) 07/04 15:26:46 Image size of job updated: 16891424
	16336  -  MemoryUsage of job (MB)
	16727668  -  ResidentSetSize of job (KB)
...
006 (11917641.000.000) 07/04 15:36:46 Image size of job updated: 16899072
	16408  -  MemoryUsage of job (MB)
	16801056  -  ResidentSetSize of job (KB)
...
006 (11917641.000.000) 07/04 15:41:47 Image size of job updated: 16899072
	16420  -  MemoryUsage of job (MB)
	16814072  -  ResidentSetSize of job (KB)
...
006 (11917641.000.000) 07/04 15:46:47 Image size of job updated: 16907144
	16420  -  MemoryUsage of job (MB)
	16814072  -  ResidentSetSize of job (KB)
...
006 (11917641.000.000) 07/04 15:51:47 Image size of job updated: 16907296
	16420  -  MemoryUsage of job (MB)
	16814072  -  ResidentSetSize of job (KB)
...
006 (11917641.000.000) 07/04 16:06:48 Image size of job updated: 16931776
	16484  -  MemoryUsage of job (MB)
	16878932  -  ResidentSetSize of job (KB)
...
006 (11917641.000.000) 07/04 16:11:49 Image size of job updated: 16936004
	16496  -  MemoryUsage of job (MB)
	16891772  -  ResidentSetSize of job (KB)
...
006 (11917641.000.000) 07/04 16:16:49 Image size of job updated: 16992460
	16496  -  MemoryUsage of job (MB)
	16891772  -  ResidentSetSize of job (KB)
...
006 (11917641.000.000) 07/04 16:21:49 Image size of job updated: 16992460
	16506  -  MemoryUsage of job (MB)
	16901752  -  ResidentSetSize of job (KB)
...
006 (11917641.000.000) 07/04 16:36:50 Image size of job updated: 17049876
	16506  -  MemoryUsage of job (MB)
	16901752  -  ResidentSetSize of job (KB)
...
006 (11917641.000.000) 07/04 16:56:53 Image size of job updated: 17062328
	16516  -  MemoryUsage of job (MB)
	16911712  -  ResidentSetSize of job (KB)
...
006 (11917641.000.000) 07/04 17:01:54 Image size of job updated: 17077804
	16554  -  MemoryUsage of job (MB)
	16950920  -  ResidentSetSize of job (KB)
...
006 (11917641.000.000) 07/04 17:11:55 Image size of job updated: 17098152
	16554  -  MemoryUsage of job (MB)
	16950920  -  ResidentSetSize of job (KB)
...
006 (11917641.000.000) 07/04 17:26:56 Image size of job updated: 17141204
	16568  -  MemoryUsage of job (MB)
	16965100  -  ResidentSetSize of job (KB)
...
006 (11917641.000.000) 07/04 17:31:57 Image size of job updated: 17153044
	16568  -  MemoryUsage of job (MB)
	16965100  -  ResidentSetSize of job (KB)
...
006 (11917641.000.000) 07/04 17:36:57 Image size of job updated: 17220024
	16722  -  MemoryUsage of job (MB)
	17122312  -  ResidentSetSize of job (KB)
...
006 (11917641.000.000) 07/04 17:41:58 Image size of job updated: 17220024
	16744  -  MemoryUsage of job (MB)
	17145076  -  ResidentSetSize of job (KB)
...
006 (11917641.000.000) 07/04 18:02:01 Image size of job updated: 17251656
	16744  -  MemoryUsage of job (MB)
	17145076  -  ResidentSetSize of job (KB)
...
006 (11917641.000.000) 07/04 18:07:01 Image size of job updated: 17255704
	16748  -  MemoryUsage of job (MB)
	17149508  -  ResidentSetSize of job (KB)
...
006 (11917641.000.000) 07/04 18:12:02 Image size of job updated: 17255836
	16751  -  MemoryUsage of job (MB)
	17152108  -  ResidentSetSize of job (KB)
...
006 (11917641.000.000) 07/04 18:22:03 Image size of job updated: 17282480
	16751  -  MemoryUsage of job (MB)
	17152108  -  ResidentSetSize of job (KB)
...
006 (11917641.000.000) 07/04 18:27:04 Image size of job updated: 17384012
	16751  -  MemoryUsage of job (MB)
	17152108  -  ResidentSetSize of job (KB)
...
006 (11917641.000.000) 07/04 18:32:05 Image size of job updated: 17384012
	16818  -  MemoryUsage of job (MB)
	17220716  -  ResidentSetSize of job (KB)
...
006 (11917641.000.000) 07/04 18:37:05 Image size of job updated: 17384012
	16826  -  MemoryUsage of job (MB)
	17228908  -  ResidentSetSize of job (KB)
...
006 (11917641.000.000) 07/04 18:42:05 Image size of job updated: 17384012
	16831  -  MemoryUsage of job (MB)
	17234684  -  ResidentSetSize of job (KB)
...
006 (11917641.000.000) 07/04 18:47:06 Image size of job updated: 17466804
	16831  -  MemoryUsage of job (MB)
	17234684  -  ResidentSetSize of job (KB)
...
006 (11917641.000.000) 07/04 18:57:06 Image size of job updated: 18109188
	17666  -  MemoryUsage of job (MB)
	18089096  -  ResidentSetSize of job (KB)
...
006 (11917641.000.000) 07/04 19:02:07 Image size of job updated: 20731436
	19741  -  MemoryUsage of job (MB)
	20214540  -  ResidentSetSize of job (KB)
...
006 (11917641.000.000) 07/04 19:12:07 Image size of job updated: 20731436
	19829  -  MemoryUsage of job (MB)
	20304008  -  ResidentSetSize of job (KB)
...
040 (11917641.000.000) 07/04 19:23:14 Started transferring output files
...
040 (11917641.000.000) 07/04 19:23:14 Finished transferring output files
...
005 (11917641.000.000) 07/04 19:23:14 Job terminated.
	(1) Normal termination (return value 0)
		Usr 10 23:27:23, Sys 1 09:23:15  -  Run Remote Usage
		Usr 0 00:00:00, Sys 0 00:00:00  -  Run Local Usage
		Usr 10 23:27:23, Sys 1 09:23:15  -  Total Remote Usage
		Usr 0 00:00:00, Sys 0 00:00:00  -  Total Local Usage
	4156023  -  Run Bytes Sent By Job
	340  -  Run Bytes Received By Job
	4156023  -  Total Bytes Sent By Job
	340  -  Total Bytes Received By Job
	Partitionable Resources :     Usage  Request Allocated Assigned
	   Cpus                 :      1.90       10        10 
	   Disk (KB)            :   4373           1      2048 
	   GPUs                 :      0           1         1 "GPU-a841436e"
	   GpusMemory (MB)      :    522                       
	   Memory (MB)          :  19829       30720     30800 
	   TimeExecute (s)      : 104952                       
	   TimeSlotBusy (s)     : 104954                       
...
