000 (11917637.000.000) 07/03 12:48:07 Job submitted from host: <188.185.8.79:9618?addrs=188.185.8.79-9618+[2001-1458-d00-63--100-23a]-9618&alias=bigbird26.cern.ch&noUDP&sock=schedd_5282_9754>
...
040 (11917637.000.000) 07/03 12:54:36 Started transferring input files
	Transferring to host: <188.185.190.109:9618?addrs=188.185.190.109-9618+[2001-1458-d03-b--100-300]-9618&alias=b9pgpun014.cern.ch&noUDP&sock=slot1_4_10260_d91a_90885>
...
040 (11917637.000.000) 07/03 12:54:36 Finished transferring input files
...
001 (11917637.000.000) 07/03 12:54:37 Job executing on host: <188.185.190.109:9618?addrs=188.185.190.109-9618+[2001-1458-d03-b--100-300]-9618&alias=b9pgpun014.cern.ch&noUDP&sock=startd_9152_16d8>
	SlotName: slot1_4@b9pgpun014.cern.ch
	AvailableGPUs = { GPUs_GPU_5b10c343 }
	CondorScratchDir = "/pool/condor/dir_1642449"
	Cpus = 10
	Disk = 6993
	GPUs = 1
	GPUs_GPU_5b10c343 = [ Id = "GPU-5b10c343"; ClockMhz = 1785.0; Capability = 9.0; CoresPerCU = 128; DeviceName = "NVIDIA H100 NVL"; DeviceUuid = "5b10c343-d8c6-ecec-0fd5-9cb86aac472a"; ECCEnabled = true; ComputeUnits = 132; DriverVersion = 13.0; DevicePciBusId = "0000:AE:00.0"; GlobalMemoryMb = 95320; MaxSupportedVersion = 13000 ]
	Memory = 30800
...
006 (11917637.000.000) 07/03 12:54:50 Image size of job updated: 332124
	325  -  MemoryUsage of job (MB)
	332124  -  ResidentSetSize of job (KB)
...
006 (11917637.000.000) 07/03 12:59:50 Image size of job updated: 16082096
	15706  -  MemoryUsage of job (MB)
	16082096  -  ResidentSetSize of job (KB)
...
006 (11917637.000.000) 07/03 13:04:51 Image size of job updated: 16121816
	15744  -  MemoryUsage of job (MB)
	16121816  -  ResidentSetSize of job (KB)
...
006 (11917637.000.000) 07/03 13:09:51 Image size of job updated: 16150112
	15772  -  MemoryUsage of job (MB)
	16150112  -  ResidentSetSize of job (KB)
...
006 (11917637.000.000) 07/03 13:14:52 Image size of job updated: 16184700
	15806  -  MemoryUsage of job (MB)
	16184700  -  ResidentSetSize of job (KB)
...
006 (11917637.000.000) 07/03 13:19:52 Image size of job updated: 16209872
	15830  -  MemoryUsage of job (MB)
	16209872  -  ResidentSetSize of job (KB)
...
006 (11917637.000.000) 07/03 13:24:53 Image size of job updated: 16235468
	15855  -  MemoryUsage of job (MB)
	16235468  -  ResidentSetSize of job (KB)
...
006 (11917637.000.000) 07/03 13:29:53 Image size of job updated: 16276752
	15896  -  MemoryUsage of job (MB)
	16276752  -  ResidentSetSize of job (KB)
...
006 (11917637.000.000) 07/03 13:34:54 Image size of job updated: 16309944
	15928  -  MemoryUsage of job (MB)
	16309944  -  ResidentSetSize of job (KB)
...
006 (11917637.000.000) 07/03 13:39:54 Image size of job updated: 16335820
	15953  -  MemoryUsage of job (MB)
	16335820  -  ResidentSetSize of job (KB)
...
006 (11917637.000.000) 07/03 13:44:54 Image size of job updated: 16361728
	15979  -  MemoryUsage of job (MB)
	16361728  -  ResidentSetSize of job (KB)
...
006 (11917637.000.000) 07/03 13:49:55 Image size of job updated: 16387932
	16004  -  MemoryUsage of job (MB)
	16387932  -  ResidentSetSize of job (KB)
...
006 (11917637.000.000) 07/03 13:54:55 Image size of job updated: 16415720
	16031  -  MemoryUsage of job (MB)
	16415720  -  ResidentSetSize of job (KB)
...
006 (11917637.000.000) 07/03 13:59:56 Image size of job updated: 16443980
	16059  -  MemoryUsage of job (MB)
	16443980  -  ResidentSetSize of job (KB)
...
006 (11917637.000.000) 07/03 14:04:56 Image size of job updated: 16498888
	16113  -  MemoryUsage of job (MB)
	16498888  -  ResidentSetSize of job (KB)
...
006 (11917637.000.000) 07/03 14:09:57 Image size of job updated: 16525580
	16139  -  MemoryUsage of job (MB)
	16525580  -  ResidentSetSize of job (KB)
...
006 (11917637.000.000) 07/03 14:14:57 Image size of job updated: 16553656
	16166  -  MemoryUsage of job (MB)
	16553656  -  ResidentSetSize of job (KB)
...
006 (11917637.000.000) 07/03 14:19:58 Image size of job updated: 16583912
	16196  -  MemoryUsage of job (MB)
	16583912  -  ResidentSetSize of job (KB)
...
006 (11917637.000.000) 07/03 14:24:59 Image size of job updated: 16609496
	16221  -  MemoryUsage of job (MB)
	16609496  -  ResidentSetSize of job (KB)
...
006 (11917637.000.000) 07/03 14:29:59 Image size of job updated: 16635872
	16246  -  MemoryUsage of job (MB)
	16635872  -  ResidentSetSize of job (KB)
...
006 (11917637.000.000) 07/03 14:35:00 Image size of job updated: 16660772
	16271  -  MemoryUsage of job (MB)
	16660772  -  ResidentSetSize of job (KB)
...
006 (11917637.000.000) 07/03 14:40:00 Image size of job updated: 16686604
	16296  -  MemoryUsage of job (MB)
	16686604  -  ResidentSetSize of job (KB)
...
006 (11917637.000.000) 07/03 14:45:01 Image size of job updated: 16712856
	16322  -  MemoryUsage of job (MB)
	16712856  -  ResidentSetSize of job (KB)
...
006 (11917637.000.000) 07/03 14:50:01 Image size of job updated: 16738964
	16347  -  MemoryUsage of job (MB)
	16738964  -  ResidentSetSize of job (KB)
...
006 (11917637.000.000) 07/03 14:55:01 Image size of job updated: 16764696
	16372  -  MemoryUsage of job (MB)
	16764696  -  ResidentSetSize of job (KB)
...
006 (11917637.000.000) 07/03 15:00:02 Image size of job updated: 16792368
	16399  -  MemoryUsage of job (MB)
	16792368  -  ResidentSetSize of job (KB)
...
006 (11917637.000.000) 07/03 15:05:02 Image size of job updated: 16868596
	16474  -  MemoryUsage of job (MB)
	16868596  -  ResidentSetSize of job (KB)
...
006 (11917637.000.000) 07/03 15:10:03 Image size of job updated: 16894748
	16499  -  MemoryUsage of job (MB)
	16894748  -  ResidentSetSize of job (KB)
...
006 (11917637.000.000) 07/03 15:15:03 Image size of job updated: 16922876
	16527  -  MemoryUsage of job (MB)
	16922876  -  ResidentSetSize of job (KB)
...
006 (11917637.000.000) 07/03 15:20:04 Image size of job updated: 16951456
	16555  -  MemoryUsage of job (MB)
	16951456  -  ResidentSetSize of job (KB)
...
006 (11917637.000.000) 07/03 15:25:04 Image size of job updated: 16979204
	16582  -  MemoryUsage of job (MB)
	16979204  -  ResidentSetSize of job (KB)
...
006 (11917637.000.000) 07/03 15:30:05 Image size of job updated: 17004156
	16606  -  MemoryUsage of job (MB)
	17004156  -  ResidentSetSize of job (KB)
...
006 (11917637.000.000) 07/03 15:35:05 Image size of job updated: 17029936
	16631  -  MemoryUsage of job (MB)
	17029936  -  ResidentSetSize of job (KB)
...
006 (11917637.000.000) 07/03 15:40:06 Image size of job updated: 17056052
	16657  -  MemoryUsage of job (MB)
	17056052  -  ResidentSetSize of job (KB)
...
006 (11917637.000.000) 07/03 15:45:06 Image size of job updated: 17084456
	16685  -  MemoryUsage of job (MB)
	17084456  -  ResidentSetSize of job (KB)
...
006 (11917637.000.000) 07/03 15:50:07 Image size of job updated: 17110208
	16710  -  MemoryUsage of job (MB)
	17110208  -  ResidentSetSize of job (KB)
...
006 (11917637.000.000) 07/03 15:55:07 Image size of job updated: 17135932
	16735  -  MemoryUsage of job (MB)
	17135932  -  ResidentSetSize of job (KB)
...
006 (11917637.000.000) 07/03 16:00:07 Image size of job updated: 17162384
	16761  -  MemoryUsage of job (MB)
	17162384  -  ResidentSetSize of job (KB)
...
006 (11917637.000.000) 07/03 16:05:08 Image size of job updated: 17190552
	16788  -  MemoryUsage of job (MB)
	17190552  -  ResidentSetSize of job (KB)
...
006 (11917637.000.000) 07/03 16:10:08 Image size of job updated: 17217216
	16814  -  MemoryUsage of job (MB)
	17217216  -  ResidentSetSize of job (KB)
...
006 (11917637.000.000) 07/03 16:15:09 Image size of job updated: 17242780
	16839  -  MemoryUsage of job (MB)
	17242780  -  ResidentSetSize of job (KB)
...
006 (11917637.000.000) 07/03 16:20:09 Image size of job updated: 17268608
	16864  -  MemoryUsage of job (MB)
	17268608  -  ResidentSetSize of job (KB)
...
006 (11917637.000.000) 07/03 16:25:10 Image size of job updated: 17296712
	16892  -  MemoryUsage of job (MB)
	17296712  -  ResidentSetSize of job (KB)
...
006 (11917637.000.000) 07/03 16:30:10 Image size of job updated: 17324940
	16919  -  MemoryUsage of job (MB)
	17324940  -  ResidentSetSize of job (KB)
...
006 (11917637.000.000) 07/03 16:35:11 Image size of job updated: 17350244
	16944  -  MemoryUsage of job (MB)
	17350244  -  ResidentSetSize of job (KB)
...
006 (11917637.000.000) 07/03 16:40:11 Image size of job updated: 17376908
	16970  -  MemoryUsage of job (MB)
	17376908  -  ResidentSetSize of job (KB)
...
006 (11917637.000.000) 07/03 16:45:12 Image size of job updated: 17405916
	16998  -  MemoryUsage of job (MB)
	17405916  -  ResidentSetSize of job (KB)
...
006 (11917637.000.000) 07/03 16:50:13 Image size of job updated: 17434700
	17027  -  MemoryUsage of job (MB)
	17434700  -  ResidentSetSize of job (KB)
...
006 (11917637.000.000) 07/03 16:55:13 Image size of job updated: 17463904
	17055  -  MemoryUsage of job (MB)
	17463904  -  ResidentSetSize of job (KB)
...
006 (11917637.000.000) 07/03 17:00:14 Image size of job updated: 17490276
	17081  -  MemoryUsage of job (MB)
	17490276  -  ResidentSetSize of job (KB)
...
006 (11917637.000.000) 07/03 17:05:14 Image size of job updated: 17517060
	17107  -  MemoryUsage of job (MB)
	17517060  -  ResidentSetSize of job (KB)
...
006 (11917637.000.000) 07/03 17:10:14 Image size of job updated: 17543648
	17133  -  MemoryUsage of job (MB)
	17543648  -  ResidentSetSize of job (KB)
...
006 (11917637.000.000) 07/03 17:15:15 Image size of job updated: 17672352
	17259  -  MemoryUsage of job (MB)
	17672352  -  ResidentSetSize of job (KB)
...
006 (11917637.000.000) 07/03 17:20:15 Image size of job updated: 17698272
	17284  -  MemoryUsage of job (MB)
	17698272  -  ResidentSetSize of job (KB)
...
006 (11917637.000.000) 07/03 17:25:16 Image size of job updated: 17726288
	17311  -  MemoryUsage of job (MB)
	17726288  -  ResidentSetSize of job (KB)
...
006 (11917637.000.000) 07/03 17:30:17 Image size of job updated: 17755608
	17340  -  MemoryUsage of job (MB)
	17755608  -  ResidentSetSize of job (KB)
...
006 (11917637.000.000) 07/03 17:35:17 Image size of job updated: 17787296
	17371  -  MemoryUsage of job (MB)
	17787296  -  ResidentSetSize of job (KB)
...
006 (11917637.000.000) 07/03 17:40:18 Image size of job updated: 17816544
	17399  -  MemoryUsage of job (MB)
	17816544  -  ResidentSetSize of job (KB)
...
006 (11917637.000.000) 07/03 17:45:18 Image size of job updated: 17844016
	17426  -  MemoryUsage of job (MB)
	17844016  -  ResidentSetSize of job (KB)
...
006 (11917637.000.000) 07/03 17:50:18 Image size of job updated: 17871160
	17453  -  MemoryUsage of job (MB)
	17871160  -  ResidentSetSize of job (KB)
...
006 (11917637.000.000) 07/03 17:55:19 Image size of job updated: 17898312
	17479  -  MemoryUsage of job (MB)
	17898312  -  ResidentSetSize of job (KB)
...
006 (11917637.000.000) 07/03 18:00:19 Image size of job updated: 17926012
	17506  -  MemoryUsage of job (MB)
	17926012  -  ResidentSetSize of job (KB)
...
006 (11917637.000.000) 07/03 18:05:20 Image size of job updated: 17952800
	17533  -  MemoryUsage of job (MB)
	17952800  -  ResidentSetSize of job (KB)
...
006 (11917637.000.000) 07/03 18:10:21 Image size of job updated: 17980264
	17559  -  MemoryUsage of job (MB)
	17980264  -  ResidentSetSize of job (KB)
...
006 (11917637.000.000) 07/03 18:15:21 Image size of job updated: 18009772
	17588  -  MemoryUsage of job (MB)
	18009772  -  ResidentSetSize of job (KB)
...
006 (11917637.000.000) 07/03 18:20:22 Image size of job updated: 18039484
	17617  -  MemoryUsage of job (MB)
	18039484  -  ResidentSetSize of job (KB)
...
006 (11917637.000.000) 07/03 18:25:22 Image size of job updated: 18068732
	17646  -  MemoryUsage of job (MB)
	18068732  -  ResidentSetSize of job (KB)
...
006 (11917637.000.000) 07/03 18:30:22 Image size of job updated: 18098692
	17675  -  MemoryUsage of job (MB)
	18098692  -  ResidentSetSize of job (KB)
...
006 (11917637.000.000) 07/03 18:35:23 Image size of job updated: 18124668
	17700  -  MemoryUsage of job (MB)
	18124668  -  ResidentSetSize of job (KB)
...
006 (11917637.000.000) 07/03 18:40:23 Image size of job updated: 18151904
	17727  -  MemoryUsage of job (MB)
	18151904  -  ResidentSetSize of job (KB)
...
006 (11917637.000.000) 07/03 18:45:24 Image size of job updated: 18178876
	17753  -  MemoryUsage of job (MB)
	18178876  -  ResidentSetSize of job (KB)
...
006 (11917637.000.000) 07/03 18:50:24 Image size of job updated: 18206712
	17780  -  MemoryUsage of job (MB)
	18206712  -  ResidentSetSize of job (KB)
...
006 (11917637.000.000) 07/03 18:55:24 Image size of job updated: 18235032
	17808  -  MemoryUsage of job (MB)
	18235032  -  ResidentSetSize of job (KB)
...
006 (11917637.000.000) 07/03 19:00:25 Image size of job updated: 18261816
	17834  -  MemoryUsage of job (MB)
	18261816  -  ResidentSetSize of job (KB)
...
006 (11917637.000.000) 07/03 19:05:25 Image size of job updated: 18288796
	17861  -  MemoryUsage of job (MB)
	18288796  -  ResidentSetSize of job (KB)
...
006 (11917637.000.000) 07/03 19:10:26 Image size of job updated: 18317780
	17889  -  MemoryUsage of job (MB)
	18317780  -  ResidentSetSize of job (KB)
...
006 (11917637.000.000) 07/03 19:15:26 Image size of job updated: 18344940
	17915  -  MemoryUsage of job (MB)
	18344940  -  ResidentSetSize of job (KB)
...
006 (11917637.000.000) 07/03 19:20:27 Image size of job updated: 18371824
	17942  -  MemoryUsage of job (MB)
	18371824  -  ResidentSetSize of job (KB)
...
006 (11917637.000.000) 07/03 19:25:28 Image size of job updated: 18400612
	17970  -  MemoryUsage of job (MB)
	18400612  -  ResidentSetSize of job (KB)
...
006 (11917637.000.000) 07/03 19:30:28 Image size of job updated: 18430140
	17999  -  MemoryUsage of job (MB)
	18430140  -  ResidentSetSize of job (KB)
...
006 (11917637.000.000) 07/03 19:35:29 Image size of job updated: 18456836
	18025  -  MemoryUsage of job (MB)
	18456836  -  ResidentSetSize of job (KB)
...
006 (11917637.000.000) 07/03 19:40:29 Image size of job updated: 18484040
	18051  -  MemoryUsage of job (MB)
	18484040  -  ResidentSetSize of job (KB)
...
006 (11917637.000.000) 07/03 19:45:30 Image size of job updated: 18512176
	18079  -  MemoryUsage of job (MB)
	18512176  -  ResidentSetSize of job (KB)
...
006 (11917637.000.000) 07/03 19:50:30 Image size of job updated: 18541356
	18107  -  MemoryUsage of job (MB)
	18541356  -  ResidentSetSize of job (KB)
...
006 (11917637.000.000) 07/03 19:55:30 Image size of job updated: 18568236
	18134  -  MemoryUsage of job (MB)
	18568236  -  ResidentSetSize of job (KB)
...
006 (11917637.000.000) 07/03 20:00:31 Image size of job updated: 18595040
	18160  -  MemoryUsage of job (MB)
	18595040  -  ResidentSetSize of job (KB)
...
006 (11917637.000.000) 07/03 20:05:31 Image size of job updated: 18623016
	18187  -  MemoryUsage of job (MB)
	18623016  -  ResidentSetSize of job (KB)
...
006 (11917637.000.000) 07/03 20:10:32 Image size of job updated: 18649716
	18213  -  MemoryUsage of job (MB)
	18649716  -  ResidentSetSize of job (KB)
...
006 (11917637.000.000) 07/03 20:15:32 Image size of job updated: 18678140
	18241  -  MemoryUsage of job (MB)
	18678140  -  ResidentSetSize of job (KB)
...
006 (11917637.000.000) 07/03 20:20:32 Image size of job updated: 18707840
	18270  -  MemoryUsage of job (MB)
	18707840  -  ResidentSetSize of job (KB)
...
006 (11917637.000.000) 07/03 20:25:33 Image size of job updated: 18735388
	18297  -  MemoryUsage of job (MB)
	18735388  -  ResidentSetSize of job (KB)
...
006 (11917637.000.000) 07/03 20:30:33 Image size of job updated: 18762464
	18323  -  MemoryUsage of job (MB)
	18762464  -  ResidentSetSize of job (KB)
...
006 (11917637.000.000) 07/03 20:35:34 Image size of job updated: 18790668
	18351  -  MemoryUsage of job (MB)
	18790668  -  ResidentSetSize of job (KB)
...
006 (11917637.000.000) 07/03 20:40:34 Image size of job updated: 18818644
	18378  -  MemoryUsage of job (MB)
	18818644  -  ResidentSetSize of job (KB)
...
006 (11917637.000.000) 07/03 20:45:35 Image size of job updated: 18845896
	18405  -  MemoryUsage of job (MB)
	18845896  -  ResidentSetSize of job (KB)
...
006 (11917637.000.000) 07/03 20:50:36 Image size of job updated: 18874152
	18432  -  MemoryUsage of job (MB)
	18874152  -  ResidentSetSize of job (KB)
...
006 (11917637.000.000) 07/03 20:55:36 Image size of job updated: 18903676
	18461  -  MemoryUsage of job (MB)
	18903676  -  ResidentSetSize of job (KB)
...
006 (11917637.000.000) 07/03 21:00:37 Image size of job updated: 18933096
	18490  -  MemoryUsage of job (MB)
	18933096  -  ResidentSetSize of job (KB)
...
006 (11917637.000.000) 07/03 21:05:37 Image size of job updated: 18962352
	18518  -  MemoryUsage of job (MB)
	18962352  -  ResidentSetSize of job (KB)
...
006 (11917637.000.000) 07/03 21:10:38 Image size of job updated: 18988412
	18544  -  MemoryUsage of job (MB)
	18988412  -  ResidentSetSize of job (KB)
...
006 (11917637.000.000) 07/03 21:15:38 Image size of job updated: 19015576
	18570  -  MemoryUsage of job (MB)
	19015576  -  ResidentSetSize of job (KB)
...
006 (11917637.000.000) 07/03 21:20:39 Image size of job updated: 19243012
	18793  -  MemoryUsage of job (MB)
	19243012  -  ResidentSetSize of job (KB)
...
006 (11917637.000.000) 07/03 21:25:40 Image size of job updated: 19272136
	18821  -  MemoryUsage of job (MB)
	19272136  -  ResidentSetSize of job (KB)
...
006 (11917637.000.000) 07/03 21:30:40 Image size of job updated: 19297928
	18846  -  MemoryUsage of job (MB)
	19297928  -  ResidentSetSize of job (KB)
...
006 (11917637.000.000) 07/03 21:35:41 Image size of job updated: 19324644
	18872  -  MemoryUsage of job (MB)
	19324644  -  ResidentSetSize of job (KB)
...
006 (11917637.000.000) 07/03 21:40:41 Image size of job updated: 19351352
	18898  -  MemoryUsage of job (MB)
	19351352  -  ResidentSetSize of job (KB)
...
006 (11917637.000.000) 07/03 21:45:42 Image size of job updated: 19380264
	18927  -  MemoryUsage of job (MB)
	19380264  -  ResidentSetSize of job (KB)
...
006 (11917637.000.000) 07/03 21:50:42 Image size of job updated: 19409492
	18955  -  MemoryUsage of job (MB)
	19409492  -  ResidentSetSize of job (KB)
...
006 (11917637.000.000) 07/03 21:55:42 Image size of job updated: 19436200
	18981  -  MemoryUsage of job (MB)
	19436200  -  ResidentSetSize of job (KB)
...
006 (11917637.000.000) 07/03 22:00:43 Image size of job updated: 19462632
	19007  -  MemoryUsage of job (MB)
	19462632  -  ResidentSetSize of job (KB)
...
006 (11917637.000.000) 07/03 22:05:43 Image size of job updated: 19490320
	19034  -  MemoryUsage of job (MB)
	19490320  -  ResidentSetSize of job (KB)
...
006 (11917637.000.000) 07/03 22:10:44 Image size of job updated: 19519672
	19063  -  MemoryUsage of job (MB)
	19519672  -  ResidentSetSize of job (KB)
...
006 (11917637.000.000) 07/03 22:15:45 Image size of job updated: 19545956
	19088  -  MemoryUsage of job (MB)
	19545956  -  ResidentSetSize of job (KB)
...
006 (11917637.000.000) 07/03 22:20:45 Image size of job updated: 19573172
	19115  -  MemoryUsage of job (MB)
	19573172  -  ResidentSetSize of job (KB)
...
006 (11917637.000.000) 07/03 22:25:46 Image size of job updated: 19602120
	19143  -  MemoryUsage of job (MB)
	19602120  -  ResidentSetSize of job (KB)
...
006 (11917637.000.000) 07/03 22:30:46 Image size of job updated: 19631408
	19172  -  MemoryUsage of job (MB)
	19631408  -  ResidentSetSize of job (KB)
...
006 (11917637.000.000) 07/03 22:35:46 Image size of job updated: 19660804
	19201  -  MemoryUsage of job (MB)
	19660804  -  ResidentSetSize of job (KB)
...
006 (11917637.000.000) 07/03 22:40:47 Image size of job updated: 19686600
	19226  -  MemoryUsage of job (MB)
	19686600  -  ResidentSetSize of job (KB)
...
006 (11917637.000.000) 07/03 22:45:47 Image size of job updated: 19713528
	19252  -  MemoryUsage of job (MB)
	19713528  -  ResidentSetSize of job (KB)
...
006 (11917637.000.000) 07/03 22:50:48 Image size of job updated: 19741328
	19279  -  MemoryUsage of job (MB)
	19741328  -  ResidentSetSize of job (KB)
...
006 (11917637.000.000) 07/03 22:55:49 Image size of job updated: 19768040
	19305  -  MemoryUsage of job (MB)
	19768040  -  ResidentSetSize of job (KB)
...
006 (11917637.000.000) 07/03 23:00:49 Image size of job updated: 19795536
	19332  -  MemoryUsage of job (MB)
	19795536  -  ResidentSetSize of job (KB)
...
006 (11917637.000.000) 07/03 23:05:50 Image size of job updated: 19824844
	19361  -  MemoryUsage of job (MB)
	19824844  -  ResidentSetSize of job (KB)
...
006 (11917637.000.000) 07/03 23:10:50 Image size of job updated: 19852384
	19388  -  MemoryUsage of job (MB)
	19852384  -  ResidentSetSize of job (KB)
...
006 (11917637.000.000) 07/03 23:15:50 Image size of job updated: 19879572
	19414  -  MemoryUsage of job (MB)
	19879572  -  ResidentSetSize of job (KB)
...
006 (11917637.000.000) 07/03 23:20:51 Image size of job updated: 19908404
	19442  -  MemoryUsage of job (MB)
	19908404  -  ResidentSetSize of job (KB)
...
006 (11917637.000.000) 07/03 23:25:51 Image size of job updated: 19937660
	19471  -  MemoryUsage of job (MB)
	19937660  -  ResidentSetSize of job (KB)
...
006 (11917637.000.000) 07/03 23:30:52 Image size of job updated: 19967256
	19500  -  MemoryUsage of job (MB)
	19967256  -  ResidentSetSize of job (KB)
...
006 (11917637.000.000) 07/03 23:35:53 Image size of job updated: 21939968
	21426  -  MemoryUsage of job (MB)
	21939968  -  ResidentSetSize of job (KB)
...
006 (11917637.000.000) 07/03 23:40:53 Image size of job updated: 22139944
	21617  -  MemoryUsage of job (MB)
	22135716  -  ResidentSetSize of job (KB)
...
006 (11917637.000.000) 07/03 23:45:54 Image size of job updated: 22808216
	21813  -  MemoryUsage of job (MB)
	22335644  -  ResidentSetSize of job (KB)
...
040 (11917637.000.000) 07/03 23:48:22 Started transferring output files
...
040 (11917637.000.000) 07/03 23:48:37 Finished transferring output files
...
005 (11917637.000.000) 07/03 23:48:37 Job terminated.
	(1) Normal termination (return value 0)
		Usr 30 23:00:12, Sys 0 13:25:12  -  Run Remote Usage
		Usr 0 00:00:00, Sys 0 00:00:00  -  Run Local Usage
		Usr 30 23:00:12, Sys 0 13:25:12  -  Total Remote Usage
		Usr 0 00:00:00, Sys 0 00:00:00  -  Total Local Usage
	3891839  -  Run Bytes Sent By Job
	330  -  Run Bytes Received By Job
	3891839  -  Total Bytes Sent By Job
	330  -  Total Bytes Received By Job
	Partitionable Resources :    Usage  Request Allocated Assigned
	   Cpus                 :    19.62       10        10 
	   Disk (KB)            :  4118           1      6993 
	   GPUs                 :     0           1         1 "GPU-5b10c343"
	   GpusMemory (MB)      :   534                       
	   Memory (MB)          : 21813       30720     30800 
	   TimeExecute (s)      : 39224                       
	   TimeSlotBusy (s)     : 39241                       
...
