000 (11938558.000.000) 07/07 06:37:42 Job submitted from host: <188.185.8.79:9618?addrs=188.185.8.79-9618+[2001-1458-d00-63--100-23a]-9618&alias=bigbird26.cern.ch&noUDP&sock=schedd_5282_9754>
...
040 (11938558.000.000) 07/07 07:20:35 Started transferring input files
	Transferring to host: <188.185.92.150:9618?addrs=188.185.92.150-9618+[2001-1458-d00-6c--100-201]-9618&alias=b9g57n6574.cern.ch&noUDP&sock=slot1_1_16331_6ab1_165233>
...
040 (11938558.000.000) 07/07 07:20:35 Finished transferring input files
...
001 (11938558.000.000) 07/07 07:20:36 Job executing on host: <188.185.92.150:9618?addrs=188.185.92.150-9618+[2001-1458-d00-6c--100-201]-9618&alias=b9g57n6574.cern.ch&noUDP&sock=startd_15371_ce54>
	SlotName: slot1_1@b9g57n6574.cern.ch
	AvailableGPUs = { GPUs_GPU_02931ae6 }
	CondorScratchDir = "/pool/condor/dir_883287"
	Cpus = 10
	Disk = 2048
	GPUs = 1
	GPUs_GPU_02931ae6 = [ Id = "GPU-02931ae6"; ClockMhz = 1410.0; Capability = 8.0; CoresPerCU = 64; DeviceName = "NVIDIA A100-PCIE-40GB"; DeviceUuid = "02931ae6-34d8-3ada-595e-af9723b392cc"; ECCEnabled = true; ComputeUnits = 108; DriverVersion = 13.0; DevicePciBusId = "0000:06:00.0"; GlobalMemoryMb = 40441; MaxSupportedVersion = 13000 ]
	Memory = 30800
...
006 (11938558.000.000) 07/07 07:20:49 Image size of job updated: 208392
	204  -  MemoryUsage of job (MB)
	208392  -  ResidentSetSize of job (KB)
...
006 (11938558.000.000) 07/07 07:25:49 Image size of job updated: 12799068
	11970  -  MemoryUsage of job (MB)
	12256580  -  ResidentSetSize of job (KB)
...
006 (11938558.000.000) 07/07 07:30:50 Image size of job updated: 12817996
	12261  -  MemoryUsage of job (MB)
	12554484  -  ResidentSetSize of job (KB)
...
006 (11938558.000.000) 07/07 07:35:51 Image size of job updated: 12909396
	12348  -  MemoryUsage of job (MB)
	12643528  -  ResidentSetSize of job (KB)
...
006 (11938558.000.000) 07/07 07:55:53 Image size of job updated: 12983980
	12551  -  MemoryUsage of job (MB)
	12851756  -  ResidentSetSize of job (KB)
...
006 (11938558.000.000) 07/07 08:00:53 Image size of job updated: 13002716
	12551  -  MemoryUsage of job (MB)
	12851756  -  ResidentSetSize of job (KB)
...
006 (11938558.000.000) 07/07 08:10:54 Image size of job updated: 13090544
	12561  -  MemoryUsage of job (MB)
	12862004  -  ResidentSetSize of job (KB)
...
006 (11938558.000.000) 07/07 08:15:54 Image size of job updated: 13140660
	12561  -  MemoryUsage of job (MB)
	12862004  -  ResidentSetSize of job (KB)
...
006 (11938558.000.000) 07/07 08:20:55 Image size of job updated: 13140660
	12790  -  MemoryUsage of job (MB)
	13096628  -  ResidentSetSize of job (KB)
...
006 (11938558.000.000) 07/07 08:25:55 Image size of job updated: 13140660
	12796  -  MemoryUsage of job (MB)
	13103060  -  ResidentSetSize of job (KB)
...
006 (11938558.000.000) 07/07 08:40:56 Image size of job updated: 13177900
	12796  -  MemoryUsage of job (MB)
	13103060  -  ResidentSetSize of job (KB)
...
006 (11938558.000.000) 07/07 08:45:56 Image size of job updated: 13239260
	12826  -  MemoryUsage of job (MB)
	13133692  -  ResidentSetSize of job (KB)
...
006 (11938558.000.000) 07/07 08:55:57 Image size of job updated: 13281432
	12826  -  MemoryUsage of job (MB)
	13133692  -  ResidentSetSize of job (KB)
...
006 (11938558.000.000) 07/07 09:00:57 Image size of job updated: 13286676
	12826  -  MemoryUsage of job (MB)
	13133692  -  ResidentSetSize of job (KB)
...
006 (11938558.000.000) 07/07 09:05:58 Image size of job updated: 13286676
	12877  -  MemoryUsage of job (MB)
	13185932  -  ResidentSetSize of job (KB)
...
006 (11938558.000.000) 07/07 09:25:59 Image size of job updated: 13286676
	12897  -  MemoryUsage of job (MB)
	13206016  -  ResidentSetSize of job (KB)
...
006 (11938558.000.000) 07/07 09:30:59 Image size of job updated: 13337948
	12899  -  MemoryUsage of job (MB)
	13208064  -  ResidentSetSize of job (KB)
...
006 (11938558.000.000) 07/07 10:06:04 Image size of job updated: 13354504
	12899  -  MemoryUsage of job (MB)
	13208064  -  ResidentSetSize of job (KB)
...
006 (11938558.000.000) 07/07 10:11:05 Image size of job updated: 13354504
	13019  -  MemoryUsage of job (MB)
	13330920  -  ResidentSetSize of job (KB)
...
006 (11938558.000.000) 07/07 10:16:05 Image size of job updated: 13355496
	13019  -  MemoryUsage of job (MB)
	13330920  -  ResidentSetSize of job (KB)
...
006 (11938558.000.000) 07/07 10:21:06 Image size of job updated: 13366332
	13019  -  MemoryUsage of job (MB)
	13330920  -  ResidentSetSize of job (KB)
...
006 (11938558.000.000) 07/07 10:26:07 Image size of job updated: 13415080
	13019  -  MemoryUsage of job (MB)
	13330920  -  ResidentSetSize of job (KB)
...
006 (11938558.000.000) 07/07 10:36:08 Image size of job updated: 13439460
	13019  -  MemoryUsage of job (MB)
	13330920  -  ResidentSetSize of job (KB)
...
006 (11938558.000.000) 07/07 10:51:10 Image size of job updated: 14486048
	13882  -  MemoryUsage of job (MB)
	14214848  -  ResidentSetSize of job (KB)
...
006 (11938558.000.000) 07/07 10:56:11 Image size of job updated: 17460444
	16923  -  MemoryUsage of job (MB)
	17329004  -  ResidentSetSize of job (KB)
...
006 (11938558.000.000) 07/07 11:01:11 Image size of job updated: 17892404
	17083  -  MemoryUsage of job (MB)
	17492044  -  ResidentSetSize of job (KB)
...
006 (11938558.000.000) 07/07 11:06:12 Image size of job updated: 18357456
	17083  -  MemoryUsage of job (MB)
	17492044  -  ResidentSetSize of job (KB)
...
040 (11938558.000.000) 07/07 11:15:28 Started transferring output files
...
040 (11938558.000.000) 07/07 11:15:28 Finished transferring output files
...
005 (11938558.000.000) 07/07 11:15:28 Job terminated.
	(1) Normal termination (return value 0)
		Usr 1 09:48:41, Sys 0 03:43:40  -  Run Remote Usage
		Usr 0 00:00:00, Sys 0 00:00:00  -  Run Local Usage
		Usr 1 09:48:41, Sys 0 03:43:40  -  Total Remote Usage
		Usr 0 00:00:00, Sys 0 00:00:00  -  Total Local Usage
	581700  -  Run Bytes Sent By Job
	333  -  Run Bytes Received By Job
	581700  -  Total Bytes Sent By Job
	333  -  Total Bytes Received By Job
	Partitionable Resources :    Usage  Request Allocated Assigned
	   Cpus                 :     3.21       10        10 
	   Disk (KB)            :   864           1      2048 
	   GPUs                 :     0           1         1 "GPU-02931ae6"
	   GpusMemory (MB)      :   522                       
	   Memory (MB)          : 17083       30720     30800 
	   TimeExecute (s)      : 14092                       
	   TimeSlotBusy (s)     : 14094                       
...
