000 (11921178.000.000) 07/05 06:07:01 Job submitted from host: <188.185.8.79:9618?addrs=188.185.8.79-9618+[2001-1458-d00-63--100-23a]-9618&alias=bigbird26.cern.ch&noUDP&sock=schedd_5282_9754>
...
040 (11921178.000.000) 07/05 08:43:49 Started transferring input files
	Transferring to host: <188.185.190.108:9618?addrs=188.185.190.108-9618+[2001-1458-d03-b--100-2ff]-9618&alias=b9pgpun015.cern.ch&noUDP&sock=slot1_4_1615979_24ca_163363>
...
040 (11921178.000.000) 07/05 08:43:49 Finished transferring input files
...
001 (11921178.000.000) 07/05 08:43:50 Job executing on host: <188.185.190.108:9618?addrs=188.185.190.108-9618+[2001-1458-d03-b--100-2ff]-9618&alias=b9pgpun015.cern.ch&noUDP&sock=startd_16497_25f7>
	SlotName: slot1_4@b9pgpun015.cern.ch
	AvailableGPUs = { GPUs_GPU_6c758778 }
	CondorScratchDir = "/pool/condor/dir_1632789"
	Cpus = 10
	Disk = 6929
	GPUs = 1
	GPUs_GPU_6c758778 = [ Id = "GPU-6c758778"; ClockMhz = 1785.0; Capability = 9.0; CoresPerCU = 128; DeviceName = "NVIDIA H100 NVL"; DeviceUuid = "6c758778-f190-832d-194b-c3fac08a8c33"; ECCEnabled = true; ComputeUnits = 132; DriverVersion = 13.0; DevicePciBusId = "0000:AE:00.0"; GlobalMemoryMb = 95320; MaxSupportedVersion = 13000 ]
	Memory = 30800
...
006 (11921178.000.000) 07/05 08:44:03 Image size of job updated: 360668
	353  -  MemoryUsage of job (MB)
	360668  -  ResidentSetSize of job (KB)
...
006 (11921178.000.000) 07/05 08:49:03 Image size of job updated: 16459968
	16075  -  MemoryUsage of job (MB)
	16459968  -  ResidentSetSize of job (KB)
...
006 (11921178.000.000) 07/05 08:54:04 Image size of job updated: 16492948
	16107  -  MemoryUsage of job (MB)
	16492948  -  ResidentSetSize of job (KB)
...
006 (11921178.000.000) 07/05 08:59:04 Image size of job updated: 16521960
	16135  -  MemoryUsage of job (MB)
	16521960  -  ResidentSetSize of job (KB)
...
006 (11921178.000.000) 07/05 09:04:05 Image size of job updated: 16555004
	16167  -  MemoryUsage of job (MB)
	16555004  -  ResidentSetSize of job (KB)
...
006 (11921178.000.000) 07/05 09:09:05 Image size of job updated: 16581412
	16193  -  MemoryUsage of job (MB)
	16581412  -  ResidentSetSize of job (KB)
...
006 (11921178.000.000) 07/05 09:14:05 Image size of job updated: 16608704
	16220  -  MemoryUsage of job (MB)
	16608704  -  ResidentSetSize of job (KB)
...
006 (11921178.000.000) 07/05 09:19:06 Image size of job updated: 16648332
	16259  -  MemoryUsage of job (MB)
	16648332  -  ResidentSetSize of job (KB)
...
006 (11921178.000.000) 07/05 09:24:06 Image size of job updated: 16674164
	16284  -  MemoryUsage of job (MB)
	16674164  -  ResidentSetSize of job (KB)
...
006 (11921178.000.000) 07/05 09:29:07 Image size of job updated: 16701884
	16311  -  MemoryUsage of job (MB)
	16701884  -  ResidentSetSize of job (KB)
...
006 (11921178.000.000) 07/05 09:34:07 Image size of job updated: 16736152
	16344  -  MemoryUsage of job (MB)
	16736152  -  ResidentSetSize of job (KB)
...
006 (11921178.000.000) 07/05 09:39:07 Image size of job updated: 16764524
	16372  -  MemoryUsage of job (MB)
	16764524  -  ResidentSetSize of job (KB)
...
006 (11921178.000.000) 07/05 09:44:08 Image size of job updated: 16788800
	16396  -  MemoryUsage of job (MB)
	16788800  -  ResidentSetSize of job (KB)
...
006 (11921178.000.000) 07/05 09:49:08 Image size of job updated: 16863384
	16469  -  MemoryUsage of job (MB)
	16863384  -  ResidentSetSize of job (KB)
...
006 (11921178.000.000) 07/05 09:54:08 Image size of job updated: 16866164
	16471  -  MemoryUsage of job (MB)
	16866164  -  ResidentSetSize of job (KB)
...
006 (11921178.000.000) 07/05 09:59:09 Image size of job updated: 16893700
	16498  -  MemoryUsage of job (MB)
	16893700  -  ResidentSetSize of job (KB)
...
006 (11921178.000.000) 07/05 10:04:09 Image size of job updated: 16918864
	16523  -  MemoryUsage of job (MB)
	16918864  -  ResidentSetSize of job (KB)
...
006 (11921178.000.000) 07/05 10:09:10 Image size of job updated: 16944128
	16547  -  MemoryUsage of job (MB)
	16944128  -  ResidentSetSize of job (KB)
...
006 (11921178.000.000) 07/05 10:14:11 Image size of job updated: 16971276
	16574  -  MemoryUsage of job (MB)
	16971276  -  ResidentSetSize of job (KB)
...
006 (11921178.000.000) 07/05 10:19:11 Image size of job updated: 18785656
	18346  -  MemoryUsage of job (MB)
	18785656  -  ResidentSetSize of job (KB)
...
006 (11921178.000.000) 07/05 10:24:12 Image size of job updated: 19441932
	18585  -  MemoryUsage of job (MB)
	19030864  -  ResidentSetSize of job (KB)
...
040 (11921178.000.000) 07/05 10:26:42 Started transferring output files
...
040 (11921178.000.000) 07/05 10:26:43 Finished transferring output files
...
005 (11921178.000.000) 07/05 10:26:43 Job terminated.
	(1) Normal termination (return value 0)
		Usr 4 16:08:36, Sys 0 02:08:50  -  Run Remote Usage
		Usr 0 00:00:00, Sys 0 00:00:00  -  Run Local Usage
		Usr 4 16:08:36, Sys 0 02:08:50  -  Total Remote Usage
		Usr 0 00:00:00, Sys 0 00:00:00  -  Total Local Usage
	631979  -  Run Bytes Sent By Job
	333  -  Run Bytes Received By Job
	631979  -  Total Bytes Sent By Job
	333  -  Total Bytes Received By Job
	Partitionable Resources :    Usage  Request Allocated Assigned
	   Cpus                 :    21.96       10        10 
	   Disk (KB)            :   915           1      6929 
	   GPUs                 :     0           1         1 "GPU-6c758778"
	   GpusMemory (MB)      :   650                       
	   Memory (MB)          : 18585       30720     30800 
	   TimeExecute (s)      :  6172                       
	   TimeSlotBusy (s)     :  6174                       
...
