000 (11935221.000.000) 07/06 09:34:20 Job submitted from host: <188.185.8.79:9618?addrs=188.185.8.79-9618+[2001-1458-d00-63--100-23a]-9618&alias=bigbird26.cern.ch&noUDP&sock=schedd_5282_9754>
...
040 (11935221.000.000) 07/06 12:10:37 Started transferring input files
	Transferring to host: <188.185.93.149:9618?addrs=188.185.93.149-9618+[2001-1458-d00-6c--100-373]-9618&alias=b9g57n0008.cern.ch&noUDP&sock=slot1_1_5362_c393_66735>
...
040 (11935221.000.000) 07/06 12:10:37 Finished transferring input files
...
001 (11935221.000.000) 07/06 12:10:38 Job executing on host: <188.185.93.149:9618?addrs=188.185.93.149-9618+[2001-1458-d00-6c--100-373]-9618&alias=b9g57n0008.cern.ch&noUDP&sock=startd_5299_4071>
	SlotName: slot1_1@b9g57n0008.cern.ch
	AvailableGPUs = { GPUs_GPU_d6dcba2f }
	CondorScratchDir = "/pool/condor/dir_1347245"
	Cpus = 10
	Disk = 2049
	GPUs = 1
	GPUs_GPU_d6dcba2f = [ Id = "GPU-d6dcba2f"; ClockMhz = 1410.0; Capability = 8.0; CoresPerCU = 64; DeviceName = "NVIDIA A100-PCIE-40GB"; DeviceUuid = "d6dcba2f-3756-4d9f-9c9c-a19c162ffcfe"; ECCEnabled = true; ComputeUnits = 108; NvidiaDriver = "580.126.20"; DriverVersion = 13.0; DevicePciBusId = "0000:06:00.0"; GlobalMemoryMb = 40440; MaxSupportedVersion = 13000 ]
	Memory = 30800
...
006 (11935221.000.000) 07/06 12:10:46 Image size of job updated: 194700
	191  -  MemoryUsage of job (MB)
	194700  -  ResidentSetSize of job (KB)
...
006 (11935221.000.000) 07/06 12:15:46 Image size of job updated: 12644436
	12184  -  MemoryUsage of job (MB)
	12476188  -  ResidentSetSize of job (KB)
...
006 (11935221.000.000) 07/06 12:20:46 Image size of job updated: 12714504
	12229  -  MemoryUsage of job (MB)
	12521672  -  ResidentSetSize of job (KB)
...
006 (11935221.000.000) 07/06 12:25:47 Image size of job updated: 12770756
	12229  -  MemoryUsage of job (MB)
	12521672  -  ResidentSetSize of job (KB)
...
006 (11935221.000.000) 07/06 12:35:48 Image size of job updated: 12856956
	12446  -  MemoryUsage of job (MB)
	12743920  -  ResidentSetSize of job (KB)
...
006 (11935221.000.000) 07/06 12:40:49 Image size of job updated: 12871864
	12446  -  MemoryUsage of job (MB)
	12743920  -  ResidentSetSize of job (KB)
...
006 (11935221.000.000) 07/06 12:45:49 Image size of job updated: 13005640
	12446  -  MemoryUsage of job (MB)
	12743920  -  ResidentSetSize of job (KB)
...
006 (11935221.000.000) 07/06 13:00:50 Image size of job updated: 13005640
	12533  -  MemoryUsage of job (MB)
	12833000  -  ResidentSetSize of job (KB)
...
006 (11935221.000.000) 07/06 13:05:51 Image size of job updated: 13005640
	12535  -  MemoryUsage of job (MB)
	12835048  -  ResidentSetSize of job (KB)
...
006 (11935221.000.000) 07/06 13:30:54 Image size of job updated: 13076976
	12618  -  MemoryUsage of job (MB)
	12920740  -  ResidentSetSize of job (KB)
...
006 (11935221.000.000) 07/06 13:40:55 Image size of job updated: 13076976
	12686  -  MemoryUsage of job (MB)
	12990116  -  ResidentSetSize of job (KB)
...
006 (11935221.000.000) 07/06 14:00:57 Image size of job updated: 13088104
	12686  -  MemoryUsage of job (MB)
	12990116  -  ResidentSetSize of job (KB)
...
006 (11935221.000.000) 07/06 14:10:58 Image size of job updated: 13116904
	12686  -  MemoryUsage of job (MB)
	12990116  -  ResidentSetSize of job (KB)
...
006 (11935221.000.000) 07/06 14:20:59 Image size of job updated: 13130716
	12686  -  MemoryUsage of job (MB)
	12990116  -  ResidentSetSize of job (KB)
...
006 (11935221.000.000) 07/06 14:31:00 Image size of job updated: 13130716
	12724  -  MemoryUsage of job (MB)
	13029376  -  ResidentSetSize of job (KB)
...
006 (11935221.000.000) 07/06 14:36:01 Image size of job updated: 13135340
	12724  -  MemoryUsage of job (MB)
	13029376  -  ResidentSetSize of job (KB)
...
006 (11935221.000.000) 07/06 14:51:02 Image size of job updated: 13156256
	12724  -  MemoryUsage of job (MB)
	13029376  -  ResidentSetSize of job (KB)
...
006 (11935221.000.000) 07/06 14:56:02 Image size of job updated: 13156272
	12724  -  MemoryUsage of job (MB)
	13029376  -  ResidentSetSize of job (KB)
...
006 (11935221.000.000) 07/06 15:01:04 Image size of job updated: 13200224
	12724  -  MemoryUsage of job (MB)
	13029376  -  ResidentSetSize of job (KB)
...
006 (11935221.000.000) 07/06 15:21:05 Image size of job updated: 13265696
	12724  -  MemoryUsage of job (MB)
	13029376  -  ResidentSetSize of job (KB)
...
006 (11935221.000.000) 07/06 15:31:07 Image size of job updated: 13302420
	12724  -  MemoryUsage of job (MB)
	13029376  -  ResidentSetSize of job (KB)
...
006 (11935221.000.000) 07/06 15:36:07 Image size of job updated: 13302420
	12937  -  MemoryUsage of job (MB)
	13247184  -  ResidentSetSize of job (KB)
...
006 (11935221.000.000) 07/06 15:41:08 Image size of job updated: 13302420
	12939  -  MemoryUsage of job (MB)
	13249232  -  ResidentSetSize of job (KB)
...
006 (11935221.000.000) 07/06 16:06:11 Image size of job updated: 13316896
	12939  -  MemoryUsage of job (MB)
	13249232  -  ResidentSetSize of job (KB)
...
006 (11935221.000.000) 07/06 16:11:11 Image size of job updated: 14726640
	14382  -  MemoryUsage of job (MB)
	14726640  -  ResidentSetSize of job (KB)
...
006 (11935221.000.000) 07/06 16:16:11 Image size of job updated: 18905628
	18463  -  MemoryUsage of job (MB)
	18905628  -  ResidentSetSize of job (KB)
...
006 (11935221.000.000) 07/06 16:21:12 Image size of job updated: 18916944
	18463  -  MemoryUsage of job (MB)
	18905628  -  ResidentSetSize of job (KB)
...
040 (11935221.000.000) 07/06 16:35:41 Started transferring output files
...
040 (11935221.000.000) 07/06 16:35:41 Finished transferring output files
...
005 (11935221.000.000) 07/06 16:35:41 Job terminated.
	(1) Normal termination (return value 0)
		Usr 1 15:36:45, Sys 0 04:18:26  -  Run Remote Usage
		Usr 0 00:00:00, Sys 0 00:00:00  -  Run Local Usage
		Usr 1 15:36:45, Sys 0 04:18:26  -  Total Remote Usage
		Usr 0 00:00:00, Sys 0 00:00:00  -  Total Local Usage
	628174  -  Run Bytes Sent By Job
	333  -  Run Bytes Received By Job
	628174  -  Total Bytes Sent By Job
	333  -  Total Bytes Received By Job
	Partitionable Resources :    Usage  Request Allocated Assigned
	   Cpus                 :     2.64       10        10 
	   Disk (KB)            :   910           1      2049 
	   GPUs                 :     0           1         1 "GPU-d6dcba2f"
	   GpusMemory (MB)      :   543                       
	   Memory (MB)          : 18463       30720     30800 
	   TimeExecute (s)      : 15903                       
	   TimeSlotBusy (s)     : 15905                       
...
