000 (11917643.000.000) 07/03 12:48:09 Job submitted from host: <188.185.8.79:9618?addrs=188.185.8.79-9618+[2001-1458-d00-63--100-23a]-9618&alias=bigbird26.cern.ch&noUDP&sock=schedd_5282_9754>
...
040 (11917643.000.000) 07/03 14:23:51 Started transferring input files
	Transferring to host: <188.184.195.125:9618?addrs=188.184.195.125-9618+[2001-1458-301-72--100-46]-9618&alias=b9g47n4484.cern.ch&noUDP&sock=slot1_1_6086_e331_73416>
...
040 (11917643.000.000) 07/03 14:23:51 Finished transferring input files
...
001 (11917643.000.000) 07/03 14:23:52 Job executing on host: <188.184.195.125:9618?addrs=188.184.195.125-9618+[2001-1458-301-72--100-46]-9618&alias=b9g47n4484.cern.ch&noUDP&sock=startd_5042_f89a>
	SlotName: slot1_1@b9g47n4484.cern.ch
	AvailableGPUs = { GPUs_GPU_af018eac }
	CondorScratchDir = "/pool/condor/dir_3711447"
	Cpus = 10
	Disk = 2048
	GPUs = 1
	GPUs_GPU_af018eac = [ Id = "GPU-af018eac"; ClockMhz = 1590.0; Capability = 7.5; CoresPerCU = 64; DeviceName = "Tesla T4"; DeviceUuid = "af018eac-0217-6a0c-1f02-a7671647c0bf"; ECCEnabled = true; ComputeUnits = 40; DriverVersion = 13.0; DevicePciBusId = "0000:07:00.0"; GlobalMemoryMb = 14913; MaxSupportedVersion = 13000 ]
	Memory = 30800
...
006 (11917643.000.000) 07/03 14:24:05 Image size of job updated: 13940
	14  -  MemoryUsage of job (MB)
	13940  -  ResidentSetSize of job (KB)
...
006 (11917643.000.000) 07/03 14:29:05 Image size of job updated: 15857080
	15486  -  MemoryUsage of job (MB)
	15857080  -  ResidentSetSize of job (KB)
...
006 (11917643.000.000) 07/03 14:34:05 Image size of job updated: 15860032
	15489  -  MemoryUsage of job (MB)
	15860032  -  ResidentSetSize of job (KB)
...
006 (11917643.000.000) 07/03 14:39:06 Image size of job updated: 15861372
	15490  -  MemoryUsage of job (MB)
	15861372  -  ResidentSetSize of job (KB)
...
006 (11917643.000.000) 07/03 14:44:06 Image size of job updated: 15875636
	15504  -  MemoryUsage of job (MB)
	15875636  -  ResidentSetSize of job (KB)
...
006 (11917643.000.000) 07/03 14:49:06 Image size of job updated: 15883488
	15512  -  MemoryUsage of job (MB)
	15883488  -  ResidentSetSize of job (KB)
...
006 (11917643.000.000) 07/03 14:54:07 Image size of job updated: 15890804
	15519  -  MemoryUsage of job (MB)
	15890804  -  ResidentSetSize of job (KB)
...
006 (11917643.000.000) 07/03 14:59:08 Image size of job updated: 15901192
	15529  -  MemoryUsage of job (MB)
	15901192  -  ResidentSetSize of job (KB)
...
006 (11917643.000.000) 07/03 15:04:08 Image size of job updated: 15908324
	15536  -  MemoryUsage of job (MB)
	15908324  -  ResidentSetSize of job (KB)
...
006 (11917643.000.000) 07/03 15:09:09 Image size of job updated: 15915872
	15543  -  MemoryUsage of job (MB)
	15915872  -  ResidentSetSize of job (KB)
...
006 (11917643.000.000) 07/03 15:14:10 Image size of job updated: 15923148
	15550  -  MemoryUsage of job (MB)
	15923148  -  ResidentSetSize of job (KB)
...
006 (11917643.000.000) 07/03 15:19:10 Image size of job updated: 15930424
	15558  -  MemoryUsage of job (MB)
	15930424  -  ResidentSetSize of job (KB)
...
006 (11917643.000.000) 07/03 15:24:11 Image size of job updated: 15938032
	15565  -  MemoryUsage of job (MB)
	15938032  -  ResidentSetSize of job (KB)
...
006 (11917643.000.000) 07/03 15:29:12 Image size of job updated: 15944208
	15571  -  MemoryUsage of job (MB)
	15944208  -  ResidentSetSize of job (KB)
...
006 (11917643.000.000) 07/03 15:34:12 Image size of job updated: 15957208
	15584  -  MemoryUsage of job (MB)
	15957208  -  ResidentSetSize of job (KB)
...
006 (11917643.000.000) 07/03 15:39:13 Image size of job updated: 15963604
	15590  -  MemoryUsage of job (MB)
	15963604  -  ResidentSetSize of job (KB)
...
006 (11917643.000.000) 07/03 15:44:14 Image size of job updated: 15970248
	15596  -  MemoryUsage of job (MB)
	15970248  -  ResidentSetSize of job (KB)
...
006 (11917643.000.000) 07/03 15:49:14 Image size of job updated: 15976964
	15603  -  MemoryUsage of job (MB)
	15976964  -  ResidentSetSize of job (KB)
...
006 (11917643.000.000) 07/03 15:54:15 Image size of job updated: 15983664
	15610  -  MemoryUsage of job (MB)
	15983664  -  ResidentSetSize of job (KB)
...
006 (11917643.000.000) 07/03 15:59:16 Image size of job updated: 15990240
	15616  -  MemoryUsage of job (MB)
	15990240  -  ResidentSetSize of job (KB)
...
006 (11917643.000.000) 07/03 16:04:16 Image size of job updated: 15997760
	15623  -  MemoryUsage of job (MB)
	15997760  -  ResidentSetSize of job (KB)
...
006 (11917643.000.000) 07/03 16:09:16 Image size of job updated: 16004936
	15630  -  MemoryUsage of job (MB)
	16004936  -  ResidentSetSize of job (KB)
...
006 (11917643.000.000) 07/03 16:14:17 Image size of job updated: 16012120
	15637  -  MemoryUsage of job (MB)
	16012120  -  ResidentSetSize of job (KB)
...
006 (11917643.000.000) 07/03 16:19:17 Image size of job updated: 16019456
	15644  -  MemoryUsage of job (MB)
	16019456  -  ResidentSetSize of job (KB)
...
006 (11917643.000.000) 07/03 16:24:17 Image size of job updated: 16026576
	15651  -  MemoryUsage of job (MB)
	16026576  -  ResidentSetSize of job (KB)
...
006 (11917643.000.000) 07/03 16:29:18 Image size of job updated: 16033572
	15658  -  MemoryUsage of job (MB)
	16033572  -  ResidentSetSize of job (KB)
...
006 (11917643.000.000) 07/03 16:34:18 Image size of job updated: 16060564
	15685  -  MemoryUsage of job (MB)
	16060564  -  ResidentSetSize of job (KB)
...
006 (11917643.000.000) 07/03 16:39:18 Image size of job updated: 16060852
	15685  -  MemoryUsage of job (MB)
	16060852  -  ResidentSetSize of job (KB)
...
006 (11917643.000.000) 07/03 16:44:19 Image size of job updated: 16065908
	15690  -  MemoryUsage of job (MB)
	16065908  -  ResidentSetSize of job (KB)
...
006 (11917643.000.000) 07/03 16:49:19 Image size of job updated: 16072688
	15696  -  MemoryUsage of job (MB)
	16072688  -  ResidentSetSize of job (KB)
...
006 (11917643.000.000) 07/03 16:54:19 Image size of job updated: 16079284
	15703  -  MemoryUsage of job (MB)
	16079284  -  ResidentSetSize of job (KB)
...
006 (11917643.000.000) 07/03 16:59:20 Image size of job updated: 16085980
	15709  -  MemoryUsage of job (MB)
	16085980  -  ResidentSetSize of job (KB)
...
006 (11917643.000.000) 07/03 17:04:20 Image size of job updated: 16092476
	15716  -  MemoryUsage of job (MB)
	16092476  -  ResidentSetSize of job (KB)
...
006 (11917643.000.000) 07/03 17:09:20 Image size of job updated: 16099144
	15722  -  MemoryUsage of job (MB)
	16099144  -  ResidentSetSize of job (KB)
...
006 (11917643.000.000) 07/03 17:14:21 Image size of job updated: 16105964
	15729  -  MemoryUsage of job (MB)
	16105964  -  ResidentSetSize of job (KB)
...
006 (11917643.000.000) 07/03 17:19:21 Image size of job updated: 16113188
	15736  -  MemoryUsage of job (MB)
	16113188  -  ResidentSetSize of job (KB)
...
006 (11917643.000.000) 07/03 17:24:21 Image size of job updated: 16120328
	15743  -  MemoryUsage of job (MB)
	16120328  -  ResidentSetSize of job (KB)
...
006 (11917643.000.000) 07/03 17:29:22 Image size of job updated: 16127412
	15750  -  MemoryUsage of job (MB)
	16127412  -  ResidentSetSize of job (KB)
...
006 (11917643.000.000) 07/03 17:34:23 Image size of job updated: 16134896
	15757  -  MemoryUsage of job (MB)
	16134896  -  ResidentSetSize of job (KB)
...
006 (11917643.000.000) 07/03 17:39:23 Image size of job updated: 16141964
	15764  -  MemoryUsage of job (MB)
	16141964  -  ResidentSetSize of job (KB)
...
006 (11917643.000.000) 07/03 17:44:24 Image size of job updated: 16149108
	15771  -  MemoryUsage of job (MB)
	16149108  -  ResidentSetSize of job (KB)
...
006 (11917643.000.000) 07/03 17:49:25 Image size of job updated: 16156468
	15778  -  MemoryUsage of job (MB)
	16156468  -  ResidentSetSize of job (KB)
...
006 (11917643.000.000) 07/03 17:54:25 Image size of job updated: 16163544
	15785  -  MemoryUsage of job (MB)
	16163544  -  ResidentSetSize of job (KB)
...
006 (11917643.000.000) 07/03 17:59:26 Image size of job updated: 16170848
	15792  -  MemoryUsage of job (MB)
	16170848  -  ResidentSetSize of job (KB)
...
006 (11917643.000.000) 07/03 18:04:27 Image size of job updated: 16178152
	15799  -  MemoryUsage of job (MB)
	16178152  -  ResidentSetSize of job (KB)
...
006 (11917643.000.000) 07/03 18:09:27 Image size of job updated: 16185372
	15807  -  MemoryUsage of job (MB)
	16185372  -  ResidentSetSize of job (KB)
...
006 (11917643.000.000) 07/03 18:14:28 Image size of job updated: 16192356
	15813  -  MemoryUsage of job (MB)
	16192356  -  ResidentSetSize of job (KB)
...
006 (11917643.000.000) 07/03 18:19:29 Image size of job updated: 16199444
	15820  -  MemoryUsage of job (MB)
	16199444  -  ResidentSetSize of job (KB)
...
006 (11917643.000.000) 07/03 18:24:29 Image size of job updated: 16206548
	15827  -  MemoryUsage of job (MB)
	16206548  -  ResidentSetSize of job (KB)
...
006 (11917643.000.000) 07/03 18:29:30 Image size of job updated: 16211812
	15832  -  MemoryUsage of job (MB)
	16211812  -  ResidentSetSize of job (KB)
...
006 (11917643.000.000) 07/03 18:34:31 Image size of job updated: 16218364
	15839  -  MemoryUsage of job (MB)
	16218364  -  ResidentSetSize of job (KB)
...
006 (11917643.000.000) 07/03 18:39:31 Image size of job updated: 16270928
	15890  -  MemoryUsage of job (MB)
	16270928  -  ResidentSetSize of job (KB)
...
006 (11917643.000.000) 07/03 18:59:32 Image size of job updated: 16276372
	15895  -  MemoryUsage of job (MB)
	16276372  -  ResidentSetSize of job (KB)
...
006 (11917643.000.000) 07/03 19:04:33 Image size of job updated: 16283296
	15902  -  MemoryUsage of job (MB)
	16283296  -  ResidentSetSize of job (KB)
...
006 (11917643.000.000) 07/03 19:09:33 Image size of job updated: 16289944
	15909  -  MemoryUsage of job (MB)
	16289944  -  ResidentSetSize of job (KB)
...
006 (11917643.000.000) 07/03 19:14:33 Image size of job updated: 16296488
	15915  -  MemoryUsage of job (MB)
	16296488  -  ResidentSetSize of job (KB)
...
006 (11917643.000.000) 07/03 19:19:34 Image size of job updated: 16302912
	15921  -  MemoryUsage of job (MB)
	16302912  -  ResidentSetSize of job (KB)
...
006 (11917643.000.000) 07/03 19:24:34 Image size of job updated: 16309612
	15928  -  MemoryUsage of job (MB)
	16309612  -  ResidentSetSize of job (KB)
...
006 (11917643.000.000) 07/03 19:29:34 Image size of job updated: 16317264
	15935  -  MemoryUsage of job (MB)
	16317264  -  ResidentSetSize of job (KB)
...
006 (11917643.000.000) 07/03 19:34:35 Image size of job updated: 16324480
	15942  -  MemoryUsage of job (MB)
	16324480  -  ResidentSetSize of job (KB)
...
006 (11917643.000.000) 07/03 19:39:35 Image size of job updated: 16331840
	15950  -  MemoryUsage of job (MB)
	16331840  -  ResidentSetSize of job (KB)
...
006 (11917643.000.000) 07/03 19:44:35 Image size of job updated: 16338520
	15956  -  MemoryUsage of job (MB)
	16338520  -  ResidentSetSize of job (KB)
...
006 (11917643.000.000) 07/03 19:49:36 Image size of job updated: 16344144
	15962  -  MemoryUsage of job (MB)
	16344144  -  ResidentSetSize of job (KB)
...
006 (11917643.000.000) 07/03 19:54:36 Image size of job updated: 16351152
	15968  -  MemoryUsage of job (MB)
	16351152  -  ResidentSetSize of job (KB)
...
006 (11917643.000.000) 07/03 19:59:36 Image size of job updated: 16357804
	15975  -  MemoryUsage of job (MB)
	16357804  -  ResidentSetSize of job (KB)
...
006 (11917643.000.000) 07/03 20:04:37 Image size of job updated: 16364252
	15981  -  MemoryUsage of job (MB)
	16364252  -  ResidentSetSize of job (KB)
...
006 (11917643.000.000) 07/03 20:09:37 Image size of job updated: 16370648
	15987  -  MemoryUsage of job (MB)
	16370648  -  ResidentSetSize of job (KB)
...
006 (11917643.000.000) 07/03 20:14:37 Image size of job updated: 16377460
	15994  -  MemoryUsage of job (MB)
	16377460  -  ResidentSetSize of job (KB)
...
006 (11917643.000.000) 07/03 20:19:38 Image size of job updated: 16383956
	16000  -  MemoryUsage of job (MB)
	16383956  -  ResidentSetSize of job (KB)
...
006 (11917643.000.000) 07/03 20:24:38 Image size of job updated: 16390504
	16007  -  MemoryUsage of job (MB)
	16390504  -  ResidentSetSize of job (KB)
...
006 (11917643.000.000) 07/03 20:29:38 Image size of job updated: 16397716
	16014  -  MemoryUsage of job (MB)
	16397716  -  ResidentSetSize of job (KB)
...
006 (11917643.000.000) 07/03 20:34:39 Image size of job updated: 16404992
	16021  -  MemoryUsage of job (MB)
	16404992  -  ResidentSetSize of job (KB)
...
006 (11917643.000.000) 07/03 20:39:39 Image size of job updated: 16411036
	16027  -  MemoryUsage of job (MB)
	16411036  -  ResidentSetSize of job (KB)
...
006 (11917643.000.000) 07/03 20:44:39 Image size of job updated: 16417860
	16034  -  MemoryUsage of job (MB)
	16417860  -  ResidentSetSize of job (KB)
...
006 (11917643.000.000) 07/03 20:49:40 Image size of job updated: 16424140
	16040  -  MemoryUsage of job (MB)
	16424140  -  ResidentSetSize of job (KB)
...
006 (11917643.000.000) 07/03 20:54:41 Image size of job updated: 16430864
	16046  -  MemoryUsage of job (MB)
	16430864  -  ResidentSetSize of job (KB)
...
006 (11917643.000.000) 07/03 20:59:41 Image size of job updated: 16437192
	16052  -  MemoryUsage of job (MB)
	16437192  -  ResidentSetSize of job (KB)
...
006 (11917643.000.000) 07/03 21:04:42 Image size of job updated: 16444320
	16059  -  MemoryUsage of job (MB)
	16444320  -  ResidentSetSize of job (KB)
...
006 (11917643.000.000) 07/03 21:09:42 Image size of job updated: 16451740
	16067  -  MemoryUsage of job (MB)
	16451740  -  ResidentSetSize of job (KB)
...
006 (11917643.000.000) 07/03 21:14:42 Image size of job updated: 16458504
	16073  -  MemoryUsage of job (MB)
	16458504  -  ResidentSetSize of job (KB)
...
006 (11917643.000.000) 07/03 21:19:43 Image size of job updated: 16465680
	16080  -  MemoryUsage of job (MB)
	16465680  -  ResidentSetSize of job (KB)
...
006 (11917643.000.000) 07/03 21:24:43 Image size of job updated: 16472952
	16087  -  MemoryUsage of job (MB)
	16472952  -  ResidentSetSize of job (KB)
...
006 (11917643.000.000) 07/03 21:29:43 Image size of job updated: 16480128
	16094  -  MemoryUsage of job (MB)
	16480128  -  ResidentSetSize of job (KB)
...
006 (11917643.000.000) 07/03 21:34:44 Image size of job updated: 16487248
	16101  -  MemoryUsage of job (MB)
	16487248  -  ResidentSetSize of job (KB)
...
006 (11917643.000.000) 07/03 21:39:44 Image size of job updated: 16494584
	16108  -  MemoryUsage of job (MB)
	16494584  -  ResidentSetSize of job (KB)
...
006 (11917643.000.000) 07/03 21:44:44 Image size of job updated: 16501732
	16115  -  MemoryUsage of job (MB)
	16501732  -  ResidentSetSize of job (KB)
...
006 (11917643.000.000) 07/03 21:49:45 Image size of job updated: 16509000
	16123  -  MemoryUsage of job (MB)
	16509000  -  ResidentSetSize of job (KB)
...
006 (11917643.000.000) 07/03 21:54:46 Image size of job updated: 16513548
	16127  -  MemoryUsage of job (MB)
	16513548  -  ResidentSetSize of job (KB)
...
006 (11917643.000.000) 07/03 21:59:46 Image size of job updated: 16520364
	16134  -  MemoryUsage of job (MB)
	16520364  -  ResidentSetSize of job (KB)
...
006 (11917643.000.000) 07/03 22:04:47 Image size of job updated: 16526668
	16140  -  MemoryUsage of job (MB)
	16526668  -  ResidentSetSize of job (KB)
...
006 (11917643.000.000) 07/03 22:09:48 Image size of job updated: 16533512
	16147  -  MemoryUsage of job (MB)
	16533512  -  ResidentSetSize of job (KB)
...
006 (11917643.000.000) 07/03 22:14:48 Image size of job updated: 16539836
	16153  -  MemoryUsage of job (MB)
	16539836  -  ResidentSetSize of job (KB)
...
006 (11917643.000.000) 07/03 22:19:49 Image size of job updated: 16546520
	16159  -  MemoryUsage of job (MB)
	16546520  -  ResidentSetSize of job (KB)
...
006 (11917643.000.000) 07/03 22:24:50 Image size of job updated: 16553192
	16166  -  MemoryUsage of job (MB)
	16553192  -  ResidentSetSize of job (KB)
...
006 (11917643.000.000) 07/03 22:29:50 Image size of job updated: 16559820
	16172  -  MemoryUsage of job (MB)
	16559820  -  ResidentSetSize of job (KB)
...
006 (11917643.000.000) 07/03 22:34:51 Image size of job updated: 16567032
	16179  -  MemoryUsage of job (MB)
	16567032  -  ResidentSetSize of job (KB)
...
006 (11917643.000.000) 07/03 22:39:51 Image size of job updated: 16574096
	16186  -  MemoryUsage of job (MB)
	16574096  -  ResidentSetSize of job (KB)
...
006 (11917643.000.000) 07/03 22:44:51 Image size of job updated: 16581216
	16193  -  MemoryUsage of job (MB)
	16581216  -  ResidentSetSize of job (KB)
...
006 (11917643.000.000) 07/03 22:49:52 Image size of job updated: 16643784
	16249  -  MemoryUsage of job (MB)
	16638532  -  ResidentSetSize of job (KB)
...
006 (11917643.000.000) 07/03 22:54:53 Image size of job updated: 16645992
	16256  -  MemoryUsage of job (MB)
	16645992  -  ResidentSetSize of job (KB)
...
006 (11917643.000.000) 07/03 22:59:53 Image size of job updated: 16652916
	16263  -  MemoryUsage of job (MB)
	16652916  -  ResidentSetSize of job (KB)
...
006 (11917643.000.000) 07/03 23:04:54 Image size of job updated: 16660344
	16270  -  MemoryUsage of job (MB)
	16660344  -  ResidentSetSize of job (KB)
...
006 (11917643.000.000) 07/03 23:09:55 Image size of job updated: 16667324
	16277  -  MemoryUsage of job (MB)
	16667324  -  ResidentSetSize of job (KB)
...
006 (11917643.000.000) 07/03 23:14:55 Image size of job updated: 16674596
	16284  -  MemoryUsage of job (MB)
	16674596  -  ResidentSetSize of job (KB)
...
006 (11917643.000.000) 07/03 23:19:56 Image size of job updated: 16680028
	16290  -  MemoryUsage of job (MB)
	16680028  -  ResidentSetSize of job (KB)
...
006 (11917643.000.000) 07/03 23:24:57 Image size of job updated: 16686716
	16296  -  MemoryUsage of job (MB)
	16686716  -  ResidentSetSize of job (KB)
...
006 (11917643.000.000) 07/03 23:29:57 Image size of job updated: 16693060
	16302  -  MemoryUsage of job (MB)
	16693060  -  ResidentSetSize of job (KB)
...
006 (11917643.000.000) 07/03 23:34:58 Image size of job updated: 16699704
	16309  -  MemoryUsage of job (MB)
	16699704  -  ResidentSetSize of job (KB)
...
006 (11917643.000.000) 07/03 23:39:59 Image size of job updated: 16706712
	16316  -  MemoryUsage of job (MB)
	16706712  -  ResidentSetSize of job (KB)
...
006 (11917643.000.000) 07/03 23:44:59 Image size of job updated: 16713000
	16322  -  MemoryUsage of job (MB)
	16713000  -  ResidentSetSize of job (KB)
...
006 (11917643.000.000) 07/03 23:50:00 Image size of job updated: 16719436
	16328  -  MemoryUsage of job (MB)
	16719436  -  ResidentSetSize of job (KB)
...
006 (11917643.000.000) 07/03 23:55:01 Image size of job updated: 16726356
	16335  -  MemoryUsage of job (MB)
	16726356  -  ResidentSetSize of job (KB)
...
006 (11917643.000.000) 07/04 00:00:01 Image size of job updated: 16732920
	16341  -  MemoryUsage of job (MB)
	16732920  -  ResidentSetSize of job (KB)
...
006 (11917643.000.000) 07/04 00:05:01 Image size of job updated: 16739956
	16348  -  MemoryUsage of job (MB)
	16739956  -  ResidentSetSize of job (KB)
...
006 (11917643.000.000) 07/04 00:10:02 Image size of job updated: 16747112
	16355  -  MemoryUsage of job (MB)
	16747112  -  ResidentSetSize of job (KB)
...
006 (11917643.000.000) 07/04 00:15:02 Image size of job updated: 16754568
	16362  -  MemoryUsage of job (MB)
	16754568  -  ResidentSetSize of job (KB)
...
006 (11917643.000.000) 07/04 00:20:02 Image size of job updated: 16761480
	16369  -  MemoryUsage of job (MB)
	16761480  -  ResidentSetSize of job (KB)
...
006 (11917643.000.000) 07/04 00:25:03 Image size of job updated: 16768860
	16376  -  MemoryUsage of job (MB)
	16768860  -  ResidentSetSize of job (KB)
...
006 (11917643.000.000) 07/04 00:30:03 Image size of job updated: 16775996
	16383  -  MemoryUsage of job (MB)
	16775996  -  ResidentSetSize of job (KB)
...
006 (11917643.000.000) 07/04 00:35:03 Image size of job updated: 16781604
	16389  -  MemoryUsage of job (MB)
	16781604  -  ResidentSetSize of job (KB)
...
006 (11917643.000.000) 07/04 00:40:05 Image size of job updated: 16788284
	16395  -  MemoryUsage of job (MB)
	16788284  -  ResidentSetSize of job (KB)
...
006 (11917643.000.000) 07/04 00:45:05 Image size of job updated: 16794412
	16401  -  MemoryUsage of job (MB)
	16794412  -  ResidentSetSize of job (KB)
...
006 (11917643.000.000) 07/04 00:50:05 Image size of job updated: 16801224
	16408  -  MemoryUsage of job (MB)
	16801224  -  ResidentSetSize of job (KB)
...
006 (11917643.000.000) 07/04 00:55:06 Image size of job updated: 16808064
	16415  -  MemoryUsage of job (MB)
	16808064  -  ResidentSetSize of job (KB)
...
006 (11917643.000.000) 07/04 01:00:07 Image size of job updated: 16814616
	16421  -  MemoryUsage of job (MB)
	16814616  -  ResidentSetSize of job (KB)
...
006 (11917643.000.000) 07/04 01:05:07 Image size of job updated: 16820948
	16427  -  MemoryUsage of job (MB)
	16820948  -  ResidentSetSize of job (KB)
...
006 (11917643.000.000) 07/04 01:10:08 Image size of job updated: 16828272
	16434  -  MemoryUsage of job (MB)
	16828272  -  ResidentSetSize of job (KB)
...
006 (11917643.000.000) 07/04 01:15:08 Image size of job updated: 16835140
	16441  -  MemoryUsage of job (MB)
	16835140  -  ResidentSetSize of job (KB)
...
006 (11917643.000.000) 07/04 01:20:08 Image size of job updated: 16842360
	16448  -  MemoryUsage of job (MB)
	16842360  -  ResidentSetSize of job (KB)
...
006 (11917643.000.000) 07/04 01:25:09 Image size of job updated: 16849496
	16455  -  MemoryUsage of job (MB)
	16849496  -  ResidentSetSize of job (KB)
...
006 (11917643.000.000) 07/04 01:30:10 Image size of job updated: 16856548
	16462  -  MemoryUsage of job (MB)
	16856548  -  ResidentSetSize of job (KB)
...
006 (11917643.000.000) 07/04 01:35:10 Image size of job updated: 16863968
	16469  -  MemoryUsage of job (MB)
	16863968  -  ResidentSetSize of job (KB)
...
006 (11917643.000.000) 07/04 01:40:11 Image size of job updated: 16870752
	16476  -  MemoryUsage of job (MB)
	16870752  -  ResidentSetSize of job (KB)
...
006 (11917643.000.000) 07/04 01:45:12 Image size of job updated: 16878348
	16483  -  MemoryUsage of job (MB)
	16878348  -  ResidentSetSize of job (KB)
...
006 (11917643.000.000) 07/04 01:50:12 Image size of job updated: 16883628
	16488  -  MemoryUsage of job (MB)
	16883628  -  ResidentSetSize of job (KB)
...
006 (11917643.000.000) 07/04 01:55:13 Image size of job updated: 16890488
	16495  -  MemoryUsage of job (MB)
	16890488  -  ResidentSetSize of job (KB)
...
006 (11917643.000.000) 07/04 02:00:14 Image size of job updated: 16896836
	16501  -  MemoryUsage of job (MB)
	16896836  -  ResidentSetSize of job (KB)
...
006 (11917643.000.000) 07/04 02:05:14 Image size of job updated: 16903604
	16508  -  MemoryUsage of job (MB)
	16903604  -  ResidentSetSize of job (KB)
...
006 (11917643.000.000) 07/04 02:10:15 Image size of job updated: 16910144
	16514  -  MemoryUsage of job (MB)
	16910144  -  ResidentSetSize of job (KB)
...
006 (11917643.000.000) 07/04 02:15:16 Image size of job updated: 16916552
	16521  -  MemoryUsage of job (MB)
	16916552  -  ResidentSetSize of job (KB)
...
006 (11917643.000.000) 07/04 02:20:16 Image size of job updated: 16923192
	16527  -  MemoryUsage of job (MB)
	16923192  -  ResidentSetSize of job (KB)
...
006 (11917643.000.000) 07/04 02:25:17 Image size of job updated: 16930152
	16534  -  MemoryUsage of job (MB)
	16930152  -  ResidentSetSize of job (KB)
...
006 (11917643.000.000) 07/04 02:30:18 Image size of job updated: 16937220
	16541  -  MemoryUsage of job (MB)
	16937220  -  ResidentSetSize of job (KB)
...
006 (11917643.000.000) 07/04 02:35:18 Image size of job updated: 16944368
	16548  -  MemoryUsage of job (MB)
	16944368  -  ResidentSetSize of job (KB)
...
006 (11917643.000.000) 07/04 02:40:19 Image size of job updated: 16951376
	16555  -  MemoryUsage of job (MB)
	16951376  -  ResidentSetSize of job (KB)
...
006 (11917643.000.000) 07/04 02:45:20 Image size of job updated: 16958656
	16562  -  MemoryUsage of job (MB)
	16958656  -  ResidentSetSize of job (KB)
...
006 (11917643.000.000) 07/04 02:50:20 Image size of job updated: 16965836
	16569  -  MemoryUsage of job (MB)
	16965836  -  ResidentSetSize of job (KB)
...
006 (11917643.000.000) 07/04 02:55:20 Image size of job updated: 16972892
	16576  -  MemoryUsage of job (MB)
	16972892  -  ResidentSetSize of job (KB)
...
006 (11917643.000.000) 07/04 03:00:21 Image size of job updated: 16978872
	16581  -  MemoryUsage of job (MB)
	16978872  -  ResidentSetSize of job (KB)
...
006 (11917643.000.000) 07/04 03:05:21 Image size of job updated: 16985204
	16588  -  MemoryUsage of job (MB)
	16985204  -  ResidentSetSize of job (KB)
...
006 (11917643.000.000) 07/04 03:10:21 Image size of job updated: 16991596
	16594  -  MemoryUsage of job (MB)
	16991596  -  ResidentSetSize of job (KB)
...
006 (11917643.000.000) 07/04 03:15:22 Image size of job updated: 16998480
	16601  -  MemoryUsage of job (MB)
	16998480  -  ResidentSetSize of job (KB)
...
006 (11917643.000.000) 07/04 03:20:22 Image size of job updated: 17004908
	16607  -  MemoryUsage of job (MB)
	17004908  -  ResidentSetSize of job (KB)
...
006 (11917643.000.000) 07/04 03:25:22 Image size of job updated: 17011440
	16613  -  MemoryUsage of job (MB)
	17011440  -  ResidentSetSize of job (KB)
...
006 (11917643.000.000) 07/04 03:30:23 Image size of job updated: 17018284
	16620  -  MemoryUsage of job (MB)
	17018284  -  ResidentSetSize of job (KB)
...
006 (11917643.000.000) 07/04 03:35:23 Image size of job updated: 17024972
	16626  -  MemoryUsage of job (MB)
	17024972  -  ResidentSetSize of job (KB)
...
006 (11917643.000.000) 07/04 03:40:23 Image size of job updated: 17032124
	16633  -  MemoryUsage of job (MB)
	17032124  -  ResidentSetSize of job (KB)
...
006 (11917643.000.000) 07/04 03:45:24 Image size of job updated: 17039528
	16641  -  MemoryUsage of job (MB)
	17039528  -  ResidentSetSize of job (KB)
...
006 (11917643.000.000) 07/04 03:50:24 Image size of job updated: 17046656
	16648  -  MemoryUsage of job (MB)
	17046656  -  ResidentSetSize of job (KB)
...
006 (11917643.000.000) 07/04 03:55:24 Image size of job updated: 17053696
	16654  -  MemoryUsage of job (MB)
	17053696  -  ResidentSetSize of job (KB)
...
006 (11917643.000.000) 07/04 04:00:26 Image size of job updated: 17061088
	16662  -  MemoryUsage of job (MB)
	17061088  -  ResidentSetSize of job (KB)
...
006 (11917643.000.000) 07/04 04:05:26 Image size of job updated: 17068068
	16669  -  MemoryUsage of job (MB)
	17068068  -  ResidentSetSize of job (KB)
...
006 (11917643.000.000) 07/04 04:10:26 Image size of job updated: 17075248
	16676  -  MemoryUsage of job (MB)
	17075248  -  ResidentSetSize of job (KB)
...
006 (11917643.000.000) 07/04 04:15:27 Image size of job updated: 17082272
	16682  -  MemoryUsage of job (MB)
	17082272  -  ResidentSetSize of job (KB)
...
006 (11917643.000.000) 07/04 04:20:28 Image size of job updated: 17088148
	16688  -  MemoryUsage of job (MB)
	17088148  -  ResidentSetSize of job (KB)
...
006 (11917643.000.000) 07/04 04:25:28 Image size of job updated: 17094604
	16694  -  MemoryUsage of job (MB)
	17094604  -  ResidentSetSize of job (KB)
...
006 (11917643.000.000) 07/04 04:30:29 Image size of job updated: 17101504
	16701  -  MemoryUsage of job (MB)
	17101504  -  ResidentSetSize of job (KB)
...
006 (11917643.000.000) 07/04 04:35:30 Image size of job updated: 17108008
	16708  -  MemoryUsage of job (MB)
	17108008  -  ResidentSetSize of job (KB)
...
006 (11917643.000.000) 07/04 04:40:30 Image size of job updated: 17114564
	16714  -  MemoryUsage of job (MB)
	17114564  -  ResidentSetSize of job (KB)
...
006 (11917643.000.000) 07/04 04:45:31 Image size of job updated: 17121316
	16721  -  MemoryUsage of job (MB)
	17121316  -  ResidentSetSize of job (KB)
...
006 (11917643.000.000) 07/04 04:50:32 Image size of job updated: 17127628
	16727  -  MemoryUsage of job (MB)
	17127628  -  ResidentSetSize of job (KB)
...
006 (11917643.000.000) 07/04 04:55:32 Image size of job updated: 17134324
	16733  -  MemoryUsage of job (MB)
	17134324  -  ResidentSetSize of job (KB)
...
006 (11917643.000.000) 07/04 05:00:33 Image size of job updated: 17140848
	16740  -  MemoryUsage of job (MB)
	17140848  -  ResidentSetSize of job (KB)
...
006 (11917643.000.000) 07/04 05:05:34 Image size of job updated: 17147856
	16746  -  MemoryUsage of job (MB)
	17147856  -  ResidentSetSize of job (KB)
...
006 (11917643.000.000) 07/04 05:10:34 Image size of job updated: 17155220
	16754  -  MemoryUsage of job (MB)
	17155220  -  ResidentSetSize of job (KB)
...
006 (11917643.000.000) 07/04 05:15:35 Image size of job updated: 17162368
	16761  -  MemoryUsage of job (MB)
	17162368  -  ResidentSetSize of job (KB)
...
006 (11917643.000.000) 07/04 05:20:36 Image size of job updated: 17169676
	16768  -  MemoryUsage of job (MB)
	17169676  -  ResidentSetSize of job (KB)
...
006 (11917643.000.000) 07/04 05:25:36 Image size of job updated: 17176896
	16775  -  MemoryUsage of job (MB)
	17176896  -  ResidentSetSize of job (KB)
...
006 (11917643.000.000) 07/04 05:30:37 Image size of job updated: 17183848
	16782  -  MemoryUsage of job (MB)
	17183848  -  ResidentSetSize of job (KB)
...
006 (11917643.000.000) 07/04 05:35:38 Image size of job updated: 17191152
	16789  -  MemoryUsage of job (MB)
	17191152  -  ResidentSetSize of job (KB)
...
006 (11917643.000.000) 07/04 05:40:38 Image size of job updated: 17198360
	16796  -  MemoryUsage of job (MB)
	17198360  -  ResidentSetSize of job (KB)
...
006 (11917643.000.000) 07/04 05:45:39 Image size of job updated: 17205256
	16803  -  MemoryUsage of job (MB)
	17205256  -  ResidentSetSize of job (KB)
...
006 (11917643.000.000) 07/04 05:50:40 Image size of job updated: 17212516
	16810  -  MemoryUsage of job (MB)
	17212516  -  ResidentSetSize of job (KB)
...
006 (11917643.000.000) 07/04 05:55:40 Image size of job updated: 17219752
	16817  -  MemoryUsage of job (MB)
	17219752  -  ResidentSetSize of job (KB)
...
006 (11917643.000.000) 07/04 06:00:41 Image size of job updated: 17226824
	16824  -  MemoryUsage of job (MB)
	17226824  -  ResidentSetSize of job (KB)
...
006 (11917643.000.000) 07/04 06:05:42 Image size of job updated: 17234108
	16831  -  MemoryUsage of job (MB)
	17234108  -  ResidentSetSize of job (KB)
...
006 (11917643.000.000) 07/04 06:10:42 Image size of job updated: 17264236
	16860  -  MemoryUsage of job (MB)
	17264236  -  ResidentSetSize of job (KB)
...
006 (11917643.000.000) 07/04 06:15:43 Image size of job updated: 17271476
	16867  -  MemoryUsage of job (MB)
	17271476  -  ResidentSetSize of job (KB)
...
006 (11917643.000.000) 07/04 06:20:43 Image size of job updated: 17277112
	16873  -  MemoryUsage of job (MB)
	17277112  -  ResidentSetSize of job (KB)
...
006 (11917643.000.000) 07/04 06:25:43 Image size of job updated: 17283280
	16879  -  MemoryUsage of job (MB)
	17283280  -  ResidentSetSize of job (KB)
...
006 (11917643.000.000) 07/04 06:30:44 Image size of job updated: 17289744
	16885  -  MemoryUsage of job (MB)
	17289744  -  ResidentSetSize of job (KB)
...
006 (11917643.000.000) 07/04 06:35:45 Image size of job updated: 17296220
	16891  -  MemoryUsage of job (MB)
	17296220  -  ResidentSetSize of job (KB)
...
006 (11917643.000.000) 07/04 06:40:45 Image size of job updated: 17302768
	16898  -  MemoryUsage of job (MB)
	17302768  -  ResidentSetSize of job (KB)
...
006 (11917643.000.000) 07/04 06:45:46 Image size of job updated: 17309540
	16904  -  MemoryUsage of job (MB)
	17309540  -  ResidentSetSize of job (KB)
...
006 (11917643.000.000) 07/04 06:50:46 Image size of job updated: 17316048
	16911  -  MemoryUsage of job (MB)
	17316048  -  ResidentSetSize of job (KB)
...
006 (11917643.000.000) 07/04 06:55:46 Image size of job updated: 17322660
	16917  -  MemoryUsage of job (MB)
	17322660  -  ResidentSetSize of job (KB)
...
006 (11917643.000.000) 07/04 07:00:47 Image size of job updated: 17329128
	16923  -  MemoryUsage of job (MB)
	17329128  -  ResidentSetSize of job (KB)
...
006 (11917643.000.000) 07/04 07:05:47 Image size of job updated: 17335724
	16930  -  MemoryUsage of job (MB)
	17335724  -  ResidentSetSize of job (KB)
...
006 (11917643.000.000) 07/04 07:10:47 Image size of job updated: 17442740
	17034  -  MemoryUsage of job (MB)
	17442740  -  ResidentSetSize of job (KB)
...
006 (11917643.000.000) 07/04 07:15:48 Image size of job updated: 17449240
	17041  -  MemoryUsage of job (MB)
	17449240  -  ResidentSetSize of job (KB)
...
006 (11917643.000.000) 07/04 07:20:49 Image size of job updated: 17455904
	17047  -  MemoryUsage of job (MB)
	17455904  -  ResidentSetSize of job (KB)
...
006 (11917643.000.000) 07/04 07:25:49 Image size of job updated: 17462956
	17054  -  MemoryUsage of job (MB)
	17462956  -  ResidentSetSize of job (KB)
...
006 (11917643.000.000) 07/04 07:30:50 Image size of job updated: 17470232
	17061  -  MemoryUsage of job (MB)
	17470232  -  ResidentSetSize of job (KB)
...
006 (11917643.000.000) 07/04 07:35:51 Image size of job updated: 17477212
	17068  -  MemoryUsage of job (MB)
	17477212  -  ResidentSetSize of job (KB)
...
006 (11917643.000.000) 07/04 07:40:51 Image size of job updated: 17484536
	17075  -  MemoryUsage of job (MB)
	17484536  -  ResidentSetSize of job (KB)
...
006 (11917643.000.000) 07/04 07:45:52 Image size of job updated: 17491688
	17082  -  MemoryUsage of job (MB)
	17491688  -  ResidentSetSize of job (KB)
...
006 (11917643.000.000) 07/04 07:50:53 Image size of job updated: 17497060
	17087  -  MemoryUsage of job (MB)
	17497060  -  ResidentSetSize of job (KB)
...
006 (11917643.000.000) 07/04 07:55:53 Image size of job updated: 17503932
	17094  -  MemoryUsage of job (MB)
	17503932  -  ResidentSetSize of job (KB)
...
006 (11917643.000.000) 07/04 08:00:54 Image size of job updated: 17510280
	17100  -  MemoryUsage of job (MB)
	17510280  -  ResidentSetSize of job (KB)
...
006 (11917643.000.000) 07/04 08:05:55 Image size of job updated: 17516880
	17107  -  MemoryUsage of job (MB)
	17516880  -  ResidentSetSize of job (KB)
...
006 (11917643.000.000) 07/04 08:10:55 Image size of job updated: 17523396
	17113  -  MemoryUsage of job (MB)
	17523396  -  ResidentSetSize of job (KB)
...
006 (11917643.000.000) 07/04 08:15:56 Image size of job updated: 17529852
	17119  -  MemoryUsage of job (MB)
	17529852  -  ResidentSetSize of job (KB)
...
006 (11917643.000.000) 07/04 08:20:57 Image size of job updated: 17536528
	17126  -  MemoryUsage of job (MB)
	17536528  -  ResidentSetSize of job (KB)
...
006 (11917643.000.000) 07/04 08:25:57 Image size of job updated: 17543248
	17133  -  MemoryUsage of job (MB)
	17543248  -  ResidentSetSize of job (KB)
...
006 (11917643.000.000) 07/04 08:30:57 Image size of job updated: 17549800
	17139  -  MemoryUsage of job (MB)
	17549800  -  ResidentSetSize of job (KB)
...
006 (11917643.000.000) 07/04 08:35:58 Image size of job updated: 17556916
	17146  -  MemoryUsage of job (MB)
	17556916  -  ResidentSetSize of job (KB)
...
006 (11917643.000.000) 07/04 08:40:58 Image size of job updated: 17564048
	17153  -  MemoryUsage of job (MB)
	17564048  -  ResidentSetSize of job (KB)
...
006 (11917643.000.000) 07/04 08:45:58 Image size of job updated: 17571300
	17160  -  MemoryUsage of job (MB)
	17571300  -  ResidentSetSize of job (KB)
...
006 (11917643.000.000) 07/04 08:50:59 Image size of job updated: 17578012
	17167  -  MemoryUsage of job (MB)
	17578012  -  ResidentSetSize of job (KB)
...
006 (11917643.000.000) 07/04 08:55:59 Image size of job updated: 17585544
	17174  -  MemoryUsage of job (MB)
	17585544  -  ResidentSetSize of job (KB)
...
006 (11917643.000.000) 07/04 09:01:00 Image size of job updated: 17592616
	17181  -  MemoryUsage of job (MB)
	17592616  -  ResidentSetSize of job (KB)
...
006 (11917643.000.000) 07/04 09:06:01 Image size of job updated: 17599508
	17188  -  MemoryUsage of job (MB)
	17599508  -  ResidentSetSize of job (KB)
...
006 (11917643.000.000) 07/04 09:11:01 Image size of job updated: 17607180
	17195  -  MemoryUsage of job (MB)
	17607180  -  ResidentSetSize of job (KB)
...
006 (11917643.000.000) 07/04 09:16:02 Image size of job updated: 17614008
	17202  -  MemoryUsage of job (MB)
	17614008  -  ResidentSetSize of job (KB)
...
006 (11917643.000.000) 07/04 09:21:03 Image size of job updated: 17619652
	17207  -  MemoryUsage of job (MB)
	17619652  -  ResidentSetSize of job (KB)
...
006 (11917643.000.000) 07/04 09:26:03 Image size of job updated: 17626124
	17214  -  MemoryUsage of job (MB)
	17626124  -  ResidentSetSize of job (KB)
...
006 (11917643.000.000) 07/04 09:31:04 Image size of job updated: 17632560
	17220  -  MemoryUsage of job (MB)
	17632560  -  ResidentSetSize of job (KB)
...
006 (11917643.000.000) 07/04 09:36:05 Image size of job updated: 17639324
	17226  -  MemoryUsage of job (MB)
	17639324  -  ResidentSetSize of job (KB)
...
006 (11917643.000.000) 07/04 09:41:05 Image size of job updated: 17645948
	17233  -  MemoryUsage of job (MB)
	17645948  -  ResidentSetSize of job (KB)
...
006 (11917643.000.000) 07/04 09:46:05 Image size of job updated: 17652368
	17239  -  MemoryUsage of job (MB)
	17652368  -  ResidentSetSize of job (KB)
...
006 (11917643.000.000) 07/04 09:51:06 Image size of job updated: 17658900
	17246  -  MemoryUsage of job (MB)
	17658900  -  ResidentSetSize of job (KB)
...
006 (11917643.000.000) 07/04 09:56:06 Image size of job updated: 17665596
	17252  -  MemoryUsage of job (MB)
	17665596  -  ResidentSetSize of job (KB)
...
006 (11917643.000.000) 07/04 10:01:06 Image size of job updated: 17672296
	17259  -  MemoryUsage of job (MB)
	17672296  -  ResidentSetSize of job (KB)
...
006 (11917643.000.000) 07/04 10:06:07 Image size of job updated: 17678844
	17265  -  MemoryUsage of job (MB)
	17678844  -  ResidentSetSize of job (KB)
...
006 (11917643.000.000) 07/04 10:11:07 Image size of job updated: 17685760
	17272  -  MemoryUsage of job (MB)
	17685760  -  ResidentSetSize of job (KB)
...
006 (11917643.000.000) 07/04 10:16:07 Image size of job updated: 17693112
	17279  -  MemoryUsage of job (MB)
	17693112  -  ResidentSetSize of job (KB)
...
006 (11917643.000.000) 07/04 10:21:08 Image size of job updated: 17699088
	17285  -  MemoryUsage of job (MB)
	17699088  -  ResidentSetSize of job (KB)
...
006 (11917643.000.000) 07/04 10:26:08 Image size of job updated: 17705900
	17291  -  MemoryUsage of job (MB)
	17705900  -  ResidentSetSize of job (KB)
...
006 (11917643.000.000) 07/04 10:31:08 Image size of job updated: 17712284
	17298  -  MemoryUsage of job (MB)
	17712284  -  ResidentSetSize of job (KB)
...
006 (11917643.000.000) 07/04 10:36:09 Image size of job updated: 17718944
	17304  -  MemoryUsage of job (MB)
	17718944  -  ResidentSetSize of job (KB)
...
006 (11917643.000.000) 07/04 10:41:10 Image size of job updated: 17725492
	17311  -  MemoryUsage of job (MB)
	17725492  -  ResidentSetSize of job (KB)
...
006 (11917643.000.000) 07/04 10:46:10 Image size of job updated: 17731876
	17317  -  MemoryUsage of job (MB)
	17731876  -  ResidentSetSize of job (KB)
...
006 (11917643.000.000) 07/04 10:51:11 Image size of job updated: 17738912
	17324  -  MemoryUsage of job (MB)
	17738912  -  ResidentSetSize of job (KB)
...
006 (11917643.000.000) 07/04 10:56:12 Image size of job updated: 17746152
	17331  -  MemoryUsage of job (MB)
	17746152  -  ResidentSetSize of job (KB)
...
006 (11917643.000.000) 07/04 11:01:12 Image size of job updated: 17753424
	17338  -  MemoryUsage of job (MB)
	17753424  -  ResidentSetSize of job (KB)
...
006 (11917643.000.000) 07/04 11:06:13 Image size of job updated: 17760484
	17345  -  MemoryUsage of job (MB)
	17760484  -  ResidentSetSize of job (KB)
...
006 (11917643.000.000) 07/04 11:11:14 Image size of job updated: 17767848
	17352  -  MemoryUsage of job (MB)
	17767848  -  ResidentSetSize of job (KB)
...
006 (11917643.000.000) 07/04 11:16:14 Image size of job updated: 17774944
	17359  -  MemoryUsage of job (MB)
	17774944  -  ResidentSetSize of job (KB)
...
006 (11917643.000.000) 07/04 11:21:15 Image size of job updated: 17782116
	17366  -  MemoryUsage of job (MB)
	17782116  -  ResidentSetSize of job (KB)
...
006 (11917643.000.000) 07/04 11:26:16 Image size of job updated: 17789584
	17373  -  MemoryUsage of job (MB)
	17789584  -  ResidentSetSize of job (KB)
...
006 (11917643.000.000) 07/04 11:31:16 Image size of job updated: 17796896
	17380  -  MemoryUsage of job (MB)
	17796896  -  ResidentSetSize of job (KB)
...
006 (11917643.000.000) 07/04 11:36:17 Image size of job updated: 17803772
	17387  -  MemoryUsage of job (MB)
	17803772  -  ResidentSetSize of job (KB)
...
006 (11917643.000.000) 07/04 11:41:18 Image size of job updated: 17811052
	17394  -  MemoryUsage of job (MB)
	17811052  -  ResidentSetSize of job (KB)
...
006 (11917643.000.000) 07/04 11:46:18 Image size of job updated: 17818240
	17401  -  MemoryUsage of job (MB)
	17818240  -  ResidentSetSize of job (KB)
...
006 (11917643.000.000) 07/04 11:51:19 Image size of job updated: 17823680
	17406  -  MemoryUsage of job (MB)
	17823680  -  ResidentSetSize of job (KB)
...
006 (11917643.000.000) 07/04 11:56:20 Image size of job updated: 17829956
	17413  -  MemoryUsage of job (MB)
	17829956  -  ResidentSetSize of job (KB)
...
006 (11917643.000.000) 07/04 12:01:20 Image size of job updated: 17836676
	17419  -  MemoryUsage of job (MB)
	17836676  -  ResidentSetSize of job (KB)
...
006 (11917643.000.000) 07/04 12:06:21 Image size of job updated: 17843304
	17426  -  MemoryUsage of job (MB)
	17843304  -  ResidentSetSize of job (KB)
...
006 (11917643.000.000) 07/04 12:11:22 Image size of job updated: 17849608
	17432  -  MemoryUsage of job (MB)
	17849608  -  ResidentSetSize of job (KB)
...
006 (11917643.000.000) 07/04 12:16:22 Image size of job updated: 17856032
	17438  -  MemoryUsage of job (MB)
	17856032  -  ResidentSetSize of job (KB)
...
006 (11917643.000.000) 07/04 12:21:22 Image size of job updated: 17862560
	17444  -  MemoryUsage of job (MB)
	17862560  -  ResidentSetSize of job (KB)
...
006 (11917643.000.000) 07/04 12:26:23 Image size of job updated: 17869536
	17451  -  MemoryUsage of job (MB)
	17869536  -  ResidentSetSize of job (KB)
...
006 (11917643.000.000) 07/04 12:31:23 Image size of job updated: 17876176
	17458  -  MemoryUsage of job (MB)
	17876176  -  ResidentSetSize of job (KB)
...
006 (11917643.000.000) 07/04 12:36:23 Image size of job updated: 17882880
	17464  -  MemoryUsage of job (MB)
	17882880  -  ResidentSetSize of job (KB)
...
006 (11917643.000.000) 07/04 12:41:24 Image size of job updated: 17890400
	17472  -  MemoryUsage of job (MB)
	17890400  -  ResidentSetSize of job (KB)
...
006 (11917643.000.000) 07/04 12:46:24 Image size of job updated: 17897608
	17479  -  MemoryUsage of job (MB)
	17897608  -  ResidentSetSize of job (KB)
...
006 (11917643.000.000) 07/04 12:51:24 Image size of job updated: 17904524
	17485  -  MemoryUsage of job (MB)
	17904524  -  ResidentSetSize of job (KB)
...
006 (11917643.000.000) 07/04 12:56:26 Image size of job updated: 17911744
	17492  -  MemoryUsage of job (MB)
	17911744  -  ResidentSetSize of job (KB)
...
006 (11917643.000.000) 07/04 13:01:26 Image size of job updated: 17918776
	17499  -  MemoryUsage of job (MB)
	17918776  -  ResidentSetSize of job (KB)
...
006 (11917643.000.000) 07/04 13:06:26 Image size of job updated: 17925552
	17506  -  MemoryUsage of job (MB)
	17925552  -  ResidentSetSize of job (KB)
...
006 (11917643.000.000) 07/04 13:11:27 Image size of job updated: 17932124
	17512  -  MemoryUsage of job (MB)
	17932124  -  ResidentSetSize of job (KB)
...
006 (11917643.000.000) 07/04 13:16:28 Image size of job updated: 17938796
	17519  -  MemoryUsage of job (MB)
	17938796  -  ResidentSetSize of job (KB)
...
006 (11917643.000.000) 07/04 13:21:28 Image size of job updated: 17945396
	17525  -  MemoryUsage of job (MB)
	17945396  -  ResidentSetSize of job (KB)
...
006 (11917643.000.000) 07/04 13:26:29 Image size of job updated: 17952244
	17532  -  MemoryUsage of job (MB)
	17952244  -  ResidentSetSize of job (KB)
...
006 (11917643.000.000) 07/04 13:31:30 Image size of job updated: 17958540
	17538  -  MemoryUsage of job (MB)
	17958540  -  ResidentSetSize of job (KB)
...
006 (11917643.000.000) 07/04 13:36:30 Image size of job updated: 17965260
	17545  -  MemoryUsage of job (MB)
	17965260  -  ResidentSetSize of job (KB)
...
006 (11917643.000.000) 07/04 13:41:31 Image size of job updated: 17972524
	17552  -  MemoryUsage of job (MB)
	17972524  -  ResidentSetSize of job (KB)
...
006 (11917643.000.000) 07/04 13:46:32 Image size of job updated: 17979672
	17559  -  MemoryUsage of job (MB)
	17979672  -  ResidentSetSize of job (KB)
...
006 (11917643.000.000) 07/04 13:51:32 Image size of job updated: 17987036
	17566  -  MemoryUsage of job (MB)
	17987036  -  ResidentSetSize of job (KB)
...
006 (11917643.000.000) 07/04 13:56:33 Image size of job updated: 17994132
	17573  -  MemoryUsage of job (MB)
	17994132  -  ResidentSetSize of job (KB)
...
006 (11917643.000.000) 07/04 14:01:34 Image size of job updated: 18001692
	17580  -  MemoryUsage of job (MB)
	18001692  -  ResidentSetSize of job (KB)
...
006 (11917643.000.000) 07/04 14:06:34 Image size of job updated: 18010604
	17589  -  MemoryUsage of job (MB)
	18010604  -  ResidentSetSize of job (KB)
...
006 (11917643.000.000) 07/04 14:11:34 Image size of job updated: 18017792
	17596  -  MemoryUsage of job (MB)
	18017792  -  ResidentSetSize of job (KB)
...
006 (11917643.000.000) 07/04 14:16:35 Image size of job updated: 18024836
	17603  -  MemoryUsage of job (MB)
	18024836  -  ResidentSetSize of job (KB)
...
006 (11917643.000.000) 07/04 14:21:35 Image size of job updated: 18031916
	17610  -  MemoryUsage of job (MB)
	18031916  -  ResidentSetSize of job (KB)
...
006 (11917643.000.000) 07/04 14:26:35 Image size of job updated: 18040488
	17618  -  MemoryUsage of job (MB)
	18040488  -  ResidentSetSize of job (KB)
...
006 (11917643.000.000) 07/04 14:31:36 Image size of job updated: 18047020
	17625  -  MemoryUsage of job (MB)
	18047020  -  ResidentSetSize of job (KB)
...
006 (11917643.000.000) 07/04 14:36:36 Image size of job updated: 18052692
	17630  -  MemoryUsage of job (MB)
	18052692  -  ResidentSetSize of job (KB)
...
006 (11917643.000.000) 07/04 14:41:37 Image size of job updated: 18059436
	17637  -  MemoryUsage of job (MB)
	18059436  -  ResidentSetSize of job (KB)
...
006 (11917643.000.000) 07/04 14:46:38 Image size of job updated: 18066864
	17644  -  MemoryUsage of job (MB)
	18066864  -  ResidentSetSize of job (KB)
...
006 (11917643.000.000) 07/04 14:51:38 Image size of job updated: 18077956
	17655  -  MemoryUsage of job (MB)
	18077956  -  ResidentSetSize of job (KB)
...
006 (11917643.000.000) 07/04 14:56:38 Image size of job updated: 18084836
	17661  -  MemoryUsage of job (MB)
	18084836  -  ResidentSetSize of job (KB)
...
006 (11917643.000.000) 07/04 15:01:39 Image size of job updated: 18091312
	17668  -  MemoryUsage of job (MB)
	18091312  -  ResidentSetSize of job (KB)
...
006 (11917643.000.000) 07/04 15:06:39 Image size of job updated: 18098168
	17674  -  MemoryUsage of job (MB)
	18098168  -  ResidentSetSize of job (KB)
...
006 (11917643.000.000) 07/04 15:11:39 Image size of job updated: 18104816
	17681  -  MemoryUsage of job (MB)
	18104816  -  ResidentSetSize of job (KB)
...
006 (11917643.000.000) 07/04 15:16:40 Image size of job updated: 18111680
	17688  -  MemoryUsage of job (MB)
	18111680  -  ResidentSetSize of job (KB)
...
006 (11917643.000.000) 07/04 15:21:40 Image size of job updated: 18118900
	17695  -  MemoryUsage of job (MB)
	18118900  -  ResidentSetSize of job (KB)
...
006 (11917643.000.000) 07/04 15:26:40 Image size of job updated: 18125900
	17702  -  MemoryUsage of job (MB)
	18125900  -  ResidentSetSize of job (KB)
...
006 (11917643.000.000) 07/04 15:31:41 Image size of job updated: 18133336
	17709  -  MemoryUsage of job (MB)
	18133336  -  ResidentSetSize of job (KB)
...
006 (11917643.000.000) 07/04 15:36:41 Image size of job updated: 18139644
	17715  -  MemoryUsage of job (MB)
	18139644  -  ResidentSetSize of job (KB)
...
006 (11917643.000.000) 07/04 15:41:41 Image size of job updated: 18145940
	17721  -  MemoryUsage of job (MB)
	18145940  -  ResidentSetSize of job (KB)
...
006 (11917643.000.000) 07/04 15:46:42 Image size of job updated: 18152952
	17728  -  MemoryUsage of job (MB)
	18152952  -  ResidentSetSize of job (KB)
...
006 (11917643.000.000) 07/04 15:51:42 Image size of job updated: 18159440
	17734  -  MemoryUsage of job (MB)
	18159440  -  ResidentSetSize of job (KB)
...
006 (11917643.000.000) 07/04 15:56:42 Image size of job updated: 18166044
	17741  -  MemoryUsage of job (MB)
	18166044  -  ResidentSetSize of job (KB)
...
006 (11917643.000.000) 07/04 16:01:43 Image size of job updated: 18172740
	17747  -  MemoryUsage of job (MB)
	18172740  -  ResidentSetSize of job (KB)
...
006 (11917643.000.000) 07/04 16:06:44 Image size of job updated: 18179212
	17754  -  MemoryUsage of job (MB)
	18179212  -  ResidentSetSize of job (KB)
...
006 (11917643.000.000) 07/04 16:11:44 Image size of job updated: 18186780
	17761  -  MemoryUsage of job (MB)
	18186780  -  ResidentSetSize of job (KB)
...
006 (11917643.000.000) 07/04 16:16:45 Image size of job updated: 18194848
	17769  -  MemoryUsage of job (MB)
	18194848  -  ResidentSetSize of job (KB)
...
006 (11917643.000.000) 07/04 16:21:46 Image size of job updated: 18201608
	17776  -  MemoryUsage of job (MB)
	18201608  -  ResidentSetSize of job (KB)
...
006 (11917643.000.000) 07/04 16:26:46 Image size of job updated: 18208724
	17782  -  MemoryUsage of job (MB)
	18208724  -  ResidentSetSize of job (KB)
...
006 (11917643.000.000) 07/04 16:31:47 Image size of job updated: 18216160
	17790  -  MemoryUsage of job (MB)
	18216160  -  ResidentSetSize of job (KB)
...
006 (11917643.000.000) 07/04 16:36:48 Image size of job updated: 18223532
	17797  -  MemoryUsage of job (MB)
	18223532  -  ResidentSetSize of job (KB)
...
006 (11917643.000.000) 07/04 16:41:48 Image size of job updated: 18230624
	17804  -  MemoryUsage of job (MB)
	18230624  -  ResidentSetSize of job (KB)
...
006 (11917643.000.000) 07/04 16:46:49 Image size of job updated: 18238360
	17811  -  MemoryUsage of job (MB)
	18238360  -  ResidentSetSize of job (KB)
...
006 (11917643.000.000) 07/04 16:51:50 Image size of job updated: 18245372
	17818  -  MemoryUsage of job (MB)
	18245372  -  ResidentSetSize of job (KB)
...
006 (11917643.000.000) 07/04 16:56:50 Image size of job updated: 18252392
	17825  -  MemoryUsage of job (MB)
	18252392  -  ResidentSetSize of job (KB)
...
006 (11917643.000.000) 07/04 17:01:51 Image size of job updated: 18258032
	17831  -  MemoryUsage of job (MB)
	18258032  -  ResidentSetSize of job (KB)
...
006 (11917643.000.000) 07/04 17:06:52 Image size of job updated: 18264508
	17837  -  MemoryUsage of job (MB)
	18264508  -  ResidentSetSize of job (KB)
...
006 (11917643.000.000) 07/04 17:11:52 Image size of job updated: 18271312
	17844  -  MemoryUsage of job (MB)
	18271312  -  ResidentSetSize of job (KB)
...
006 (11917643.000.000) 07/04 17:16:52 Image size of job updated: 18277880
	17850  -  MemoryUsage of job (MB)
	18277880  -  ResidentSetSize of job (KB)
...
006 (11917643.000.000) 07/04 17:21:53 Image size of job updated: 18284688
	17857  -  MemoryUsage of job (MB)
	18284688  -  ResidentSetSize of job (KB)
...
006 (11917643.000.000) 07/04 17:26:53 Image size of job updated: 18291260
	17863  -  MemoryUsage of job (MB)
	18291260  -  ResidentSetSize of job (KB)
...
006 (11917643.000.000) 07/04 17:31:53 Image size of job updated: 18297748
	17869  -  MemoryUsage of job (MB)
	18297748  -  ResidentSetSize of job (KB)
...
006 (11917643.000.000) 07/04 17:36:54 Image size of job updated: 18304948
	17876  -  MemoryUsage of job (MB)
	18304948  -  ResidentSetSize of job (KB)
...
006 (11917643.000.000) 07/04 17:41:54 Image size of job updated: 18311992
	17883  -  MemoryUsage of job (MB)
	18311992  -  ResidentSetSize of job (KB)
...
006 (11917643.000.000) 07/04 17:46:54 Image size of job updated: 18319320
	17890  -  MemoryUsage of job (MB)
	18319320  -  ResidentSetSize of job (KB)
...
006 (11917643.000.000) 07/04 17:51:55 Image size of job updated: 18326664
	17898  -  MemoryUsage of job (MB)
	18326664  -  ResidentSetSize of job (KB)
...
006 (11917643.000.000) 07/04 17:56:55 Image size of job updated: 18333680
	17904  -  MemoryUsage of job (MB)
	18333680  -  ResidentSetSize of job (KB)
...
006 (11917643.000.000) 07/04 18:01:55 Image size of job updated: 18341220
	17912  -  MemoryUsage of job (MB)
	18341220  -  ResidentSetSize of job (KB)
...
006 (11917643.000.000) 07/04 18:06:56 Image size of job updated: 18348556
	17919  -  MemoryUsage of job (MB)
	18348556  -  ResidentSetSize of job (KB)
...
006 (11917643.000.000) 07/04 18:11:56 Image size of job updated: 18355620
	17926  -  MemoryUsage of job (MB)
	18355620  -  ResidentSetSize of job (KB)
...
006 (11917643.000.000) 07/04 18:16:56 Image size of job updated: 18362544
	17933  -  MemoryUsage of job (MB)
	18362544  -  ResidentSetSize of job (KB)
...
006 (11917643.000.000) 07/04 18:21:57 Image size of job updated: 18370212
	17940  -  MemoryUsage of job (MB)
	18370212  -  ResidentSetSize of job (KB)
...
006 (11917643.000.000) 07/04 18:26:58 Image size of job updated: 18377616
	17947  -  MemoryUsage of job (MB)
	18377616  -  ResidentSetSize of job (KB)
...
006 (11917643.000.000) 07/04 18:31:58 Image size of job updated: 18384544
	17954  -  MemoryUsage of job (MB)
	18384544  -  ResidentSetSize of job (KB)
...
006 (11917643.000.000) 07/04 18:36:59 Image size of job updated: 18389720
	17959  -  MemoryUsage of job (MB)
	18389720  -  ResidentSetSize of job (KB)
...
006 (11917643.000.000) 07/04 18:42:00 Image size of job updated: 18396992
	17966  -  MemoryUsage of job (MB)
	18396992  -  ResidentSetSize of job (KB)
...
006 (11917643.000.000) 07/04 18:47:00 Image size of job updated: 18403352
	17973  -  MemoryUsage of job (MB)
	18403352  -  ResidentSetSize of job (KB)
...
006 (11917643.000.000) 07/04 18:52:01 Image size of job updated: 18410252
	17979  -  MemoryUsage of job (MB)
	18410252  -  ResidentSetSize of job (KB)
...
006 (11917643.000.000) 07/04 18:57:02 Image size of job updated: 18416756
	17986  -  MemoryUsage of job (MB)
	18416756  -  ResidentSetSize of job (KB)
...
006 (11917643.000.000) 07/04 19:02:02 Image size of job updated: 18423272
	17992  -  MemoryUsage of job (MB)
	18423272  -  ResidentSetSize of job (KB)
...
006 (11917643.000.000) 07/04 19:07:03 Image size of job updated: 18430200
	17999  -  MemoryUsage of job (MB)
	18430200  -  ResidentSetSize of job (KB)
...
006 (11917643.000.000) 07/04 19:12:04 Image size of job updated: 18436724
	18005  -  MemoryUsage of job (MB)
	18436724  -  ResidentSetSize of job (KB)
...
006 (11917643.000.000) 07/04 19:17:04 Image size of job updated: 18443888
	18012  -  MemoryUsage of job (MB)
	18443888  -  ResidentSetSize of job (KB)
...
006 (11917643.000.000) 07/04 19:22:04 Image size of job updated: 18450152
	18018  -  MemoryUsage of job (MB)
	18450152  -  ResidentSetSize of job (KB)
...
006 (11917643.000.000) 07/04 19:27:05 Image size of job updated: 18457304
	18025  -  MemoryUsage of job (MB)
	18457304  -  ResidentSetSize of job (KB)
...
006 (11917643.000.000) 07/04 19:32:05 Image size of job updated: 18464668
	18032  -  MemoryUsage of job (MB)
	18464668  -  ResidentSetSize of job (KB)
...
006 (11917643.000.000) 07/04 19:37:05 Image size of job updated: 18472252
	18040  -  MemoryUsage of job (MB)
	18472252  -  ResidentSetSize of job (KB)
...
006 (11917643.000.000) 07/04 19:42:06 Image size of job updated: 18479540
	18047  -  MemoryUsage of job (MB)
	18479540  -  ResidentSetSize of job (KB)
...
006 (11917643.000.000) 07/04 19:47:06 Image size of job updated: 18486544
	18054  -  MemoryUsage of job (MB)
	18486544  -  ResidentSetSize of job (KB)
...
006 (11917643.000.000) 07/04 19:52:06 Image size of job updated: 18493876
	18061  -  MemoryUsage of job (MB)
	18493876  -  ResidentSetSize of job (KB)
...
006 (11917643.000.000) 07/04 19:57:07 Image size of job updated: 18501336
	18068  -  MemoryUsage of job (MB)
	18501336  -  ResidentSetSize of job (KB)
...
006 (11917643.000.000) 07/04 20:02:07 Image size of job updated: 18508284
	18075  -  MemoryUsage of job (MB)
	18508284  -  ResidentSetSize of job (KB)
...
006 (11917643.000.000) 07/04 20:07:07 Image size of job updated: 18515896
	18082  -  MemoryUsage of job (MB)
	18515896  -  ResidentSetSize of job (KB)
...
006 (11917643.000.000) 07/04 20:12:08 Image size of job updated: 18521572
	18088  -  MemoryUsage of job (MB)
	18521572  -  ResidentSetSize of job (KB)
...
006 (11917643.000.000) 07/04 20:17:09 Image size of job updated: 18526208
	18092  -  MemoryUsage of job (MB)
	18526208  -  ResidentSetSize of job (KB)
...
006 (11917643.000.000) 07/04 20:22:09 Image size of job updated: 18533036
	18099  -  MemoryUsage of job (MB)
	18533036  -  ResidentSetSize of job (KB)
...
006 (11917643.000.000) 07/04 20:27:10 Image size of job updated: 18539400
	18105  -  MemoryUsage of job (MB)
	18539400  -  ResidentSetSize of job (KB)
...
006 (11917643.000.000) 07/04 20:32:11 Image size of job updated: 18546376
	18112  -  MemoryUsage of job (MB)
	18546376  -  ResidentSetSize of job (KB)
...
006 (11917643.000.000) 07/04 20:37:11 Image size of job updated: 18553148
	18119  -  MemoryUsage of job (MB)
	18553148  -  ResidentSetSize of job (KB)
...
006 (11917643.000.000) 07/04 20:42:12 Image size of job updated: 18559732
	18125  -  MemoryUsage of job (MB)
	18559732  -  ResidentSetSize of job (KB)
...
006 (11917643.000.000) 07/04 20:47:13 Image size of job updated: 18566428
	18132  -  MemoryUsage of job (MB)
	18566428  -  ResidentSetSize of job (KB)
...
006 (11917643.000.000) 07/04 20:52:13 Image size of job updated: 18572900
	18138  -  MemoryUsage of job (MB)
	18572900  -  ResidentSetSize of job (KB)
...
006 (11917643.000.000) 07/04 20:57:14 Image size of job updated: 18579692
	18145  -  MemoryUsage of job (MB)
	18579692  -  ResidentSetSize of job (KB)
...
006 (11917643.000.000) 07/04 21:02:15 Image size of job updated: 18586356
	18151  -  MemoryUsage of job (MB)
	18586356  -  ResidentSetSize of job (KB)
...
006 (11917643.000.000) 07/04 21:07:15 Image size of job updated: 18593544
	18158  -  MemoryUsage of job (MB)
	18593544  -  ResidentSetSize of job (KB)
...
006 (11917643.000.000) 07/04 21:12:15 Image size of job updated: 18601032
	18166  -  MemoryUsage of job (MB)
	18601032  -  ResidentSetSize of job (KB)
...
006 (11917643.000.000) 07/04 21:17:16 Image size of job updated: 18608504
	18173  -  MemoryUsage of job (MB)
	18608504  -  ResidentSetSize of job (KB)
...
006 (11917643.000.000) 07/04 21:22:16 Image size of job updated: 18615828
	18180  -  MemoryUsage of job (MB)
	18615828  -  ResidentSetSize of job (KB)
...
006 (11917643.000.000) 07/04 21:27:16 Image size of job updated: 18621584
	18186  -  MemoryUsage of job (MB)
	18621584  -  ResidentSetSize of job (KB)
...
006 (11917643.000.000) 07/04 21:32:17 Image size of job updated: 18628160
	18192  -  MemoryUsage of job (MB)
	18628160  -  ResidentSetSize of job (KB)
...
006 (11917643.000.000) 07/04 21:37:17 Image size of job updated: 18634996
	18199  -  MemoryUsage of job (MB)
	18634996  -  ResidentSetSize of job (KB)
...
006 (11917643.000.000) 07/04 21:42:17 Image size of job updated: 18641596
	18205  -  MemoryUsage of job (MB)
	18641596  -  ResidentSetSize of job (KB)
...
006 (11917643.000.000) 07/04 21:47:18 Image size of job updated: 18648028
	18211  -  MemoryUsage of job (MB)
	18648028  -  ResidentSetSize of job (KB)
...
006 (11917643.000.000) 07/04 21:52:18 Image size of job updated: 18654780
	18218  -  MemoryUsage of job (MB)
	18654780  -  ResidentSetSize of job (KB)
...
006 (11917643.000.000) 07/04 21:57:18 Image size of job updated: 18661628
	18225  -  MemoryUsage of job (MB)
	18661628  -  ResidentSetSize of job (KB)
...
006 (11917643.000.000) 07/04 22:02:19 Image size of job updated: 18668236
	18231  -  MemoryUsage of job (MB)
	18668236  -  ResidentSetSize of job (KB)
...
006 (11917643.000.000) 07/04 22:07:19 Image size of job updated: 18675836
	18239  -  MemoryUsage of job (MB)
	18675836  -  ResidentSetSize of job (KB)
...
006 (11917643.000.000) 07/04 22:12:19 Image size of job updated: 18682884
	18246  -  MemoryUsage of job (MB)
	18682884  -  ResidentSetSize of job (KB)
...
006 (11917643.000.000) 07/04 22:17:20 Image size of job updated: 18690028
	18252  -  MemoryUsage of job (MB)
	18690028  -  ResidentSetSize of job (KB)
...
006 (11917643.000.000) 07/04 22:22:20 Image size of job updated: 18697724
	18260  -  MemoryUsage of job (MB)
	18697724  -  ResidentSetSize of job (KB)
...
006 (11917643.000.000) 07/04 22:27:20 Image size of job updated: 18704984
	18267  -  MemoryUsage of job (MB)
	18704984  -  ResidentSetSize of job (KB)
...
006 (11917643.000.000) 07/04 22:32:21 Image size of job updated: 18711812
	18274  -  MemoryUsage of job (MB)
	18711812  -  ResidentSetSize of job (KB)
...
006 (11917643.000.000) 07/04 22:37:22 Image size of job updated: 18719412
	18281  -  MemoryUsage of job (MB)
	18719412  -  ResidentSetSize of job (KB)
...
006 (11917643.000.000) 07/04 22:42:22 Image size of job updated: 18726332
	18288  -  MemoryUsage of job (MB)
	18726332  -  ResidentSetSize of job (KB)
...
006 (11917643.000.000) 07/04 22:47:23 Image size of job updated: 18732232
	18294  -  MemoryUsage of job (MB)
	18732232  -  ResidentSetSize of job (KB)
...
006 (11917643.000.000) 07/04 22:52:23 Image size of job updated: 18738912
	18300  -  MemoryUsage of job (MB)
	18738912  -  ResidentSetSize of job (KB)
...
006 (11917643.000.000) 07/04 22:57:23 Image size of job updated: 18745512
	18307  -  MemoryUsage of job (MB)
	18745512  -  ResidentSetSize of job (KB)
...
006 (11917643.000.000) 07/04 23:02:24 Image size of job updated: 18752340
	18313  -  MemoryUsage of job (MB)
	18752340  -  ResidentSetSize of job (KB)
...
006 (11917643.000.000) 07/04 23:07:24 Image size of job updated: 18759068
	18320  -  MemoryUsage of job (MB)
	18759068  -  ResidentSetSize of job (KB)
...
006 (11917643.000.000) 07/04 23:12:24 Image size of job updated: 18765800
	18326  -  MemoryUsage of job (MB)
	18765800  -  ResidentSetSize of job (KB)
...
006 (11917643.000.000) 07/04 23:17:25 Image size of job updated: 18772308
	18333  -  MemoryUsage of job (MB)
	18772308  -  ResidentSetSize of job (KB)
...
006 (11917643.000.000) 07/04 23:22:26 Image size of job updated: 18779148
	18340  -  MemoryUsage of job (MB)
	18779148  -  ResidentSetSize of job (KB)
...
006 (11917643.000.000) 07/04 23:27:26 Image size of job updated: 18786352
	18347  -  MemoryUsage of job (MB)
	18786352  -  ResidentSetSize of job (KB)
...
006 (11917643.000.000) 07/04 23:32:27 Image size of job updated: 18793900
	18354  -  MemoryUsage of job (MB)
	18793900  -  ResidentSetSize of job (KB)
...
006 (11917643.000.000) 07/04 23:37:28 Image size of job updated: 18801068
	18361  -  MemoryUsage of job (MB)
	18801068  -  ResidentSetSize of job (KB)
...
006 (11917643.000.000) 07/04 23:42:28 Image size of job updated: 19009084
	18564  -  MemoryUsage of job (MB)
	19009084  -  ResidentSetSize of job (KB)
...
006 (11917643.000.000) 07/04 23:47:29 Image size of job updated: 19016624
	18571  -  MemoryUsage of job (MB)
	19016624  -  ResidentSetSize of job (KB)
...
006 (11917643.000.000) 07/04 23:52:30 Image size of job updated: 19023452
	18578  -  MemoryUsage of job (MB)
	19023452  -  ResidentSetSize of job (KB)
...
006 (11917643.000.000) 07/04 23:57:30 Image size of job updated: 19031144
	18586  -  MemoryUsage of job (MB)
	19031144  -  ResidentSetSize of job (KB)
...
006 (11917643.000.000) 07/05 00:02:31 Image size of job updated: 19038392
	18593  -  MemoryUsage of job (MB)
	19038392  -  ResidentSetSize of job (KB)
...
006 (11917643.000.000) 07/05 00:07:32 Image size of job updated: 19043916
	18598  -  MemoryUsage of job (MB)
	19043916  -  ResidentSetSize of job (KB)
...
006 (11917643.000.000) 07/05 00:12:32 Image size of job updated: 19050496
	18604  -  MemoryUsage of job (MB)
	19050496  -  ResidentSetSize of job (KB)
...
006 (11917643.000.000) 07/05 00:17:33 Image size of job updated: 19057472
	18611  -  MemoryUsage of job (MB)
	19057472  -  ResidentSetSize of job (KB)
...
006 (11917643.000.000) 07/05 00:22:34 Image size of job updated: 19063796
	18617  -  MemoryUsage of job (MB)
	19063796  -  ResidentSetSize of job (KB)
...
006 (11917643.000.000) 07/05 00:27:34 Image size of job updated: 19070720
	18624  -  MemoryUsage of job (MB)
	19070720  -  ResidentSetSize of job (KB)
...
006 (11917643.000.000) 07/05 00:32:34 Image size of job updated: 19077520
	18631  -  MemoryUsage of job (MB)
	19077520  -  ResidentSetSize of job (KB)
...
006 (11917643.000.000) 07/05 00:37:35 Image size of job updated: 19083852
	18637  -  MemoryUsage of job (MB)
	19083852  -  ResidentSetSize of job (KB)
...
006 (11917643.000.000) 07/05 00:42:35 Image size of job updated: 19090852
	18644  -  MemoryUsage of job (MB)
	19090852  -  ResidentSetSize of job (KB)
...
006 (11917643.000.000) 07/05 00:47:35 Image size of job updated: 19097664
	18651  -  MemoryUsage of job (MB)
	19097664  -  ResidentSetSize of job (KB)
...
006 (11917643.000.000) 07/05 00:52:36 Image size of job updated: 19104740
	18657  -  MemoryUsage of job (MB)
	19104740  -  ResidentSetSize of job (KB)
...
006 (11917643.000.000) 07/05 00:57:36 Image size of job updated: 19112280
	18665  -  MemoryUsage of job (MB)
	19112280  -  ResidentSetSize of job (KB)
...
006 (11917643.000.000) 07/05 01:02:37 Image size of job updated: 19119732
	18672  -  MemoryUsage of job (MB)
	19119732  -  ResidentSetSize of job (KB)
...
006 (11917643.000.000) 07/05 01:07:38 Image size of job updated: 19126616
	18679  -  MemoryUsage of job (MB)
	19126616  -  ResidentSetSize of job (KB)
...
006 (11917643.000.000) 07/05 01:12:38 Image size of job updated: 19133988
	18686  -  MemoryUsage of job (MB)
	19133988  -  ResidentSetSize of job (KB)
...
006 (11917643.000.000) 07/05 01:17:39 Image size of job updated: 19141308
	18693  -  MemoryUsage of job (MB)
	19141308  -  ResidentSetSize of job (KB)
...
006 (11917643.000.000) 07/05 01:22:40 Image size of job updated: 19148816
	18701  -  MemoryUsage of job (MB)
	19148816  -  ResidentSetSize of job (KB)
...
006 (11917643.000.000) 07/05 01:27:40 Image size of job updated: 19155664
	18707  -  MemoryUsage of job (MB)
	19155664  -  ResidentSetSize of job (KB)
...
006 (11917643.000.000) 07/05 01:32:41 Image size of job updated: 19161420
	18713  -  MemoryUsage of job (MB)
	19161420  -  ResidentSetSize of job (KB)
...
006 (11917643.000.000) 07/05 01:37:42 Image size of job updated: 19168284
	18720  -  MemoryUsage of job (MB)
	19168284  -  ResidentSetSize of job (KB)
...
006 (11917643.000.000) 07/05 01:42:42 Image size of job updated: 19174860
	18726  -  MemoryUsage of job (MB)
	19174860  -  ResidentSetSize of job (KB)
...
006 (11917643.000.000) 07/05 01:47:42 Image size of job updated: 19181528
	18732  -  MemoryUsage of job (MB)
	19181528  -  ResidentSetSize of job (KB)
...
006 (11917643.000.000) 07/05 01:52:43 Image size of job updated: 19188356
	18739  -  MemoryUsage of job (MB)
	19188356  -  ResidentSetSize of job (KB)
...
006 (11917643.000.000) 07/05 01:57:43 Image size of job updated: 19195036
	18746  -  MemoryUsage of job (MB)
	19195036  -  ResidentSetSize of job (KB)
...
006 (11917643.000.000) 07/05 02:02:43 Image size of job updated: 19201632
	18752  -  MemoryUsage of job (MB)
	19201632  -  ResidentSetSize of job (KB)
...
006 (11917643.000.000) 07/05 02:07:44 Image size of job updated: 19208552
	18759  -  MemoryUsage of job (MB)
	19208552  -  ResidentSetSize of job (KB)
...
006 (11917643.000.000) 07/05 02:12:44 Image size of job updated: 19215536
	18766  -  MemoryUsage of job (MB)
	19215536  -  ResidentSetSize of job (KB)
...
006 (11917643.000.000) 07/05 02:17:44 Image size of job updated: 19223100
	18773  -  MemoryUsage of job (MB)
	19223100  -  ResidentSetSize of job (KB)
...
006 (11917643.000.000) 07/05 02:22:45 Image size of job updated: 19230380
	18780  -  MemoryUsage of job (MB)
	19230380  -  ResidentSetSize of job (KB)
...
006 (11917643.000.000) 07/05 02:27:45 Image size of job updated: 19237436
	18787  -  MemoryUsage of job (MB)
	19237436  -  ResidentSetSize of job (KB)
...
006 (11917643.000.000) 07/05 02:32:45 Image size of job updated: 19243540
	18793  -  MemoryUsage of job (MB)
	19243540  -  ResidentSetSize of job (KB)
...
006 (11917643.000.000) 07/05 02:37:46 Image size of job updated: 19250272
	18800  -  MemoryUsage of job (MB)
	19250272  -  ResidentSetSize of job (KB)
...
006 (11917643.000.000) 07/05 02:42:46 Image size of job updated: 19257088
	18806  -  MemoryUsage of job (MB)
	19257088  -  ResidentSetSize of job (KB)
...
006 (11917643.000.000) 07/05 02:47:46 Image size of job updated: 19263692
	18813  -  MemoryUsage of job (MB)
	19263692  -  ResidentSetSize of job (KB)
...
006 (11917643.000.000) 07/05 02:52:47 Image size of job updated: 19270224
	18819  -  MemoryUsage of job (MB)
	19270224  -  ResidentSetSize of job (KB)
...
006 (11917643.000.000) 07/05 02:57:48 Image size of job updated: 19276968
	18826  -  MemoryUsage of job (MB)
	19276968  -  ResidentSetSize of job (KB)
...
006 (11917643.000.000) 07/05 03:02:48 Image size of job updated: 19283396
	18832  -  MemoryUsage of job (MB)
	19283396  -  ResidentSetSize of job (KB)
...
006 (11917643.000.000) 07/05 03:07:49 Image size of job updated: 19290796
	18839  -  MemoryUsage of job (MB)
	19290796  -  ResidentSetSize of job (KB)
...
006 (11917643.000.000) 07/05 03:12:49 Image size of job updated: 19298264
	18846  -  MemoryUsage of job (MB)
	19298264  -  ResidentSetSize of job (KB)
...
006 (11917643.000.000) 07/05 03:17:49 Image size of job updated: 19305432
	18853  -  MemoryUsage of job (MB)
	19305432  -  ResidentSetSize of job (KB)
...
006 (11917643.000.000) 07/05 03:22:50 Image size of job updated: 19312728
	18861  -  MemoryUsage of job (MB)
	19312728  -  ResidentSetSize of job (KB)
...
006 (11917643.000.000) 07/05 03:27:51 Image size of job updated: 19319960
	18868  -  MemoryUsage of job (MB)
	19319960  -  ResidentSetSize of job (KB)
...
006 (11917643.000.000) 07/05 03:32:51 Image size of job updated: 19327420
	18875  -  MemoryUsage of job (MB)
	19327420  -  ResidentSetSize of job (KB)
...
006 (11917643.000.000) 07/05 03:37:52 Image size of job updated: 19334804
	18882  -  MemoryUsage of job (MB)
	19334804  -  ResidentSetSize of job (KB)
...
006 (11917643.000.000) 07/05 03:42:53 Image size of job updated: 19342160
	18889  -  MemoryUsage of job (MB)
	19342160  -  ResidentSetSize of job (KB)
...
006 (11917643.000.000) 07/05 03:47:53 Image size of job updated: 19347884
	18895  -  MemoryUsage of job (MB)
	19347884  -  ResidentSetSize of job (KB)
...
006 (11917643.000.000) 07/05 03:52:54 Image size of job updated: 19354588
	18901  -  MemoryUsage of job (MB)
	19354588  -  ResidentSetSize of job (KB)
...
006 (11917643.000.000) 07/05 03:57:55 Image size of job updated: 19361332
	18908  -  MemoryUsage of job (MB)
	19361332  -  ResidentSetSize of job (KB)
...
006 (11917643.000.000) 07/05 04:02:55 Image size of job updated: 19367716
	18914  -  MemoryUsage of job (MB)
	19367716  -  ResidentSetSize of job (KB)
...
006 (11917643.000.000) 07/05 04:07:56 Image size of job updated: 19374980
	18921  -  MemoryUsage of job (MB)
	19374980  -  ResidentSetSize of job (KB)
...
006 (11917643.000.000) 07/05 04:12:57 Image size of job updated: 19381396
	18928  -  MemoryUsage of job (MB)
	19381396  -  ResidentSetSize of job (KB)
...
006 (11917643.000.000) 07/05 04:17:57 Image size of job updated: 19388020
	18934  -  MemoryUsage of job (MB)
	19388020  -  ResidentSetSize of job (KB)
...
006 (11917643.000.000) 07/05 04:22:57 Image size of job updated: 19395012
	18941  -  MemoryUsage of job (MB)
	19395012  -  ResidentSetSize of job (KB)
...
006 (11917643.000.000) 07/05 04:27:58 Image size of job updated: 19402132
	18948  -  MemoryUsage of job (MB)
	19402132  -  ResidentSetSize of job (KB)
...
006 (11917643.000.000) 07/05 04:32:58 Image size of job updated: 19409508
	18955  -  MemoryUsage of job (MB)
	19409508  -  ResidentSetSize of job (KB)
...
006 (11917643.000.000) 07/05 04:37:58 Image size of job updated: 19416736
	18962  -  MemoryUsage of job (MB)
	19416736  -  ResidentSetSize of job (KB)
...
006 (11917643.000.000) 07/05 04:42:59 Image size of job updated: 19422876
	18968  -  MemoryUsage of job (MB)
	19422876  -  ResidentSetSize of job (KB)
...
006 (11917643.000.000) 07/05 04:47:59 Image size of job updated: 19429508
	18975  -  MemoryUsage of job (MB)
	19429508  -  ResidentSetSize of job (KB)
...
006 (11917643.000.000) 07/05 04:52:59 Image size of job updated: 19436352
	18981  -  MemoryUsage of job (MB)
	19436352  -  ResidentSetSize of job (KB)
...
006 (11917643.000.000) 07/05 04:58:00 Image size of job updated: 19443076
	18988  -  MemoryUsage of job (MB)
	19443076  -  ResidentSetSize of job (KB)
...
006 (11917643.000.000) 07/05 05:03:00 Image size of job updated: 19449676
	18994  -  MemoryUsage of job (MB)
	19449676  -  ResidentSetSize of job (KB)
...
006 (11917643.000.000) 07/05 05:08:00 Image size of job updated: 19456536
	19001  -  MemoryUsage of job (MB)
	19456536  -  ResidentSetSize of job (KB)
...
006 (11917643.000.000) 07/05 05:13:01 Image size of job updated: 19463804
	19008  -  MemoryUsage of job (MB)
	19463804  -  ResidentSetSize of job (KB)
...
006 (11917643.000.000) 07/05 05:18:02 Image size of job updated: 19471288
	19015  -  MemoryUsage of job (MB)
	19471288  -  ResidentSetSize of job (KB)
...
006 (11917643.000.000) 07/05 05:23:02 Image size of job updated: 19478688
	19023  -  MemoryUsage of job (MB)
	19478688  -  ResidentSetSize of job (KB)
...
006 (11917643.000.000) 07/05 05:28:03 Image size of job updated: 19486140
	19030  -  MemoryUsage of job (MB)
	19486140  -  ResidentSetSize of job (KB)
...
006 (11917643.000.000) 07/05 05:33:04 Image size of job updated: 19493288
	19037  -  MemoryUsage of job (MB)
	19493288  -  ResidentSetSize of job (KB)
...
006 (11917643.000.000) 07/05 05:38:04 Image size of job updated: 19500564
	19044  -  MemoryUsage of job (MB)
	19500564  -  ResidentSetSize of job (KB)
...
006 (11917643.000.000) 07/05 05:43:05 Image size of job updated: 19507840
	19051  -  MemoryUsage of job (MB)
	19507840  -  ResidentSetSize of job (KB)
...
006 (11917643.000.000) 07/05 05:48:06 Image size of job updated: 19515068
	19058  -  MemoryUsage of job (MB)
	19515068  -  ResidentSetSize of job (KB)
...
006 (11917643.000.000) 07/05 05:53:06 Image size of job updated: 19738276
	19276  -  MemoryUsage of job (MB)
	19738276  -  ResidentSetSize of job (KB)
...
006 (11917643.000.000) 07/05 05:58:07 Image size of job updated: 21676260
	21169  -  MemoryUsage of job (MB)
	21676260  -  ResidentSetSize of job (KB)
...
006 (11917643.000.000) 07/05 06:03:08 Image size of job updated: 21793844
	21266  -  MemoryUsage of job (MB)
	21775456  -  ResidentSetSize of job (KB)
...
006 (11917643.000.000) 07/05 06:13:09 Image size of job updated: 21994720
	21470  -  MemoryUsage of job (MB)
	21984532  -  ResidentSetSize of job (KB)
...
006 (11917643.000.000) 07/05 06:18:10 Image size of job updated: 22438640
	21704  -  MemoryUsage of job (MB)
	22223912  -  ResidentSetSize of job (KB)
...
040 (11917643.000.000) 07/05 06:25:29 Started transferring output files
...
040 (11917643.000.000) 07/05 06:25:31 Finished transferring output files
...
005 (11917643.000.000) 07/05 06:25:31 Job terminated.
	(1) Normal termination (return value 0)
		Usr 34 18:00:28, Sys 0 09:20:39  -  Run Remote Usage
		Usr 0 00:00:00, Sys 0 00:00:00  -  Run Local Usage
		Usr 34 18:00:28, Sys 0 09:20:39  -  Total Remote Usage
		Usr 0 00:00:00, Sys 0 00:00:00  -  Total Local Usage
	3595855  -  Run Bytes Sent By Job
	333  -  Run Bytes Received By Job
	3595855  -  Total Bytes Sent By Job
	333  -  Total Bytes Received By Job
	Partitionable Resources :     Usage  Request Allocated Assigned
	   Cpus                 :      2.56       10        10 
	   Disk (KB)            :   3826           1      2048 
	   GPUs                 :      0           1         1 "GPU-af018eac"
	   GpusMemory (MB)      :    451                       
	   Memory (MB)          :  21704       30720     30800 
	   TimeExecute (s)      : 144097                       
	   TimeSlotBusy (s)     : 144102                       
...
