000 (11921184.000.000) 07/05 06:07:09 Job submitted from host: <188.185.8.79:9618?addrs=188.185.8.79-9618+[2001-1458-d00-63--100-23a]-9618&alias=bigbird26.cern.ch&noUDP&sock=schedd_5282_9754>
...
040 (11921184.000.000) 07/05 10:31:48 Started transferring input files
	Transferring to host: <188.185.93.19:9618?addrs=188.185.93.19-9618+[2001-1458-d00-6c--100-3c2]-9618&alias=b9g57n7738.cern.ch&noUDP&sock=slot1_1_20459_f759_164113>
...
040 (11921184.000.000) 07/05 10:31:48 Finished transferring input files
...
001 (11921184.000.000) 07/05 10:31:49 Job executing on host: <188.185.93.19:9618?addrs=188.185.93.19-9618+[2001-1458-d00-6c--100-3c2]-9618&alias=b9g57n7738.cern.ch&noUDP&sock=startd_20413_32d7>
	SlotName: slot1_1@b9g57n7738.cern.ch
	AvailableGPUs = { GPUs_GPU_7a483b10 }
	CondorScratchDir = "/pool/condor/dir_30286"
	Cpus = 10
	Disk = 2048
	GPUs = 1
	GPUs_GPU_7a483b10 = [ Id = "GPU-7a483b10"; ClockMhz = 1410.0; Capability = 8.0; CoresPerCU = 64; DeviceName = "NVIDIA A100-PCIE-40GB"; DeviceUuid = "7a483b10-0f71-ee98-47a2-b3922f8bebfc"; ECCEnabled = true; ComputeUnits = 108; DriverVersion = 13.0; DevicePciBusId = "0000:06:00.0"; GlobalMemoryMb = 40441; MaxSupportedVersion = 13000 ]
	Memory = 30800
...
006 (11921184.000.000) 07/05 10:32:02 Image size of job updated: 8784
	9  -  MemoryUsage of job (MB)
	8784  -  ResidentSetSize of job (KB)
...
006 (11921184.000.000) 07/05 10:37:02 Image size of job updated: 136040
	133  -  MemoryUsage of job (MB)
	136040  -  ResidentSetSize of job (KB)
...
006 (11921184.000.000) 07/05 10:42:03 Image size of job updated: 8580556
	8380  -  MemoryUsage of job (MB)
	8580556  -  ResidentSetSize of job (KB)
...
006 (11921184.000.000) 07/05 10:47:03 Image size of job updated: 12788036
	12413  -  MemoryUsage of job (MB)
	12710132  -  ResidentSetSize of job (KB)
...
006 (11921184.000.000) 07/05 10:52:03 Image size of job updated: 12905216
	12415  -  MemoryUsage of job (MB)
	12712904  -  ResidentSetSize of job (KB)
...
006 (11921184.000.000) 07/05 10:57:04 Image size of job updated: 12977348
	12415  -  MemoryUsage of job (MB)
	12712904  -  ResidentSetSize of job (KB)
...
006 (11921184.000.000) 07/05 11:02:04 Image size of job updated: 12977348
	12577  -  MemoryUsage of job (MB)
	12878056  -  ResidentSetSize of job (KB)
...
006 (11921184.000.000) 07/05 11:07:04 Image size of job updated: 13038652
	12577  -  MemoryUsage of job (MB)
	12878056  -  ResidentSetSize of job (KB)
...
006 (11921184.000.000) 07/05 11:12:05 Image size of job updated: 13064772
	12577  -  MemoryUsage of job (MB)
	12878056  -  ResidentSetSize of job (KB)
...
006 (11921184.000.000) 07/05 11:22:05 Image size of job updated: 13112704
	12671  -  MemoryUsage of job (MB)
	12974716  -  ResidentSetSize of job (KB)
...
006 (11921184.000.000) 07/05 11:27:06 Image size of job updated: 13179424
	12671  -  MemoryUsage of job (MB)
	12974716  -  ResidentSetSize of job (KB)
...
006 (11921184.000.000) 07/05 11:32:06 Image size of job updated: 13179424
	12701  -  MemoryUsage of job (MB)
	13005364  -  ResidentSetSize of job (KB)
...
006 (11921184.000.000) 07/05 11:37:06 Image size of job updated: 13179424
	12708  -  MemoryUsage of job (MB)
	13012604  -  ResidentSetSize of job (KB)
...
006 (11921184.000.000) 07/05 11:42:07 Image size of job updated: 13239240
	12718  -  MemoryUsage of job (MB)
	13023140  -  ResidentSetSize of job (KB)
...
006 (11921184.000.000) 07/05 11:57:08 Image size of job updated: 13257516
	12718  -  MemoryUsage of job (MB)
	13023140  -  ResidentSetSize of job (KB)
...
006 (11921184.000.000) 07/05 12:02:08 Image size of job updated: 13257516
	12755  -  MemoryUsage of job (MB)
	13060440  -  ResidentSetSize of job (KB)
...
006 (11921184.000.000) 07/05 12:07:08 Image size of job updated: 13257516
	12812  -  MemoryUsage of job (MB)
	13119132  -  ResidentSetSize of job (KB)
...
006 (11921184.000.000) 07/05 12:22:09 Image size of job updated: 13285124
	12873  -  MemoryUsage of job (MB)
	13181528  -  ResidentSetSize of job (KB)
...
006 (11921184.000.000) 07/05 12:27:10 Image size of job updated: 13285124
	12875  -  MemoryUsage of job (MB)
	13183576  -  ResidentSetSize of job (KB)
...
006 (11921184.000.000) 07/05 12:37:10 Image size of job updated: 13285124
	12885  -  MemoryUsage of job (MB)
	13193880  -  ResidentSetSize of job (KB)
...
006 (11921184.000.000) 07/05 12:42:11 Image size of job updated: 13285124
	12891  -  MemoryUsage of job (MB)
	13200024  -  ResidentSetSize of job (KB)
...
006 (11921184.000.000) 07/05 13:12:14 Image size of job updated: 13346348
	12891  -  MemoryUsage of job (MB)
	13200024  -  ResidentSetSize of job (KB)
...
006 (11921184.000.000) 07/05 13:27:16 Image size of job updated: 13374788
	12901  -  MemoryUsage of job (MB)
	13210336  -  ResidentSetSize of job (KB)
...
006 (11921184.000.000) 07/05 13:32:17 Image size of job updated: 13374788
	12985  -  MemoryUsage of job (MB)
	13296484  -  ResidentSetSize of job (KB)
...
006 (11921184.000.000) 07/05 13:37:17 Image size of job updated: 13388100
	12987  -  MemoryUsage of job (MB)
	13298532  -  ResidentSetSize of job (KB)
...
006 (11921184.000.000) 07/05 13:42:18 Image size of job updated: 13401464
	12987  -  MemoryUsage of job (MB)
	13298532  -  ResidentSetSize of job (KB)
...
006 (11921184.000.000) 07/05 13:52:19 Image size of job updated: 13401464
	13035  -  MemoryUsage of job (MB)
	13347064  -  ResidentSetSize of job (KB)
...
006 (11921184.000.000) 07/05 13:57:20 Image size of job updated: 13401908
	13035  -  MemoryUsage of job (MB)
	13347064  -  ResidentSetSize of job (KB)
...
006 (11921184.000.000) 07/05 14:02:21 Image size of job updated: 13423940
	13035  -  MemoryUsage of job (MB)
	13347064  -  ResidentSetSize of job (KB)
...
006 (11921184.000.000) 07/05 14:12:22 Image size of job updated: 13452348
	13035  -  MemoryUsage of job (MB)
	13347064  -  ResidentSetSize of job (KB)
...
006 (11921184.000.000) 07/05 14:22:23 Image size of job updated: 13477132
	13035  -  MemoryUsage of job (MB)
	13347064  -  ResidentSetSize of job (KB)
...
006 (11921184.000.000) 07/05 14:27:24 Image size of job updated: 13487944
	13035  -  MemoryUsage of job (MB)
	13347064  -  ResidentSetSize of job (KB)
...
006 (11921184.000.000) 07/05 14:47:27 Image size of job updated: 13488932
	13050  -  MemoryUsage of job (MB)
	13362204  -  ResidentSetSize of job (KB)
...
006 (11921184.000.000) 07/05 14:52:27 Image size of job updated: 13488932
	13082  -  MemoryUsage of job (MB)
	13395080  -  ResidentSetSize of job (KB)
...
006 (11921184.000.000) 07/05 14:57:28 Image size of job updated: 13561048
	13094  -  MemoryUsage of job (MB)
	13407768  -  ResidentSetSize of job (KB)
...
006 (11921184.000.000) 07/05 15:42:34 Image size of job updated: 13611236
	13096  -  MemoryUsage of job (MB)
	13409932  -  ResidentSetSize of job (KB)
...
006 (11921184.000.000) 07/05 15:47:35 Image size of job updated: 13611236
	13115  -  MemoryUsage of job (MB)
	13429196  -  ResidentSetSize of job (KB)
...
006 (11921184.000.000) 07/05 15:52:35 Image size of job updated: 14784192
	14271  -  MemoryUsage of job (MB)
	14613280  -  ResidentSetSize of job (KB)
...
006 (11921184.000.000) 07/05 15:57:36 Image size of job updated: 19015764
	18502  -  MemoryUsage of job (MB)
	18945696  -  ResidentSetSize of job (KB)
...
006 (11921184.000.000) 07/05 16:02:37 Image size of job updated: 19335624
	18502  -  MemoryUsage of job (MB)
	18945696  -  ResidentSetSize of job (KB)
...
040 (11921184.000.000) 07/05 16:18:24 Started transferring output files
...
040 (11921184.000.000) 07/05 16:18:24 Finished transferring output files
...
005 (11921184.000.000) 07/05 16:18:24 Job terminated.
	(1) Normal termination (return value 0)
		Usr 2 02:48:42, Sys 0 05:29:28  -  Run Remote Usage
		Usr 0 00:00:00, Sys 0 00:00:00  -  Run Local Usage
		Usr 2 02:48:42, Sys 0 05:29:28  -  Total Remote Usage
		Usr 0 00:00:00, Sys 0 00:00:00  -  Total Local Usage
	752146  -  Run Bytes Sent By Job
	333  -  Run Bytes Received By Job
	752146  -  Total Bytes Sent By Job
	333  -  Total Bytes Received By Job
	Partitionable Resources :    Usage  Request Allocated Assigned
	   Cpus                 :     2.63       10        10 
	   Disk (KB)            :  1031           1      2048 
	   GPUs                 :     0           1         1 "GPU-7a483b10"
	   GpusMemory (MB)      :   526                       
	   Memory (MB)          : 18502       30720     30800 
	   TimeExecute (s)      : 20795                       
	   TimeSlotBusy (s)     : 20797                       
...
